OpenJDK 64-Bit Server VM (25.342-b07) for linux-amd64 JRE (1.8.0_342-b07), built on Jul 16 2022 09:19:19 by "openjdk" with gcc 4.4.7 20120313 (Red Hat 4.4.7-23)
Memory: 4k page, physical 196692516k(169545556k free), swap 3145724k(3145724k free)
CommandLine flags: -XX:+AlwaysPreTouch -XX:+CMSClassUnloadingEnabled -XX:+CMSEdenChunksRecordAlways -XX:CMSInitiatingOccupancyFraction=75 -XX:+CMSParallelInitialMarkEnabled -XX:+CMSParallelRemarkEnabled -XX:CMSWaitDuration=10000 -XX:CompileCommandFile=/etc/apache-cassandra-4.0.7/hotspot_compiler -XX:GCLogFileSize=10485760 -XX:+HeapDumpOnOutOfMemoryError -XX:InitialHeapSize=536870912 -XX:InitialTenuringThreshold=1 -XX:+ManagementServer -XX:MaxHeapSize=536870912 -XX:MaxNewSize=209715200 -XX:MaxTenuringThreshold=1 -XX:NewSize=209715200 -XX:NumberOfGCLogFiles=10 -XX:OldPLABSize=16 -XX:OnOutOfMemoryError=kill -9 %p -XX:+PerfDisableSharedMem -XX:+PrintGC -XX:+PrintGCApplicationStoppedTime -XX:+PrintGCDateStamps -XX:+PrintGCDetails -XX:+PrintGCTimeStamps -XX:+PrintHeapAtGC -XX:+PrintPromotionFailure -XX:+PrintTenuringDistribution -XX:+ResizeTLAB -XX:SurvivorRatio=8 -XX:ThreadPriorityPolicy=42 -XX:ThreadStackSize=256 -XX:-UseBiasedLocking -XX:+UseCMSInitiatingOccupancyOnly -XX:+UseCompressedClassPointers -XX:+UseCompressedOops -XX:+UseConcMarkSweepGC -XX:+UseCondCardMark -XX:+UseGCLogFileRotation -XX:-UseNUMA -XX:+UseParNewGC -XX:+UseTLAB -XX:+UseThreadPriorities 
2022-12-19T05:43:55.674+0000: 0.595: Total time for which application threads were stopped: 0.0002353 seconds, Stopping threads took: 0.0000659 seconds
2022-12-19T05:43:56.169+0000: 1.091: Total time for which application threads were stopped: 0.0002892 seconds, Stopping threads took: 0.0000267 seconds
2022-12-19T05:43:56.218+0000: 1.140: Total time for which application threads were stopped: 0.0003556 seconds, Stopping threads took: 0.0000586 seconds
2022-12-19T05:43:56.335+0000: 1.257: Total time for which application threads were stopped: 0.0003905 seconds, Stopping threads took: 0.0000538 seconds
2022-12-19T05:43:56.340+0000: 1.262: Total time for which application threads were stopped: 0.0002841 seconds, Stopping threads took: 0.0000523 seconds
2022-12-19T05:43:56.341+0000: 1.263: Total time for which application threads were stopped: 0.0001742 seconds, Stopping threads took: 0.0000358 seconds
2022-12-19T05:43:56.351+0000: 1.272: Total time for which application threads were stopped: 0.0003395 seconds, Stopping threads took: 0.0000573 seconds
2022-12-19T05:43:56.384+0000: 1.306: Total time for which application threads were stopped: 0.0004137 seconds, Stopping threads took: 0.0000562 seconds
2022-12-19T05:43:56.419+0000: 1.341: Total time for which application threads were stopped: 0.0005063 seconds, Stopping threads took: 0.0001570 seconds
2022-12-19T05:43:56.484+0000: 1.405: Total time for which application threads were stopped: 0.0003983 seconds, Stopping threads took: 0.0000489 seconds
2022-12-19T05:43:56.527+0000: 1.448: Total time for which application threads were stopped: 0.0003355 seconds, Stopping threads took: 0.0000435 seconds
2022-12-19T05:43:56.587+0000: 1.509: Total time for which application threads were stopped: 0.0003833 seconds, Stopping threads took: 0.0000539 seconds
2022-12-19T05:43:56.753+0000: 1.674: Total time for which application threads were stopped: 0.0007990 seconds, Stopping threads took: 0.0000668 seconds
2022-12-19T05:43:56.779+0000: 1.701: Total time for which application threads were stopped: 0.0006603 seconds, Stopping threads took: 0.0000690 seconds
2022-12-19T05:43:56.793+0000: 1.715: Total time for which application threads were stopped: 0.0003453 seconds, Stopping threads took: 0.0000290 seconds
2022-12-19T05:43:56.795+0000: 1.717: Total time for which application threads were stopped: 0.0003278 seconds, Stopping threads took: 0.0000279 seconds
2022-12-19T05:43:56.800+0000: 1.722: Total time for which application threads were stopped: 0.0004813 seconds, Stopping threads took: 0.0000814 seconds
2022-12-19T05:43:56.804+0000: 1.726: Total time for which application threads were stopped: 0.0003003 seconds, Stopping threads took: 0.0000297 seconds
2022-12-19T05:43:56.832+0000: 1.754: Total time for which application threads were stopped: 0.0004381 seconds, Stopping threads took: 0.0000407 seconds
2022-12-19T05:43:56.833+0000: 1.754: Total time for which application threads were stopped: 0.0002740 seconds, Stopping threads took: 0.0002240 seconds
2022-12-19T05:43:56.847+0000: 1.769: Total time for which application threads were stopped: 0.0006631 seconds, Stopping threads took: 0.0001711 seconds
2022-12-19T05:43:56.853+0000: 1.775: Total time for which application threads were stopped: 0.0005233 seconds, Stopping threads took: 0.0001301 seconds
2022-12-19T05:43:56.861+0000: 1.782: Total time for which application threads were stopped: 0.0005111 seconds, Stopping threads took: 0.0000705 seconds
2022-12-19T05:43:56.863+0000: 1.785: Total time for which application threads were stopped: 0.0004767 seconds, Stopping threads took: 0.0000596 seconds
2022-12-19T05:43:56.878+0000: 1.800: Total time for which application threads were stopped: 0.0003055 seconds, Stopping threads took: 0.0001349 seconds
2022-12-19T05:43:56.878+0000: 1.800: Total time for which application threads were stopped: 0.0000780 seconds, Stopping threads took: 0.0000511 seconds
2022-12-19T05:43:57.100+0000: 2.022: Total time for which application threads were stopped: 0.0007310 seconds, Stopping threads took: 0.0001217 seconds
2022-12-19T05:43:57.123+0000: 2.045: Total time for which application threads were stopped: 0.0005837 seconds, Stopping threads took: 0.0000580 seconds
2022-12-19T05:43:57.123+0000: 2.045: Total time for which application threads were stopped: 0.0001508 seconds, Stopping threads took: 0.0000674 seconds
2022-12-19T05:43:57.141+0000: 2.062: Total time for which application threads were stopped: 0.0006330 seconds, Stopping threads took: 0.0001304 seconds
2022-12-19T05:43:57.168+0000: 2.089: Total time for which application threads were stopped: 0.0005080 seconds, Stopping threads took: 0.0000539 seconds
2022-12-19T05:43:57.178+0000: 2.100: Total time for which application threads were stopped: 0.0003093 seconds, Stopping threads took: 0.0000617 seconds
2022-12-19T05:43:57.193+0000: 2.114: Total time for which application threads were stopped: 0.0005544 seconds, Stopping threads took: 0.0000653 seconds
2022-12-19T05:43:57.218+0000: 2.140: Total time for which application threads were stopped: 0.0005852 seconds, Stopping threads took: 0.0000743 seconds
2022-12-19T05:43:57.258+0000: 2.180: Total time for which application threads were stopped: 0.0005660 seconds, Stopping threads took: 0.0000673 seconds
2022-12-19T05:43:57.310+0000: 2.231: Total time for which application threads were stopped: 0.0005386 seconds, Stopping threads took: 0.0000619 seconds
2022-12-19T05:43:57.450+0000: 2.372: Total time for which application threads were stopped: 0.0004076 seconds, Stopping threads took: 0.0000684 seconds
2022-12-19T05:43:57.466+0000: 2.388: Total time for which application threads were stopped: 0.0006852 seconds, Stopping threads took: 0.0000848 seconds
2022-12-19T05:43:57.492+0000: 2.414: Total time for which application threads were stopped: 0.0005674 seconds, Stopping threads took: 0.0000692 seconds
2022-12-19T05:43:57.517+0000: 2.438: Total time for which application threads were stopped: 0.0003559 seconds, Stopping threads took: 0.0000638 seconds
2022-12-19T05:43:57.530+0000: 2.452: Total time for which application threads were stopped: 0.0006111 seconds, Stopping threads took: 0.0000718 seconds
2022-12-19T05:43:57.552+0000: 2.474: Total time for which application threads were stopped: 0.0005967 seconds, Stopping threads took: 0.0000690 seconds
2022-12-19T05:43:57.589+0000: 2.511: Total time for which application threads were stopped: 0.0005870 seconds, Stopping threads took: 0.0000745 seconds
{Heap before GC invocations=0 (full 0):
 par new generation   total 184320K, used 163840K [0x00000000e0000000, 0x00000000ec800000, 0x00000000ec800000)
  eden space 163840K, 100% used [0x00000000e0000000, 0x00000000ea000000, 0x00000000ea000000)
  from space 20480K,   0% used [0x00000000ea000000, 0x00000000ea000000, 0x00000000eb400000)
  to   space 20480K,   0% used [0x00000000eb400000, 0x00000000eb400000, 0x00000000ec800000)
 concurrent mark-sweep generation total 319488K, used 0K [0x00000000ec800000, 0x0000000100000000, 0x0000000100000000)
 Metaspace       used 28355K, capacity 28804K, committed 28856K, reserved 1075200K
  class space    used 3254K, capacity 3406K, committed 3424K, reserved 1048576K
2022-12-19T05:43:57.604+0000: 2.526: [GC (Allocation Failure) 2022-12-19T05:43:57.604+0000: 2.526: [ParNew
Desired survivor size 10485760 bytes, new threshold 1 (max 1)
- age   1:   19236760 bytes,   19236760 total
: 163840K->18964K(184320K), 0.0253249 secs] 163840K->18964K(503808K), 0.0254562 secs] [Times: user=0.30 sys=0.01, real=0.03 secs] 
Heap after GC invocations=1 (full 0):
 par new generation   total 184320K, used 18964K [0x00000000e0000000, 0x00000000ec800000, 0x00000000ec800000)
  eden space 163840K,   0% used [0x00000000e0000000, 0x00000000e0000000, 0x00000000ea000000)
  from space 20480K,  92% used [0x00000000eb400000, 0x00000000ec685300, 0x00000000ec800000)
  to   space 20480K,   0% used [0x00000000ea000000, 0x00000000ea000000, 0x00000000eb400000)
 concurrent mark-sweep generation total 319488K, used 0K [0x00000000ec800000, 0x0000000100000000, 0x0000000100000000)
 Metaspace       used 28355K, capacity 28804K, committed 28856K, reserved 1075200K
  class space    used 3254K, capacity 3406K, committed 3424K, reserved 1048576K
}
2022-12-19T05:43:57.630+0000: 2.551: Total time for which application threads were stopped: 0.0257918 seconds, Stopping threads took: 0.0000935 seconds
2022-12-19T05:43:57.630+0000: 2.551: [GC (CMS Initial Mark) [1 CMS-initial-mark: 0K(319488K)] 18964K(503808K), 0.0019991 secs] [Times: user=0.02 sys=0.00, real=0.00 secs] 
2022-12-19T05:43:57.632+0000: 2.554: Total time for which application threads were stopped: 0.0021766 seconds, Stopping threads took: 0.0000439 seconds
2022-12-19T05:43:57.632+0000: 2.554: [CMS-concurrent-mark-start]
2022-12-19T05:43:57.632+0000: 2.554: [CMS-concurrent-mark: 0.000/0.000 secs] [Times: user=0.00 sys=0.00, real=0.00 secs] 
2022-12-19T05:43:57.632+0000: 2.554: [CMS-concurrent-preclean-start]
2022-12-19T05:43:57.634+0000: 2.556: [CMS-concurrent-preclean: 0.002/0.002 secs] [Times: user=0.00 sys=0.00, real=0.00 secs] 
2022-12-19T05:43:57.634+0000: 2.556: [CMS-concurrent-abortable-preclean-start]
2022-12-19T05:43:57.640+0000: 2.562: Total time for which application threads were stopped: 0.0005451 seconds, Stopping threads took: 0.0000912 seconds
2022-12-19T05:43:57.663+0000: 2.585: Total time for which application threads were stopped: 0.0002668 seconds, Stopping threads took: 0.0000461 seconds
2022-12-19T05:43:57.688+0000: 2.609: Total time for which application threads were stopped: 0.0006574 seconds, Stopping threads took: 0.0001459 seconds
2022-12-19T05:43:57.712+0000: 2.634: Total time for which application threads were stopped: 0.0006668 seconds, Stopping threads took: 0.0001248 seconds
2022-12-19T05:43:57.749+0000: 2.671: Total time for which application threads were stopped: 0.0005253 seconds, Stopping threads took: 0.0000584 seconds
2022-12-19T05:43:57.785+0000: 2.707: Total time for which application threads were stopped: 0.0004215 seconds, Stopping threads took: 0.0001039 seconds
2022-12-19T05:43:57.840+0000: 2.762: Total time for which application threads were stopped: 0.0008395 seconds, Stopping threads took: 0.0001641 seconds
2022-12-19T05:43:57.872+0000: 2.794: Total time for which application threads were stopped: 0.0002138 seconds, Stopping threads took: 0.0000340 seconds
2022-12-19T05:43:58.372+0000: 3.293: [CMS-concurrent-abortable-preclean: 0.378/0.738 secs] [Times: user=2.69 sys=0.16, real=0.74 secs] 
2022-12-19T05:43:58.372+0000: 3.294: [GC (CMS Final Remark) [YG occupancy: 163713 K (184320 K)]2022-12-19T05:43:58.372+0000: 3.294: [Rescan (parallel) , 0.0381916 secs]2022-12-19T05:43:58.411+0000: 3.332: [weak refs processing, 0.0000311 secs]2022-12-19T05:43:58.411+0000: 3.332: [class unloading, 0.0048409 secs]2022-12-19T05:43:58.416+0000: 3.337: [scrub symbol table, 0.0041681 secs]2022-12-19T05:43:58.420+0000: 3.341: [scrub string table, 0.0006249 secs][1 CMS-remark: 0K(319488K)] 163713K(503808K), 0.0488770 secs] [Times: user=0.68 sys=0.01, real=0.05 secs] 
2022-12-19T05:43:58.421+0000: 3.343: Total time for which application threads were stopped: 0.0491861 seconds, Stopping threads took: 0.0000886 seconds
2022-12-19T05:43:58.421+0000: 3.343: [CMS-concurrent-sweep-start]
2022-12-19T05:43:58.421+0000: 3.343: [CMS-concurrent-sweep: 0.000/0.000 secs] [Times: user=0.00 sys=0.00, real=0.00 secs] 
2022-12-19T05:43:58.421+0000: 3.343: [CMS-concurrent-reset-start]
2022-12-19T05:43:58.422+0000: 3.344: [CMS-concurrent-reset: 0.001/0.001 secs] [Times: user=0.00 sys=0.00, real=0.00 secs] 
{Heap before GC invocations=1 (full 1):
 par new generation   total 184320K, used 182804K [0x00000000e0000000, 0x00000000ec800000, 0x00000000ec800000)
  eden space 163840K, 100% used [0x00000000e0000000, 0x00000000ea000000, 0x00000000ea000000)
  from space 20480K,  92% used [0x00000000eb400000, 0x00000000ec685300, 0x00000000ec800000)
  to   space 20480K,   0% used [0x00000000ea000000, 0x00000000ea000000, 0x00000000eb400000)
 concurrent mark-sweep generation total 319488K, used 0K [0x00000000ec800000, 0x0000000100000000, 0x0000000100000000)
 Metaspace       used 30338K, capacity 31052K, committed 31256K, reserved 1077248K
  class space    used 3518K, capacity 3728K, committed 3832K, reserved 1048576K
2022-12-19T05:43:58.496+0000: 3.418: [GC (Allocation Failure) 2022-12-19T05:43:58.496+0000: 3.418: [ParNew
Desired survivor size 10485760 bytes, new threshold 1 (max 1)
- age   1:   14543992 bytes,   14543992 total
: 182804K->18797K(184320K), 0.1878676 secs] 182804K->26114K(503808K), 0.1880238 secs] [Times: user=1.45 sys=0.19, real=0.19 secs] 
Heap after GC invocations=2 (full 1):
 par new generation   total 184320K, used 18797K [0x00000000e0000000, 0x00000000ec800000, 0x00000000ec800000)
  eden space 163840K,   0% used [0x00000000e0000000, 0x00000000e0000000, 0x00000000ea000000)
  from space 20480K,  91% used [0x00000000ea000000, 0x00000000eb25b728, 0x00000000eb400000)
  to   space 20480K,   0% used [0x00000000eb400000, 0x00000000eb400000, 0x00000000ec800000)
 concurrent mark-sweep generation total 319488K, used 7316K [0x00000000ec800000, 0x0000000100000000, 0x0000000100000000)
 Metaspace       used 30338K, capacity 31052K, committed 31256K, reserved 1077248K
  class space    used 3518K, capacity 3728K, committed 3832K, reserved 1048576K
}
2022-12-19T05:43:58.684+0000: 3.606: Total time for which application threads were stopped: 0.1883832 seconds, Stopping threads took: 0.0000744 seconds
2022-12-19T05:43:58.933+0000: 3.855: Total time for which application threads were stopped: 0.0126956 seconds, Stopping threads took: 0.0006300 seconds
{Heap before GC invocations=2 (full 1):
 par new generation   total 184320K, used 182637K [0x00000000e0000000, 0x00000000ec800000, 0x00000000ec800000)
  eden space 163840K, 100% used [0x00000000e0000000, 0x00000000ea000000, 0x00000000ea000000)
  from space 20480K,  91% used [0x00000000ea000000, 0x00000000eb25b728, 0x00000000eb400000)
  to   space 20480K,   0% used [0x00000000eb400000, 0x00000000eb400000, 0x00000000ec800000)
 concurrent mark-sweep generation total 319488K, used 7316K [0x00000000ec800000, 0x0000000100000000, 0x0000000100000000)
 Metaspace       used 31606K, capacity 32358K, committed 32548K, reserved 1077248K
  class space    used 3675K, capacity 3895K, committed 3960K, reserved 1048576K
2022-12-19T05:43:59.187+0000: 4.109: [GC (Allocation Failure) 2022-12-19T05:43:59.187+0000: 4.109: [ParNew
Desired survivor size 10485760 bytes, new threshold 1 (max 1)
- age   1:    6488160 bytes,    6488160 total
: 182637K->10313K(184320K), 0.0228278 secs] 189954K->18323K(503808K), 0.0229533 secs] [Times: user=0.52 sys=0.01, real=0.03 secs] 
Heap after GC invocations=3 (full 1):
 par new generation   total 184320K, used 10313K [0x00000000e0000000, 0x00000000ec800000, 0x00000000ec800000)
  eden space 163840K,   0% used [0x00000000e0000000, 0x00000000e0000000, 0x00000000ea000000)
  from space 20480K,  50% used [0x00000000eb400000, 0x00000000ebe125e0, 0x00000000ec800000)
  to   space 20480K,   0% used [0x00000000ea000000, 0x00000000ea000000, 0x00000000eb400000)
 concurrent mark-sweep generation total 319488K, used 8010K [0x00000000ec800000, 0x0000000100000000, 0x0000000100000000)
 Metaspace       used 31606K, capacity 32358K, committed 32548K, reserved 1077248K
  class space    used 3675K, capacity 3895K, committed 3960K, reserved 1048576K
}
2022-12-19T05:43:59.210+0000: 4.132: Total time for which application threads were stopped: 0.0234540 seconds, Stopping threads took: 0.0002195 seconds
2022-12-19T05:43:59.500+0000: 4.422: Total time for which application threads were stopped: 0.0007563 seconds, Stopping threads took: 0.0000532 seconds
2022-12-19T05:43:59.901+0000: 4.822: Total time for which application threads were stopped: 0.0003881 seconds, Stopping threads took: 0.0000615 seconds
2022-12-19T05:44:00.066+0000: 4.988: Total time for which application threads were stopped: 0.0013340 seconds, Stopping threads took: 0.0000935 seconds
2022-12-19T05:44:00.068+0000: 4.990: Total time for which application threads were stopped: 0.0006886 seconds, Stopping threads took: 0.0000451 seconds
2022-12-19T05:44:00.095+0000: 5.017: Total time for which application threads were stopped: 0.0011485 seconds, Stopping threads took: 0.0000795 seconds
2022-12-19T05:44:00.101+0000: 5.022: Total time for which application threads were stopped: 0.0011176 seconds, Stopping threads took: 0.0000794 seconds
2022-12-19T05:44:00.563+0000: 5.484: Total time for which application threads were stopped: 0.0012666 seconds, Stopping threads took: 0.0000736 seconds
2022-12-19T05:44:01.244+0000: 6.165: Total time for which application threads were stopped: 0.0012136 seconds, Stopping threads took: 0.0000663 seconds
2022-12-19T05:44:01.361+0000: 6.283: Total time for which application threads were stopped: 0.0013019 seconds, Stopping threads took: 0.0000849 seconds
{Heap before GC invocations=3 (full 1):
 par new generation   total 184320K, used 174153K [0x00000000e0000000, 0x00000000ec800000, 0x00000000ec800000)
  eden space 163840K, 100% used [0x00000000e0000000, 0x00000000ea000000, 0x00000000ea000000)
  from space 20480K,  50% used [0x00000000eb400000, 0x00000000ebe125e0, 0x00000000ec800000)
  to   space 20480K,   0% used [0x00000000ea000000, 0x00000000ea000000, 0x00000000eb400000)
 concurrent mark-sweep generation total 319488K, used 8010K [0x00000000ec800000, 0x0000000100000000, 0x0000000100000000)
 Metaspace       used 43848K, capacity 45328K, committed 45604K, reserved 1089536K
  class space    used 6021K, capacity 6432K, committed 6520K, reserved 1048576K
2022-12-19T05:44:02.100+0000: 7.022: [GC (Allocation Failure) 2022-12-19T05:44:02.101+0000: 7.022: [ParNew
Desired survivor size 10485760 bytes, new threshold 1 (max 1)
- age   1:   20208240 bytes,   20208240 total
: 174153K->20480K(184320K), 0.0463738 secs] 182163K->47619K(503808K), 0.0466117 secs] [Times: user=0.33 sys=0.24, real=0.04 secs] 
Heap after GC invocations=4 (full 1):
 par new generation   total 184320K, used 20480K [0x00000000e0000000, 0x00000000ec800000, 0x00000000ec800000)
  eden space 163840K,   0% used [0x00000000e0000000, 0x00000000e0000000, 0x00000000ea000000)
  from space 20480K, 100% used [0x00000000ea000000, 0x00000000eb400000, 0x00000000eb400000)
  to   space 20480K,   0% used [0x00000000eb400000, 0x00000000eb400000, 0x00000000ec800000)
 concurrent mark-sweep generation total 319488K, used 27139K [0x00000000ec800000, 0x0000000100000000, 0x0000000100000000)
 Metaspace       used 43848K, capacity 45328K, committed 45604K, reserved 1089536K
  class space    used 6021K, capacity 6432K, committed 6520K, reserved 1048576K
}
2022-12-19T05:44:02.147+0000: 7.069: Total time for which application threads were stopped: 0.0477613 seconds, Stopping threads took: 0.0000780 seconds
2022-12-19T05:44:02.222+0000: 7.143: Total time for which application threads were stopped: 0.0012838 seconds, Stopping threads took: 0.0000752 seconds
2022-12-19T05:44:02.228+0000: 7.150: Total time for which application threads were stopped: 0.0010024 seconds, Stopping threads took: 0.0000526 seconds
2022-12-19T05:44:03.229+0000: 8.150: Total time for which application threads were stopped: 0.0003321 seconds, Stopping threads took: 0.0000889 seconds
2022-12-19T05:44:04.229+0000: 9.151: Total time for which application threads were stopped: 0.0003167 seconds, Stopping threads took: 0.0000904 seconds
2022-12-19T05:44:05.230+0000: 10.151: Total time for which application threads were stopped: 0.0003254 seconds, Stopping threads took: 0.0000844 seconds
2022-12-19T05:44:06.230+0000: 11.152: Total time for which application threads were stopped: 0.0008015 seconds, Stopping threads took: 0.0004584 seconds
2022-12-19T05:44:07.231+0000: 12.153: Total time for which application threads were stopped: 0.0003494 seconds, Stopping threads took: 0.0000927 seconds
2022-12-19T05:44:08.232+0000: 13.153: Total time for which application threads were stopped: 0.0004636 seconds, Stopping threads took: 0.0000694 seconds
2022-12-19T05:44:09.232+0000: 14.154: Total time for which application threads were stopped: 0.0003542 seconds, Stopping threads took: 0.0000820 seconds
2022-12-19T05:44:10.233+0000: 15.154: Total time for which application threads were stopped: 0.0002953 seconds, Stopping threads took: 0.0000722 seconds
2022-12-19T05:44:11.234+0000: 16.156: Total time for which application threads were stopped: 0.0015799 seconds, Stopping threads took: 0.0014399 seconds
2022-12-19T05:44:12.235+0000: 17.157: Total time for which application threads were stopped: 0.0002927 seconds, Stopping threads took: 0.0000718 seconds
2022-12-19T05:44:14.235+0000: 19.157: Total time for which application threads were stopped: 0.0002907 seconds, Stopping threads took: 0.0000717 seconds
2022-12-19T05:44:15.236+0000: 20.158: Total time for which application threads were stopped: 0.0003062 seconds, Stopping threads took: 0.0000739 seconds
2022-12-19T05:44:17.236+0000: 22.158: Total time for which application threads were stopped: 0.0003011 seconds, Stopping threads took: 0.0000735 seconds
2022-12-19T05:44:18.237+0000: 23.159: Total time for which application threads were stopped: 0.0002632 seconds, Stopping threads took: 0.0000690 seconds
2022-12-19T05:44:20.237+0000: 25.159: Total time for which application threads were stopped: 0.0002736 seconds, Stopping threads took: 0.0000719 seconds
2022-12-19T05:44:23.238+0000: 28.160: Total time for which application threads were stopped: 0.0002987 seconds, Stopping threads took: 0.0000749 seconds
2022-12-19T05:44:25.239+0000: 30.160: Total time for which application threads were stopped: 0.0002847 seconds, Stopping threads took: 0.0000708 seconds
2022-12-19T05:44:31.240+0000: 36.162: Total time for which application threads were stopped: 0.0003000 seconds, Stopping threads took: 0.0000802 seconds
2022-12-19T05:44:32.240+0000: 37.162: Total time for which application threads were stopped: 0.0003182 seconds, Stopping threads took: 0.0001000 seconds
2022-12-19T05:44:33.241+0000: 38.163: Total time for which application threads were stopped: 0.0003656 seconds, Stopping threads took: 0.0000801 seconds
2022-12-19T05:44:34.242+0000: 39.163: Total time for which application threads were stopped: 0.0006945 seconds, Stopping threads took: 0.0001248 seconds
2022-12-19T05:44:35.242+0000: 40.164: Total time for which application threads were stopped: 0.0002919 seconds, Stopping threads took: 0.0000710 seconds
2022-12-19T05:44:39.244+0000: 44.165: Total time for which application threads were stopped: 0.0007707 seconds, Stopping threads took: 0.0003468 seconds
2022-12-19T05:44:40.244+0000: 45.166: Total time for which application threads were stopped: 0.0003032 seconds, Stopping threads took: 0.0000733 seconds
2022-12-19T05:44:41.244+0000: 46.166: Total time for which application threads were stopped: 0.0002876 seconds, Stopping threads took: 0.0000724 seconds
2022-12-19T05:44:43.245+0000: 48.167: Total time for which application threads were stopped: 0.0003131 seconds, Stopping threads took: 0.0000839 seconds
2022-12-19T05:44:44.245+0000: 49.167: Total time for which application threads were stopped: 0.0002679 seconds, Stopping threads took: 0.0000660 seconds
2022-12-19T05:44:45.246+0000: 50.168: Total time for which application threads were stopped: 0.0002623 seconds, Stopping threads took: 0.0000649 seconds
2022-12-19T05:44:46.246+0000: 51.168: Total time for which application threads were stopped: 0.0003073 seconds, Stopping threads took: 0.0000708 seconds
2022-12-19T05:44:48.247+0000: 53.169: Total time for which application threads were stopped: 0.0002949 seconds, Stopping threads took: 0.0000592 seconds
2022-12-19T05:44:49.248+0000: 54.170: Total time for which application threads were stopped: 0.0007946 seconds, Stopping threads took: 0.0002286 seconds
2022-12-19T05:44:50.249+0000: 55.171: Total time for which application threads were stopped: 0.0010128 seconds, Stopping threads took: 0.0007586 seconds
2022-12-19T05:44:51.066+0000: 55.988: Total time for which application threads were stopped: 0.0003759 seconds, Stopping threads took: 0.0000674 seconds
2022-12-19T05:44:52.067+0000: 56.989: Total time for which application threads were stopped: 0.0006258 seconds, Stopping threads took: 0.0001891 seconds
2022-12-19T05:44:53.068+0000: 57.989: Total time for which application threads were stopped: 0.0004136 seconds, Stopping threads took: 0.0000887 seconds
2022-12-19T05:44:56.068+0000: 60.990: Total time for which application threads were stopped: 0.0003154 seconds, Stopping threads took: 0.0000784 seconds
2022-12-19T05:44:57.069+0000: 61.991: Total time for which application threads were stopped: 0.0002932 seconds, Stopping threads took: 0.0000698 seconds
2022-12-19T05:44:58.069+0000: 62.991: Total time for which application threads were stopped: 0.0002988 seconds, Stopping threads took: 0.0000703 seconds
2022-12-19T05:44:59.734+0000: 64.655: Total time for which application threads were stopped: 0.0034510 seconds, Stopping threads took: 0.0001985 seconds
2022-12-19T05:44:59.853+0000: 64.774: Total time for which application threads were stopped: 0.0016462 seconds, Stopping threads took: 0.0001193 seconds
2022-12-19T05:45:00.853+0000: 65.775: Total time for which application threads were stopped: 0.0005123 seconds, Stopping threads took: 0.0000849 seconds
2022-12-19T05:45:01.854+0000: 66.776: Total time for which application threads were stopped: 0.0003455 seconds, Stopping threads took: 0.0000778 seconds
2022-12-19T05:45:02.854+0000: 67.776: Total time for which application threads were stopped: 0.0003289 seconds, Stopping threads took: 0.0000760 seconds
2022-12-19T05:45:03.855+0000: 68.777: Total time for which application threads were stopped: 0.0003083 seconds, Stopping threads took: 0.0000746 seconds
2022-12-19T05:45:04.855+0000: 69.777: Total time for which application threads were stopped: 0.0003912 seconds, Stopping threads took: 0.0000759 seconds
2022-12-19T05:45:05.856+0000: 70.778: Total time for which application threads were stopped: 0.0002990 seconds, Stopping threads took: 0.0000739 seconds
2022-12-19T05:45:07.857+0000: 72.778: Total time for which application threads were stopped: 0.0003066 seconds, Stopping threads took: 0.0000766 seconds
2022-12-19T05:45:09.850+0000: 74.771: Total time for which application threads were stopped: 0.0015220 seconds, Stopping threads took: 0.0001777 seconds
2022-12-19T05:45:12.850+0000: 77.772: Total time for which application threads were stopped: 0.0003742 seconds, Stopping threads took: 0.0000767 seconds
2022-12-19T05:45:13.852+0000: 78.773: Total time for which application threads were stopped: 0.0009114 seconds, Stopping threads took: 0.0001869 seconds
2022-12-19T05:45:14.852+0000: 79.774: Total time for which application threads were stopped: 0.0003026 seconds, Stopping threads took: 0.0000766 seconds
2022-12-19T05:45:15.852+0000: 80.774: Total time for which application threads were stopped: 0.0002929 seconds, Stopping threads took: 0.0000755 seconds
2022-12-19T05:45:16.853+0000: 81.775: Total time for which application threads were stopped: 0.0003037 seconds, Stopping threads took: 0.0000719 seconds
2022-12-19T05:45:17.853+0000: 82.775: Total time for which application threads were stopped: 0.0002961 seconds, Stopping threads took: 0.0000707 seconds
2022-12-19T05:45:18.854+0000: 83.776: Total time for which application threads were stopped: 0.0002918 seconds, Stopping threads took: 0.0000712 seconds
2022-12-19T05:45:19.854+0000: 84.776: Total time for which application threads were stopped: 0.0002807 seconds, Stopping threads took: 0.0000694 seconds
2022-12-19T05:45:20.855+0000: 85.777: Total time for which application threads were stopped: 0.0002925 seconds, Stopping threads took: 0.0000721 seconds
2022-12-19T05:45:21.855+0000: 86.777: Total time for which application threads were stopped: 0.0003060 seconds, Stopping threads took: 0.0000757 seconds
2022-12-19T05:45:22.856+0000: 87.777: Total time for which application threads were stopped: 0.0003059 seconds, Stopping threads took: 0.0000722 seconds
2022-12-19T05:45:23.856+0000: 88.778: Total time for which application threads were stopped: 0.0003399 seconds, Stopping threads took: 0.0000882 seconds
2022-12-19T05:45:25.857+0000: 90.779: Total time for which application threads were stopped: 0.0003120 seconds, Stopping threads took: 0.0000772 seconds
2022-12-19T05:45:28.858+0000: 93.779: Total time for which application threads were stopped: 0.0003269 seconds, Stopping threads took: 0.0000820 seconds
2022-12-19T05:45:29.046+0000: 93.968: Total time for which application threads were stopped: 0.0016722 seconds, Stopping threads took: 0.0001279 seconds
2022-12-19T05:45:30.047+0000: 94.969: Total time for which application threads were stopped: 0.0003354 seconds, Stopping threads took: 0.0000857 seconds
2022-12-19T05:45:31.047+0000: 95.969: Total time for which application threads were stopped: 0.0003825 seconds, Stopping threads took: 0.0000940 seconds
2022-12-19T05:45:32.048+0000: 96.970: Total time for which application threads were stopped: 0.0003074 seconds, Stopping threads took: 0.0000759 seconds
2022-12-19T05:45:35.049+0000: 99.970: Total time for which application threads were stopped: 0.0003073 seconds, Stopping threads took: 0.0000781 seconds
2022-12-19T05:45:36.049+0000: 100.971: Total time for which application threads were stopped: 0.0003683 seconds, Stopping threads took: 0.0001440 seconds
2022-12-19T05:45:38.050+0000: 102.971: Total time for which application threads were stopped: 0.0003078 seconds, Stopping threads took: 0.0000818 seconds
2022-12-19T05:45:42.051+0000: 106.972: Total time for which application threads were stopped: 0.0003561 seconds, Stopping threads took: 0.0000882 seconds
2022-12-19T05:45:43.051+0000: 107.973: Total time for which application threads were stopped: 0.0004323 seconds, Stopping threads took: 0.0001040 seconds
2022-12-19T05:45:44.052+0000: 108.974: Total time for which application threads were stopped: 0.0003752 seconds, Stopping threads took: 0.0000857 seconds
2022-12-19T05:45:45.052+0000: 109.974: Total time for which application threads were stopped: 0.0003768 seconds, Stopping threads took: 0.0000864 seconds
2022-12-19T05:45:46.053+0000: 110.975: Total time for which application threads were stopped: 0.0003325 seconds, Stopping threads took: 0.0000842 seconds
2022-12-19T05:45:47.054+0000: 111.976: Total time for which application threads were stopped: 0.0014572 seconds, Stopping threads took: 0.0007907 seconds
2022-12-19T05:45:52.056+0000: 116.977: Total time for which application threads were stopped: 0.0003265 seconds, Stopping threads took: 0.0000844 seconds
2022-12-19T05:45:53.056+0000: 117.978: Total time for which application threads were stopped: 0.0003443 seconds, Stopping threads took: 0.0000831 seconds
2022-12-19T05:45:54.056+0000: 118.978: Total time for which application threads were stopped: 0.0003225 seconds, Stopping threads took: 0.0000878 seconds
2022-12-19T05:45:55.057+0000: 119.979: Total time for which application threads were stopped: 0.0003750 seconds, Stopping threads took: 0.0000813 seconds
2022-12-19T05:45:56.057+0000: 120.979: Total time for which application threads were stopped: 0.0003487 seconds, Stopping threads took: 0.0000866 seconds
2022-12-19T05:45:57.058+0000: 121.980: Total time for which application threads were stopped: 0.0004684 seconds, Stopping threads took: 0.0000931 seconds
2022-12-19T05:45:58.059+0000: 122.980: Total time for which application threads were stopped: 0.0003596 seconds, Stopping threads took: 0.0000838 seconds
2022-12-19T05:45:59.059+0000: 123.981: Total time for which application threads were stopped: 0.0003268 seconds, Stopping threads took: 0.0000798 seconds
2022-12-19T05:46:00.060+0000: 124.981: Total time for which application threads were stopped: 0.0003866 seconds, Stopping threads took: 0.0000905 seconds
2022-12-19T05:46:01.060+0000: 125.982: Total time for which application threads were stopped: 0.0003695 seconds, Stopping threads took: 0.0000876 seconds
2022-12-19T05:46:02.061+0000: 126.982: Total time for which application threads were stopped: 0.0003323 seconds, Stopping threads took: 0.0000821 seconds
2022-12-19T05:46:03.061+0000: 127.983: Total time for which application threads were stopped: 0.0003408 seconds, Stopping threads took: 0.0000881 seconds
2022-12-19T05:46:04.062+0000: 128.983: Total time for which application threads were stopped: 0.0003222 seconds, Stopping threads took: 0.0000818 seconds
2022-12-19T05:46:07.062+0000: 131.984: Total time for which application threads were stopped: 0.0003244 seconds, Stopping threads took: 0.0000895 seconds
2022-12-19T05:46:10.063+0000: 134.985: Total time for which application threads were stopped: 0.0003403 seconds, Stopping threads took: 0.0000900 seconds
2022-12-19T05:46:11.064+0000: 135.985: Total time for which application threads were stopped: 0.0003341 seconds, Stopping threads took: 0.0000867 seconds
2022-12-19T05:46:13.064+0000: 137.986: Total time for which application threads were stopped: 0.0003924 seconds, Stopping threads took: 0.0001005 seconds
2022-12-19T05:46:15.065+0000: 139.987: Total time for which application threads were stopped: 0.0003319 seconds, Stopping threads took: 0.0000831 seconds
2022-12-19T05:46:16.065+0000: 140.987: Total time for which application threads were stopped: 0.0003379 seconds, Stopping threads took: 0.0000807 seconds
2022-12-19T05:46:17.066+0000: 141.988: Total time for which application threads were stopped: 0.0003962 seconds, Stopping threads took: 0.0000979 seconds
2022-12-19T05:46:23.067+0000: 147.989: Total time for which application threads were stopped: 0.0003517 seconds, Stopping threads took: 0.0000910 seconds
2022-12-19T05:46:24.068+0000: 148.989: Total time for which application threads were stopped: 0.0003412 seconds, Stopping threads took: 0.0000840 seconds
{Heap before GC invocations=4 (full 1):
 par new generation   total 184320K, used 184320K [0x00000000e0000000, 0x00000000ec800000, 0x00000000ec800000)
  eden space 163840K, 100% used [0x00000000e0000000, 0x00000000ea000000, 0x00000000ea000000)
  from space 20480K, 100% used [0x00000000ea000000, 0x00000000eb400000, 0x00000000eb400000)
  to   space 20480K,   0% used [0x00000000eb400000, 0x00000000eb400000, 0x00000000ec800000)
 concurrent mark-sweep generation total 319488K, used 27139K [0x00000000ec800000, 0x0000000100000000, 0x0000000100000000)
 Metaspace       used 49280K, capacity 51723K, committed 52004K, reserved 1093632K
  class space    used 6688K, capacity 7213K, committed 7288K, reserved 1048576K
2022-12-19T05:46:24.148+0000: 149.070: [GC (Allocation Failure) 2022-12-19T05:46:24.149+0000: 149.070: [ParNew
Desired survivor size 10485760 bytes, new threshold 1 (max 1)
- age   1:   16039936 bytes,   16039936 total
: 184320K->20480K(184320K), 0.1163800 secs] 211459K->59944K(503808K), 0.1167793 secs] [Times: user=0.47 sys=0.21, real=0.11 secs] 
Heap after GC invocations=5 (full 1):
 par new generation   total 184320K, used 20480K [0x00000000e0000000, 0x00000000ec800000, 0x00000000ec800000)
  eden space 163840K,   0% used [0x00000000e0000000, 0x00000000e0000000, 0x00000000ea000000)
  from space 20480K, 100% used [0x00000000eb400000, 0x00000000ec800000, 0x00000000ec800000)
  to   space 20480K,   0% used [0x00000000ea000000, 0x00000000ea000000, 0x00000000eb400000)
 concurrent mark-sweep generation total 319488K, used 39464K [0x00000000ec800000, 0x0000000100000000, 0x0000000100000000)
 Metaspace       used 49280K, capacity 51723K, committed 52004K, reserved 1093632K
  class space    used 6688K, capacity 7213K, committed 7288K, reserved 1048576K
}
2022-12-19T05:46:24.265+0000: 149.187: Total time for which application threads were stopped: 0.1174649 seconds, Stopping threads took: 0.0000675 seconds
2022-12-19T05:46:25.266+0000: 150.188: Total time for which application threads were stopped: 0.0009805 seconds, Stopping threads took: 0.0002687 seconds
2022-12-19T05:46:31.268+0000: 156.189: Total time for which application threads were stopped: 0.0003382 seconds, Stopping threads took: 0.0000855 seconds
2022-12-19T05:46:32.268+0000: 157.190: Total time for which application threads were stopped: 0.0003410 seconds, Stopping threads took: 0.0000785 seconds
2022-12-19T05:46:35.269+0000: 160.191: Total time for which application threads were stopped: 0.0003884 seconds, Stopping threads took: 0.0000957 seconds
2022-12-19T05:46:38.270+0000: 163.191: Total time for which application threads were stopped: 0.0003303 seconds, Stopping threads took: 0.0000853 seconds
2022-12-19T05:46:40.270+0000: 165.192: Total time for which application threads were stopped: 0.0003133 seconds, Stopping threads took: 0.0000791 seconds
2022-12-19T05:46:43.271+0000: 168.193: Total time for which application threads were stopped: 0.0003562 seconds, Stopping threads took: 0.0001108 seconds
2022-12-19T05:46:48.273+0000: 173.194: Total time for which application threads were stopped: 0.0008406 seconds, Stopping threads took: 0.0004075 seconds
2022-12-19T05:46:49.273+0000: 174.195: Total time for which application threads were stopped: 0.0002933 seconds, Stopping threads took: 0.0000780 seconds
2022-12-19T05:46:50.274+0000: 175.195: Total time for which application threads were stopped: 0.0003032 seconds, Stopping threads took: 0.0000761 seconds
2022-12-19T05:46:53.274+0000: 178.196: Total time for which application threads were stopped: 0.0003335 seconds, Stopping threads took: 0.0000818 seconds
2022-12-19T05:46:59.275+0000: 184.197: Total time for which application threads were stopped: 0.0003518 seconds, Stopping threads took: 0.0000800 seconds
2022-12-19T05:47:00.276+0000: 185.198: Total time for which application threads were stopped: 0.0003420 seconds, Stopping threads took: 0.0000871 seconds
2022-12-19T05:47:01.276+0000: 186.198: Total time for which application threads were stopped: 0.0003389 seconds, Stopping threads took: 0.0001056 seconds
2022-12-19T05:47:02.277+0000: 187.199: Total time for which application threads were stopped: 0.0003170 seconds, Stopping threads took: 0.0000809 seconds
2022-12-19T05:47:04.277+0000: 189.199: Total time for which application threads were stopped: 0.0003166 seconds, Stopping threads took: 0.0000766 seconds
2022-12-19T05:47:05.278+0000: 190.199: Total time for which application threads were stopped: 0.0002868 seconds, Stopping threads took: 0.0000742 seconds
2022-12-19T05:47:08.278+0000: 193.200: Total time for which application threads were stopped: 0.0003328 seconds, Stopping threads took: 0.0000843 seconds
2022-12-19T05:47:15.280+0000: 200.202: Total time for which application threads were stopped: 0.0007969 seconds, Stopping threads took: 0.0001873 seconds
2022-12-19T05:47:16.281+0000: 201.202: Total time for which application threads were stopped: 0.0003782 seconds, Stopping threads took: 0.0001125 seconds
2022-12-19T05:47:17.281+0000: 202.203: Total time for which application threads were stopped: 0.0003490 seconds, Stopping threads took: 0.0000913 seconds
2022-12-19T05:47:18.282+0000: 203.204: Total time for which application threads were stopped: 0.0004859 seconds, Stopping threads took: 0.0001021 seconds
2022-12-19T05:47:22.283+0000: 207.204: Total time for which application threads were stopped: 0.0003255 seconds, Stopping threads took: 0.0000855 seconds
2022-12-19T05:47:25.284+0000: 210.205: Total time for which application threads were stopped: 0.0003767 seconds, Stopping threads took: 0.0000908 seconds
2022-12-19T05:47:47.287+0000: 232.209: Total time for which application threads were stopped: 0.0006148 seconds, Stopping threads took: 0.0002789 seconds
2022-12-19T05:47:53.288+0000: 238.210: Total time for which application threads were stopped: 0.0003622 seconds, Stopping threads took: 0.0000918 seconds
2022-12-19T05:47:56.289+0000: 241.211: Total time for which application threads were stopped: 0.0003575 seconds, Stopping threads took: 0.0000825 seconds
2022-12-19T05:47:59.290+0000: 244.211: Total time for which application threads were stopped: 0.0003384 seconds, Stopping threads took: 0.0000863 seconds
2022-12-19T05:48:02.290+0000: 247.212: Total time for which application threads were stopped: 0.0003339 seconds, Stopping threads took: 0.0000815 seconds
2022-12-19T05:48:09.292+0000: 254.213: Total time for which application threads were stopped: 0.0003359 seconds, Stopping threads took: 0.0000833 seconds
2022-12-19T05:48:11.292+0000: 256.214: Total time for which application threads were stopped: 0.0003605 seconds, Stopping threads took: 0.0001119 seconds
2022-12-19T05:48:12.293+0000: 257.215: Total time for which application threads were stopped: 0.0003179 seconds, Stopping threads took: 0.0000768 seconds
2022-12-19T05:48:13.293+0000: 258.215: Total time for which application threads were stopped: 0.0003107 seconds, Stopping threads took: 0.0000749 seconds
2022-12-19T05:48:17.294+0000: 262.216: Total time for which application threads were stopped: 0.0003382 seconds, Stopping threads took: 0.0000852 seconds
2022-12-19T05:48:18.295+0000: 263.217: Total time for which application threads were stopped: 0.0009925 seconds, Stopping threads took: 0.0002838 seconds
2022-12-19T05:48:19.296+0000: 264.218: Total time for which application threads were stopped: 0.0003406 seconds, Stopping threads took: 0.0000828 seconds
2022-12-19T05:48:20.296+0000: 265.218: Total time for which application threads were stopped: 0.0003740 seconds, Stopping threads took: 0.0000836 seconds
2022-12-19T05:48:21.297+0000: 266.219: Total time for which application threads were stopped: 0.0003301 seconds, Stopping threads took: 0.0000876 seconds
2022-12-19T05:48:23.297+0000: 268.219: Total time for which application threads were stopped: 0.0003385 seconds, Stopping threads took: 0.0000835 seconds
2022-12-19T05:48:25.298+0000: 270.220: Total time for which application threads were stopped: 0.0003188 seconds, Stopping threads took: 0.0000797 seconds
2022-12-19T05:48:31.299+0000: 276.221: Total time for which application threads were stopped: 0.0003391 seconds, Stopping threads took: 0.0000852 seconds
2022-12-19T05:48:35.300+0000: 280.222: Total time for which application threads were stopped: 0.0003996 seconds, Stopping threads took: 0.0000833 seconds
2022-12-19T05:48:37.301+0000: 282.222: Total time for which application threads were stopped: 0.0003186 seconds, Stopping threads took: 0.0000794 seconds
2022-12-19T05:48:45.302+0000: 290.224: Total time for which application threads were stopped: 0.0007041 seconds, Stopping threads took: 0.0002860 seconds
2022-12-19T05:48:46.303+0000: 291.225: Total time for which application threads were stopped: 0.0003073 seconds, Stopping threads took: 0.0000799 seconds
2022-12-19T05:48:50.304+0000: 295.226: Total time for which application threads were stopped: 0.0003271 seconds, Stopping threads took: 0.0000797 seconds
2022-12-19T05:48:51.304+0000: 296.226: Total time for which application threads were stopped: 0.0003324 seconds, Stopping threads took: 0.0001035 seconds
2022-12-19T05:49:07.307+0000: 312.229: Total time for which application threads were stopped: 0.0003326 seconds, Stopping threads took: 0.0000852 seconds
2022-12-19T05:49:09.308+0000: 314.230: Total time for which application threads were stopped: 0.0003411 seconds, Stopping threads took: 0.0000881 seconds
2022-12-19T05:49:14.309+0000: 319.231: Total time for which application threads were stopped: 0.0003502 seconds, Stopping threads took: 0.0001039 seconds
2022-12-19T05:49:20.310+0000: 325.232: Total time for which application threads were stopped: 0.0003400 seconds, Stopping threads took: 0.0000816 seconds
2022-12-19T05:49:31.313+0000: 336.235: Total time for which application threads were stopped: 0.0015081 seconds, Stopping threads took: 0.0003355 seconds
2022-12-19T05:49:32.314+0000: 337.235: Total time for which application threads were stopped: 0.0003297 seconds, Stopping threads took: 0.0000830 seconds
2022-12-19T05:49:39.315+0000: 344.237: Total time for which application threads were stopped: 0.0005875 seconds, Stopping threads took: 0.0002714 seconds
2022-12-19T05:50:00.318+0000: 365.240: Total time for which application threads were stopped: 0.0004097 seconds, Stopping threads took: 0.0000847 seconds
2022-12-19T05:50:02.319+0000: 367.241: Total time for which application threads were stopped: 0.0003347 seconds, Stopping threads took: 0.0000795 seconds
2022-12-19T05:50:04.320+0000: 369.241: Total time for which application threads were stopped: 0.0003246 seconds, Stopping threads took: 0.0000771 seconds
2022-12-19T05:50:05.320+0000: 370.242: Total time for which application threads were stopped: 0.0003034 seconds, Stopping threads took: 0.0000702 seconds
2022-12-19T05:50:07.321+0000: 372.242: Total time for which application threads were stopped: 0.0003569 seconds, Stopping threads took: 0.0000820 seconds
2022-12-19T05:50:16.322+0000: 381.244: Total time for which application threads were stopped: 0.0003387 seconds, Stopping threads took: 0.0000832 seconds
2022-12-19T05:50:26.324+0000: 391.246: Total time for which application threads were stopped: 0.0003818 seconds, Stopping threads took: 0.0000904 seconds
2022-12-19T05:50:27.325+0000: 392.247: Total time for which application threads were stopped: 0.0003543 seconds, Stopping threads took: 0.0000852 seconds
2022-12-19T05:50:33.326+0000: 398.248: Total time for which application threads were stopped: 0.0003594 seconds, Stopping threads took: 0.0000859 seconds
2022-12-19T05:50:34.327+0000: 399.248: Total time for which application threads were stopped: 0.0003335 seconds, Stopping threads took: 0.0000871 seconds
2022-12-19T05:50:40.329+0000: 405.250: Total time for which application threads were stopped: 0.0010980 seconds, Stopping threads took: 0.0002298 seconds
2022-12-19T05:50:45.330+0000: 410.251: Total time for which application threads were stopped: 0.0003410 seconds, Stopping threads took: 0.0000828 seconds
2022-12-19T05:50:50.331+0000: 415.252: Total time for which application threads were stopped: 0.0003299 seconds, Stopping threads took: 0.0000814 seconds
2022-12-19T05:50:56.332+0000: 421.254: Total time for which application threads were stopped: 0.0003454 seconds, Stopping threads took: 0.0000901 seconds
2022-12-19T05:50:58.117+0000: 423.039: Total time for which application threads were stopped: 0.0008873 seconds, Stopping threads took: 0.0003551 seconds
2022-12-19T05:50:58.118+0000: 423.039: Total time for which application threads were stopped: 0.0005200 seconds, Stopping threads took: 0.0002501 seconds
2022-12-19T05:50:59.118+0000: 424.040: Total time for which application threads were stopped: 0.0004648 seconds, Stopping threads took: 0.0000946 seconds
2022-12-19T05:51:04.254+0000: 429.176: [GC (CMS Initial Mark) [1 CMS-initial-mark: 39464K(319488K)] 130414K(503808K), 0.0173793 secs] [Times: user=0.19 sys=0.06, real=0.02 secs] 
2022-12-19T05:51:04.272+0000: 429.194: Total time for which application threads were stopped: 0.0182852 seconds, Stopping threads took: 0.0002766 seconds
2022-12-19T05:51:04.272+0000: 429.194: [CMS-concurrent-mark-start]
2022-12-19T05:51:04.295+0000: 429.217: [CMS-concurrent-mark: 0.023/0.023 secs] [Times: user=0.14 sys=0.01, real=0.02 secs] 
2022-12-19T05:51:04.295+0000: 429.217: [CMS-concurrent-preclean-start]
2022-12-19T05:51:04.298+0000: 429.220: [CMS-concurrent-preclean: 0.003/0.003 secs] [Times: user=0.01 sys=0.00, real=0.00 secs] 
2022-12-19T05:51:04.298+0000: 429.220: [CMS-concurrent-abortable-preclean-start]
2022-12-19T05:51:06.273+0000: 431.194: Total time for which application threads were stopped: 0.0004076 seconds, Stopping threads took: 0.0000863 seconds
 CMS: abort preclean due to time 2022-12-19T05:51:09.436+0000: 434.358: [CMS-concurrent-abortable-preclean: 1.732/5.138 secs] [Times: user=1.84 sys=0.06, real=5.14 secs] 
2022-12-19T05:51:09.437+0000: 434.359: [GC (CMS Final Remark) [YG occupancy: 92374 K (184320 K)]2022-12-19T05:51:09.437+0000: 434.359: [Rescan (parallel) , 0.0092760 secs]2022-12-19T05:51:09.446+0000: 434.368: [weak refs processing, 0.0006857 secs]2022-12-19T05:51:09.447+0000: 434.369: [class unloading, 0.0351188 secs]2022-12-19T05:51:09.482+0000: 434.404: [scrub symbol table, 0.0113563 secs]2022-12-19T05:51:09.494+0000: 434.415: [scrub string table, 0.0014053 secs][1 CMS-remark: 39464K(319488K)] 131838K(503808K), 0.0585760 secs] [Times: user=0.24 sys=0.03, real=0.06 secs] 
2022-12-19T05:51:09.496+0000: 434.417: Total time for which application threads were stopped: 0.0589769 seconds, Stopping threads took: 0.0000737 seconds
2022-12-19T05:51:09.496+0000: 434.418: [CMS-concurrent-sweep-start]
2022-12-19T05:51:09.522+0000: 434.444: [CMS-concurrent-sweep: 0.027/0.027 secs] [Times: user=0.03 sys=0.00, real=0.03 secs] 
2022-12-19T05:51:09.522+0000: 434.444: [CMS-concurrent-reset-start]
2022-12-19T05:51:09.526+0000: 434.448: [CMS-concurrent-reset: 0.003/0.003 secs] [Times: user=0.00 sys=0.01, real=0.00 secs] 
2022-12-19T05:51:10.496+0000: 435.418: Total time for which application threads were stopped: 0.0004353 seconds, Stopping threads took: 0.0000930 seconds
2022-12-19T05:51:13.497+0000: 438.419: Total time for which application threads were stopped: 0.0003708 seconds, Stopping threads took: 0.0000850 seconds
2022-12-19T05:51:43.502+0000: 468.424: Total time for which application threads were stopped: 0.0004263 seconds, Stopping threads took: 0.0001015 seconds
2022-12-19T05:51:58.504+0000: 483.426: Total time for which application threads were stopped: 0.0003736 seconds, Stopping threads took: 0.0000888 seconds
2022-12-19T05:52:00.505+0000: 485.427: Total time for which application threads were stopped: 0.0003876 seconds, Stopping threads took: 0.0001079 seconds
2022-12-19T05:52:02.506+0000: 487.428: Total time for which application threads were stopped: 0.0003746 seconds, Stopping threads took: 0.0000969 seconds
2022-12-19T05:52:04.507+0000: 489.428: Total time for which application threads were stopped: 0.0003812 seconds, Stopping threads took: 0.0000985 seconds
2022-12-19T05:52:08.508+0000: 493.429: Total time for which application threads were stopped: 0.0003647 seconds, Stopping threads took: 0.0000872 seconds
2022-12-19T05:52:22.510+0000: 507.432: Total time for which application threads were stopped: 0.0003784 seconds, Stopping threads took: 0.0000868 seconds
2022-12-19T05:52:23.511+0000: 508.432: Total time for which application threads were stopped: 0.0003522 seconds, Stopping threads took: 0.0000987 seconds
2022-12-19T05:52:30.513+0000: 515.434: Total time for which application threads were stopped: 0.0009602 seconds, Stopping threads took: 0.0002456 seconds
2022-12-19T05:52:34.514+0000: 519.435: Total time for which application threads were stopped: 0.0003755 seconds, Stopping threads took: 0.0000898 seconds
2022-12-19T05:52:42.515+0000: 527.437: Total time for which application threads were stopped: 0.0003847 seconds, Stopping threads took: 0.0000873 seconds
2022-12-19T05:52:52.518+0000: 537.439: Total time for which application threads were stopped: 0.0008951 seconds, Stopping threads took: 0.0003506 seconds
2022-12-19T05:53:00.519+0000: 545.441: Total time for which application threads were stopped: 0.0003691 seconds, Stopping threads took: 0.0000905 seconds
2022-12-19T05:53:02.520+0000: 547.442: Total time for which application threads were stopped: 0.0004204 seconds, Stopping threads took: 0.0001518 seconds
2022-12-19T05:53:39.526+0000: 584.447: Total time for which application threads were stopped: 0.0003709 seconds, Stopping threads took: 0.0000969 seconds
2022-12-19T05:53:48.527+0000: 593.449: Total time for which application threads were stopped: 0.0003651 seconds, Stopping threads took: 0.0000852 seconds
2022-12-19T05:53:49.528+0000: 594.450: Total time for which application threads were stopped: 0.0003669 seconds, Stopping threads took: 0.0000974 seconds
2022-12-19T05:53:50.528+0000: 595.450: Total time for which application threads were stopped: 0.0003341 seconds, Stopping threads took: 0.0000756 seconds
2022-12-19T05:53:55.530+0000: 600.451: Total time for which application threads were stopped: 0.0003805 seconds, Stopping threads took: 0.0001016 seconds
2022-12-19T05:54:00.531+0000: 605.452: Total time for which application threads were stopped: 0.0003632 seconds, Stopping threads took: 0.0000847 seconds
2022-12-19T05:54:18.533+0000: 623.455: Total time for which application threads were stopped: 0.0003578 seconds, Stopping threads took: 0.0000830 seconds
2022-12-19T05:54:19.534+0000: 624.456: Total time for which application threads were stopped: 0.0003546 seconds, Stopping threads took: 0.0000843 seconds
2022-12-19T05:54:31.536+0000: 636.458: Total time for which application threads were stopped: 0.0004188 seconds, Stopping threads took: 0.0000901 seconds
2022-12-19T05:54:51.539+0000: 656.461: Total time for which application threads were stopped: 0.0003693 seconds, Stopping threads took: 0.0000867 seconds
2022-12-19T05:54:52.540+0000: 657.461: Total time for which application threads were stopped: 0.0003445 seconds, Stopping threads took: 0.0000790 seconds
2022-12-19T05:54:53.540+0000: 658.462: Total time for which application threads were stopped: 0.0003829 seconds, Stopping threads took: 0.0000867 seconds
2022-12-19T05:55:00.542+0000: 665.463: Total time for which application threads were stopped: 0.0003789 seconds, Stopping threads took: 0.0000872 seconds
2022-12-19T05:55:01.542+0000: 666.464: Total time for which application threads were stopped: 0.0003903 seconds, Stopping threads took: 0.0001075 seconds
2022-12-19T05:55:03.543+0000: 668.465: Total time for which application threads were stopped: 0.0003752 seconds, Stopping threads took: 0.0000864 seconds
2022-12-19T05:55:05.543+0000: 670.465: Total time for which application threads were stopped: 0.0003601 seconds, Stopping threads took: 0.0000867 seconds
2022-12-19T05:55:06.544+0000: 671.466: Total time for which application threads were stopped: 0.0004596 seconds, Stopping threads took: 0.0001040 seconds
2022-12-19T05:55:07.545+0000: 672.466: Total time for which application threads were stopped: 0.0003816 seconds, Stopping threads took: 0.0000848 seconds
2022-12-19T05:56:00.552+0000: 725.474: Total time for which application threads were stopped: 0.0003808 seconds, Stopping threads took: 0.0000879 seconds
2022-12-19T05:56:20.555+0000: 745.477: Total time for which application threads were stopped: 0.0003648 seconds, Stopping threads took: 0.0000880 seconds
2022-12-19T05:56:41.558+0000: 766.480: Total time for which application threads were stopped: 0.0003744 seconds, Stopping threads took: 0.0000958 seconds
2022-12-19T05:56:42.558+0000: 767.480: Total time for which application threads were stopped: 0.0003686 seconds, Stopping threads took: 0.0000877 seconds
2022-12-19T05:57:00.561+0000: 785.483: Total time for which application threads were stopped: 0.0003711 seconds, Stopping threads took: 0.0000895 seconds
2022-12-19T05:57:14.564+0000: 799.485: Total time for which application threads were stopped: 0.0003988 seconds, Stopping threads took: 0.0000862 seconds
2022-12-19T05:57:39.568+0000: 824.489: Total time for which application threads were stopped: 0.0003765 seconds, Stopping threads took: 0.0000965 seconds
2022-12-19T05:57:55.570+0000: 840.492: Total time for which application threads were stopped: 0.0003687 seconds, Stopping threads took: 0.0000873 seconds
2022-12-19T05:58:21.574+0000: 866.496: Total time for which application threads were stopped: 0.0010542 seconds, Stopping threads took: 0.0002803 seconds
2022-12-19T05:58:31.577+0000: 876.498: Total time for which application threads were stopped: 0.0008996 seconds, Stopping threads took: 0.0004629 seconds
2022-12-19T05:58:44.579+0000: 889.501: Total time for which application threads were stopped: 0.0004651 seconds, Stopping threads took: 0.0000904 seconds
2022-12-19T05:58:48.580+0000: 893.501: Total time for which application threads were stopped: 0.0003538 seconds, Stopping threads took: 0.0000834 seconds
2022-12-19T05:58:49.580+0000: 894.502: Total time for which application threads were stopped: 0.0003397 seconds, Stopping threads took: 0.0000734 seconds
2022-12-19T05:58:52.581+0000: 897.503: Total time for which application threads were stopped: 0.0003604 seconds, Stopping threads took: 0.0000819 seconds
2022-12-19T05:58:54.582+0000: 899.503: Total time for which application threads were stopped: 0.0003473 seconds, Stopping threads took: 0.0000818 seconds
{Heap before GC invocations=5 (full 2):
 par new generation   total 184320K, used 184320K [0x00000000e0000000, 0x00000000ec800000, 0x00000000ec800000)
  eden space 163840K, 100% used [0x00000000e0000000, 0x00000000ea000000, 0x00000000ea000000)
  from space 20480K, 100% used [0x00000000eb400000, 0x00000000ec800000, 0x00000000ec800000)
  to   space 20480K,   0% used [0x00000000ea000000, 0x00000000ea000000, 0x00000000eb400000)
 concurrent mark-sweep generation total 319488K, used 25649K [0x00000000ec800000, 0x0000000100000000, 0x0000000100000000)
 Metaspace       used 49688K, capacity 52196K, committed 52260K, reserved 1093632K
  class space    used 6707K, capacity 7262K, committed 7288K, reserved 1048576K
2022-12-19T05:59:00.226+0000: 905.147: [GC (Allocation Failure) 2022-12-19T05:59:00.226+0000: 905.147: [ParNew
Desired survivor size 10485760 bytes, new threshold 1 (max 1)
- age   1:    2641824 bytes,    2641824 total
: 184320K->11697K(184320K), 0.0513172 secs] 209969K->51200K(503808K), 0.0516347 secs] [Times: user=0.38 sys=0.08, real=0.05 secs] 
Heap after GC invocations=6 (full 2):
 par new generation   total 184320K, used 11697K [0x00000000e0000000, 0x00000000ec800000, 0x00000000ec800000)
  eden space 163840K,   0% used [0x00000000e0000000, 0x00000000e0000000, 0x00000000ea000000)
  from space 20480K,  57% used [0x00000000ea000000, 0x00000000eab6c5b0, 0x00000000eb400000)
  to   space 20480K,   0% used [0x00000000eb400000, 0x00000000eb400000, 0x00000000ec800000)
 concurrent mark-sweep generation total 319488K, used 39502K [0x00000000ec800000, 0x0000000100000000, 0x0000000100000000)
 Metaspace       used 49688K, capacity 52196K, committed 52260K, reserved 1093632K
  class space    used 6707K, capacity 7262K, committed 7288K, reserved 1048576K
}
2022-12-19T05:59:00.277+0000: 905.199: Total time for which application threads were stopped: 0.0523909 seconds, Stopping threads took: 0.0000829 seconds
2022-12-19T05:59:04.278+0000: 909.200: Total time for which application threads were stopped: 0.0003658 seconds, Stopping threads took: 0.0000899 seconds
2022-12-19T05:59:18.281+0000: 923.202: Total time for which application threads were stopped: 0.0003647 seconds, Stopping threads took: 0.0000885 seconds
2022-12-19T05:59:21.281+0000: 926.203: Total time for which application threads were stopped: 0.0003563 seconds, Stopping threads took: 0.0000855 seconds
2022-12-19T05:59:24.282+0000: 929.204: Total time for which application threads were stopped: 0.0003655 seconds, Stopping threads took: 0.0000870 seconds
2022-12-19T05:59:25.283+0000: 930.204: Total time for which application threads were stopped: 0.0003218 seconds, Stopping threads took: 0.0000715 seconds
2022-12-19T05:59:31.284+0000: 936.206: Total time for which application threads were stopped: 0.0004656 seconds, Stopping threads took: 0.0001964 seconds
2022-12-19T05:59:32.285+0000: 937.206: Total time for which application threads were stopped: 0.0003964 seconds, Stopping threads took: 0.0000872 seconds
2022-12-19T05:59:33.285+0000: 938.207: Total time for which application threads were stopped: 0.0003484 seconds, Stopping threads took: 0.0000789 seconds
2022-12-19T05:59:53.288+0000: 958.210: Total time for which application threads were stopped: 0.0003918 seconds, Stopping threads took: 0.0000868 seconds
2022-12-19T06:00:00.290+0000: 965.211: Total time for which application threads were stopped: 0.0003484 seconds, Stopping threads took: 0.0000816 seconds
2022-12-19T06:00:43.296+0000: 1008.217: Total time for which application threads were stopped: 0.0003595 seconds, Stopping threads took: 0.0000851 seconds
2022-12-19T06:00:53.298+0000: 1018.219: Total time for which application threads were stopped: 0.0003574 seconds, Stopping threads took: 0.0000841 seconds
2022-12-19T06:00:58.299+0000: 1023.220: Total time for which application threads were stopped: 0.0003865 seconds, Stopping threads took: 0.0000825 seconds
2022-12-19T06:01:23.302+0000: 1048.224: Total time for which application threads were stopped: 0.0003539 seconds, Stopping threads took: 0.0000821 seconds
2022-12-19T06:01:32.304+0000: 1057.226: Total time for which application threads were stopped: 0.0003490 seconds, Stopping threads took: 0.0000851 seconds
2022-12-19T06:01:43.306+0000: 1068.227: Total time for which application threads were stopped: 0.0003663 seconds, Stopping threads took: 0.0000848 seconds
2022-12-19T06:02:07.309+0000: 1092.231: Total time for which application threads were stopped: 0.0003608 seconds, Stopping threads took: 0.0000850 seconds
2022-12-19T06:02:25.312+0000: 1110.234: Total time for which application threads were stopped: 0.0008992 seconds, Stopping threads took: 0.0002094 seconds
2022-12-19T06:02:57.317+0000: 1142.239: Total time for which application threads were stopped: 0.0007647 seconds, Stopping threads took: 0.0003114 seconds
2022-12-19T06:03:03.319+0000: 1148.240: Total time for which application threads were stopped: 0.0003618 seconds, Stopping threads took: 0.0000860 seconds
2022-12-19T06:03:16.321+0000: 1161.243: Total time for which application threads were stopped: 0.0003742 seconds, Stopping threads took: 0.0000863 seconds
2022-12-19T06:03:38.324+0000: 1183.246: Total time for which application threads were stopped: 0.0003771 seconds, Stopping threads took: 0.0000833 seconds
2022-12-19T06:03:44.325+0000: 1189.247: Total time for which application threads were stopped: 0.0003594 seconds, Stopping threads took: 0.0000865 seconds
2022-12-19T06:03:47.326+0000: 1192.248: Total time for which application threads were stopped: 0.0003552 seconds, Stopping threads took: 0.0000819 seconds
2022-12-19T06:03:50.327+0000: 1195.248: Total time for which application threads were stopped: 0.0003374 seconds, Stopping threads took: 0.0000785 seconds
2022-12-19T06:03:51.327+0000: 1196.249: Total time for which application threads were stopped: 0.0003204 seconds, Stopping threads took: 0.0000745 seconds
2022-12-19T06:03:52.327+0000: 1197.249: Total time for which application threads were stopped: 0.0003017 seconds, Stopping threads took: 0.0000691 seconds
2022-12-19T06:04:00.329+0000: 1205.251: Total time for which application threads were stopped: 0.0003779 seconds, Stopping threads took: 0.0000845 seconds
2022-12-19T06:04:18.331+0000: 1223.253: Total time for which application threads were stopped: 0.0004083 seconds, Stopping threads took: 0.0001262 seconds
2022-12-19T06:04:21.332+0000: 1226.254: Total time for which application threads were stopped: 0.0003885 seconds, Stopping threads took: 0.0000892 seconds
2022-12-19T06:04:22.333+0000: 1227.254: Total time for which application threads were stopped: 0.0003255 seconds, Stopping threads took: 0.0000726 seconds
2022-12-19T06:04:23.333+0000: 1228.255: Total time for which application threads were stopped: 0.0003343 seconds, Stopping threads took: 0.0000757 seconds
2022-12-19T06:04:31.335+0000: 1236.257: Total time for which application threads were stopped: 0.0006087 seconds, Stopping threads took: 0.0002146 seconds
2022-12-19T06:04:32.335+0000: 1237.257: Total time for which application threads were stopped: 0.0003662 seconds, Stopping threads took: 0.0000865 seconds
2022-12-19T06:05:23.342+0000: 1288.264: Total time for which application threads were stopped: 0.0003563 seconds, Stopping threads took: 0.0000819 seconds
2022-12-19T06:05:33.344+0000: 1298.265: Total time for which application threads were stopped: 0.0003668 seconds, Stopping threads took: 0.0000862 seconds
2022-12-19T06:05:35.344+0000: 1300.266: Total time for which application threads were stopped: 0.0003627 seconds, Stopping threads took: 0.0000794 seconds
2022-12-19T06:05:43.345+0000: 1308.267: Total time for which application threads were stopped: 0.0003653 seconds, Stopping threads took: 0.0000834 seconds
2022-12-19T06:05:53.347+0000: 1318.269: Total time for which application threads were stopped: 0.0003729 seconds, Stopping threads took: 0.0000889 seconds
2022-12-19T06:06:20.351+0000: 1345.273: Total time for which application threads were stopped: 0.0003724 seconds, Stopping threads took: 0.0000866 seconds
2022-12-19T06:06:23.352+0000: 1348.274: Total time for which application threads were stopped: 0.0003925 seconds, Stopping threads took: 0.0000936 seconds
2022-12-19T06:06:25.353+0000: 1350.275: Total time for which application threads were stopped: 0.0003556 seconds, Stopping threads took: 0.0000850 seconds
2022-12-19T06:06:28.354+0000: 1353.275: Total time for which application threads were stopped: 0.0003608 seconds, Stopping threads took: 0.0000954 seconds
2022-12-19T06:06:43.356+0000: 1368.277: Total time for which application threads were stopped: 0.0003762 seconds, Stopping threads took: 0.0000867 seconds
2022-12-19T06:06:56.358+0000: 1381.280: Total time for which application threads were stopped: 0.0003668 seconds, Stopping threads took: 0.0000871 seconds
2022-12-19T06:07:16.361+0000: 1401.283: Total time for which application threads were stopped: 0.0003628 seconds, Stopping threads took: 0.0000868 seconds
2022-12-19T06:07:17.362+0000: 1402.283: Total time for which application threads were stopped: 0.0003249 seconds, Stopping threads took: 0.0000757 seconds
2022-12-19T06:07:20.362+0000: 1405.284: Total time for which application threads were stopped: 0.0003568 seconds, Stopping threads took: 0.0000840 seconds
2022-12-19T06:07:23.363+0000: 1408.285: Total time for which application threads were stopped: 0.0003543 seconds, Stopping threads took: 0.0000852 seconds
2022-12-19T06:07:35.365+0000: 1420.287: Total time for which application threads were stopped: 0.0003663 seconds, Stopping threads took: 0.0000865 seconds
2022-12-19T06:07:38.366+0000: 1423.288: Total time for which application threads were stopped: 0.0003693 seconds, Stopping threads took: 0.0000842 seconds
2022-12-19T06:07:40.367+0000: 1425.289: Total time for which application threads were stopped: 0.0003315 seconds, Stopping threads took: 0.0000771 seconds
2022-12-19T06:07:43.367+0000: 1428.289: Total time for which application threads were stopped: 0.0003785 seconds, Stopping threads took: 0.0000814 seconds
2022-12-19T06:08:00.370+0000: 1445.292: Total time for which application threads were stopped: 0.0003662 seconds, Stopping threads took: 0.0000839 seconds
2022-12-19T06:08:35.376+0000: 1480.297: Total time for which application threads were stopped: 0.0009322 seconds, Stopping threads took: 0.0002308 seconds
2022-12-19T06:09:01.380+0000: 1506.302: Total time for which application threads were stopped: 0.0006781 seconds, Stopping threads took: 0.0002557 seconds
2022-12-19T06:09:05.381+0000: 1510.302: Total time for which application threads were stopped: 0.0003787 seconds, Stopping threads took: 0.0001083 seconds
2022-12-19T06:09:15.382+0000: 1520.304: Total time for which application threads were stopped: 0.0003687 seconds, Stopping threads took: 0.0001011 seconds
2022-12-19T06:09:23.384+0000: 1528.305: Total time for which application threads were stopped: 0.0003528 seconds, Stopping threads took: 0.0000859 seconds
2022-12-19T06:09:31.385+0000: 1536.307: Total time for which application threads were stopped: 0.0004206 seconds, Stopping threads took: 0.0001461 seconds
2022-12-19T06:09:34.386+0000: 1539.307: Total time for which application threads were stopped: 0.0003826 seconds, Stopping threads took: 0.0000959 seconds
2022-12-19T06:10:15.391+0000: 1580.313: Total time for which application threads were stopped: 0.0003678 seconds, Stopping threads took: 0.0000914 seconds
2022-12-19T06:10:33.394+0000: 1598.316: Total time for which application threads were stopped: 0.0003542 seconds, Stopping threads took: 0.0000842 seconds
2022-12-19T06:11:13.400+0000: 1638.322: Total time for which application threads were stopped: 0.0003796 seconds, Stopping threads took: 0.0000892 seconds
2022-12-19T06:11:21.401+0000: 1646.323: Total time for which application threads were stopped: 0.0003589 seconds, Stopping threads took: 0.0000860 seconds
2022-12-19T06:12:26.410+0000: 1711.332: Total time for which application threads were stopped: 0.0003749 seconds, Stopping threads took: 0.0000956 seconds
2022-12-19T06:12:28.411+0000: 1713.332: Total time for which application threads were stopped: 0.0003734 seconds, Stopping threads took: 0.0000916 seconds
2022-12-19T06:12:29.411+0000: 1714.333: Total time for which application threads were stopped: 0.0003222 seconds, Stopping threads took: 0.0000750 seconds
2022-12-19T06:12:33.412+0000: 1718.334: Total time for which application threads were stopped: 0.0003844 seconds, Stopping threads took: 0.0000875 seconds
2022-12-19T06:12:53.415+0000: 1738.337: Total time for which application threads were stopped: 0.0003560 seconds, Stopping threads took: 0.0000833 seconds
2022-12-19T06:12:56.415+0000: 1741.337: Total time for which application threads were stopped: 0.0003552 seconds, Stopping threads took: 0.0000831 seconds
2022-12-19T06:13:03.417+0000: 1748.339: Total time for which application threads were stopped: 0.0003485 seconds, Stopping threads took: 0.0000867 seconds
2022-12-19T06:13:05.417+0000: 1750.339: Total time for which application threads were stopped: 0.0003932 seconds, Stopping threads took: 0.0000913 seconds
2022-12-19T06:13:06.418+0000: 1751.340: Total time for which application threads were stopped: 0.0003455 seconds, Stopping threads took: 0.0000900 seconds
2022-12-19T06:13:49.424+0000: 1794.345: Total time for which application threads were stopped: 0.0003614 seconds, Stopping threads took: 0.0000883 seconds
{Heap before GC invocations=6 (full 2):
 par new generation   total 184320K, used 175537K [0x00000000e0000000, 0x00000000ec800000, 0x00000000ec800000)
  eden space 163840K, 100% used [0x00000000e0000000, 0x00000000ea000000, 0x00000000ea000000)
  from space 20480K,  57% used [0x00000000ea000000, 0x00000000eab6c5b0, 0x00000000eb400000)
  to   space 20480K,   0% used [0x00000000eb400000, 0x00000000eb400000, 0x00000000ec800000)
 concurrent mark-sweep generation total 319488K, used 39502K [0x00000000ec800000, 0x0000000100000000, 0x0000000100000000)
 Metaspace       used 49818K, capacity 52392K, committed 52516K, reserved 1095680K
  class space    used 6708K, capacity 7262K, committed 7288K, reserved 1048576K
2022-12-19T06:13:55.649+0000: 1800.571: [GC (Allocation Failure) 2022-12-19T06:13:55.649+0000: 1800.571: [ParNew
Desired survivor size 10485760 bytes, new threshold 1 (max 1)
- age   1:     181480 bytes,     181480 total
: 175537K->2402K(184320K), 0.0171468 secs] 215040K->44273K(503808K), 0.0173753 secs] [Times: user=0.27 sys=0.03, real=0.01 secs] 
Heap after GC invocations=7 (full 2):
 par new generation   total 184320K, used 2402K [0x00000000e0000000, 0x00000000ec800000, 0x00000000ec800000)
  eden space 163840K,   0% used [0x00000000e0000000, 0x00000000e0000000, 0x00000000ea000000)
  from space 20480K,  11% used [0x00000000eb400000, 0x00000000eb658a40, 0x00000000ec800000)
  to   space 20480K,   0% used [0x00000000ea000000, 0x00000000ea000000, 0x00000000eb400000)
 concurrent mark-sweep generation total 319488K, used 41870K [0x00000000ec800000, 0x0000000100000000, 0x0000000100000000)
 Metaspace       used 49818K, capacity 52392K, committed 52516K, reserved 1095680K
  class space    used 6708K, capacity 7262K, committed 7288K, reserved 1048576K
}
2022-12-19T06:13:55.667+0000: 1800.588: Total time for which application threads were stopped: 0.0179831 seconds, Stopping threads took: 0.0000834 seconds
2022-12-19T06:13:56.667+0000: 1801.589: Total time for which application threads were stopped: 0.0003321 seconds, Stopping threads took: 0.0000758 seconds
2022-12-19T06:14:01.668+0000: 1806.590: Total time for which application threads were stopped: 0.0004761 seconds, Stopping threads took: 0.0000843 seconds
2022-12-19T06:14:02.669+0000: 1807.590: Total time for which application threads were stopped: 0.0003322 seconds, Stopping threads took: 0.0000778 seconds
2022-12-19T06:14:06.670+0000: 1811.591: Total time for which application threads were stopped: 0.0003606 seconds, Stopping threads took: 0.0000809 seconds
2022-12-19T06:14:12.671+0000: 1817.593: Total time for which application threads were stopped: 0.0003638 seconds, Stopping threads took: 0.0000876 seconds
2022-12-19T06:14:16.672+0000: 1821.594: Total time for which application threads were stopped: 0.0003647 seconds, Stopping threads took: 0.0000865 seconds
2022-12-19T06:14:25.673+0000: 1830.595: Total time for which application threads were stopped: 0.0003626 seconds, Stopping threads took: 0.0000877 seconds
2022-12-19T06:14:31.675+0000: 1836.596: Total time for which application threads were stopped: 0.0003964 seconds, Stopping threads took: 0.0000868 seconds
2022-12-19T06:14:34.675+0000: 1839.597: Total time for which application threads were stopped: 0.0003552 seconds, Stopping threads took: 0.0000854 seconds
2022-12-19T06:14:43.677+0000: 1848.599: Total time for which application threads were stopped: 0.0003652 seconds, Stopping threads took: 0.0000883 seconds
2022-12-19T06:16:00.688+0000: 1925.610: Total time for which application threads were stopped: 0.0012493 seconds, Stopping threads took: 0.0004222 seconds
2022-12-19T06:16:22.692+0000: 1947.614: Total time for which application threads were stopped: 0.0003695 seconds, Stopping threads took: 0.0000914 seconds
2022-12-19T06:16:32.693+0000: 1957.615: Total time for which application threads were stopped: 0.0003771 seconds, Stopping threads took: 0.0000918 seconds
2022-12-19T06:16:42.695+0000: 1967.617: Total time for which application threads were stopped: 0.0003685 seconds, Stopping threads took: 0.0000891 seconds
2022-12-19T06:17:00.698+0000: 1985.620: Total time for which application threads were stopped: 0.0003697 seconds, Stopping threads took: 0.0000923 seconds
2022-12-19T06:17:15.700+0000: 2000.622: Total time for which application threads were stopped: 0.0003688 seconds, Stopping threads took: 0.0000898 seconds
2022-12-19T06:17:16.701+0000: 2001.623: Total time for which application threads were stopped: 0.0003026 seconds, Stopping threads took: 0.0000724 seconds
2022-12-19T06:17:18.702+0000: 2003.623: Total time for which application threads were stopped: 0.0003163 seconds, Stopping threads took: 0.0000783 seconds
2022-12-19T06:17:42.705+0000: 2027.627: Total time for which application threads were stopped: 0.0003668 seconds, Stopping threads took: 0.0000947 seconds
2022-12-19T06:18:03.708+0000: 2048.630: Total time for which application threads were stopped: 0.0004102 seconds, Stopping threads took: 0.0000946 seconds
2022-12-19T06:18:20.711+0000: 2065.633: Total time for which application threads were stopped: 0.0003767 seconds, Stopping threads took: 0.0000926 seconds
2022-12-19T06:18:32.713+0000: 2077.635: Total time for which application threads were stopped: 0.0003718 seconds, Stopping threads took: 0.0000944 seconds
2022-12-19T06:19:04.718+0000: 2109.640: Total time for which application threads were stopped: 0.0003853 seconds, Stopping threads took: 0.0000941 seconds
2022-12-19T06:19:06.719+0000: 2111.641: Total time for which application threads were stopped: 0.0004566 seconds, Stopping threads took: 0.0000892 seconds
2022-12-19T06:19:11.720+0000: 2116.642: Total time for which application threads were stopped: 0.0003600 seconds, Stopping threads took: 0.0000878 seconds
2022-12-19T06:19:31.723+0000: 2136.645: Total time for which application threads were stopped: 0.0004022 seconds, Stopping threads took: 0.0000954 seconds
2022-12-19T06:19:32.723+0000: 2137.645: Total time for which application threads were stopped: 0.0003332 seconds, Stopping threads took: 0.0000816 seconds
2022-12-19T06:19:41.725+0000: 2146.647: Total time for which application threads were stopped: 0.0003627 seconds, Stopping threads took: 0.0000897 seconds
2022-12-19T06:19:44.726+0000: 2149.647: Total time for which application threads were stopped: 0.0003783 seconds, Stopping threads took: 0.0000962 seconds
2022-12-19T06:19:48.727+0000: 2153.648: Total time for which application threads were stopped: 0.0003586 seconds, Stopping threads took: 0.0000902 seconds
2022-12-19T06:19:50.727+0000: 2155.649: Total time for which application threads were stopped: 0.0003238 seconds, Stopping threads took: 0.0000775 seconds
2022-12-19T06:20:07.730+0000: 2172.652: Total time for which application threads were stopped: 0.0003616 seconds, Stopping threads took: 0.0000898 seconds
2022-12-19T06:20:12.731+0000: 2177.653: Total time for which application threads were stopped: 0.0003685 seconds, Stopping threads took: 0.0000893 seconds
2022-12-19T06:20:17.732+0000: 2182.654: Total time for which application threads were stopped: 0.0003814 seconds, Stopping threads took: 0.0000894 seconds
2022-12-19T06:20:22.733+0000: 2187.655: Total time for which application threads were stopped: 0.0003639 seconds, Stopping threads took: 0.0000942 seconds
2022-12-19T06:20:53.738+0000: 2218.660: Total time for which application threads were stopped: 0.0003618 seconds, Stopping threads took: 0.0000901 seconds
2022-12-19T06:20:59.739+0000: 2224.661: Total time for which application threads were stopped: 0.0003799 seconds, Stopping threads took: 0.0001006 seconds
2022-12-19T06:21:30.744+0000: 2255.665: Total time for which application threads were stopped: 0.0003575 seconds, Stopping threads took: 0.0000853 seconds
2022-12-19T06:21:42.746+0000: 2267.668: Total time for which application threads were stopped: 0.0003789 seconds, Stopping threads took: 0.0000973 seconds
2022-12-19T06:21:59.749+0000: 2284.671: Total time for which application threads were stopped: 0.0009310 seconds, Stopping threads took: 0.0002330 seconds
2022-12-19T06:22:32.755+0000: 2317.676: Total time for which application threads were stopped: 0.0006972 seconds, Stopping threads took: 0.0003042 seconds
2022-12-19T06:22:59.759+0000: 2344.681: Total time for which application threads were stopped: 0.0003748 seconds, Stopping threads took: 0.0000880 seconds
2022-12-19T06:23:22.763+0000: 2367.684: Total time for which application threads were stopped: 0.0003592 seconds, Stopping threads took: 0.0000863 seconds
2022-12-19T06:23:33.765+0000: 2378.686: Total time for which application threads were stopped: 0.0004724 seconds, Stopping threads took: 0.0000906 seconds
2022-12-19T06:23:59.769+0000: 2404.690: Total time for which application threads were stopped: 0.0003656 seconds, Stopping threads took: 0.0000836 seconds
2022-12-19T06:24:12.771+0000: 2417.693: Total time for which application threads were stopped: 0.0003629 seconds, Stopping threads took: 0.0000864 seconds
2022-12-19T06:24:16.772+0000: 2421.694: Total time for which application threads were stopped: 0.0003808 seconds, Stopping threads took: 0.0001011 seconds
2022-12-19T06:24:31.774+0000: 2436.696: Total time for which application threads were stopped: 0.0003785 seconds, Stopping threads took: 0.0000848 seconds
2022-12-19T06:24:32.775+0000: 2437.696: Total time for which application threads were stopped: 0.0003499 seconds, Stopping threads took: 0.0000811 seconds
2022-12-19T06:25:01.779+0000: 2466.701: Total time for which application threads were stopped: 0.0003709 seconds, Stopping threads took: 0.0000877 seconds
2022-12-19T06:25:06.781+0000: 2471.702: Total time for which application threads were stopped: 0.0003671 seconds, Stopping threads took: 0.0000902 seconds
2022-12-19T06:25:15.782+0000: 2480.704: Total time for which application threads were stopped: 0.0003577 seconds, Stopping threads took: 0.0000848 seconds
2022-12-19T06:26:12.791+0000: 2537.712: Total time for which application threads were stopped: 0.0003714 seconds, Stopping threads took: 0.0000906 seconds
2022-12-19T06:26:14.791+0000: 2539.713: Total time for which application threads were stopped: 0.0003474 seconds, Stopping threads took: 0.0000833 seconds
2022-12-19T06:26:22.793+0000: 2547.714: Total time for which application threads were stopped: 0.0003493 seconds, Stopping threads took: 0.0000806 seconds
2022-12-19T06:26:32.794+0000: 2557.716: Total time for which application threads were stopped: 0.0003673 seconds, Stopping threads took: 0.0000933 seconds
2022-12-19T06:26:51.798+0000: 2576.719: Total time for which application threads were stopped: 0.0003666 seconds, Stopping threads took: 0.0000880 seconds
2022-12-19T06:26:59.799+0000: 2584.721: Total time for which application threads were stopped: 0.0003692 seconds, Stopping threads took: 0.0000880 seconds
2022-12-19T06:27:59.807+0000: 2644.729: Total time for which application threads were stopped: 0.0003770 seconds, Stopping threads took: 0.0000908 seconds
2022-12-19T06:28:02.808+0000: 2647.730: Total time for which application threads were stopped: 0.0003725 seconds, Stopping threads took: 0.0000818 seconds
2022-12-19T06:28:23.811+0000: 2668.733: Total time for which application threads were stopped: 0.0003675 seconds, Stopping threads took: 0.0000843 seconds
2022-12-19T06:28:43.815+0000: 2688.736: Total time for which application threads were stopped: 0.0003985 seconds, Stopping threads took: 0.0000904 seconds
2022-12-19T06:28:45.815+0000: 2690.737: Total time for which application threads were stopped: 0.0003311 seconds, Stopping threads took: 0.0000796 seconds
{Heap before GC invocations=7 (full 2):
 par new generation   total 184320K, used 166242K [0x00000000e0000000, 0x00000000ec800000, 0x00000000ec800000)
  eden space 163840K, 100% used [0x00000000e0000000, 0x00000000ea000000, 0x00000000ea000000)
  from space 20480K,  11% used [0x00000000eb400000, 0x00000000eb658a40, 0x00000000ec800000)
  to   space 20480K,   0% used [0x00000000ea000000, 0x00000000ea000000, 0x00000000eb400000)
 concurrent mark-sweep generation total 319488K, used 41870K [0x00000000ec800000, 0x0000000100000000, 0x0000000100000000)
 Metaspace       used 49986K, capacity 52520K, committed 52772K, reserved 1095680K
  class space    used 6708K, capacity 7262K, committed 7288K, reserved 1048576K
2022-12-19T06:28:55.273+0000: 2700.195: [GC (Allocation Failure) 2022-12-19T06:28:55.274+0000: 2700.195: [ParNew
Desired survivor size 10485760 bytes, new threshold 1 (max 1)
- age   1:     167576 bytes,     167576 total
: 166242K->584K(184320K), 0.0203863 secs] 208113K->42469K(503808K), 0.0206250 secs] [Times: user=0.38 sys=0.01, real=0.02 secs] 
Heap after GC invocations=8 (full 2):
 par new generation   total 184320K, used 584K [0x00000000e0000000, 0x00000000ec800000, 0x00000000ec800000)
  eden space 163840K,   0% used [0x00000000e0000000, 0x00000000e0000000, 0x00000000ea000000)
  from space 20480K,   2% used [0x00000000ea000000, 0x00000000ea092248, 0x00000000eb400000)
  to   space 20480K,   0% used [0x00000000eb400000, 0x00000000eb400000, 0x00000000ec800000)
 concurrent mark-sweep generation total 319488K, used 41884K [0x00000000ec800000, 0x0000000100000000, 0x0000000100000000)
 Metaspace       used 49986K, capacity 52520K, committed 52772K, reserved 1095680K
  class space    used 6708K, capacity 7262K, committed 7288K, reserved 1048576K
}
2022-12-19T06:28:55.294+0000: 2700.216: Total time for which application threads were stopped: 0.0212121 seconds, Stopping threads took: 0.0000913 seconds
2022-12-19T06:28:56.295+0000: 2701.216: Total time for which application threads were stopped: 0.0003655 seconds, Stopping threads took: 0.0000796 seconds
2022-12-19T06:29:32.300+0000: 2737.222: Total time for which application threads were stopped: 0.0005391 seconds, Stopping threads took: 0.0000926 seconds
2022-12-19T06:29:33.301+0000: 2738.223: Total time for which application threads were stopped: 0.0003389 seconds, Stopping threads took: 0.0000814 seconds
2022-12-19T06:30:13.308+0000: 2778.229: Total time for which application threads were stopped: 0.0012345 seconds, Stopping threads took: 0.0004029 seconds
2022-12-19T06:30:14.308+0000: 2779.230: Total time for which application threads were stopped: 0.0003610 seconds, Stopping threads took: 0.0000758 seconds
2022-12-19T06:31:43.321+0000: 2868.243: Total time for which application threads were stopped: 0.0009832 seconds, Stopping threads took: 0.0002520 seconds
2022-12-19T06:34:01.341+0000: 3006.262: Total time for which application threads were stopped: 0.0003621 seconds, Stopping threads took: 0.0000865 seconds
2022-12-19T06:34:32.345+0000: 3037.267: Total time for which application threads were stopped: 0.0003860 seconds, Stopping threads took: 0.0000852 seconds
2022-12-19T06:35:00.350+0000: 3065.271: Total time for which application threads were stopped: 0.0003695 seconds, Stopping threads took: 0.0000840 seconds
2022-12-19T06:35:22.353+0000: 3087.275: Total time for which application threads were stopped: 0.0003649 seconds, Stopping threads took: 0.0000861 seconds
2022-12-19T06:37:43.373+0000: 3228.295: Total time for which application threads were stopped: 0.0011506 seconds, Stopping threads took: 0.0004015 seconds
2022-12-19T06:38:33.380+0000: 3278.302: Total time for which application threads were stopped: 0.0004381 seconds, Stopping threads took: 0.0000925 seconds
2022-12-19T06:39:00.384+0000: 3305.306: Total time for which application threads were stopped: 0.0003973 seconds, Stopping threads took: 0.0000949 seconds
2022-12-19T06:39:32.389+0000: 3337.311: Total time for which application threads were stopped: 0.0003854 seconds, Stopping threads took: 0.0000877 seconds
2022-12-19T06:41:43.407+0000: 3468.329: Total time for which application threads were stopped: 0.0007450 seconds, Stopping threads took: 0.0002927 seconds
2022-12-19T06:42:04.411+0000: 3489.332: Total time for which application threads were stopped: 0.0003557 seconds, Stopping threads took: 0.0000887 seconds
{Heap before GC invocations=8 (full 2):
 par new generation   total 184320K, used 164424K [0x00000000e0000000, 0x00000000ec800000, 0x00000000ec800000)
  eden space 163840K, 100% used [0x00000000e0000000, 0x00000000ea000000, 0x00000000ea000000)
  from space 20480K,   2% used [0x00000000ea000000, 0x00000000ea092248, 0x00000000eb400000)
  to   space 20480K,   0% used [0x00000000eb400000, 0x00000000eb400000, 0x00000000ec800000)
 concurrent mark-sweep generation total 319488K, used 41884K [0x00000000ec800000, 0x0000000100000000, 0x0000000100000000)
 Metaspace       used 50035K, capacity 52588K, committed 52772K, reserved 1095680K
  class space    used 6708K, capacity 7262K, committed 7288K, reserved 1048576K
2022-12-19T06:43:31.410+0000: 3576.332: [GC (Allocation Failure) 2022-12-19T06:43:31.410+0000: 3576.332: [ParNew
Desired survivor size 10485760 bytes, new threshold 1 (max 1)
- age   1:     166416 bytes,     166416 total
: 164424K->255K(184320K), 0.0113919 secs] 206309K->42146K(503808K), 0.0116561 secs] [Times: user=0.17 sys=0.02, real=0.01 secs] 
Heap after GC invocations=9 (full 2):
 par new generation   total 184320K, used 255K [0x00000000e0000000, 0x00000000ec800000, 0x00000000ec800000)
  eden space 163840K,   0% used [0x00000000e0000000, 0x00000000e0000000, 0x00000000ea000000)
  from space 20480K,   1% used [0x00000000eb400000, 0x00000000eb43fea8, 0x00000000ec800000)
  to   space 20480K,   0% used [0x00000000ea000000, 0x00000000ea000000, 0x00000000eb400000)
 concurrent mark-sweep generation total 319488K, used 41890K [0x00000000ec800000, 0x0000000100000000, 0x0000000100000000)
 Metaspace       used 50035K, capacity 52588K, committed 52772K, reserved 1095680K
  class space    used 6708K, capacity 7262K, committed 7288K, reserved 1048576K
}
2022-12-19T06:43:31.422+0000: 3576.344: Total time for which application threads were stopped: 0.0123057 seconds, Stopping threads took: 0.0000851 seconds
2022-12-19T06:43:32.422+0000: 3577.344: Total time for which application threads were stopped: 0.0003274 seconds, Stopping threads took: 0.0000722 seconds
2022-12-19T06:43:59.427+0000: 3604.348: Total time for which application threads were stopped: 0.0004905 seconds, Stopping threads took: 0.0000910 seconds
2022-12-19T06:44:00.427+0000: 3605.349: Total time for which application threads were stopped: 0.0005490 seconds, Stopping threads took: 0.0000887 seconds
2022-12-19T06:44:01.428+0000: 3606.350: Total time for which application threads were stopped: 0.0004676 seconds, Stopping threads took: 0.0000897 seconds
2022-12-19T06:44:07.429+0000: 3612.351: Total time for which application threads were stopped: 0.0003940 seconds, Stopping threads took: 0.0000876 seconds
2022-12-19T06:44:32.433+0000: 3637.355: Total time for which application threads were stopped: 0.0004078 seconds, Stopping threads took: 0.0000855 seconds
2022-12-19T06:45:00.438+0000: 3665.360: Total time for which application threads were stopped: 0.0013283 seconds, Stopping threads took: 0.0004602 seconds
2022-12-19T06:45:02.439+0000: 3667.361: Total time for which application threads were stopped: 0.0003563 seconds, Stopping threads took: 0.0000820 seconds
2022-12-19T06:45:53.447+0000: 3718.368: Total time for which application threads were stopped: 0.0003639 seconds, Stopping threads took: 0.0000875 seconds
2022-12-19T06:45:57.448+0000: 3722.369: Total time for which application threads were stopped: 0.0003440 seconds, Stopping threads took: 0.0000882 seconds
2022-12-19T06:46:43.454+0000: 3768.376: Total time for which application threads were stopped: 0.0003850 seconds, Stopping threads took: 0.0000854 seconds
2022-12-19T06:47:00.457+0000: 3785.379: Total time for which application threads were stopped: 0.0003774 seconds, Stopping threads took: 0.0000839 seconds
2022-12-19T06:47:43.463+0000: 3828.385: Total time for which application threads were stopped: 0.0003673 seconds, Stopping threads took: 0.0000868 seconds
2022-12-19T06:48:12.468+0000: 3857.389: Total time for which application threads were stopped: 0.0003553 seconds, Stopping threads took: 0.0000828 seconds
2022-12-19T06:49:23.478+0000: 3928.400: Total time for which application threads were stopped: 0.0003674 seconds, Stopping threads took: 0.0000938 seconds
2022-12-19T06:49:32.480+0000: 3937.401: Total time for which application threads were stopped: 0.0003695 seconds, Stopping threads took: 0.0000884 seconds
2022-12-19T06:51:43.498+0000: 4068.420: Total time for which application threads were stopped: 0.0003577 seconds, Stopping threads took: 0.0000847 seconds
2022-12-19T06:52:00.500+0000: 4085.422: Total time for which application threads were stopped: 0.0003874 seconds, Stopping threads took: 0.0000855 seconds
2022-12-19T06:53:02.509+0000: 4147.431: Total time for which application threads were stopped: 0.0003614 seconds, Stopping threads took: 0.0000880 seconds
2022-12-19T06:53:07.510+0000: 4152.432: Total time for which application threads were stopped: 0.0003561 seconds, Stopping threads took: 0.0000842 seconds
2022-12-19T06:53:19.512+0000: 4164.434: Total time for which application threads were stopped: 0.0003802 seconds, Stopping threads took: 0.0000871 seconds
2022-12-19T06:53:23.513+0000: 4168.435: Total time for which application threads were stopped: 0.0003352 seconds, Stopping threads took: 0.0000792 seconds
2022-12-19T06:54:00.519+0000: 4205.440: Total time for which application threads were stopped: 0.0003838 seconds, Stopping threads took: 0.0000858 seconds
2022-12-19T06:54:03.519+0000: 4208.441: Total time for which application threads were stopped: 0.0003239 seconds, Stopping threads took: 0.0000760 seconds
2022-12-19T06:54:28.523+0000: 4233.444: Total time for which application threads were stopped: 0.0003655 seconds, Stopping threads took: 0.0000868 seconds
2022-12-19T06:54:32.524+0000: 4237.445: Total time for which application threads were stopped: 0.0004909 seconds, Stopping threads took: 0.0000877 seconds
{Heap before GC invocations=9 (full 2):
 par new generation   total 184320K, used 164095K [0x00000000e0000000, 0x00000000ec800000, 0x00000000ec800000)
  eden space 163840K, 100% used [0x00000000e0000000, 0x00000000ea000000, 0x00000000ea000000)
  from space 20480K,   1% used [0x00000000eb400000, 0x00000000eb43fea8, 0x00000000ec800000)
  to   space 20480K,   0% used [0x00000000ea000000, 0x00000000ea000000, 0x00000000eb400000)
 concurrent mark-sweep generation total 319488K, used 41890K [0x00000000ec800000, 0x0000000100000000, 0x0000000100000000)
 Metaspace       used 50168K, capacity 52718K, committed 52772K, reserved 1095680K
  class space    used 6716K, capacity 7263K, committed 7288K, reserved 1048576K
2022-12-19T06:55:52.435+0000: 4317.356: [GC (Allocation Failure) 2022-12-19T06:55:52.435+0000: 4317.357: [ParNew
Desired survivor size 10485760 bytes, new threshold 1 (max 1)
- age   1:   20351240 bytes,   20351240 total
: 164095K->19977K(184320K), 0.0206859 secs] 205986K->63043K(503808K), 0.0209487 secs] [Times: user=0.26 sys=0.11, real=0.02 secs] 
Heap after GC invocations=10 (full 2):
 par new generation   total 184320K, used 19977K [0x00000000e0000000, 0x00000000ec800000, 0x00000000ec800000)
  eden space 163840K,   0% used [0x00000000e0000000, 0x00000000e0000000, 0x00000000ea000000)
  from space 20480K,  97% used [0x00000000ea000000, 0x00000000eb382638, 0x00000000eb400000)
  to   space 20480K,   0% used [0x00000000eb400000, 0x00000000eb400000, 0x00000000ec800000)
 concurrent mark-sweep generation total 319488K, used 43066K [0x00000000ec800000, 0x0000000100000000, 0x0000000100000000)
 Metaspace       used 50168K, capacity 52718K, committed 52772K, reserved 1095680K
  class space    used 6716K, capacity 7263K, committed 7288K, reserved 1048576K
}
2022-12-19T06:55:52.456+0000: 4317.377: Total time for which application threads were stopped: 0.0224969 seconds, Stopping threads took: 0.0004620 seconds
2022-12-19T06:55:53.456+0000: 4318.378: Total time for which application threads were stopped: 0.0004081 seconds, Stopping threads took: 0.0000851 seconds
2022-12-19T06:59:32.485+0000: 4537.407: Total time for which application threads were stopped: 0.0007941 seconds, Stopping threads took: 0.0001721 seconds
2022-12-19T07:01:26.501+0000: 4651.423: Total time for which application threads were stopped: 0.0007397 seconds, Stopping threads took: 0.0003010 seconds
2022-12-19T07:02:52.513+0000: 4737.435: Total time for which application threads were stopped: 0.0003508 seconds, Stopping threads took: 0.0000828 seconds
2022-12-19T07:03:00.515+0000: 4745.437: Total time for which application threads were stopped: 0.0003578 seconds, Stopping threads took: 0.0000835 seconds
2022-12-19T07:04:32.527+0000: 4837.449: Total time for which application threads were stopped: 0.0003917 seconds, Stopping threads took: 0.0000920 seconds
2022-12-19T07:04:52.530+0000: 4857.452: Total time for which application threads were stopped: 0.0003610 seconds, Stopping threads took: 0.0000880 seconds
2022-12-19T07:09:32.567+0000: 5137.488: Total time for which application threads were stopped: 0.0003521 seconds, Stopping threads took: 0.0000828 seconds
2022-12-19T07:09:53.569+0000: 5158.491: Total time for which application threads were stopped: 0.0003654 seconds, Stopping threads took: 0.0000843 seconds
{Heap before GC invocations=10 (full 2):
 par new generation   total 184320K, used 183817K [0x00000000e0000000, 0x00000000ec800000, 0x00000000ec800000)
  eden space 163840K, 100% used [0x00000000e0000000, 0x00000000ea000000, 0x00000000ea000000)
  from space 20480K,  97% used [0x00000000ea000000, 0x00000000eb382638, 0x00000000eb400000)
  to   space 20480K,   0% used [0x00000000eb400000, 0x00000000eb400000, 0x00000000ec800000)
 concurrent mark-sweep generation total 319488K, used 43066K [0x00000000ec800000, 0x0000000100000000, 0x0000000100000000)
 Metaspace       used 50213K, capacity 52718K, committed 52772K, reserved 1095680K
  class space    used 6716K, capacity 7263K, committed 7288K, reserved 1048576K
2022-12-19T07:10:13.057+0000: 5177.979: [GC (Allocation Failure) 2022-12-19T07:10:13.058+0000: 5177.979: [ParNew
Desired survivor size 10485760 bytes, new threshold 1 (max 1)
- age   1:     168200 bytes,     168200 total
: 183817K->343K(184320K), 0.0177510 secs] 226883K->45694K(503808K), 0.0179980 secs] [Times: user=0.28 sys=0.05, real=0.02 secs] 
Heap after GC invocations=11 (full 2):
 par new generation   total 184320K, used 343K [0x00000000e0000000, 0x00000000ec800000, 0x00000000ec800000)
  eden space 163840K,   0% used [0x00000000e0000000, 0x00000000e0000000, 0x00000000ea000000)
  from space 20480K,   1% used [0x00000000eb400000, 0x00000000eb455fb0, 0x00000000ec800000)
  to   space 20480K,   0% used [0x00000000ea000000, 0x00000000ea000000, 0x00000000eb400000)
 concurrent mark-sweep generation total 319488K, used 45350K [0x00000000ec800000, 0x0000000100000000, 0x0000000100000000)
 Metaspace       used 50213K, capacity 52718K, committed 52772K, reserved 1095680K
  class space    used 6716K, capacity 7263K, committed 7288K, reserved 1048576K
}
2022-12-19T07:10:13.076+0000: 5177.997: Total time for which application threads were stopped: 0.0192556 seconds, Stopping threads took: 0.0002605 seconds
2022-12-19T07:10:14.081+0000: 5179.002: Total time for which application threads were stopped: 0.0047418 seconds, Stopping threads took: 0.0000822 seconds
2022-12-19T07:12:05.095+0000: 5290.017: Total time for which application threads were stopped: 0.0004386 seconds, Stopping threads took: 0.0001127 seconds
2022-12-19T07:12:48.101+0000: 5333.023: Total time for which application threads were stopped: 0.0003640 seconds, Stopping threads took: 0.0000893 seconds
2022-12-19T07:12:54.102+0000: 5339.024: Total time for which application threads were stopped: 0.0003666 seconds, Stopping threads took: 0.0000903 seconds
2022-12-19T07:12:55.103+0000: 5340.024: Total time for which application threads were stopped: 0.0003186 seconds, Stopping threads took: 0.0000745 seconds
2022-12-19T07:13:04.104+0000: 5349.026: Total time for which application threads were stopped: 0.0003426 seconds, Stopping threads took: 0.0000814 seconds
2022-12-19T07:13:13.105+0000: 5358.027: Total time for which application threads were stopped: 0.0003485 seconds, Stopping threads took: 0.0000840 seconds
2022-12-19T07:13:16.106+0000: 5361.028: Total time for which application threads were stopped: 0.0003592 seconds, Stopping threads took: 0.0000863 seconds
2022-12-19T07:13:32.109+0000: 5377.030: Total time for which application threads were stopped: 0.0003625 seconds, Stopping threads took: 0.0000887 seconds
2022-12-19T07:13:39.110+0000: 5384.032: Total time for which application threads were stopped: 0.0003556 seconds, Stopping threads took: 0.0000857 seconds
2022-12-19T07:13:41.111+0000: 5386.032: Total time for which application threads were stopped: 0.0003596 seconds, Stopping threads took: 0.0000859 seconds
2022-12-19T07:14:32.118+0000: 5437.039: Total time for which application threads were stopped: 0.0004430 seconds, Stopping threads took: 0.0000830 seconds
2022-12-19T07:14:48.120+0000: 5453.041: Total time for which application threads were stopped: 0.0003466 seconds, Stopping threads took: 0.0000827 seconds
2022-12-19T07:19:32.158+0000: 5737.080: Total time for which application threads were stopped: 0.0011998 seconds, Stopping threads took: 0.0003817 seconds
{Heap before GC invocations=11 (full 2):
 par new generation   total 184320K, used 164183K [0x00000000e0000000, 0x00000000ec800000, 0x00000000ec800000)
  eden space 163840K, 100% used [0x00000000e0000000, 0x00000000ea000000, 0x00000000ea000000)
  from space 20480K,   1% used [0x00000000eb400000, 0x00000000eb455fb0, 0x00000000ec800000)
  to   space 20480K,   0% used [0x00000000ea000000, 0x00000000ea000000, 0x00000000eb400000)
 concurrent mark-sweep generation total 319488K, used 45350K [0x00000000ec800000, 0x0000000100000000, 0x0000000100000000)
 Metaspace       used 50232K, capacity 52722K, committed 52772K, reserved 1095680K
  class space    used 6716K, capacity 7263K, committed 7288K, reserved 1048576K
2022-12-19T07:24:13.775+0000: 6018.696: [GC (Allocation Failure) 2022-12-19T07:24:13.775+0000: 6018.697: [ParNew
Desired survivor size 10485760 bytes, new threshold 1 (max 1)
- age   1:     169632 bytes,     169632 total
: 164183K->237K(184320K), 0.0127039 secs] 209534K->45590K(503808K), 0.0129360 secs] [Times: user=0.18 sys=0.03, real=0.01 secs] 
Heap after GC invocations=12 (full 2):
 par new generation   total 184320K, used 237K [0x00000000e0000000, 0x00000000ec800000, 0x00000000ec800000)
  eden space 163840K,   0% used [0x00000000e0000000, 0x00000000e0000000, 0x00000000ea000000)
  from space 20480K,   1% used [0x00000000ea000000, 0x00000000ea03b630, 0x00000000eb400000)
  to   space 20480K,   0% used [0x00000000eb400000, 0x00000000eb400000, 0x00000000ec800000)
 concurrent mark-sweep generation total 319488K, used 45353K [0x00000000ec800000, 0x0000000100000000, 0x0000000100000000)
 Metaspace       used 50232K, capacity 52722K, committed 52772K, reserved 1095680K
  class space    used 6716K, capacity 7263K, committed 7288K, reserved 1048576K
}
2022-12-19T07:24:13.788+0000: 6018.710: Total time for which application threads were stopped: 0.0139931 seconds, Stopping threads took: 0.0002028 seconds
2022-12-19T07:29:27.828+0000: 6332.750: Total time for which application threads were stopped: 0.0006815 seconds, Stopping threads took: 0.0002550 seconds
2022-12-19T07:29:31.829+0000: 6336.751: Total time for which application threads were stopped: 0.0003474 seconds, Stopping threads took: 0.0000855 seconds
2022-12-19T07:35:33.876+0000: 6698.798: Total time for which application threads were stopped: 0.0013447 seconds, Stopping threads took: 0.0004595 seconds
2022-12-19T07:36:43.887+0000: 6768.809: Total time for which application threads were stopped: 0.0013500 seconds, Stopping threads took: 0.0004748 seconds
2022-12-19T07:37:23.893+0000: 6808.814: Total time for which application threads were stopped: 0.0003967 seconds, Stopping threads took: 0.0000862 seconds
{Heap before GC invocations=12 (full 2):
 par new generation   total 184320K, used 164077K [0x00000000e0000000, 0x00000000ec800000, 0x00000000ec800000)
  eden space 163840K, 100% used [0x00000000e0000000, 0x00000000ea000000, 0x00000000ea000000)
  from space 20480K,   1% used [0x00000000ea000000, 0x00000000ea03b630, 0x00000000eb400000)
  to   space 20480K,   0% used [0x00000000eb400000, 0x00000000eb400000, 0x00000000ec800000)
 concurrent mark-sweep generation total 319488K, used 45353K [0x00000000ec800000, 0x0000000100000000, 0x0000000100000000)
 Metaspace       used 50241K, capacity 52722K, committed 52772K, reserved 1095680K
  class space    used 6717K, capacity 7263K, committed 7288K, reserved 1048576K
2022-12-19T07:38:08.191+0000: 6853.112: [GC (Allocation Failure) 2022-12-19T07:38:08.191+0000: 6853.113: [ParNew
Desired survivor size 10485760 bytes, new threshold 1 (max 1)
- age   1:     173744 bytes,     173744 total
: 164077K->237K(184320K), 0.0126350 secs] 209430K->45595K(503808K), 0.0128470 secs] [Times: user=0.20 sys=0.02, real=0.01 secs] 
Heap after GC invocations=13 (full 2):
 par new generation   total 184320K, used 237K [0x00000000e0000000, 0x00000000ec800000, 0x00000000ec800000)
  eden space 163840K,   0% used [0x00000000e0000000, 0x00000000e0000000, 0x00000000ea000000)
  from space 20480K,   1% used [0x00000000eb400000, 0x00000000eb43b5b0, 0x00000000ec800000)
  to   space 20480K,   0% used [0x00000000ea000000, 0x00000000ea000000, 0x00000000eb400000)
 concurrent mark-sweep generation total 319488K, used 45358K [0x00000000ec800000, 0x0000000100000000, 0x0000000100000000)
 Metaspace       used 50241K, capacity 52722K, committed 52772K, reserved 1095680K
  class space    used 6717K, capacity 7263K, committed 7288K, reserved 1048576K
}
2022-12-19T07:38:08.204+0000: 6853.125: Total time for which application threads were stopped: 0.0134263 seconds, Stopping threads took: 0.0000895 seconds
2022-12-19T07:38:09.204+0000: 6854.126: Total time for which application threads were stopped: 0.0003352 seconds, Stopping threads took: 0.0000740 seconds
2022-12-19T07:39:32.215+0000: 6937.136: Total time for which application threads were stopped: 0.0008963 seconds, Stopping threads took: 0.0002214 seconds
2022-12-19T07:43:00.243+0000: 7145.165: Total time for which application threads were stopped: 0.0003647 seconds, Stopping threads took: 0.0000847 seconds
2022-12-19T07:43:59.251+0000: 7204.173: Total time for which application threads were stopped: 0.0007620 seconds, Stopping threads took: 0.0002873 seconds
2022-12-19T07:44:00.252+0000: 7205.174: Total time for which application threads were stopped: 0.0004395 seconds, Stopping threads took: 0.0000831 seconds
2022-12-19T07:44:01.253+0000: 7206.174: Total time for which application threads were stopped: 0.0005243 seconds, Stopping threads took: 0.0001083 seconds
2022-12-19T07:44:02.253+0000: 7207.175: Total time for which application threads were stopped: 0.0003842 seconds, Stopping threads took: 0.0000770 seconds
2022-12-19T07:44:32.258+0000: 7237.179: Total time for which application threads were stopped: 0.0003927 seconds, Stopping threads took: 0.0000893 seconds
2022-12-19T07:45:00.261+0000: 7265.183: Total time for which application threads were stopped: 0.0003787 seconds, Stopping threads took: 0.0000831 seconds
2022-12-19T07:46:00.269+0000: 7325.191: Total time for which application threads were stopped: 0.0003543 seconds, Stopping threads took: 0.0000871 seconds
2022-12-19T07:49:32.299+0000: 7537.221: Total time for which application threads were stopped: 0.0013193 seconds, Stopping threads took: 0.0004396 seconds
2022-12-19T07:50:00.303+0000: 7565.225: Total time for which application threads were stopped: 0.0003566 seconds, Stopping threads took: 0.0000817 seconds
{Heap before GC invocations=13 (full 2):
 par new generation   total 184320K, used 164077K [0x00000000e0000000, 0x00000000ec800000, 0x00000000ec800000)
  eden space 163840K, 100% used [0x00000000e0000000, 0x00000000ea000000, 0x00000000ea000000)
  from space 20480K,   1% used [0x00000000eb400000, 0x00000000eb43b5b0, 0x00000000ec800000)
  to   space 20480K,   0% used [0x00000000ea000000, 0x00000000ea000000, 0x00000000eb400000)
 concurrent mark-sweep generation total 319488K, used 45358K [0x00000000ec800000, 0x0000000100000000, 0x0000000100000000)
 Metaspace       used 50284K, capacity 52792K, committed 53028K, reserved 1095680K
  class space    used 6719K, capacity 7264K, committed 7288K, reserved 1048576K
2022-12-19T07:50:53.694+0000: 7618.616: [GC (Allocation Failure) 2022-12-19T07:50:53.694+0000: 7618.616: [ParNew
Desired survivor size 10485760 bytes, new threshold 1 (max 1)
- age   1:   20441488 bytes,   20441488 total
: 164077K->20029K(184320K), 0.0156661 secs] 209435K->66417K(503808K), 0.0158990 secs] [Times: user=0.22 sys=0.05, real=0.02 secs] 
Heap after GC invocations=14 (full 2):
 par new generation   total 184320K, used 20029K [0x00000000e0000000, 0x00000000ec800000, 0x00000000ec800000)
  eden space 163840K,   0% used [0x00000000e0000000, 0x00000000e0000000, 0x00000000ea000000)
  from space 20480K,  97% used [0x00000000ea000000, 0x00000000eb38f758, 0x00000000eb400000)
  to   space 20480K,   0% used [0x00000000eb400000, 0x00000000eb400000, 0x00000000ec800000)
 concurrent mark-sweep generation total 319488K, used 46387K [0x00000000ec800000, 0x0000000100000000, 0x0000000100000000)
 Metaspace       used 50284K, capacity 52792K, committed 53028K, reserved 1095680K
  class space    used 6719K, capacity 7264K, committed 7288K, reserved 1048576K
}
2022-12-19T07:50:53.710+0000: 7618.632: Total time for which application threads were stopped: 0.0164888 seconds, Stopping threads took: 0.0000921 seconds
2022-12-19T07:53:00.727+0000: 7745.649: Total time for which application threads were stopped: 0.0004850 seconds, Stopping threads took: 0.0000899 seconds
2022-12-19T07:54:00.736+0000: 7805.658: Total time for which application threads were stopped: 0.0003825 seconds, Stopping threads took: 0.0001122 seconds
2022-12-19T07:54:32.742+0000: 7837.663: Total time for which application threads were stopped: 0.0009695 seconds, Stopping threads took: 0.0002495 seconds
2022-12-19T07:56:59.762+0000: 7984.683: Total time for which application threads were stopped: 0.0006309 seconds, Stopping threads took: 0.0002386 seconds
2022-12-19T08:01:42.799+0000: 8267.721: Total time for which application threads were stopped: 0.0009015 seconds, Stopping threads took: 0.0002306 seconds
2022-12-19T08:01:59.801+0000: 8284.723: Total time for which application threads were stopped: 0.0003678 seconds, Stopping threads took: 0.0001002 seconds
{Heap before GC invocations=14 (full 2):
 par new generation   total 184320K, used 183869K [0x00000000e0000000, 0x00000000ec800000, 0x00000000ec800000)
  eden space 163840K, 100% used [0x00000000e0000000, 0x00000000ea000000, 0x00000000ea000000)
  from space 20480K,  97% used [0x00000000ea000000, 0x00000000eb38f758, 0x00000000eb400000)
  to   space 20480K,   0% used [0x00000000eb400000, 0x00000000eb400000, 0x00000000ec800000)
 concurrent mark-sweep generation total 319488K, used 46387K [0x00000000ec800000, 0x0000000100000000, 0x0000000100000000)
 Metaspace       used 50302K, capacity 52792K, committed 53028K, reserved 1095680K
  class space    used 6719K, capacity 7264K, committed 7288K, reserved 1048576K
2022-12-19T08:04:59.261+0000: 8464.183: [GC (Allocation Failure) 2022-12-19T08:04:59.261+0000: 8464.183: [ParNew
Desired survivor size 10485760 bytes, new threshold 1 (max 1)
- age   1:     176008 bytes,     176008 total
: 183869K->431K(184320K), 0.0147659 secs] 230257K->49193K(503808K), 0.0150282 secs] [Times: user=0.18 sys=0.06, real=0.01 secs] 
Heap after GC invocations=15 (full 2):
 par new generation   total 184320K, used 431K [0x00000000e0000000, 0x00000000ec800000, 0x00000000ec800000)
  eden space 163840K,   0% used [0x00000000e0000000, 0x00000000e0000000, 0x00000000ea000000)
  from space 20480K,   2% used [0x00000000eb400000, 0x00000000eb46bee0, 0x00000000ec800000)
  to   space 20480K,   0% used [0x00000000ea000000, 0x00000000ea000000, 0x00000000eb400000)
 concurrent mark-sweep generation total 319488K, used 48761K [0x00000000ec800000, 0x0000000100000000, 0x0000000100000000)
 Metaspace       used 50302K, capacity 52792K, committed 53028K, reserved 1095680K
  class space    used 6719K, capacity 7264K, committed 7288K, reserved 1048576K
}
2022-12-19T08:04:59.276+0000: 8464.198: Total time for which application threads were stopped: 0.0156565 seconds, Stopping threads took: 0.0000862 seconds
2022-12-19T08:07:00.293+0000: 8585.214: Total time for which application threads were stopped: 0.0006958 seconds, Stopping threads took: 0.0002664 seconds
2022-12-19T08:09:32.314+0000: 8737.236: Total time for which application threads were stopped: 0.0003661 seconds, Stopping threads took: 0.0000857 seconds
2022-12-19T08:13:04.343+0000: 8949.264: Total time for which application threads were stopped: 0.0012554 seconds, Stopping threads took: 0.0003998 seconds
2022-12-19T08:14:04.351+0000: 9009.273: Total time for which application threads were stopped: 0.0003609 seconds, Stopping threads took: 0.0000843 seconds
{Heap before GC invocations=15 (full 2):
 par new generation   total 184320K, used 164271K [0x00000000e0000000, 0x00000000ec800000, 0x00000000ec800000)
  eden space 163840K, 100% used [0x00000000e0000000, 0x00000000ea000000, 0x00000000ea000000)
  from space 20480K,   2% used [0x00000000eb400000, 0x00000000eb46bee0, 0x00000000ec800000)
  to   space 20480K,   0% used [0x00000000ea000000, 0x00000000ea000000, 0x00000000eb400000)
 concurrent mark-sweep generation total 319488K, used 48761K [0x00000000ec800000, 0x0000000100000000, 0x0000000100000000)
 Metaspace       used 50303K, capacity 52792K, committed 53028K, reserved 1095680K
  class space    used 6719K, capacity 7264K, committed 7288K, reserved 1048576K
2022-12-19T08:19:28.839+0000: 9333.760: [GC (Allocation Failure) 2022-12-19T08:19:28.839+0000: 9333.760: [ParNew
Desired survivor size 10485760 bytes, new threshold 1 (max 1)
- age   1:     167184 bytes,     167184 total
: 164271K->230K(184320K), 0.0131152 secs] 213033K->49001K(503808K), 0.0133147 secs] [Times: user=0.17 sys=0.05, real=0.02 secs] 
Heap after GC invocations=16 (full 2):
 par new generation   total 184320K, used 230K [0x00000000e0000000, 0x00000000ec800000, 0x00000000ec800000)
  eden space 163840K,   0% used [0x00000000e0000000, 0x00000000e0000000, 0x00000000ea000000)
  from space 20480K,   1% used [0x00000000ea000000, 0x00000000ea039be8, 0x00000000eb400000)
  to   space 20480K,   0% used [0x00000000eb400000, 0x00000000eb400000, 0x00000000ec800000)
 concurrent mark-sweep generation total 319488K, used 48770K [0x00000000ec800000, 0x0000000100000000, 0x0000000100000000)
 Metaspace       used 50303K, capacity 52792K, committed 53028K, reserved 1095680K
  class space    used 6719K, capacity 7264K, committed 7288K, reserved 1048576K
}
2022-12-19T08:19:28.852+0000: 9333.774: Total time for which application threads were stopped: 0.0144537 seconds, Stopping threads took: 0.0002348 seconds
2022-12-19T08:19:32.853+0000: 9337.775: Total time for which application threads were stopped: 0.0003530 seconds, Stopping threads took: 0.0000841 seconds
2022-12-19T08:19:54.856+0000: 9359.778: Total time for which application threads were stopped: 0.0004063 seconds, Stopping threads took: 0.0000878 seconds
2022-12-19T08:22:24.877+0000: 9509.798: Total time for which application threads were stopped: 0.0008312 seconds, Stopping threads took: 0.0003591 seconds
2022-12-19T08:22:44.880+0000: 9529.801: Total time for which application threads were stopped: 0.0003620 seconds, Stopping threads took: 0.0000871 seconds
2022-12-19T08:23:34.887+0000: 9579.808: Total time for which application threads were stopped: 0.0003637 seconds, Stopping threads took: 0.0000852 seconds
2022-12-19T08:25:18.902+0000: 9683.823: Total time for which application threads were stopped: 0.0003711 seconds, Stopping threads took: 0.0000861 seconds
2022-12-19T08:28:59.932+0000: 9904.854: Total time for which application threads were stopped: 0.0011969 seconds, Stopping threads took: 0.0003857 seconds
2022-12-19T08:29:32.937+0000: 9937.859: Total time for which application threads were stopped: 0.0003768 seconds, Stopping threads took: 0.0000868 seconds
2022-12-19T08:29:59.942+0000: 9964.863: Total time for which application threads were stopped: 0.0003646 seconds, Stopping threads took: 0.0000851 seconds
2022-12-19T08:32:59.967+0000: 10144.889: Total time for which application threads were stopped: 0.0003667 seconds, Stopping threads took: 0.0000856 seconds
{Heap before GC invocations=16 (full 2):
 par new generation   total 184320K, used 164070K [0x00000000e0000000, 0x00000000ec800000, 0x00000000ec800000)
  eden space 163840K, 100% used [0x00000000e0000000, 0x00000000ea000000, 0x00000000ea000000)
  from space 20480K,   1% used [0x00000000ea000000, 0x00000000ea039be8, 0x00000000eb400000)
  to   space 20480K,   0% used [0x00000000eb400000, 0x00000000eb400000, 0x00000000ec800000)
 concurrent mark-sweep generation total 319488K, used 48770K [0x00000000ec800000, 0x0000000100000000, 0x0000000100000000)
 Metaspace       used 50304K, capacity 52792K, committed 53028K, reserved 1095680K
  class space    used 6719K, capacity 7264K, committed 7288K, reserved 1048576K
2022-12-19T08:33:34.037+0000: 10178.959: [GC (Allocation Failure) 2022-12-19T08:33:34.037+0000: 10178.959: [ParNew
Desired survivor size 10485760 bytes, new threshold 1 (max 1)
- age   1:     170392 bytes,     170392 total
: 164070K->237K(184320K), 0.0123596 secs] 212841K->49009K(503808K), 0.0125820 secs] [Times: user=0.16 sys=0.03, real=0.02 secs] 
Heap after GC invocations=17 (full 2):
 par new generation   total 184320K, used 237K [0x00000000e0000000, 0x00000000ec800000, 0x00000000ec800000)
  eden space 163840K,   0% used [0x00000000e0000000, 0x00000000e0000000, 0x00000000ea000000)
  from space 20480K,   1% used [0x00000000eb400000, 0x00000000eb43b790, 0x00000000ec800000)
  to   space 20480K,   0% used [0x00000000ea000000, 0x00000000ea000000, 0x00000000eb400000)
 concurrent mark-sweep generation total 319488K, used 48771K [0x00000000ec800000, 0x0000000100000000, 0x0000000100000000)
 Metaspace       used 50304K, capacity 52792K, committed 53028K, reserved 1095680K
  class space    used 6719K, capacity 7264K, committed 7288K, reserved 1048576K
}
2022-12-19T08:33:34.050+0000: 10178.972: Total time for which application threads were stopped: 0.0131556 seconds, Stopping threads took: 0.0000838 seconds
2022-12-19T08:34:00.054+0000: 10204.976: Total time for which application threads were stopped: 0.0004699 seconds, Stopping threads took: 0.0000876 seconds
2022-12-19T08:44:00.135+0000: 10805.057: Total time for which application threads were stopped: 0.0004014 seconds, Stopping threads took: 0.0000852 seconds
2022-12-19T08:44:01.136+0000: 10806.058: Total time for which application threads were stopped: 0.0003976 seconds, Stopping threads took: 0.0000865 seconds
2022-12-19T08:44:02.136+0000: 10807.058: Total time for which application threads were stopped: 0.0003624 seconds, Stopping threads took: 0.0000779 seconds
{Heap before GC invocations=17 (full 2):
 par new generation   total 184320K, used 164077K [0x00000000e0000000, 0x00000000ec800000, 0x00000000ec800000)
  eden space 163840K, 100% used [0x00000000e0000000, 0x00000000ea000000, 0x00000000ea000000)
  from space 20480K,   1% used [0x00000000eb400000, 0x00000000eb43b790, 0x00000000ec800000)
  to   space 20480K,   0% used [0x00000000ea000000, 0x00000000ea000000, 0x00000000eb400000)
 concurrent mark-sweep generation total 319488K, used 48771K [0x00000000ec800000, 0x0000000100000000, 0x0000000100000000)
 Metaspace       used 50335K, capacity 52856K, committed 53028K, reserved 1095680K
  class space    used 6719K, capacity 7264K, committed 7288K, reserved 1048576K
2022-12-19T08:46:29.289+0000: 10954.211: [GC (Allocation Failure) 2022-12-19T08:46:29.289+0000: 10954.211: [ParNew
Desired survivor size 10485760 bytes, new threshold 1 (max 1)
- age   1:   20436144 bytes,   20436144 total
: 164077K->20020K(184320K), 0.0102348 secs] 212849K->69819K(503808K), 0.0104634 secs] [Times: user=0.12 sys=0.07, real=0.00 secs] 
Heap after GC invocations=18 (full 2):
 par new generation   total 184320K, used 20020K [0x00000000e0000000, 0x00000000ec800000, 0x00000000ec800000)
  eden space 163840K,   0% used [0x00000000e0000000, 0x00000000e0000000, 0x00000000ea000000)
  from space 20480K,  97% used [0x00000000ea000000, 0x00000000eb38d100, 0x00000000eb400000)
  to   space 20480K,   0% used [0x00000000eb400000, 0x00000000eb400000, 0x00000000ec800000)
 concurrent mark-sweep generation total 319488K, used 49799K [0x00000000ec800000, 0x0000000100000000, 0x0000000100000000)
 Metaspace       used 50335K, capacity 52856K, committed 53028K, reserved 1095680K
  class space    used 6719K, capacity 7264K, committed 7288K, reserved 1048576K
}
2022-12-19T08:46:29.300+0000: 10954.221: Total time for which application threads were stopped: 0.0110946 seconds, Stopping threads took: 0.0000895 seconds
2022-12-19T08:48:25.317+0000: 11070.239: Total time for which application threads were stopped: 0.0012050 seconds, Stopping threads took: 0.0003847 seconds
2022-12-19T08:49:32.327+0000: 11137.249: Total time for which application threads were stopped: 0.0003713 seconds, Stopping threads took: 0.0000824 seconds
2022-12-19T08:51:43.346+0000: 11268.267: Total time for which application threads were stopped: 0.0003520 seconds, Stopping threads took: 0.0000846 seconds
2022-12-19T08:54:32.369+0000: 11437.291: Total time for which application threads were stopped: 0.0003702 seconds, Stopping threads took: 0.0000911 seconds
2022-12-19T08:58:15.399+0000: 11660.320: Total time for which application threads were stopped: 0.0003612 seconds, Stopping threads took: 0.0000844 seconds
{Heap before GC invocations=18 (full 2):
 par new generation   total 184320K, used 183860K [0x00000000e0000000, 0x00000000ec800000, 0x00000000ec800000)
  eden space 163840K, 100% used [0x00000000e0000000, 0x00000000ea000000, 0x00000000ea000000)
  from space 20480K,  97% used [0x00000000ea000000, 0x00000000eb38d100, 0x00000000eb400000)
  to   space 20480K,   0% used [0x00000000eb400000, 0x00000000eb400000, 0x00000000ec800000)
 concurrent mark-sweep generation total 319488K, used 49799K [0x00000000ec800000, 0x0000000100000000, 0x0000000100000000)
 Metaspace       used 50342K, capacity 52856K, committed 53028K, reserved 1095680K
  class space    used 6719K, capacity 7264K, committed 7288K, reserved 1048576K
2022-12-19T09:00:29.435+0000: 11794.357: [GC (Allocation Failure) 2022-12-19T09:00:29.435+0000: 11794.357: [ParNew
Desired survivor size 10485760 bytes, new threshold 1 (max 1)
- age   1:    4363256 bytes,    4363256 total
: 183860K->4508K(184320K), 0.0247010 secs] 233659K->55655K(503808K), 0.0249157 secs] [Times: user=0.43 sys=0.04, real=0.03 secs] 
Heap after GC invocations=19 (full 2):
 par new generation   total 184320K, used 4508K [0x00000000e0000000, 0x00000000ec800000, 0x00000000ec800000)
  eden space 163840K,   0% used [0x00000000e0000000, 0x00000000e0000000, 0x00000000ea000000)
  from space 20480K,  22% used [0x00000000eb400000, 0x00000000eb8671a0, 0x00000000ec800000)
  to   space 20480K,   0% used [0x00000000ea000000, 0x00000000ea000000, 0x00000000eb400000)
 concurrent mark-sweep generation total 319488K, used 51147K [0x00000000ec800000, 0x0000000100000000, 0x0000000100000000)
 Metaspace       used 50342K, capacity 52856K, committed 53028K, reserved 1095680K
  class space    used 6719K, capacity 7264K, committed 7288K, reserved 1048576K
}
2022-12-19T09:00:29.460+0000: 11794.382: Total time for which application threads were stopped: 0.0254714 seconds, Stopping threads took: 0.0000966 seconds
2022-12-19T09:00:30.461+0000: 11795.382: Total time for which application threads were stopped: 0.0003263 seconds, Stopping threads took: 0.0000805 seconds
2022-12-19T09:02:04.474+0000: 11889.396: Total time for which application threads were stopped: 0.0003537 seconds, Stopping threads took: 0.0000878 seconds
2022-12-19T09:04:07.491+0000: 12012.412: Total time for which application threads were stopped: 0.0008959 seconds, Stopping threads took: 0.0002282 seconds
2022-12-19T09:04:32.493+0000: 12037.415: Total time for which application threads were stopped: 0.0003507 seconds, Stopping threads took: 0.0000819 seconds
2022-12-19T09:06:42.512+0000: 12167.433: Total time for which application threads were stopped: 0.0007494 seconds, Stopping threads took: 0.0003074 seconds
2022-12-19T09:09:50.537+0000: 12355.458: Total time for which application threads were stopped: 0.0003846 seconds, Stopping threads took: 0.0000867 seconds
2022-12-19T09:10:16.540+0000: 12381.462: Total time for which application threads were stopped: 0.0003598 seconds, Stopping threads took: 0.0000853 seconds
{Heap before GC invocations=19 (full 2):
 par new generation   total 184320K, used 168348K [0x00000000e0000000, 0x00000000ec800000, 0x00000000ec800000)
  eden space 163840K, 100% used [0x00000000e0000000, 0x00000000ea000000, 0x00000000ea000000)
  from space 20480K,  22% used [0x00000000eb400000, 0x00000000eb8671a0, 0x00000000ec800000)
  to   space 20480K,   0% used [0x00000000ea000000, 0x00000000ea000000, 0x00000000eb400000)
 concurrent mark-sweep generation total 319488K, used 51147K [0x00000000ec800000, 0x0000000100000000, 0x0000000100000000)
 Metaspace       used 50343K, capacity 52856K, committed 53028K, reserved 1095680K
  class space    used 6719K, capacity 7264K, committed 7288K, reserved 1048576K
2022-12-19T09:14:31.006+0000: 12635.928: [GC (Allocation Failure) 2022-12-19T09:14:31.006+0000: 12635.928: [ParNew
Desired survivor size 10485760 bytes, new threshold 1 (max 1)
- age   1:     169584 bytes,     169584 total
: 168348K->260K(184320K), 0.0158877 secs] 219495K->52432K(503808K), 0.0160685 secs] [Times: user=0.27 sys=0.01, real=0.02 secs] 
Heap after GC invocations=20 (full 2):
 par new generation   total 184320K, used 260K [0x00000000e0000000, 0x00000000ec800000, 0x00000000ec800000)
  eden space 163840K,   0% used [0x00000000e0000000, 0x00000000e0000000, 0x00000000ea000000)
  from space 20480K,   1% used [0x00000000ea000000, 0x00000000ea041040, 0x00000000eb400000)
  to   space 20480K,   0% used [0x00000000eb400000, 0x00000000eb400000, 0x00000000ec800000)
 concurrent mark-sweep generation total 319488K, used 52171K [0x00000000ec800000, 0x0000000100000000, 0x0000000100000000)
 Metaspace       used 50343K, capacity 52856K, committed 53028K, reserved 1095680K
  class space    used 6719K, capacity 7264K, committed 7288K, reserved 1048576K
}
2022-12-19T09:14:31.022+0000: 12635.944: Total time for which application threads were stopped: 0.0166306 seconds, Stopping threads took: 0.0000885 seconds
2022-12-19T09:14:33.023+0000: 12637.945: Total time for which application threads were stopped: 0.0003432 seconds, Stopping threads took: 0.0000809 seconds
2022-12-19T09:19:33.065+0000: 12937.987: Total time for which application threads were stopped: 0.0010721 seconds, Stopping threads took: 0.0003474 seconds
2022-12-19T09:20:25.073+0000: 12989.995: Total time for which application threads were stopped: 0.0003602 seconds, Stopping threads took: 0.0000836 seconds
{Heap before GC invocations=20 (full 2):
 par new generation   total 184320K, used 164100K [0x00000000e0000000, 0x00000000ec800000, 0x00000000ec800000)
  eden space 163840K, 100% used [0x00000000e0000000, 0x00000000ea000000, 0x00000000ea000000)
  from space 20480K,   1% used [0x00000000ea000000, 0x00000000ea041040, 0x00000000eb400000)
  to   space 20480K,   0% used [0x00000000eb400000, 0x00000000eb400000, 0x00000000ec800000)
 concurrent mark-sweep generation total 319488K, used 52171K [0x00000000ec800000, 0x0000000100000000, 0x0000000100000000)
 Metaspace       used 50356K, capacity 52920K, committed 53028K, reserved 1095680K
  class space    used 6719K, capacity 7264K, committed 7288K, reserved 1048576K
2022-12-19T09:28:23.557+0000: 13468.479: [GC (Allocation Failure) 2022-12-19T09:28:23.557+0000: 13468.479: [ParNew
Desired survivor size 10485760 bytes, new threshold 1 (max 1)
- age   1:     169672 bytes,     169672 total
: 164100K->247K(184320K), 0.0117418 secs] 216272K->52419K(503808K), 0.0119699 secs] [Times: user=0.12 sys=0.07, real=0.02 secs] 
Heap after GC invocations=21 (full 2):
 par new generation   total 184320K, used 247K [0x00000000e0000000, 0x00000000ec800000, 0x00000000ec800000)
  eden space 163840K,   0% used [0x00000000e0000000, 0x00000000e0000000, 0x00000000ea000000)
  from space 20480K,   1% used [0x00000000eb400000, 0x00000000eb43dda0, 0x00000000ec800000)
  to   space 20480K,   0% used [0x00000000ea000000, 0x00000000ea000000, 0x00000000eb400000)
 concurrent mark-sweep generation total 319488K, used 52172K [0x00000000ec800000, 0x0000000100000000, 0x0000000100000000)
 Metaspace       used 50356K, capacity 52920K, committed 53028K, reserved 1095680K
  class space    used 6719K, capacity 7264K, committed 7288K, reserved 1048576K
}
2022-12-19T09:28:23.569+0000: 13468.491: Total time for which application threads were stopped: 0.0126986 seconds, Stopping threads took: 0.0000886 seconds
2022-12-19T09:34:32.622+0000: 13837.544: Total time for which application threads were stopped: 0.0008691 seconds, Stopping threads took: 0.0002090 seconds
2022-12-19T09:35:35.632+0000: 13900.553: Total time for which application threads were stopped: 0.0003697 seconds, Stopping threads took: 0.0000861 seconds
2022-12-19T09:39:32.664+0000: 14137.586: Total time for which application threads were stopped: 0.0006818 seconds, Stopping threads took: 0.0002604 seconds
{Heap before GC invocations=21 (full 2):
 par new generation   total 184320K, used 164087K [0x00000000e0000000, 0x00000000ec800000, 0x00000000ec800000)
  eden space 163840K, 100% used [0x00000000e0000000, 0x00000000ea000000, 0x00000000ea000000)
  from space 20480K,   1% used [0x00000000eb400000, 0x00000000eb43dda0, 0x00000000ec800000)
  to   space 20480K,   0% used [0x00000000ea000000, 0x00000000ea000000, 0x00000000eb400000)
 concurrent mark-sweep generation total 319488K, used 52172K [0x00000000ec800000, 0x0000000100000000, 0x0000000100000000)
 Metaspace       used 50362K, capacity 52924K, committed 53028K, reserved 1095680K
  class space    used 6719K, capacity 7264K, committed 7288K, reserved 1048576K
2022-12-19T09:42:14.827+0000: 14299.749: [GC (Allocation Failure) 2022-12-19T09:42:14.828+0000: 14299.749: [ParNew
Desired survivor size 10485760 bytes, new threshold 1 (max 1)
- age   1:     168136 bytes,     168136 total
: 164087K->236K(184320K), 0.0143047 secs] 216259K->52410K(503808K), 0.0144899 secs] [Times: user=0.24 sys=0.01, real=0.02 secs] 
Heap after GC invocations=22 (full 2):
 par new generation   total 184320K, used 236K [0x00000000e0000000, 0x00000000ec800000, 0x00000000ec800000)
  eden space 163840K,   0% used [0x00000000e0000000, 0x00000000e0000000, 0x00000000ea000000)
  from space 20480K,   1% used [0x00000000ea000000, 0x00000000ea03b240, 0x00000000eb400000)
  to   space 20480K,   0% used [0x00000000eb400000, 0x00000000eb400000, 0x00000000ec800000)
 concurrent mark-sweep generation total 319488K, used 52173K [0x00000000ec800000, 0x0000000100000000, 0x0000000100000000)
 Metaspace       used 50362K, capacity 52924K, committed 53028K, reserved 1095680K
  class space    used 6719K, capacity 7264K, committed 7288K, reserved 1048576K
}
2022-12-19T09:42:14.842+0000: 14299.764: Total time for which application threads were stopped: 0.0151265 seconds, Stopping threads took: 0.0000882 seconds
2022-12-19T09:43:59.857+0000: 14404.778: Total time for which application threads were stopped: 0.0002770 seconds, Stopping threads took: 0.0000576 seconds
2022-12-19T09:44:00.857+0000: 14405.779: Total time for which application threads were stopped: 0.0005176 seconds, Stopping threads took: 0.0000966 seconds
2022-12-19T09:44:01.858+0000: 14406.780: Total time for which application threads were stopped: 0.0004840 seconds, Stopping threads took: 0.0000855 seconds
2022-12-19T09:44:51.865+0000: 14456.787: Total time for which application threads were stopped: 0.0003839 seconds, Stopping threads took: 0.0000868 seconds
2022-12-19T09:46:42.881+0000: 14567.802: Total time for which application threads were stopped: 0.0003583 seconds, Stopping threads took: 0.0000843 seconds
2022-12-19T09:47:04.884+0000: 14589.806: Total time for which application threads were stopped: 0.0003550 seconds, Stopping threads took: 0.0000822 seconds
2022-12-19T09:49:32.904+0000: 14737.826: Total time for which application threads were stopped: 0.0003694 seconds, Stopping threads took: 0.0000850 seconds
2022-12-19T09:52:04.924+0000: 14889.846: Total time for which application threads were stopped: 0.0003902 seconds, Stopping threads took: 0.0000849 seconds
2022-12-19T09:53:35.938+0000: 14980.859: Total time for which application threads were stopped: 0.0008815 seconds, Stopping threads took: 0.0002318 seconds
{Heap before GC invocations=22 (full 2):
 par new generation   total 184320K, used 164076K [0x00000000e0000000, 0x00000000ec800000, 0x00000000ec800000)
  eden space 163840K, 100% used [0x00000000e0000000, 0x00000000ea000000, 0x00000000ea000000)
  from space 20480K,   1% used [0x00000000ea000000, 0x00000000ea03b240, 0x00000000eb400000)
  to   space 20480K,   0% used [0x00000000eb400000, 0x00000000eb400000, 0x00000000ec800000)
 concurrent mark-sweep generation total 319488K, used 52173K [0x00000000ec800000, 0x0000000100000000, 0x0000000100000000)
 Metaspace       used 50514K, capacity 53004K, committed 53284K, reserved 1095680K
  class space    used 6723K, capacity 7266K, committed 7288K, reserved 1048576K
2022-12-19T09:53:59.790+0000: 15004.712: [GC (Allocation Failure) 2022-12-19T09:53:59.790+0000: 15004.712: [ParNew
Desired survivor size 10485760 bytes, new threshold 1 (max 1)
- age   1:   20379920 bytes,   20379920 total
: 164076K->19999K(184320K), 0.0282862 secs] 216250K->74368K(503808K), 0.0285087 secs] [Times: user=0.47 sys=0.07, real=0.02 secs] 
Heap after GC invocations=23 (full 2):
 par new generation   total 184320K, used 19999K [0x00000000e0000000, 0x00000000ec800000, 0x00000000ec800000)
  eden space 163840K,   0% used [0x00000000e0000000, 0x00000000e0000000, 0x00000000ea000000)
  from space 20480K,  97% used [0x00000000eb400000, 0x00000000ec787c70, 0x00000000ec800000)
  to   space 20480K,   0% used [0x00000000ea000000, 0x00000000ea000000, 0x00000000eb400000)
 concurrent mark-sweep generation total 319488K, used 54369K [0x00000000ec800000, 0x0000000100000000, 0x0000000100000000)
 Metaspace       used 50514K, capacity 53004K, committed 53284K, reserved 1095680K
  class space    used 6723K, capacity 7266K, committed 7288K, reserved 1048576K
}
2022-12-19T09:53:59.819+0000: 15004.741: Total time for which application threads were stopped: 0.0291778 seconds, Stopping threads took: 0.0001686 seconds
2022-12-19T09:54:00.819+0000: 15005.741: Total time for which application threads were stopped: 0.0003318 seconds, Stopping threads took: 0.0000757 seconds
2022-12-19T09:54:32.824+0000: 15037.746: Total time for which application threads were stopped: 0.0007068 seconds, Stopping threads took: 0.0002951 seconds
2022-12-19T09:59:04.862+0000: 15309.783: Total time for which application threads were stopped: 0.0003647 seconds, Stopping threads took: 0.0000825 seconds
2022-12-19T09:59:55.869+0000: 15360.790: Total time for which application threads were stopped: 0.0003513 seconds, Stopping threads took: 0.0000835 seconds
2022-12-19T10:00:01.870+0000: 15366.792: Total time for which application threads were stopped: 0.0003610 seconds, Stopping threads took: 0.0000819 seconds
2022-12-19T10:00:55.878+0000: 15420.800: Total time for which application threads were stopped: 0.0003622 seconds, Stopping threads took: 0.0000861 seconds
2022-12-19T10:03:55.903+0000: 15600.825: Total time for which application threads were stopped: 0.0010025 seconds, Stopping threads took: 0.0002334 seconds
2022-12-19T10:04:05.905+0000: 15610.827: Total time for which application threads were stopped: 0.0003443 seconds, Stopping threads took: 0.0000821 seconds
2022-12-19T10:04:32.909+0000: 15637.831: Total time for which application threads were stopped: 0.0003492 seconds, Stopping threads took: 0.0000823 seconds
{Heap before GC invocations=23 (full 2):
 par new generation   total 184320K, used 183839K [0x00000000e0000000, 0x00000000ec800000, 0x00000000ec800000)
  eden space 163840K, 100% used [0x00000000e0000000, 0x00000000ea000000, 0x00000000ea000000)
  from space 20480K,  97% used [0x00000000eb400000, 0x00000000ec787c70, 0x00000000ec800000)
  to   space 20480K,   0% used [0x00000000ea000000, 0x00000000ea000000, 0x00000000eb400000)
 concurrent mark-sweep generation total 319488K, used 54369K [0x00000000ec800000, 0x0000000100000000, 0x0000000100000000)
 Metaspace       used 50531K, capacity 53076K, committed 53284K, reserved 1095680K
  class space    used 6723K, capacity 7266K, committed 7288K, reserved 1048576K
2022-12-19T10:08:19.112+0000: 15864.033: [GC (Allocation Failure) 2022-12-19T10:08:19.112+0000: 15864.034: [ParNew
Desired survivor size 10485760 bytes, new threshold 1 (max 1)
- age   1:     166576 bytes,     166576 total
: 183839K->364K(184320K), 0.0191911 secs] 238208K->57042K(503808K), 0.0194118 secs] [Times: user=0.28 sys=0.04, real=0.02 secs] 
Heap after GC invocations=24 (full 2):
 par new generation   total 184320K, used 364K [0x00000000e0000000, 0x00000000ec800000, 0x00000000ec800000)
  eden space 163840K,   0% used [0x00000000e0000000, 0x00000000e0000000, 0x00000000ea000000)
  from space 20480K,   1% used [0x00000000ea000000, 0x00000000ea05b228, 0x00000000eb400000)
  to   space 20480K,   0% used [0x00000000eb400000, 0x00000000eb400000, 0x00000000ec800000)
 concurrent mark-sweep generation total 319488K, used 56677K [0x00000000ec800000, 0x0000000100000000, 0x0000000100000000)
 Metaspace       used 50531K, capacity 53076K, committed 53284K, reserved 1095680K
  class space    used 6723K, capacity 7266K, committed 7288K, reserved 1048576K
}
2022-12-19T10:08:19.131+0000: 15864.053: Total time for which application threads were stopped: 0.0200111 seconds, Stopping threads took: 0.0000895 seconds
2022-12-19T10:09:33.141+0000: 15938.063: Total time for which application threads were stopped: 0.0006428 seconds, Stopping threads took: 0.0002499 seconds
2022-12-19T10:13:17.171+0000: 16162.093: Total time for which application threads were stopped: 0.0003583 seconds, Stopping threads took: 0.0000859 seconds
2022-12-19T10:16:43.199+0000: 16368.121: Total time for which application threads were stopped: 0.0003728 seconds, Stopping threads took: 0.0000849 seconds
2022-12-19T10:17:08.203+0000: 16393.125: Total time for which application threads were stopped: 0.0003640 seconds, Stopping threads took: 0.0000879 seconds
2022-12-19T10:18:27.215+0000: 16472.136: Total time for which application threads were stopped: 0.0003609 seconds, Stopping threads took: 0.0000848 seconds
2022-12-19T10:18:37.216+0000: 16482.138: Total time for which application threads were stopped: 0.0003644 seconds, Stopping threads took: 0.0001060 seconds
2022-12-19T10:18:57.219+0000: 16502.141: Total time for which application threads were stopped: 0.0004657 seconds, Stopping threads took: 0.0000868 seconds
2022-12-19T10:19:33.224+0000: 16538.145: Total time for which application threads were stopped: 0.0003803 seconds, Stopping threads took: 0.0000911 seconds
{Heap before GC invocations=24 (full 2):
 par new generation   total 184320K, used 164204K [0x00000000e0000000, 0x00000000ec800000, 0x00000000ec800000)
  eden space 163840K, 100% used [0x00000000e0000000, 0x00000000ea000000, 0x00000000ea000000)
  from space 20480K,   1% used [0x00000000ea000000, 0x00000000ea05b228, 0x00000000eb400000)
  to   space 20480K,   0% used [0x00000000eb400000, 0x00000000eb400000, 0x00000000ec800000)
 concurrent mark-sweep generation total 319488K, used 56677K [0x00000000ec800000, 0x0000000100000000, 0x0000000100000000)
 Metaspace       used 50539K, capacity 53076K, committed 53284K, reserved 1095680K
  class space    used 6723K, capacity 7266K, committed 7288K, reserved 1048576K
2022-12-19T10:22:41.684+0000: 16726.606: [GC (Allocation Failure) 2022-12-19T10:22:41.684+0000: 16726.606: [ParNew
Desired survivor size 10485760 bytes, new threshold 1 (max 1)
- age   1:     177288 bytes,     177288 total
: 164204K->244K(184320K), 0.0097842 secs] 220882K->56923K(503808K), 0.0100072 secs] [Times: user=0.16 sys=0.00, real=0.01 secs] 
Heap after GC invocations=25 (full 2):
 par new generation   total 184320K, used 244K [0x00000000e0000000, 0x00000000ec800000, 0x00000000ec800000)
  eden space 163840K,   0% used [0x00000000e0000000, 0x00000000e0000000, 0x00000000ea000000)
  from space 20480K,   1% used [0x00000000eb400000, 0x00000000eb43d2f0, 0x00000000ec800000)
  to   space 20480K,   0% used [0x00000000ea000000, 0x00000000ea000000, 0x00000000eb400000)
 concurrent mark-sweep generation total 319488K, used 56679K [0x00000000ec800000, 0x0000000100000000, 0x0000000100000000)
 Metaspace       used 50539K, capacity 53076K, committed 53284K, reserved 1095680K
  class space    used 6723K, capacity 7266K, committed 7288K, reserved 1048576K
}
2022-12-19T10:22:41.694+0000: 16726.616: Total time for which application threads were stopped: 0.0106020 seconds, Stopping threads took: 0.0000856 seconds
2022-12-19T10:23:55.705+0000: 16800.626: Total time for which application threads were stopped: 0.0003638 seconds, Stopping threads took: 0.0000845 seconds
2022-12-19T10:24:32.710+0000: 16837.632: Total time for which application threads were stopped: 0.0003666 seconds, Stopping threads took: 0.0000891 seconds
2022-12-19T10:29:32.750+0000: 17137.672: Total time for which application threads were stopped: 0.0008675 seconds, Stopping threads took: 0.0002063 seconds
2022-12-19T10:30:45.761+0000: 17210.683: Total time for which application threads were stopped: 0.0003692 seconds, Stopping threads took: 0.0000855 seconds
2022-12-19T10:32:55.778+0000: 17340.700: Total time for which application threads were stopped: 0.0007035 seconds, Stopping threads took: 0.0002583 seconds
2022-12-19T10:33:25.782+0000: 17370.704: Total time for which application threads were stopped: 0.0003595 seconds, Stopping threads took: 0.0000855 seconds
2022-12-19T10:33:57.787+0000: 17402.709: Total time for which application threads were stopped: 0.0003642 seconds, Stopping threads took: 0.0000843 seconds
{Heap before GC invocations=25 (full 2):
 par new generation   total 184320K, used 164084K [0x00000000e0000000, 0x00000000ec800000, 0x00000000ec800000)
  eden space 163840K, 100% used [0x00000000e0000000, 0x00000000ea000000, 0x00000000ea000000)
  from space 20480K,   1% used [0x00000000eb400000, 0x00000000eb43d2f0, 0x00000000ec800000)
  to   space 20480K,   0% used [0x00000000ea000000, 0x00000000ea000000, 0x00000000eb400000)
 concurrent mark-sweep generation total 319488K, used 56679K [0x00000000ec800000, 0x0000000100000000, 0x0000000100000000)
 Metaspace       used 50541K, capacity 53076K, committed 53284K, reserved 1095680K
  class space    used 6723K, capacity 7266K, committed 7288K, reserved 1048576K
2022-12-19T10:37:04.970+0000: 17589.892: [GC (Allocation Failure) 2022-12-19T10:37:04.970+0000: 17589.892: [ParNew
Desired survivor size 10485760 bytes, new threshold 1 (max 1)
- age   1:     165544 bytes,     165544 total
: 164084K->251K(184320K), 0.0185213 secs] 220763K->56942K(503808K), 0.0187375 secs] [Times: user=0.33 sys=0.01, real=0.02 secs] 
Heap after GC invocations=26 (full 2):
 par new generation   total 184320K, used 251K [0x00000000e0000000, 0x00000000ec800000, 0x00000000ec800000)
  eden space 163840K,   0% used [0x00000000e0000000, 0x00000000e0000000, 0x00000000ea000000)
  from space 20480K,   1% used [0x00000000ea000000, 0x00000000ea03ec10, 0x00000000eb400000)
  to   space 20480K,   0% used [0x00000000eb400000, 0x00000000eb400000, 0x00000000ec800000)
 concurrent mark-sweep generation total 319488K, used 56691K [0x00000000ec800000, 0x0000000100000000, 0x0000000100000000)
 Metaspace       used 50541K, capacity 53076K, committed 53284K, reserved 1095680K
  class space    used 6723K, capacity 7266K, committed 7288K, reserved 1048576K
}
2022-12-19T10:37:04.989+0000: 17589.911: Total time for which application threads were stopped: 0.0193410 seconds, Stopping threads took: 0.0000866 seconds
2022-12-19T10:37:05.990+0000: 17590.911: Total time for which application threads were stopped: 0.0003139 seconds, Stopping threads took: 0.0000742 seconds
2022-12-19T10:41:00.023+0000: 17824.944: Total time for which application threads were stopped: 0.0003758 seconds, Stopping threads took: 0.0000847 seconds
2022-12-19T10:42:36.036+0000: 17920.958: Total time for which application threads were stopped: 0.0003787 seconds, Stopping threads took: 0.0000823 seconds
2022-12-19T10:42:46.038+0000: 17930.960: Total time for which application threads were stopped: 0.0003565 seconds, Stopping threads took: 0.0000825 seconds
2022-12-19T10:42:48.039+0000: 17932.960: Total time for which application threads were stopped: 0.0003208 seconds, Stopping threads took: 0.0000733 seconds
2022-12-19T10:42:53.040+0000: 17937.961: Total time for which application threads were stopped: 0.0003344 seconds, Stopping threads took: 0.0000772 seconds
2022-12-19T10:43:16.043+0000: 17960.965: Total time for which application threads were stopped: 0.0003579 seconds, Stopping threads took: 0.0000846 seconds
2022-12-19T10:44:00.049+0000: 18004.971: Total time for which application threads were stopped: 0.0004528 seconds, Stopping threads took: 0.0001085 seconds
2022-12-19T10:44:01.050+0000: 18005.972: Total time for which application threads were stopped: 0.0004771 seconds, Stopping threads took: 0.0000870 seconds
2022-12-19T10:44:02.050+0000: 18006.972: Total time for which application threads were stopped: 0.0003966 seconds, Stopping threads took: 0.0000889 seconds
2022-12-19T10:45:00.059+0000: 18064.981: Total time for which application threads were stopped: 0.0003775 seconds, Stopping threads took: 0.0000812 seconds
2022-12-19T10:49:00.091+0000: 18305.013: Total time for which application threads were stopped: 0.0009153 seconds, Stopping threads took: 0.0002383 seconds
{Heap before GC invocations=26 (full 2):
 par new generation   total 184320K, used 164091K [0x00000000e0000000, 0x00000000ec800000, 0x00000000ec800000)
  eden space 163840K, 100% used [0x00000000e0000000, 0x00000000ea000000, 0x00000000ea000000)
  from space 20480K,   1% used [0x00000000ea000000, 0x00000000ea03ec10, 0x00000000eb400000)
  to   space 20480K,   0% used [0x00000000eb400000, 0x00000000eb400000, 0x00000000ec800000)
 concurrent mark-sweep generation total 319488K, used 56691K [0x00000000ec800000, 0x0000000100000000, 0x0000000100000000)
 Metaspace       used 50556K, capacity 53084K, committed 53284K, reserved 1095680K
  class space    used 6723K, capacity 7266K, committed 7288K, reserved 1048576K
2022-12-19T10:49:37.726+0000: 18342.648: [GC (Allocation Failure) 2022-12-19T10:49:37.726+0000: 18342.648: [ParNew
Desired survivor size 10485760 bytes, new threshold 1 (max 1)
- age   1:   20461384 bytes,   20461384 total
: 164091K->20080K(184320K), 0.0138378 secs] 220782K->78820K(503808K), 0.0140382 secs] [Times: user=0.20 sys=0.05, real=0.02 secs] 
Heap after GC invocations=27 (full 2):
 par new generation   total 184320K, used 20080K [0x00000000e0000000, 0x00000000ec800000, 0x00000000ec800000)
  eden space 163840K,   0% used [0x00000000e0000000, 0x00000000e0000000, 0x00000000ea000000)
  from space 20480K,  98% used [0x00000000eb400000, 0x00000000ec79c228, 0x00000000ec800000)
  to   space 20480K,   0% used [0x00000000ea000000, 0x00000000ea000000, 0x00000000eb400000)
 concurrent mark-sweep generation total 319488K, used 58739K [0x00000000ec800000, 0x0000000100000000, 0x0000000100000000)
 Metaspace       used 50556K, capacity 53084K, committed 53284K, reserved 1095680K
  class space    used 6723K, capacity 7266K, committed 7288K, reserved 1048576K
}
2022-12-19T10:49:37.740+0000: 18342.662: Total time for which application threads were stopped: 0.0146655 seconds, Stopping threads took: 0.0000833 seconds
2022-12-19T11:02:59.846+0000: 19144.768: Total time for which application threads were stopped: 0.0006569 seconds, Stopping threads took: 0.0002491 seconds
{Heap before GC invocations=27 (full 2):
 par new generation   total 184320K, used 183920K [0x00000000e0000000, 0x00000000ec800000, 0x00000000ec800000)
  eden space 163840K, 100% used [0x00000000e0000000, 0x00000000ea000000, 0x00000000ea000000)
  from space 20480K,  98% used [0x00000000eb400000, 0x00000000ec79c228, 0x00000000ec800000)
  to   space 20480K,   0% used [0x00000000ea000000, 0x00000000ea000000, 0x00000000eb400000)
 concurrent mark-sweep generation total 319488K, used 58739K [0x00000000ec800000, 0x0000000100000000, 0x0000000100000000)
 Metaspace       used 50559K, capacity 53084K, committed 53284K, reserved 1095680K
  class space    used 6723K, capacity 7266K, committed 7288K, reserved 1048576K
2022-12-19T11:04:12.290+0000: 19217.212: [GC (Allocation Failure) 2022-12-19T11:04:12.290+0000: 19217.212: [ParNew
Desired survivor size 10485760 bytes, new threshold 1 (max 1)
- age   1:     167344 bytes,     167344 total
: 183920K->440K(184320K), 0.0176350 secs] 242660K->60546K(503808K), 0.0178672 secs] [Times: user=0.30 sys=0.00, real=0.02 secs] 
Heap after GC invocations=28 (full 2):
 par new generation   total 184320K, used 440K [0x00000000e0000000, 0x00000000ec800000, 0x00000000ec800000)
  eden space 163840K,   0% used [0x00000000e0000000, 0x00000000e0000000, 0x00000000ea000000)
  from space 20480K,   2% used [0x00000000ea000000, 0x00000000ea06e390, 0x00000000eb400000)
  to   space 20480K,   0% used [0x00000000eb400000, 0x00000000eb400000, 0x00000000ec800000)
 concurrent mark-sweep generation total 319488K, used 60105K [0x00000000ec800000, 0x0000000100000000, 0x0000000100000000)
 Metaspace       used 50559K, capacity 53084K, committed 53284K, reserved 1095680K
  class space    used 6723K, capacity 7266K, committed 7288K, reserved 1048576K
}
2022-12-19T11:04:12.308+0000: 19217.230: Total time for which application threads were stopped: 0.0184816 seconds, Stopping threads took: 0.0000910 seconds
2022-12-19T11:04:13.309+0000: 19218.231: Total time for which application threads were stopped: 0.0003218 seconds, Stopping threads took: 0.0000761 seconds
{Heap before GC invocations=28 (full 2):
 par new generation   total 184320K, used 164280K [0x00000000e0000000, 0x00000000ec800000, 0x00000000ec800000)
  eden space 163840K, 100% used [0x00000000e0000000, 0x00000000ea000000, 0x00000000ea000000)
  from space 20480K,   2% used [0x00000000ea000000, 0x00000000ea06e390, 0x00000000eb400000)
  to   space 20480K,   0% used [0x00000000eb400000, 0x00000000eb400000, 0x00000000ec800000)
 concurrent mark-sweep generation total 319488K, used 60105K [0x00000000ec800000, 0x0000000100000000, 0x0000000100000000)
 Metaspace       used 50559K, capacity 53084K, committed 53284K, reserved 1095680K
  class space    used 6723K, capacity 7266K, committed 7288K, reserved 1048576K
2022-12-19T11:18:18.851+0000: 20063.772: [GC (Allocation Failure) 2022-12-19T11:18:18.851+0000: 20063.773: [ParNew
Desired survivor size 10485760 bytes, new threshold 1 (max 1)
- age   1:     167392 bytes,     167392 total
: 164280K->231K(184320K), 0.0133700 secs] 224386K->60336K(503808K), 0.0135885 secs] [Times: user=0.18 sys=0.02, real=0.01 secs] 
Heap after GC invocations=29 (full 2):
 par new generation   total 184320K, used 231K [0x00000000e0000000, 0x00000000ec800000, 0x00000000ec800000)
  eden space 163840K,   0% used [0x00000000e0000000, 0x00000000e0000000, 0x00000000ea000000)
  from space 20480K,   1% used [0x00000000eb400000, 0x00000000eb439d60, 0x00000000ec800000)
  to   space 20480K,   0% used [0x00000000ea000000, 0x00000000ea000000, 0x00000000eb400000)
 concurrent mark-sweep generation total 319488K, used 60105K [0x00000000ec800000, 0x0000000100000000, 0x0000000100000000)
 Metaspace       used 50559K, capacity 53084K, committed 53284K, reserved 1095680K
  class space    used 6723K, capacity 7266K, committed 7288K, reserved 1048576K
}
2022-12-19T11:18:18.864+0000: 20063.786: Total time for which application threads were stopped: 0.0149888 seconds, Stopping threads took: 0.0003688 seconds
2022-12-19T11:19:32.875+0000: 20137.797: Total time for which application threads were stopped: 0.0003534 seconds, Stopping threads took: 0.0000831 seconds
2022-12-19T11:31:42.972+0000: 20867.894: Total time for which application threads were stopped: 0.0009627 seconds, Stopping threads took: 0.0002447 seconds
{Heap before GC invocations=29 (full 2):
 par new generation   total 184320K, used 164071K [0x00000000e0000000, 0x00000000ec800000, 0x00000000ec800000)
  eden space 163840K, 100% used [0x00000000e0000000, 0x00000000ea000000, 0x00000000ea000000)
  from space 20480K,   1% used [0x00000000eb400000, 0x00000000eb439d60, 0x00000000ec800000)
  to   space 20480K,   0% used [0x00000000ea000000, 0x00000000ea000000, 0x00000000eb400000)
 concurrent mark-sweep generation total 319488K, used 60105K [0x00000000ec800000, 0x0000000100000000, 0x0000000100000000)
 Metaspace       used 50561K, capacity 53084K, committed 53284K, reserved 1095680K
  class space    used 6723K, capacity 7266K, committed 7288K, reserved 1048576K
2022-12-19T11:32:13.397+0000: 20898.318: [GC (Allocation Failure) 2022-12-19T11:32:13.397+0000: 20898.318: [ParNew
Desired survivor size 10485760 bytes, new threshold 1 (max 1)
- age   1:     167608 bytes,     167608 total
: 164071K->244K(184320K), 0.0097436 secs] 224176K->60350K(503808K), 0.0099621 secs] [Times: user=0.17 sys=0.00, real=0.01 secs] 
Heap after GC invocations=30 (full 2):
 par new generation   total 184320K, used 244K [0x00000000e0000000, 0x00000000ec800000, 0x00000000ec800000)
  eden space 163840K,   0% used [0x00000000e0000000, 0x00000000e0000000, 0x00000000ea000000)
  from space 20480K,   1% used [0x00000000ea000000, 0x00000000ea03d398, 0x00000000eb400000)
  to   space 20480K,   0% used [0x00000000eb400000, 0x00000000eb400000, 0x00000000ec800000)
 concurrent mark-sweep generation total 319488K, used 60105K [0x00000000ec800000, 0x0000000100000000, 0x0000000100000000)
 Metaspace       used 50561K, capacity 53084K, committed 53284K, reserved 1095680K
  class space    used 6723K, capacity 7266K, committed 7288K, reserved 1048576K
}
2022-12-19T11:32:13.407+0000: 20898.328: Total time for which application threads were stopped: 0.0106240 seconds, Stopping threads took: 0.0001046 seconds
2022-12-19T11:43:36.507+0000: 21581.429: Total time for which application threads were stopped: 0.0006811 seconds, Stopping threads took: 0.0002598 seconds
2022-12-19T11:43:59.510+0000: 21604.432: Total time for which application threads were stopped: 0.0004008 seconds, Stopping threads took: 0.0000852 seconds
2022-12-19T11:44:01.511+0000: 21606.433: Total time for which application threads were stopped: 0.0003946 seconds, Stopping threads took: 0.0000883 seconds
2022-12-19T11:45:00.520+0000: 21665.441: Total time for which application threads were stopped: 0.0004646 seconds, Stopping threads took: 0.0000863 seconds
{Heap before GC invocations=30 (full 2):
 par new generation   total 184320K, used 164084K [0x00000000e0000000, 0x00000000ec800000, 0x00000000ec800000)
  eden space 163840K, 100% used [0x00000000e0000000, 0x00000000ea000000, 0x00000000ea000000)
  from space 20480K,   1% used [0x00000000ea000000, 0x00000000ea03d398, 0x00000000eb400000)
  to   space 20480K,   0% used [0x00000000eb400000, 0x00000000eb400000, 0x00000000ec800000)
 concurrent mark-sweep generation total 319488K, used 60105K [0x00000000ec800000, 0x0000000100000000, 0x0000000100000000)
 Metaspace       used 50590K, capacity 53084K, committed 53284K, reserved 1095680K
  class space    used 6723K, capacity 7266K, committed 7288K, reserved 1048576K
2022-12-19T11:45:20.903+0000: 21685.824: [GC (Allocation Failure) 2022-12-19T11:45:20.903+0000: 21685.824: [ParNew
Desired survivor size 10485760 bytes, new threshold 1 (max 1)
- age   1:   20437408 bytes,   20437408 total
: 164084K->20034K(184320K), 0.0157123 secs] 224190K->81163K(503808K), 0.0159185 secs] [Times: user=0.22 sys=0.06, real=0.01 secs] 
Heap after GC invocations=31 (full 2):
 par new generation   total 184320K, used 20034K [0x00000000e0000000, 0x00000000ec800000, 0x00000000ec800000)
  eden space 163840K,   0% used [0x00000000e0000000, 0x00000000e0000000, 0x00000000ea000000)
  from space 20480K,  97% used [0x00000000eb400000, 0x00000000ec790888, 0x00000000ec800000)
  to   space 20480K,   0% used [0x00000000ea000000, 0x00000000ea000000, 0x00000000eb400000)
 concurrent mark-sweep generation total 319488K, used 61129K [0x00000000ec800000, 0x0000000100000000, 0x0000000100000000)
 Metaspace       used 50590K, capacity 53084K, committed 53284K, reserved 1095680K
  class space    used 6723K, capacity 7266K, committed 7288K, reserved 1048576K
}
2022-12-19T11:45:20.919+0000: 21685.840: Total time for which application threads were stopped: 0.0164729 seconds, Stopping threads took: 0.0000867 seconds
2022-12-19T11:54:32.993+0000: 22237.914: Total time for which application threads were stopped: 0.0003536 seconds, Stopping threads took: 0.0000843 seconds
{Heap before GC invocations=31 (full 2):
 par new generation   total 184320K, used 183874K [0x00000000e0000000, 0x00000000ec800000, 0x00000000ec800000)
  eden space 163840K, 100% used [0x00000000e0000000, 0x00000000ea000000, 0x00000000ea000000)
  from space 20480K,  97% used [0x00000000eb400000, 0x00000000ec790888, 0x00000000ec800000)
  to   space 20480K,   0% used [0x00000000ea000000, 0x00000000ea000000, 0x00000000eb400000)
 concurrent mark-sweep generation total 319488K, used 61129K [0x00000000ec800000, 0x0000000100000000, 0x0000000100000000)
 Metaspace       used 50593K, capacity 53084K, committed 53284K, reserved 1095680K
  class space    used 6723K, capacity 7266K, committed 7288K, reserved 1048576K
2022-12-19T11:59:38.573+0000: 22543.495: [GC (Allocation Failure) 2022-12-19T11:59:38.574+0000: 22543.495: [ParNew
Desired survivor size 10485760 bytes, new threshold 1 (max 1)
- age   1:    4363664 bytes,    4363664 total
: 183874K->4522K(184320K), 0.0128537 secs] 245003K->67001K(503808K), 0.0130460 secs] [Times: user=0.20 sys=0.01, real=0.01 secs] 
Heap after GC invocations=32 (full 2):
 par new generation   total 184320K, used 4522K [0x00000000e0000000, 0x00000000ec800000, 0x00000000ec800000)
  eden space 163840K,   0% used [0x00000000e0000000, 0x00000000e0000000, 0x00000000ea000000)
  from space 20480K,  22% used [0x00000000ea000000, 0x00000000ea46a800, 0x00000000eb400000)
  to   space 20480K,   0% used [0x00000000eb400000, 0x00000000eb400000, 0x00000000ec800000)
 concurrent mark-sweep generation total 319488K, used 62479K [0x00000000ec800000, 0x0000000100000000, 0x0000000100000000)
 Metaspace       used 50593K, capacity 53084K, committed 53284K, reserved 1095680K
  class space    used 6723K, capacity 7266K, committed 7288K, reserved 1048576K
}
2022-12-19T11:59:38.587+0000: 22543.508: Total time for which application threads were stopped: 0.0136651 seconds, Stopping threads took: 0.0000886 seconds
2022-12-19T12:09:36.666+0000: 23141.588: Total time for which application threads were stopped: 0.0007295 seconds, Stopping threads took: 0.0001647 seconds
2022-12-19T12:11:42.683+0000: 23267.605: Total time for which application threads were stopped: 0.0003663 seconds, Stopping threads took: 0.0000894 seconds
{Heap before GC invocations=32 (full 2):
 par new generation   total 184320K, used 168362K [0x00000000e0000000, 0x00000000ec800000, 0x00000000ec800000)
  eden space 163840K, 100% used [0x00000000e0000000, 0x00000000ea000000, 0x00000000ea000000)
  from space 20480K,  22% used [0x00000000ea000000, 0x00000000ea46a800, 0x00000000eb400000)
  to   space 20480K,   0% used [0x00000000eb400000, 0x00000000eb400000, 0x00000000ec800000)
 concurrent mark-sweep generation total 319488K, used 62479K [0x00000000ec800000, 0x0000000100000000, 0x0000000100000000)
 Metaspace       used 50594K, capacity 53084K, committed 53284K, reserved 1095680K
  class space    used 6724K, capacity 7266K, committed 7288K, reserved 1048576K
2022-12-19T12:13:54.013+0000: 23398.934: [GC (Allocation Failure) 2022-12-19T12:13:54.013+0000: 23398.934: [ParNew
Desired survivor size 10485760 bytes, new threshold 1 (max 1)
- age   1:     169048 bytes,     169048 total
: 168362K->226K(184320K), 0.0214389 secs] 230841K->63729K(503808K), 0.0216440 secs] [Times: user=0.35 sys=0.03, real=0.02 secs] 
Heap after GC invocations=33 (full 2):
 par new generation   total 184320K, used 226K [0x00000000e0000000, 0x00000000ec800000, 0x00000000ec800000)
  eden space 163840K,   0% used [0x00000000e0000000, 0x00000000e0000000, 0x00000000ea000000)
  from space 20480K,   1% used [0x00000000eb400000, 0x00000000eb438a20, 0x00000000ec800000)
  to   space 20480K,   0% used [0x00000000ea000000, 0x00000000ea000000, 0x00000000eb400000)
 concurrent mark-sweep generation total 319488K, used 63503K [0x00000000ec800000, 0x0000000100000000, 0x0000000100000000)
 Metaspace       used 50594K, capacity 53084K, committed 53284K, reserved 1095680K
  class space    used 6724K, capacity 7266K, committed 7288K, reserved 1048576K
}
2022-12-19T12:13:54.034+0000: 23398.956: Total time for which application threads were stopped: 0.0226543 seconds, Stopping threads took: 0.0002995 seconds
{Heap before GC invocations=33 (full 2):
 par new generation   total 184320K, used 164066K [0x00000000e0000000, 0x00000000ec800000, 0x00000000ec800000)
  eden space 163840K, 100% used [0x00000000e0000000, 0x00000000ea000000, 0x00000000ea000000)
  from space 20480K,   1% used [0x00000000eb400000, 0x00000000eb438a20, 0x00000000ec800000)
  to   space 20480K,   0% used [0x00000000ea000000, 0x00000000ea000000, 0x00000000eb400000)
 concurrent mark-sweep generation total 319488K, used 63503K [0x00000000ec800000, 0x0000000100000000, 0x0000000100000000)
 Metaspace       used 50594K, capacity 53088K, committed 53284K, reserved 1095680K
  class space    used 6724K, capacity 7266K, committed 7288K, reserved 1048576K
2022-12-19T12:27:46.846+0000: 24231.767: [GC (Allocation Failure) 2022-12-19T12:27:46.846+0000: 24231.767: [ParNew
Desired survivor size 10485760 bytes, new threshold 1 (max 1)
- age   1:     170928 bytes,     170928 total
: 164066K->211K(184320K), 0.0085921 secs] 227569K->63714K(503808K), 0.0087876 secs] [Times: user=0.14 sys=0.00, real=0.01 secs] 
Heap after GC invocations=34 (full 2):
 par new generation   total 184320K, used 211K [0x00000000e0000000, 0x00000000ec800000, 0x00000000ec800000)
  eden space 163840K,   0% used [0x00000000e0000000, 0x00000000e0000000, 0x00000000ea000000)
  from space 20480K,   1% used [0x00000000ea000000, 0x00000000ea034d38, 0x00000000eb400000)
  to   space 20480K,   0% used [0x00000000eb400000, 0x00000000eb400000, 0x00000000ec800000)
 concurrent mark-sweep generation total 319488K, used 63503K [0x00000000ec800000, 0x0000000100000000, 0x0000000100000000)
 Metaspace       used 50594K, capacity 53088K, committed 53284K, reserved 1095680K
  class space    used 6724K, capacity 7266K, committed 7288K, reserved 1048576K
}
2022-12-19T12:27:46.854+0000: 24231.776: Total time for which application threads were stopped: 0.0094962 seconds, Stopping threads took: 0.0000897 seconds
{Heap before GC invocations=34 (full 2):
 par new generation   total 184320K, used 164051K [0x00000000e0000000, 0x00000000ec800000, 0x00000000ec800000)
  eden space 163840K, 100% used [0x00000000e0000000, 0x00000000ea000000, 0x00000000ea000000)
  from space 20480K,   1% used [0x00000000ea000000, 0x00000000ea034d38, 0x00000000eb400000)
  to   space 20480K,   0% used [0x00000000eb400000, 0x00000000eb400000, 0x00000000ec800000)
 concurrent mark-sweep generation total 319488K, used 63503K [0x00000000ec800000, 0x0000000100000000, 0x0000000100000000)
 Metaspace       used 50601K, capacity 53152K, committed 53284K, reserved 1095680K
  class space    used 6724K, capacity 7266K, committed 7288K, reserved 1048576K
2022-12-19T12:41:36.097+0000: 25061.019: [GC (Allocation Failure) 2022-12-19T12:41:36.097+0000: 25061.019: [ParNew
Desired survivor size 10485760 bytes, new threshold 1 (max 1)
- age   1:     169600 bytes,     169600 total
: 164051K->224K(184320K), 0.0128416 secs] 227554K->63727K(503808K), 0.0130617 secs] [Times: user=0.19 sys=0.04, real=0.02 secs] 
Heap after GC invocations=35 (full 2):
 par new generation   total 184320K, used 224K [0x00000000e0000000, 0x00000000ec800000, 0x00000000ec800000)
  eden space 163840K,   0% used [0x00000000e0000000, 0x00000000e0000000, 0x00000000ea000000)
  from space 20480K,   1% used [0x00000000eb400000, 0x00000000eb438090, 0x00000000ec800000)
  to   space 20480K,   0% used [0x00000000ea000000, 0x00000000ea000000, 0x00000000eb400000)
 concurrent mark-sweep generation total 319488K, used 63503K [0x00000000ec800000, 0x0000000100000000, 0x0000000100000000)
 Metaspace       used 50601K, capacity 53152K, committed 53284K, reserved 1095680K
  class space    used 6724K, capacity 7266K, committed 7288K, reserved 1048576K
}
2022-12-19T12:41:36.110+0000: 25061.032: Total time for which application threads were stopped: 0.0145360 seconds, Stopping threads took: 0.0004196 seconds
2022-12-19T12:44:00.130+0000: 25205.052: Total time for which application threads were stopped: 0.0005142 seconds, Stopping threads took: 0.0000901 seconds
2022-12-19T12:44:01.131+0000: 25206.052: Total time for which application threads were stopped: 0.0005033 seconds, Stopping threads took: 0.0000970 seconds
2022-12-19T12:44:02.131+0000: 25207.053: Total time for which application threads were stopped: 0.0004307 seconds, Stopping threads took: 0.0000828 seconds
2022-12-19T12:44:33.136+0000: 25238.058: Total time for which application threads were stopped: 0.0003913 seconds, Stopping threads took: 0.0000881 seconds
2022-12-19T12:46:27.151+0000: 25352.073: Total time for which application threads were stopped: 0.0003840 seconds, Stopping threads took: 0.0001072 seconds
2022-12-19T12:46:43.154+0000: 25368.075: Total time for which application threads were stopped: 0.0003606 seconds, Stopping threads took: 0.0000849 seconds
2022-12-19T12:47:38.162+0000: 25423.084: Total time for which application threads were stopped: 0.0003603 seconds, Stopping threads took: 0.0000858 seconds
2022-12-19T12:47:47.164+0000: 25432.085: Total time for which application threads were stopped: 0.0003537 seconds, Stopping threads took: 0.0000813 seconds
{Heap before GC invocations=35 (full 2):
 par new generation   total 184320K, used 164064K [0x00000000e0000000, 0x00000000ec800000, 0x00000000ec800000)
  eden space 163840K, 100% used [0x00000000e0000000, 0x00000000ea000000, 0x00000000ea000000)
  from space 20480K,   1% used [0x00000000eb400000, 0x00000000eb438090, 0x00000000ec800000)
  to   space 20480K,   0% used [0x00000000ea000000, 0x00000000ea000000, 0x00000000eb400000)
 concurrent mark-sweep generation total 319488K, used 63503K [0x00000000ec800000, 0x0000000100000000, 0x0000000100000000)
 Metaspace       used 50652K, capacity 53232K, committed 53284K, reserved 1095680K
  class space    used 6724K, capacity 7266K, committed 7288K, reserved 1048576K
2022-12-19T12:53:22.563+0000: 25767.484: [GC (Allocation Failure) 2022-12-19T12:53:22.563+0000: 25767.484: [ParNew
Desired survivor size 10485760 bytes, new threshold 1 (max 1)
- age   1:   20310528 bytes,   20310528 total
: 164064K->19936K(184320K), 0.0154777 secs] 227567K->86659K(503808K), 0.0156943 secs] [Times: user=0.24 sys=0.04, real=0.01 secs] 
Heap after GC invocations=36 (full 2):
 par new generation   total 184320K, used 19936K [0x00000000e0000000, 0x00000000ec800000, 0x00000000ec800000)
  eden space 163840K,   0% used [0x00000000e0000000, 0x00000000e0000000, 0x00000000ea000000)
  from space 20480K,  97% used [0x00000000ea000000, 0x00000000eb378120, 0x00000000eb400000)
  to   space 20480K,   0% used [0x00000000eb400000, 0x00000000eb400000, 0x00000000ec800000)
 concurrent mark-sweep generation total 319488K, used 66723K [0x00000000ec800000, 0x0000000100000000, 0x0000000100000000)
 Metaspace       used 50652K, capacity 53232K, committed 53284K, reserved 1095680K
  class space    used 6724K, capacity 7266K, committed 7288K, reserved 1048576K
}
2022-12-19T12:53:22.578+0000: 25767.500: Total time for which application threads were stopped: 0.0162652 seconds, Stopping threads took: 0.0000836 seconds
2022-12-19T12:54:33.587+0000: 25838.509: Total time for which application threads were stopped: 0.0003612 seconds, Stopping threads took: 0.0000860 seconds
2022-12-19T12:59:07.627+0000: 26112.549: Total time for which application threads were stopped: 0.0010917 seconds, Stopping threads took: 0.0003592 seconds
2022-12-19T12:59:37.632+0000: 26142.553: Total time for which application threads were stopped: 0.0004940 seconds, Stopping threads took: 0.0000873 seconds
2022-12-19T13:02:27.653+0000: 26312.575: Total time for which application threads were stopped: 0.0003592 seconds, Stopping threads took: 0.0000859 seconds
2022-12-19T13:03:17.661+0000: 26362.583: Total time for which application threads were stopped: 0.0003585 seconds, Stopping threads took: 0.0000837 seconds
2022-12-19T13:06:37.688+0000: 26562.609: Total time for which application threads were stopped: 0.0003676 seconds, Stopping threads took: 0.0000851 seconds
{Heap before GC invocations=36 (full 2):
 par new generation   total 184320K, used 183776K [0x00000000e0000000, 0x00000000ec800000, 0x00000000ec800000)
  eden space 163840K, 100% used [0x00000000e0000000, 0x00000000ea000000, 0x00000000ea000000)
  from space 20480K,  97% used [0x00000000ea000000, 0x00000000eb378120, 0x00000000eb400000)
  to   space 20480K,   0% used [0x00000000eb400000, 0x00000000eb400000, 0x00000000ec800000)
 concurrent mark-sweep generation total 319488K, used 66723K [0x00000000ec800000, 0x0000000100000000, 0x0000000100000000)
 Metaspace       used 50655K, capacity 53236K, committed 53284K, reserved 1095680K
  class space    used 6724K, capacity 7266K, committed 7288K, reserved 1048576K
2022-12-19T13:07:45.128+0000: 26630.050: [GC (Allocation Failure) 2022-12-19T13:07:45.128+0000: 26630.050: [ParNew
Desired survivor size 10485760 bytes, new threshold 1 (max 1)
- age   1:     171064 bytes,     171064 total
: 183776K->355K(184320K), 0.0177913 secs] 250499K->68309K(503808K), 0.0180648 secs] [Times: user=0.24 sys=0.04, real=0.02 secs] 
Heap after GC invocations=37 (full 2):
 par new generation   total 184320K, used 355K [0x00000000e0000000, 0x00000000ec800000, 0x00000000ec800000)
  eden space 163840K,   0% used [0x00000000e0000000, 0x00000000e0000000, 0x00000000ea000000)
  from space 20480K,   1% used [0x00000000eb400000, 0x00000000eb458f00, 0x00000000ec800000)
  to   space 20480K,   0% used [0x00000000ea000000, 0x00000000ea000000, 0x00000000eb400000)
 concurrent mark-sweep generation total 319488K, used 67953K [0x00000000ec800000, 0x0000000100000000, 0x0000000100000000)
 Metaspace       used 50655K, capacity 53236K, committed 53284K, reserved 1095680K
  class space    used 6724K, capacity 7266K, committed 7288K, reserved 1048576K
}
2022-12-19T13:07:45.146+0000: 26630.068: Total time for which application threads were stopped: 0.0186668 seconds, Stopping threads took: 0.0000848 seconds
2022-12-19T13:09:33.161+0000: 26738.083: Total time for which application threads were stopped: 0.0003689 seconds, Stopping threads took: 0.0000858 seconds
2022-12-19T13:11:28.178+0000: 26853.099: Total time for which application threads were stopped: 0.0003632 seconds, Stopping threads took: 0.0000855 seconds
2022-12-19T13:11:48.181+0000: 26873.103: Total time for which application threads were stopped: 0.0003649 seconds, Stopping threads took: 0.0000851 seconds
2022-12-19T13:12:18.186+0000: 26903.107: Total time for which application threads were stopped: 0.0003655 seconds, Stopping threads took: 0.0000865 seconds
2022-12-19T13:12:28.188+0000: 26913.109: Total time for which application threads were stopped: 0.0003720 seconds, Stopping threads took: 0.0000896 seconds
{Heap before GC invocations=37 (full 2):
 par new generation   total 184320K, used 164195K [0x00000000e0000000, 0x00000000ec800000, 0x00000000ec800000)
  eden space 163840K, 100% used [0x00000000e0000000, 0x00000000ea000000, 0x00000000ea000000)
  from space 20480K,   1% used [0x00000000eb400000, 0x00000000eb458f00, 0x00000000ec800000)
  to   space 20480K,   0% used [0x00000000ea000000, 0x00000000ea000000, 0x00000000eb400000)
 concurrent mark-sweep generation total 319488K, used 67953K [0x00000000ec800000, 0x0000000100000000, 0x0000000100000000)
 Metaspace       used 50655K, capacity 53236K, committed 53284K, reserved 1095680K
  class space    used 6724K, capacity 7266K, committed 7288K, reserved 1048576K
2022-12-19T13:21:52.750+0000: 27477.672: [GC (Allocation Failure) 2022-12-19T13:21:52.750+0000: 27477.672: [ParNew
Desired survivor size 10485760 bytes, new threshold 1 (max 1)
- age   1:     166136 bytes,     166136 total
: 164195K->230K(184320K), 0.0124026 secs] 232149K->68189K(503808K), 0.0126108 secs] [Times: user=0.20 sys=0.00, real=0.01 secs] 
Heap after GC invocations=38 (full 2):
 par new generation   total 184320K, used 230K [0x00000000e0000000, 0x00000000ec800000, 0x00000000ec800000)
  eden space 163840K,   0% used [0x00000000e0000000, 0x00000000e0000000, 0x00000000ea000000)
  from space 20480K,   1% used [0x00000000ea000000, 0x00000000ea039ae0, 0x00000000eb400000)
  to   space 20480K,   0% used [0x00000000eb400000, 0x00000000eb400000, 0x00000000ec800000)
 concurrent mark-sweep generation total 319488K, used 67958K [0x00000000ec800000, 0x0000000100000000, 0x0000000100000000)
 Metaspace       used 50655K, capacity 53236K, committed 53284K, reserved 1095680K
  class space    used 6724K, capacity 7266K, committed 7288K, reserved 1048576K
}
2022-12-19T13:21:52.763+0000: 27477.685: Total time for which application threads were stopped: 0.0141084 seconds, Stopping threads took: 0.0003928 seconds
2022-12-19T13:23:17.775+0000: 27562.697: Total time for which application threads were stopped: 0.0003641 seconds, Stopping threads took: 0.0000827 seconds
{Heap before GC invocations=38 (full 2):
 par new generation   total 184320K, used 164070K [0x00000000e0000000, 0x00000000ec800000, 0x00000000ec800000)
  eden space 163840K, 100% used [0x00000000e0000000, 0x00000000ea000000, 0x00000000ea000000)
  from space 20480K,   1% used [0x00000000ea000000, 0x00000000ea039ae0, 0x00000000eb400000)
  to   space 20480K,   0% used [0x00000000eb400000, 0x00000000eb400000, 0x00000000ec800000)
 concurrent mark-sweep generation total 319488K, used 67958K [0x00000000ec800000, 0x0000000100000000, 0x0000000100000000)
 Metaspace       used 50658K, capacity 53236K, committed 53284K, reserved 1095680K
  class space    used 6724K, capacity 7266K, committed 7288K, reserved 1048576K
2022-12-19T13:35:45.220+0000: 28310.141: [GC (Allocation Failure) 2022-12-19T13:35:45.220+0000: 28310.141: [ParNew
Desired survivor size 10485760 bytes, new threshold 1 (max 1)
- age   1:     165720 bytes,     165720 total
: 164070K->229K(184320K), 0.0088558 secs] 232029K->68188K(503808K), 0.0090765 secs] [Times: user=0.12 sys=0.02, real=0.02 secs] 
Heap after GC invocations=39 (full 2):
 par new generation   total 184320K, used 229K [0x00000000e0000000, 0x00000000ec800000, 0x00000000ec800000)
  eden space 163840K,   0% used [0x00000000e0000000, 0x00000000e0000000, 0x00000000ea000000)
  from space 20480K,   1% used [0x00000000eb400000, 0x00000000eb4396a8, 0x00000000ec800000)
  to   space 20480K,   0% used [0x00000000ea000000, 0x00000000ea000000, 0x00000000eb400000)
 concurrent mark-sweep generation total 319488K, used 67959K [0x00000000ec800000, 0x0000000100000000, 0x0000000100000000)
 Metaspace       used 50658K, capacity 53236K, committed 53284K, reserved 1095680K
  class space    used 6724K, capacity 7266K, committed 7288K, reserved 1048576K
}
2022-12-19T13:35:45.229+0000: 28310.151: Total time for which application threads were stopped: 0.0097294 seconds, Stopping threads took: 0.0000902 seconds
2022-12-19T13:44:00.301+0000: 28805.223: Total time for which application threads were stopped: 0.0011462 seconds, Stopping threads took: 0.0003581 seconds
2022-12-19T13:44:01.302+0000: 28806.223: Total time for which application threads were stopped: 0.0003887 seconds, Stopping threads took: 0.0000907 seconds
2022-12-19T13:44:02.302+0000: 28807.224: Total time for which application threads were stopped: 0.0003823 seconds, Stopping threads took: 0.0000783 seconds
2022-12-19T13:45:00.311+0000: 28865.232: Total time for which application threads were stopped: 0.0003714 seconds, Stopping threads took: 0.0000848 seconds
{Heap before GC invocations=39 (full 2):
 par new generation   total 184320K, used 164069K [0x00000000e0000000, 0x00000000ec800000, 0x00000000ec800000)
  eden space 163840K, 100% used [0x00000000e0000000, 0x00000000ea000000, 0x00000000ea000000)
  from space 20480K,   1% used [0x00000000eb400000, 0x00000000eb4396a8, 0x00000000ec800000)
  to   space 20480K,   0% used [0x00000000ea000000, 0x00000000ea000000, 0x00000000eb400000)
 concurrent mark-sweep generation total 319488K, used 67959K [0x00000000ec800000, 0x0000000100000000, 0x0000000100000000)
 Metaspace       used 50677K, capacity 53236K, committed 53284K, reserved 1095680K
  class space    used 6724K, capacity 7266K, committed 7288K, reserved 1048576K
2022-12-19T13:48:28.849+0000: 29073.771: [GC (Allocation Failure) 2022-12-19T13:48:28.849+0000: 29073.771: [ParNew
Desired survivor size 10485760 bytes, new threshold 1 (max 1)
- age   1:   20444880 bytes,   20444880 total
: 164069K->20053K(184320K), 0.0124524 secs] 232028K->89036K(503808K), 0.0126504 secs] [Times: user=0.14 sys=0.10, real=0.01 secs] 
Heap after GC invocations=40 (full 2):
 par new generation   total 184320K, used 20053K [0x00000000e0000000, 0x00000000ec800000, 0x00000000ec800000)
  eden space 163840K,   0% used [0x00000000e0000000, 0x00000000e0000000, 0x00000000ea000000)
  from space 20480K,  97% used [0x00000000ea000000, 0x00000000eb395620, 0x00000000eb400000)
  to   space 20480K,   0% used [0x00000000eb400000, 0x00000000eb400000, 0x00000000ec800000)
 concurrent mark-sweep generation total 319488K, used 68983K [0x00000000ec800000, 0x0000000100000000, 0x0000000100000000)
 Metaspace       used 50677K, capacity 53236K, committed 53284K, reserved 1095680K
  class space    used 6724K, capacity 7266K, committed 7288K, reserved 1048576K
}
2022-12-19T13:48:28.862+0000: 29073.784: Total time for which application threads were stopped: 0.0132131 seconds, Stopping threads took: 0.0000849 seconds
2022-12-19T13:48:29.863+0000: 29074.784: Total time for which application threads were stopped: 0.0003295 seconds, Stopping threads took: 0.0000754 seconds
2022-12-19T13:49:33.871+0000: 29138.793: Total time for which application threads were stopped: 0.0003447 seconds, Stopping threads took: 0.0000840 seconds
{Heap before GC invocations=40 (full 2):
 par new generation   total 184320K, used 183893K [0x00000000e0000000, 0x00000000ec800000, 0x00000000ec800000)
  eden space 163840K, 100% used [0x00000000e0000000, 0x00000000ea000000, 0x00000000ea000000)
  from space 20480K,  97% used [0x00000000ea000000, 0x00000000eb395620, 0x00000000eb400000)
  to   space 20480K,   0% used [0x00000000eb400000, 0x00000000eb400000, 0x00000000ec800000)
 concurrent mark-sweep generation total 319488K, used 68983K [0x00000000ec800000, 0x0000000100000000, 0x0000000100000000)
 Metaspace       used 50677K, capacity 53236K, committed 53284K, reserved 1095680K
  class space    used 6724K, capacity 7266K, committed 7288K, reserved 1048576K
2022-12-19T14:02:22.245+0000: 29907.167: [GC (Allocation Failure) 2022-12-19T14:02:22.245+0000: 29907.167: [ParNew
Desired survivor size 10485760 bytes, new threshold 1 (max 1)
- age   1:     168040 bytes,     168040 total
: 183893K->453K(184320K), 0.0104145 secs] 252876K->71829K(503808K), 0.0106778 secs] [Times: user=0.09 sys=0.07, real=0.01 secs] 
Heap after GC invocations=41 (full 2):
 par new generation   total 184320K, used 453K [0x00000000e0000000, 0x00000000ec800000, 0x00000000ec800000)
  eden space 163840K,   0% used [0x00000000e0000000, 0x00000000e0000000, 0x00000000ea000000)
  from space 20480K,   2% used [0x00000000eb400000, 0x00000000eb471580, 0x00000000ec800000)
  to   space 20480K,   0% used [0x00000000ea000000, 0x00000000ea000000, 0x00000000eb400000)
 concurrent mark-sweep generation total 319488K, used 71375K [0x00000000ec800000, 0x0000000100000000, 0x0000000100000000)
 Metaspace       used 50677K, capacity 53236K, committed 53284K, reserved 1095680K
  class space    used 6724K, capacity 7266K, committed 7288K, reserved 1048576K
}
2022-12-19T14:02:22.256+0000: 29907.178: Total time for which application threads were stopped: 0.0113460 seconds, Stopping threads took: 0.0000871 seconds
2022-12-19T14:02:23.257+0000: 29908.178: Total time for which application threads were stopped: 0.0003833 seconds, Stopping threads took: 0.0000858 seconds
2022-12-19T14:04:33.277+0000: 30038.198: Total time for which application threads were stopped: 0.0007005 seconds, Stopping threads took: 0.0001703 seconds
2022-12-19T14:07:58.305+0000: 30243.227: Total time for which application threads were stopped: 0.0008617 seconds, Stopping threads took: 0.0002297 seconds
2022-12-19T14:09:33.317+0000: 30338.239: Total time for which application threads were stopped: 0.0003695 seconds, Stopping threads took: 0.0001002 seconds
{Heap before GC invocations=41 (full 2):
 par new generation   total 184320K, used 164293K [0x00000000e0000000, 0x00000000ec800000, 0x00000000ec800000)
  eden space 163840K, 100% used [0x00000000e0000000, 0x00000000ea000000, 0x00000000ea000000)
  from space 20480K,   2% used [0x00000000eb400000, 0x00000000eb471580, 0x00000000ec800000)
  to   space 20480K,   0% used [0x00000000ea000000, 0x00000000ea000000, 0x00000000eb400000)
 concurrent mark-sweep generation total 319488K, used 71375K [0x00000000ec800000, 0x0000000100000000, 0x0000000100000000)
 Metaspace       used 50677K, capacity 53236K, committed 53284K, reserved 1095680K
  class space    used 6724K, capacity 7266K, committed 7288K, reserved 1048576K
2022-12-19T14:16:15.793+0000: 30740.715: [GC (Allocation Failure) 2022-12-19T14:16:15.793+0000: 30740.715: [ParNew
Desired survivor size 10485760 bytes, new threshold 1 (max 1)
- age   1:     167984 bytes,     167984 total
: 164293K->214K(184320K), 0.0189441 secs] 235669K->71590K(503808K), 0.0191773 secs] [Times: user=0.29 sys=0.04, real=0.02 secs] 
Heap after GC invocations=42 (full 2):
 par new generation   total 184320K, used 214K [0x00000000e0000000, 0x00000000ec800000, 0x00000000ec800000)
  eden space 163840K,   0% used [0x00000000e0000000, 0x00000000e0000000, 0x00000000ea000000)
  from space 20480K,   1% used [0x00000000ea000000, 0x00000000ea035bb0, 0x00000000eb400000)
  to   space 20480K,   0% used [0x00000000eb400000, 0x00000000eb400000, 0x00000000ec800000)
 concurrent mark-sweep generation total 319488K, used 71375K [0x00000000ec800000, 0x0000000100000000, 0x0000000100000000)
 Metaspace       used 50677K, capacity 53236K, committed 53284K, reserved 1095680K
  class space    used 6724K, capacity 7266K, committed 7288K, reserved 1048576K
}
2022-12-19T14:16:15.812+0000: 30740.734: Total time for which application threads were stopped: 0.0203265 seconds, Stopping threads took: 0.0003247 seconds
{Heap before GC invocations=42 (full 2):
 par new generation   total 184320K, used 164054K [0x00000000e0000000, 0x00000000ec800000, 0x00000000ec800000)
  eden space 163840K, 100% used [0x00000000e0000000, 0x00000000ea000000, 0x00000000ea000000)
  from space 20480K,   1% used [0x00000000ea000000, 0x00000000ea035bb0, 0x00000000eb400000)
  to   space 20480K,   0% used [0x00000000eb400000, 0x00000000eb400000, 0x00000000ec800000)
 concurrent mark-sweep generation total 319488K, used 71375K [0x00000000ec800000, 0x0000000100000000, 0x0000000100000000)
 Metaspace       used 50677K, capacity 53236K, committed 53284K, reserved 1095680K
  class space    used 6724K, capacity 7266K, committed 7288K, reserved 1048576K
2022-12-19T14:29:52.338+0000: 31557.259: [GC (Allocation Failure) 2022-12-19T14:29:52.338+0000: 31557.259: [ParNew
Desired survivor size 10485760 bytes, new threshold 1 (max 1)
- age   1:     167792 bytes,     167792 total
: 164054K->221K(184320K), 0.0206434 secs] 235430K->71597K(503808K), 0.0208609 secs] [Times: user=0.37 sys=0.00, real=0.02 secs] 
Heap after GC invocations=43 (full 2):
 par new generation   total 184320K, used 221K [0x00000000e0000000, 0x00000000ec800000, 0x00000000ec800000)
  eden space 163840K,   0% used [0x00000000e0000000, 0x00000000e0000000, 0x00000000ea000000)
  from space 20480K,   1% used [0x00000000eb400000, 0x00000000eb437608, 0x00000000ec800000)
  to   space 20480K,   0% used [0x00000000ea000000, 0x00000000ea000000, 0x00000000eb400000)
 concurrent mark-sweep generation total 319488K, used 71375K [0x00000000ec800000, 0x0000000100000000, 0x0000000100000000)
 Metaspace       used 50677K, capacity 53236K, committed 53284K, reserved 1095680K
  class space    used 6724K, capacity 7266K, committed 7288K, reserved 1048576K
}
2022-12-19T14:29:52.359+0000: 31557.280: Total time for which application threads were stopped: 0.0221618 seconds, Stopping threads took: 0.0003419 seconds
{Heap before GC invocations=43 (full 2):
 par new generation   total 184320K, used 164061K [0x00000000e0000000, 0x00000000ec800000, 0x00000000ec800000)
  eden space 163840K, 100% used [0x00000000e0000000, 0x00000000ea000000, 0x00000000ea000000)
  from space 20480K,   1% used [0x00000000eb400000, 0x00000000eb437608, 0x00000000ec800000)
  to   space 20480K,   0% used [0x00000000ea000000, 0x00000000ea000000, 0x00000000eb400000)
 concurrent mark-sweep generation total 319488K, used 71375K [0x00000000ec800000, 0x0000000100000000, 0x0000000100000000)
 Metaspace       used 50677K, capacity 53236K, committed 53284K, reserved 1095680K
  class space    used 6724K, capacity 7266K, committed 7288K, reserved 1048576K
2022-12-19T14:43:43.650+0000: 32388.572: [GC (Allocation Failure) 2022-12-19T14:43:43.650+0000: 32388.572: [ParNew
Desired survivor size 10485760 bytes, new threshold 1 (max 1)
- age   1:     168304 bytes,     168304 total
: 164061K->249K(184320K), 0.0127448 secs] 235437K->71625K(503808K), 0.0129692 secs] [Times: user=0.21 sys=0.00, real=0.01 secs] 
Heap after GC invocations=44 (full 2):
 par new generation   total 184320K, used 249K [0x00000000e0000000, 0x00000000ec800000, 0x00000000ec800000)
  eden space 163840K,   0% used [0x00000000e0000000, 0x00000000e0000000, 0x00000000ea000000)
  from space 20480K,   1% used [0x00000000ea000000, 0x00000000ea03e7c0, 0x00000000eb400000)
  to   space 20480K,   0% used [0x00000000eb400000, 0x00000000eb400000, 0x00000000ec800000)
 concurrent mark-sweep generation total 319488K, used 71375K [0x00000000ec800000, 0x0000000100000000, 0x0000000100000000)
 Metaspace       used 50677K, capacity 53236K, committed 53284K, reserved 1095680K
  class space    used 6724K, capacity 7266K, committed 7288K, reserved 1048576K
}
2022-12-19T14:43:43.663+0000: 32388.585: Total time for which application threads were stopped: 0.0144971 seconds, Stopping threads took: 0.0004114 seconds
2022-12-19T14:43:59.666+0000: 32404.588: Total time for which application threads were stopped: 0.0003857 seconds, Stopping threads took: 0.0000857 seconds
2022-12-19T14:44:00.667+0000: 32405.588: Total time for which application threads were stopped: 0.0004649 seconds, Stopping threads took: 0.0000830 seconds
2022-12-19T14:44:01.667+0000: 32406.589: Total time for which application threads were stopped: 0.0003947 seconds, Stopping threads took: 0.0000891 seconds
2022-12-19T14:44:33.671+0000: 32438.593: Total time for which application threads were stopped: 0.0003916 seconds, Stopping threads took: 0.0000867 seconds
2022-12-19T14:46:42.687+0000: 32567.609: Total time for which application threads were stopped: 0.0003514 seconds, Stopping threads took: 0.0000832 seconds
{Heap before GC invocations=44 (full 2):
 par new generation   total 184320K, used 164089K [0x00000000e0000000, 0x00000000ec800000, 0x00000000ec800000)
  eden space 163840K, 100% used [0x00000000e0000000, 0x00000000ea000000, 0x00000000ea000000)
  from space 20480K,   1% used [0x00000000ea000000, 0x00000000ea03e7c0, 0x00000000eb400000)
  to   space 20480K,   0% used [0x00000000eb400000, 0x00000000eb400000, 0x00000000ec800000)
 concurrent mark-sweep generation total 319488K, used 71375K [0x00000000ec800000, 0x0000000100000000, 0x0000000100000000)
 Metaspace       used 50700K, capacity 53236K, committed 53284K, reserved 1095680K
  class space    used 6724K, capacity 7266K, committed 7288K, reserved 1048576K
2022-12-19T14:56:17.378+0000: 33142.299: [GC (Allocation Failure) 2022-12-19T14:56:17.378+0000: 33142.299: [ParNew
Desired survivor size 10485760 bytes, new threshold 1 (max 1)
- age   1:   20280128 bytes,   20280128 total
: 164089K->19895K(184320K), 0.0191445 secs] 235465K->93467K(503808K), 0.0193878 secs] [Times: user=0.26 sys=0.09, real=0.02 secs] 
Heap after GC invocations=45 (full 2):
 par new generation   total 184320K, used 19895K [0x00000000e0000000, 0x00000000ec800000, 0x00000000ec800000)
  eden space 163840K,   0% used [0x00000000e0000000, 0x00000000e0000000, 0x00000000ea000000)
  from space 20480K,  97% used [0x00000000eb400000, 0x00000000ec76dc50, 0x00000000ec800000)
  to   space 20480K,   0% used [0x00000000ea000000, 0x00000000ea000000, 0x00000000eb400000)
 concurrent mark-sweep generation total 319488K, used 73572K [0x00000000ec800000, 0x0000000100000000, 0x0000000100000000)
 Metaspace       used 50700K, capacity 53236K, committed 53284K, reserved 1095680K
  class space    used 6724K, capacity 7266K, committed 7288K, reserved 1048576K
}
2022-12-19T14:56:17.397+0000: 33142.319: Total time for which application threads were stopped: 0.0204826 seconds, Stopping threads took: 0.0002142 seconds
{Heap before GC invocations=45 (full 2):
 par new generation   total 184320K, used 183735K [0x00000000e0000000, 0x00000000ec800000, 0x00000000ec800000)
  eden space 163840K, 100% used [0x00000000e0000000, 0x00000000ea000000, 0x00000000ea000000)
  from space 20480K,  97% used [0x00000000eb400000, 0x00000000ec76dc50, 0x00000000ec800000)
  to   space 20480K,   0% used [0x00000000ea000000, 0x00000000ea000000, 0x00000000eb400000)
 concurrent mark-sweep generation total 319488K, used 73572K [0x00000000ec800000, 0x0000000100000000, 0x0000000100000000)
 Metaspace       used 50700K, capacity 53236K, committed 53284K, reserved 1095680K
  class space    used 6724K, capacity 7266K, committed 7288K, reserved 1048576K
2022-12-19T15:10:06.909+0000: 33971.831: [GC (Allocation Failure) 2022-12-19T15:10:06.909+0000: 33971.831: [ParNew
Desired survivor size 10485760 bytes, new threshold 1 (max 1)
- age   1:     169880 bytes,     169880 total
: 183735K->346K(184320K), 0.0145480 secs] 257307K->75120K(503808K), 0.0147707 secs] [Times: user=0.19 sys=0.03, real=0.01 secs] 
Heap after GC invocations=46 (full 2):
 par new generation   total 184320K, used 346K [0x00000000e0000000, 0x00000000ec800000, 0x00000000ec800000)
  eden space 163840K,   0% used [0x00000000e0000000, 0x00000000e0000000, 0x00000000ea000000)
  from space 20480K,   1% used [0x00000000ea000000, 0x00000000ea056b08, 0x00000000eb400000)
  to   space 20480K,   0% used [0x00000000eb400000, 0x00000000eb400000, 0x00000000ec800000)
 concurrent mark-sweep generation total 319488K, used 74774K [0x00000000ec800000, 0x0000000100000000, 0x0000000100000000)
 Metaspace       used 50700K, capacity 53236K, committed 53284K, reserved 1095680K
  class space    used 6724K, capacity 7266K, committed 7288K, reserved 1048576K
}
2022-12-19T15:10:06.924+0000: 33971.846: Total time for which application threads were stopped: 0.0157233 seconds, Stopping threads took: 0.0002585 seconds
{Heap before GC invocations=46 (full 2):
 par new generation   total 184320K, used 164186K [0x00000000e0000000, 0x00000000ec800000, 0x00000000ec800000)
  eden space 163840K, 100% used [0x00000000e0000000, 0x00000000ea000000, 0x00000000ea000000)
  from space 20480K,   1% used [0x00000000ea000000, 0x00000000ea056b08, 0x00000000eb400000)
  to   space 20480K,   0% used [0x00000000eb400000, 0x00000000eb400000, 0x00000000ec800000)
 concurrent mark-sweep generation total 319488K, used 74774K [0x00000000ec800000, 0x0000000100000000, 0x0000000100000000)
 Metaspace       used 50700K, capacity 53236K, committed 53284K, reserved 1095680K
  class space    used 6724K, capacity 7266K, committed 7288K, reserved 1048576K
2022-12-19T15:24:08.450+0000: 34813.372: [GC (Allocation Failure) 2022-12-19T15:24:08.450+0000: 34813.372: [ParNew
Desired survivor size 10485760 bytes, new threshold 1 (max 1)
- age   1:     169440 bytes,     169440 total
: 164186K->218K(184320K), 0.0096608 secs] 238960K->74992K(503808K), 0.0098985 secs] [Times: user=0.12 sys=0.03, real=0.00 secs] 
Heap after GC invocations=47 (full 2):
 par new generation   total 184320K, used 218K [0x00000000e0000000, 0x00000000ec800000, 0x00000000ec800000)
  eden space 163840K,   0% used [0x00000000e0000000, 0x00000000e0000000, 0x00000000ea000000)
  from space 20480K,   1% used [0x00000000eb400000, 0x00000000eb436948, 0x00000000ec800000)
  to   space 20480K,   0% used [0x00000000ea000000, 0x00000000ea000000, 0x00000000eb400000)
 concurrent mark-sweep generation total 319488K, used 74774K [0x00000000ec800000, 0x0000000100000000, 0x0000000100000000)
 Metaspace       used 50700K, capacity 53236K, committed 53284K, reserved 1095680K
  class space    used 6724K, capacity 7266K, committed 7288K, reserved 1048576K
}
2022-12-19T15:24:08.460+0000: 34813.382: Total time for which application threads were stopped: 0.0109122 seconds, Stopping threads took: 0.0001813 seconds
2022-12-19T15:29:39.506+0000: 35144.428: Total time for which application threads were stopped: 0.0007515 seconds, Stopping threads took: 0.0002611 seconds
2022-12-19T15:33:57.543+0000: 35402.464: Total time for which application threads were stopped: 0.0003631 seconds, Stopping threads took: 0.0000847 seconds
{Heap before GC invocations=47 (full 2):
 par new generation   total 184320K, used 164058K [0x00000000e0000000, 0x00000000ec800000, 0x00000000ec800000)
  eden space 163840K, 100% used [0x00000000e0000000, 0x00000000ea000000, 0x00000000ea000000)
  from space 20480K,   1% used [0x00000000eb400000, 0x00000000eb436948, 0x00000000ec800000)
  to   space 20480K,   0% used [0x00000000ea000000, 0x00000000ea000000, 0x00000000eb400000)
 concurrent mark-sweep generation total 319488K, used 74774K [0x00000000ec800000, 0x0000000100000000, 0x0000000100000000)
 Metaspace       used 50700K, capacity 53236K, committed 53284K, reserved 1095680K
  class space    used 6724K, capacity 7266K, committed 7288K, reserved 1048576K
2022-12-19T15:38:03.208+0000: 35648.129: [GC (Allocation Failure) 2022-12-19T15:38:03.208+0000: 35648.129: [ParNew
Desired survivor size 10485760 bytes, new threshold 1 (max 1)
- age   1:     169936 bytes,     169936 total
: 164058K->248K(184320K), 0.0136279 secs] 238832K->75022K(503808K), 0.0138447 secs] [Times: user=0.19 sys=0.03, real=0.02 secs] 
Heap after GC invocations=48 (full 2):
 par new generation   total 184320K, used 248K [0x00000000e0000000, 0x00000000ec800000, 0x00000000ec800000)
  eden space 163840K,   0% used [0x00000000e0000000, 0x00000000e0000000, 0x00000000ea000000)
  from space 20480K,   1% used [0x00000000ea000000, 0x00000000ea03e220, 0x00000000eb400000)
  to   space 20480K,   0% used [0x00000000eb400000, 0x00000000eb400000, 0x00000000ec800000)
 concurrent mark-sweep generation total 319488K, used 74774K [0x00000000ec800000, 0x0000000100000000, 0x0000000100000000)
 Metaspace       used 50700K, capacity 53236K, committed 53284K, reserved 1095680K
  class space    used 6724K, capacity 7266K, committed 7288K, reserved 1048576K
}
2022-12-19T15:38:03.222+0000: 35648.143: Total time for which application threads were stopped: 0.0150721 seconds, Stopping threads took: 0.0002376 seconds
2022-12-19T15:43:59.270+0000: 36004.192: Total time for which application threads were stopped: 0.0004456 seconds, Stopping threads took: 0.0000872 seconds
2022-12-19T15:44:00.271+0000: 36005.192: Total time for which application threads were stopped: 0.0004568 seconds, Stopping threads took: 0.0000918 seconds
2022-12-19T15:44:01.271+0000: 36006.193: Total time for which application threads were stopped: 0.0004198 seconds, Stopping threads took: 0.0000861 seconds
2022-12-19T15:44:34.276+0000: 36039.198: Total time for which application threads were stopped: 0.0004098 seconds, Stopping threads took: 0.0000851 seconds
2022-12-19T15:46:43.294+0000: 36168.216: Total time for which application threads were stopped: 0.0003848 seconds, Stopping threads took: 0.0000981 seconds
2022-12-19T15:46:47.295+0000: 36172.217: Total time for which application threads were stopped: 0.0003505 seconds, Stopping threads took: 0.0000826 seconds
{Heap before GC invocations=48 (full 2):
 par new generation   total 184320K, used 164088K [0x00000000e0000000, 0x00000000ec800000, 0x00000000ec800000)
  eden space 163840K, 100% used [0x00000000e0000000, 0x00000000ea000000, 0x00000000ea000000)
  from space 20480K,   1% used [0x00000000ea000000, 0x00000000ea03e220, 0x00000000eb400000)
  to   space 20480K,   0% used [0x00000000eb400000, 0x00000000eb400000, 0x00000000ec800000)
 concurrent mark-sweep generation total 319488K, used 74774K [0x00000000ec800000, 0x0000000100000000, 0x0000000100000000)
 Metaspace       used 50744K, capacity 53312K, committed 53540K, reserved 1095680K
  class space    used 6724K, capacity 7266K, committed 7288K, reserved 1048576K
2022-12-19T15:49:33.311+0000: 36338.233: [GC (Allocation Failure) 2022-12-19T15:49:33.311+0000: 36338.233: [ParNew
Desired survivor size 10485760 bytes, new threshold 1 (max 1)
- age   1:   20490016 bytes,   20490016 total
: 164088K->20091K(184320K), 0.0144484 secs] 238862K->96913K(503808K), 0.0146759 secs] [Times: user=0.20 sys=0.05, real=0.01 secs] 
Heap after GC invocations=49 (full 2):
 par new generation   total 184320K, used 20091K [0x00000000e0000000, 0x00000000ec800000, 0x00000000ec800000)
  eden space 163840K,   0% used [0x00000000e0000000, 0x00000000e0000000, 0x00000000ea000000)
  from space 20480K,  98% used [0x00000000eb400000, 0x00000000ec79eef8, 0x00000000ec800000)
  to   space 20480K,   0% used [0x00000000ea000000, 0x00000000ea000000, 0x00000000eb400000)
 concurrent mark-sweep generation total 319488K, used 76822K [0x00000000ec800000, 0x0000000100000000, 0x0000000100000000)
 Metaspace       used 50744K, capacity 53312K, committed 53540K, reserved 1095680K
  class space    used 6724K, capacity 7266K, committed 7288K, reserved 1048576K
}
2022-12-19T15:49:33.326+0000: 36338.248: Total time for which application threads were stopped: 0.0157449 seconds, Stopping threads took: 0.0003329 seconds
2022-12-19T16:00:01.407+0000: 36966.329: Total time for which application threads were stopped: 0.0003715 seconds, Stopping threads took: 0.0000901 seconds
{Heap before GC invocations=49 (full 2):
 par new generation   total 184320K, used 183931K [0x00000000e0000000, 0x00000000ec800000, 0x00000000ec800000)
  eden space 163840K, 100% used [0x00000000e0000000, 0x00000000ea000000, 0x00000000ea000000)
  from space 20480K,  98% used [0x00000000eb400000, 0x00000000ec79eef8, 0x00000000ec800000)
  to   space 20480K,   0% used [0x00000000ea000000, 0x00000000ea000000, 0x00000000eb400000)
 concurrent mark-sweep generation total 319488K, used 76822K [0x00000000ec800000, 0x0000000100000000, 0x0000000100000000)
 Metaspace       used 50754K, capacity 53312K, committed 53540K, reserved 1095680K
  class space    used 6724K, capacity 7266K, committed 7288K, reserved 1048576K
2022-12-19T16:03:49.199+0000: 37194.120: [GC (Allocation Failure) 2022-12-19T16:03:49.199+0000: 37194.121: [ParNew
Desired survivor size 10485760 bytes, new threshold 1 (max 1)
- age   1:     167920 bytes,     167920 total
: 183931K->472K(184320K), 0.0187115 secs] 260753K->79709K(503808K), 0.0189132 secs] [Times: user=0.32 sys=0.00, real=0.02 secs] 
Heap after GC invocations=50 (full 2):
 par new generation   total 184320K, used 472K [0x00000000e0000000, 0x00000000ec800000, 0x00000000ec800000)
  eden space 163840K,   0% used [0x00000000e0000000, 0x00000000e0000000, 0x00000000ea000000)
  from space 20480K,   2% used [0x00000000ea000000, 0x00000000ea076200, 0x00000000eb400000)
  to   space 20480K,   0% used [0x00000000eb400000, 0x00000000eb400000, 0x00000000ec800000)
 concurrent mark-sweep generation total 319488K, used 79236K [0x00000000ec800000, 0x0000000100000000, 0x0000000100000000)
 Metaspace       used 50754K, capacity 53312K, committed 53540K, reserved 1095680K
  class space    used 6724K, capacity 7266K, committed 7288K, reserved 1048576K
}
2022-12-19T16:03:49.218+0000: 37194.139: Total time for which application threads were stopped: 0.0195236 seconds, Stopping threads took: 0.0000888 seconds
2022-12-19T16:06:29.240+0000: 37354.161: Total time for which application threads were stopped: 0.0008613 seconds, Stopping threads took: 0.0002080 seconds
2022-12-19T16:06:43.242+0000: 37368.164: Total time for which application threads were stopped: 0.0003533 seconds, Stopping threads took: 0.0000830 seconds
2022-12-19T16:16:43.324+0000: 37968.246: Total time for which application threads were stopped: 0.0006993 seconds, Stopping threads took: 0.0002651 seconds
2022-12-19T16:17:04.327+0000: 37989.249: Total time for which application threads were stopped: 0.0003514 seconds, Stopping threads took: 0.0000813 seconds
{Heap before GC invocations=50 (full 2):
 par new generation   total 184320K, used 164312K [0x00000000e0000000, 0x00000000ec800000, 0x00000000ec800000)
  eden space 163840K, 100% used [0x00000000e0000000, 0x00000000ea000000, 0x00000000ea000000)
  from space 20480K,   2% used [0x00000000ea000000, 0x00000000ea076200, 0x00000000eb400000)
  to   space 20480K,   0% used [0x00000000eb400000, 0x00000000eb400000, 0x00000000ec800000)
 concurrent mark-sweep generation total 319488K, used 79236K [0x00000000ec800000, 0x0000000100000000, 0x0000000100000000)
 Metaspace       used 50757K, capacity 53312K, committed 53540K, reserved 1095680K
  class space    used 6724K, capacity 7266K, committed 7288K, reserved 1048576K
2022-12-19T16:17:45.512+0000: 38030.434: [GC (Allocation Failure) 2022-12-19T16:17:45.513+0000: 38030.434: [ParNew
Desired survivor size 10485760 bytes, new threshold 1 (max 1)
- age   1:     166104 bytes,     166104 total
: 164312K->232K(184320K), 0.0125811 secs] 243549K->79468K(503808K), 0.0128641 secs] [Times: user=0.16 sys=0.03, real=0.01 secs] 
Heap after GC invocations=51 (full 2):
 par new generation   total 184320K, used 232K [0x00000000e0000000, 0x00000000ec800000, 0x00000000ec800000)
  eden space 163840K,   0% used [0x00000000e0000000, 0x00000000e0000000, 0x00000000ea000000)
  from space 20480K,   1% used [0x00000000eb400000, 0x00000000eb43a088, 0x00000000ec800000)
  to   space 20480K,   0% used [0x00000000ea000000, 0x00000000ea000000, 0x00000000eb400000)
 concurrent mark-sweep generation total 319488K, used 79236K [0x00000000ec800000, 0x0000000100000000, 0x0000000100000000)
 Metaspace       used 50757K, capacity 53312K, committed 53540K, reserved 1095680K
  class space    used 6724K, capacity 7266K, committed 7288K, reserved 1048576K
}
2022-12-19T16:17:45.526+0000: 38030.447: Total time for which application threads were stopped: 0.0135451 seconds, Stopping threads took: 0.0000801 seconds
2022-12-19T16:20:03.545+0000: 38168.467: Total time for which application threads were stopped: 0.0004688 seconds, Stopping threads took: 0.0000841 seconds
{Heap before GC invocations=51 (full 2):
 par new generation   total 184320K, used 164072K [0x00000000e0000000, 0x00000000ec800000, 0x00000000ec800000)
  eden space 163840K, 100% used [0x00000000e0000000, 0x00000000ea000000, 0x00000000ea000000)
  from space 20480K,   1% used [0x00000000eb400000, 0x00000000eb43a088, 0x00000000ec800000)
  to   space 20480K,   0% used [0x00000000ea000000, 0x00000000ea000000, 0x00000000eb400000)
 concurrent mark-sweep generation total 319488K, used 79236K [0x00000000ec800000, 0x0000000100000000, 0x0000000100000000)
 Metaspace       used 50757K, capacity 53312K, committed 53540K, reserved 1095680K
  class space    used 6724K, capacity 7266K, committed 7288K, reserved 1048576K
2022-12-19T16:31:38.051+0000: 38862.973: [GC (Allocation Failure) 2022-12-19T16:31:38.051+0000: 38862.973: [ParNew
Desired survivor size 10485760 bytes, new threshold 1 (max 1)
- age   1:     166744 bytes,     166744 total
: 164072K->233K(184320K), 0.0122710 secs] 243308K->79470K(503808K), 0.0125023 secs] [Times: user=0.19 sys=0.01, real=0.01 secs] 
Heap after GC invocations=52 (full 2):
 par new generation   total 184320K, used 233K [0x00000000e0000000, 0x00000000ec800000, 0x00000000ec800000)
  eden space 163840K,   0% used [0x00000000e0000000, 0x00000000e0000000, 0x00000000ea000000)
  from space 20480K,   1% used [0x00000000ea000000, 0x00000000ea03a750, 0x00000000eb400000)
  to   space 20480K,   0% used [0x00000000eb400000, 0x00000000eb400000, 0x00000000ec800000)
 concurrent mark-sweep generation total 319488K, used 79236K [0x00000000ec800000, 0x0000000100000000, 0x0000000100000000)
 Metaspace       used 50757K, capacity 53312K, committed 53540K, reserved 1095680K
  class space    used 6724K, capacity 7266K, committed 7288K, reserved 1048576K
}
2022-12-19T16:31:38.064+0000: 38862.985: Total time for which application threads were stopped: 0.0138650 seconds, Stopping threads took: 0.0003735 seconds
2022-12-19T16:36:43.104+0000: 39168.026: Total time for which application threads were stopped: 0.0004526 seconds, Stopping threads took: 0.0001562 seconds
2022-12-19T16:43:59.161+0000: 39604.083: Total time for which application threads were stopped: 0.0004904 seconds, Stopping threads took: 0.0001555 seconds
2022-12-19T16:44:00.162+0000: 39605.084: Total time for which application threads were stopped: 0.0005389 seconds, Stopping threads took: 0.0000901 seconds
2022-12-19T16:44:01.163+0000: 39606.084: Total time for which application threads were stopped: 0.0004031 seconds, Stopping threads took: 0.0000895 seconds
{Heap before GC invocations=52 (full 2):
 par new generation   total 184320K, used 164073K [0x00000000e0000000, 0x00000000ec800000, 0x00000000ec800000)
  eden space 163840K, 100% used [0x00000000e0000000, 0x00000000ea000000, 0x00000000ea000000)
  from space 20480K,   1% used [0x00000000ea000000, 0x00000000ea03a750, 0x00000000eb400000)
  to   space 20480K,   0% used [0x00000000eb400000, 0x00000000eb400000, 0x00000000ec800000)
 concurrent mark-sweep generation total 319488K, used 79236K [0x00000000ec800000, 0x0000000100000000, 0x0000000100000000)
 Metaspace       used 50774K, capacity 53312K, committed 53540K, reserved 1095680K
  class space    used 6724K, capacity 7266K, committed 7288K, reserved 1048576K
2022-12-19T16:44:14.546+0000: 39619.468: [GC (Allocation Failure) 2022-12-19T16:44:14.546+0000: 39619.468: [ParNew
Desired survivor size 10485760 bytes, new threshold 1 (max 1)
- age   1:    5522920 bytes,    5522920 total
: 164073K->5460K(184320K), 0.0093581 secs] 243310K->84698K(503808K), 0.0096022 secs] [Times: user=0.15 sys=0.00, real=0.01 secs] 
Heap after GC invocations=53 (full 2):
 par new generation   total 184320K, used 5460K [0x00000000e0000000, 0x00000000ec800000, 0x00000000ec800000)
  eden space 163840K,   0% used [0x00000000e0000000, 0x00000000e0000000, 0x00000000ea000000)
  from space 20480K,  26% used [0x00000000eb400000, 0x00000000eb9552b0, 0x00000000ec800000)
  to   space 20480K,   0% used [0x00000000ea000000, 0x00000000ea000000, 0x00000000eb400000)
 concurrent mark-sweep generation total 319488K, used 79237K [0x00000000ec800000, 0x0000000100000000, 0x0000000100000000)
 Metaspace       used 50774K, capacity 53312K, committed 53540K, reserved 1095680K
  class space    used 6724K, capacity 7266K, committed 7288K, reserved 1048576K
}
2022-12-19T16:44:14.556+0000: 39619.477: Total time for which application threads were stopped: 0.0102487 seconds, Stopping threads took: 0.0000876 seconds
2022-12-19T16:44:33.558+0000: 39638.480: Total time for which application threads were stopped: 0.0003792 seconds, Stopping threads took: 0.0000864 seconds
{Heap before GC invocations=53 (full 2):
 par new generation   total 184320K, used 169300K [0x00000000e0000000, 0x00000000ec800000, 0x00000000ec800000)
  eden space 163840K, 100% used [0x00000000e0000000, 0x00000000ea000000, 0x00000000ea000000)
  from space 20480K,  26% used [0x00000000eb400000, 0x00000000eb9552b0, 0x00000000ec800000)
  to   space 20480K,   0% used [0x00000000ea000000, 0x00000000ea000000, 0x00000000eb400000)
 concurrent mark-sweep generation total 319488K, used 79237K [0x00000000ec800000, 0x0000000100000000, 0x0000000100000000)
 Metaspace       used 50774K, capacity 53312K, committed 53540K, reserved 1095680K
  class space    used 6724K, capacity 7266K, committed 7288K, reserved 1048576K
2022-12-19T16:58:37.109+0000: 40482.031: [GC (Allocation Failure) 2022-12-19T16:58:37.109+0000: 40482.031: [ParNew
Desired survivor size 10485760 bytes, new threshold 1 (max 1)
- age   1:   20217744 bytes,   20217744 total
: 169300K->19881K(184320K), 0.0173238 secs] 248538K->101390K(503808K), 0.0175553 secs] [Times: user=0.20 sys=0.11, real=0.01 secs] 
Heap after GC invocations=54 (full 2):
 par new generation   total 184320K, used 19881K [0x00000000e0000000, 0x00000000ec800000, 0x00000000ec800000)
  eden space 163840K,   0% used [0x00000000e0000000, 0x00000000e0000000, 0x00000000ea000000)
  from space 20480K,  97% used [0x00000000ea000000, 0x00000000eb36a628, 0x00000000eb400000)
  to   space 20480K,   0% used [0x00000000eb400000, 0x00000000eb400000, 0x00000000ec800000)
 concurrent mark-sweep generation total 319488K, used 81508K [0x00000000ec800000, 0x0000000100000000, 0x0000000100000000)
 Metaspace       used 50774K, capacity 53312K, committed 53540K, reserved 1095680K
  class space    used 6724K, capacity 7266K, committed 7288K, reserved 1048576K
}
2022-12-19T16:58:37.127+0000: 40482.048: Total time for which application threads were stopped: 0.0190283 seconds, Stopping threads took: 0.0003740 seconds
2022-12-19T17:02:07.156+0000: 40692.077: Total time for which application threads were stopped: 0.0003661 seconds, Stopping threads took: 0.0000880 seconds
2022-12-19T17:09:00.212+0000: 41105.134: Total time for which application threads were stopped: 0.0003900 seconds, Stopping threads took: 0.0001137 seconds
{Heap before GC invocations=54 (full 2):
 par new generation   total 184320K, used 183721K [0x00000000e0000000, 0x00000000ec800000, 0x00000000ec800000)
  eden space 163840K, 100% used [0x00000000e0000000, 0x00000000ea000000, 0x00000000ea000000)
  from space 20480K,  97% used [0x00000000ea000000, 0x00000000eb36a628, 0x00000000eb400000)
  to   space 20480K,   0% used [0x00000000eb400000, 0x00000000eb400000, 0x00000000ec800000)
 concurrent mark-sweep generation total 319488K, used 81508K [0x00000000ec800000, 0x0000000100000000, 0x0000000100000000)
 Metaspace       used 50774K, capacity 53312K, committed 53540K, reserved 1095680K
  class space    used 6724K, capacity 7266K, committed 7288K, reserved 1048576K
2022-12-19T17:13:00.657+0000: 41345.578: [GC (Allocation Failure) 2022-12-19T17:13:00.657+0000: 41345.579: [ParNew
Desired survivor size 10485760 bytes, new threshold 1 (max 1)
- age   1:     167280 bytes,     167280 total
: 183721K->330K(184320K), 0.0096948 secs] 265230K->82987K(503808K), 0.0099214 secs] [Times: user=0.14 sys=0.01, real=0.01 secs] 
Heap after GC invocations=55 (full 2):
 par new generation   total 184320K, used 330K [0x00000000e0000000, 0x00000000ec800000, 0x00000000ec800000)
  eden space 163840K,   0% used [0x00000000e0000000, 0x00000000e0000000, 0x00000000ea000000)
  from space 20480K,   1% used [0x00000000eb400000, 0x00000000eb4528b0, 0x00000000ec800000)
  to   space 20480K,   0% used [0x00000000ea000000, 0x00000000ea000000, 0x00000000eb400000)
 concurrent mark-sweep generation total 319488K, used 82657K [0x00000000ec800000, 0x0000000100000000, 0x0000000100000000)
 Metaspace       used 50774K, capacity 53312K, committed 53540K, reserved 1095680K
  class space    used 6724K, capacity 7266K, committed 7288K, reserved 1048576K
}
2022-12-19T17:13:00.667+0000: 41345.589: Total time for which application threads were stopped: 0.0105678 seconds, Stopping threads took: 0.0000889 seconds
{Heap before GC invocations=55 (full 2):
 par new generation   total 184320K, used 164170K [0x00000000e0000000, 0x00000000ec800000, 0x00000000ec800000)
  eden space 163840K, 100% used [0x00000000e0000000, 0x00000000ea000000, 0x00000000ea000000)
  from space 20480K,   1% used [0x00000000eb400000, 0x00000000eb4528b0, 0x00000000ec800000)
  to   space 20480K,   0% used [0x00000000ea000000, 0x00000000ea000000, 0x00000000eb400000)
 concurrent mark-sweep generation total 319488K, used 82657K [0x00000000ec800000, 0x0000000100000000, 0x0000000100000000)
 Metaspace       used 50775K, capacity 53312K, committed 53540K, reserved 1095680K
  class space    used 6724K, capacity 7266K, committed 7288K, reserved 1048576K
2022-12-19T17:27:05.860+0000: 42190.781: [GC (Allocation Failure) 2022-12-19T17:27:05.860+0000: 42190.781: [ParNew
Desired survivor size 10485760 bytes, new threshold 1 (max 1)
- age   1:     166472 bytes,     166472 total
: 164170K->235K(184320K), 0.0136624 secs] 246827K->82893K(503808K), 0.0139410 secs] [Times: user=0.17 sys=0.05, real=0.02 secs] 
Heap after GC invocations=56 (full 2):
 par new generation   total 184320K, used 235K [0x00000000e0000000, 0x00000000ec800000, 0x00000000ec800000)
  eden space 163840K,   0% used [0x00000000e0000000, 0x00000000e0000000, 0x00000000ea000000)
  from space 20480K,   1% used [0x00000000ea000000, 0x00000000ea03ade8, 0x00000000eb400000)
  to   space 20480K,   0% used [0x00000000eb400000, 0x00000000eb400000, 0x00000000ec800000)
 concurrent mark-sweep generation total 319488K, used 82658K [0x00000000ec800000, 0x0000000100000000, 0x0000000100000000)
 Metaspace       used 50775K, capacity 53312K, committed 53540K, reserved 1095680K
  class space    used 6724K, capacity 7266K, committed 7288K, reserved 1048576K
}
2022-12-19T17:27:05.874+0000: 42190.795: Total time for which application threads were stopped: 0.0153897 seconds, Stopping threads took: 0.0003688 seconds
{Heap before GC invocations=56 (full 2):
 par new generation   total 184320K, used 164075K [0x00000000e0000000, 0x00000000ec800000, 0x00000000ec800000)
  eden space 163840K, 100% used [0x00000000e0000000, 0x00000000ea000000, 0x00000000ea000000)
  from space 20480K,   1% used [0x00000000ea000000, 0x00000000ea03ade8, 0x00000000eb400000)
  to   space 20480K,   0% used [0x00000000eb400000, 0x00000000eb400000, 0x00000000ec800000)
 concurrent mark-sweep generation total 319488K, used 82658K [0x00000000ec800000, 0x0000000100000000, 0x0000000100000000)
 Metaspace       used 50797K, capacity 53312K, committed 53540K, reserved 1095680K
  class space    used 6724K, capacity 7266K, committed 7288K, reserved 1048576K
2022-12-19T17:40:59.917+0000: 43024.838: [GC (Allocation Failure) 2022-12-19T17:40:59.917+0000: 43024.838: [ParNew
Desired survivor size 10485760 bytes, new threshold 1 (max 1)
- age   1:     170856 bytes,     170856 total
: 164075K->214K(184320K), 0.0096758 secs] 246733K->82873K(503808K), 0.0098997 secs] [Times: user=0.15 sys=0.00, real=0.01 secs] 
Heap after GC invocations=57 (full 2):
 par new generation   total 184320K, used 214K [0x00000000e0000000, 0x00000000ec800000, 0x00000000ec800000)
  eden space 163840K,   0% used [0x00000000e0000000, 0x00000000e0000000, 0x00000000ea000000)
  from space 20480K,   1% used [0x00000000eb400000, 0x00000000eb435b38, 0x00000000ec800000)
  to   space 20480K,   0% used [0x00000000ea000000, 0x00000000ea000000, 0x00000000eb400000)
 concurrent mark-sweep generation total 319488K, used 82658K [0x00000000ec800000, 0x0000000100000000, 0x0000000100000000)
 Metaspace       used 50797K, capacity 53312K, committed 53540K, reserved 1095680K
  class space    used 6724K, capacity 7266K, committed 7288K, reserved 1048576K
}
2022-12-19T17:40:59.927+0000: 43024.848: Total time for which application threads were stopped: 0.0110579 seconds, Stopping threads took: 0.0002679 seconds
2022-12-19T17:43:59.952+0000: 43204.874: Total time for which application threads were stopped: 0.0007340 seconds, Stopping threads took: 0.0002726 seconds
2022-12-19T17:44:00.953+0000: 43205.875: Total time for which application threads were stopped: 0.0004136 seconds, Stopping threads took: 0.0000866 seconds
2022-12-19T17:44:01.953+0000: 43206.875: Total time for which application threads were stopped: 0.0003791 seconds, Stopping threads took: 0.0000833 seconds
2022-12-19T17:44:33.958+0000: 43238.880: Total time for which application threads were stopped: 0.0003790 seconds, Stopping threads took: 0.0000843 seconds
2022-12-19T17:46:01.970+0000: 43326.892: Total time for which application threads were stopped: 0.0003765 seconds, Stopping threads took: 0.0001061 seconds
2022-12-19T17:46:33.975+0000: 43358.897: Total time for which application threads were stopped: 0.0003675 seconds, Stopping threads took: 0.0000876 seconds
2022-12-19T17:53:31.031+0000: 43775.953: Total time for which application threads were stopped: 0.0003628 seconds, Stopping threads took: 0.0000837 seconds
{Heap before GC invocations=57 (full 2):
 par new generation   total 184320K, used 164054K [0x00000000e0000000, 0x00000000ec800000, 0x00000000ec800000)
  eden space 163840K, 100% used [0x00000000e0000000, 0x00000000ea000000, 0x00000000ea000000)
  from space 20480K,   1% used [0x00000000eb400000, 0x00000000eb435b38, 0x00000000ec800000)
  to   space 20480K,   0% used [0x00000000ea000000, 0x00000000ea000000, 0x00000000eb400000)
 concurrent mark-sweep generation total 319488K, used 82658K [0x00000000ec800000, 0x0000000100000000, 0x0000000100000000)
 Metaspace       used 50811K, capacity 53376K, committed 53540K, reserved 1095680K
  class space    used 6724K, capacity 7266K, committed 7288K, reserved 1048576K
2022-12-19T17:53:59.919+0000: 43804.841: [GC (Allocation Failure) 2022-12-19T17:53:59.919+0000: 43804.841: [ParNew
Desired survivor size 10485760 bytes, new threshold 1 (max 1)
- age   1:   20284784 bytes,   20284784 total
: 164054K->19903K(184320K), 0.0155301 secs] 246713K->103733K(503808K), 0.0157452 secs] [Times: user=0.22 sys=0.06, real=0.02 secs] 
Heap after GC invocations=58 (full 2):
 par new generation   total 184320K, used 19903K [0x00000000e0000000, 0x00000000ec800000, 0x00000000ec800000)
  eden space 163840K,   0% used [0x00000000e0000000, 0x00000000e0000000, 0x00000000ea000000)
  from space 20480K,  97% used [0x00000000ea000000, 0x00000000eb36ff58, 0x00000000eb400000)
  to   space 20480K,   0% used [0x00000000eb400000, 0x00000000eb400000, 0x00000000ec800000)
 concurrent mark-sweep generation total 319488K, used 83829K [0x00000000ec800000, 0x0000000100000000, 0x0000000100000000)
 Metaspace       used 50811K, capacity 53376K, committed 53540K, reserved 1095680K
  class space    used 6724K, capacity 7266K, committed 7288K, reserved 1048576K
}
2022-12-19T17:53:59.935+0000: 43804.857: Total time for which application threads were stopped: 0.0169432 seconds, Stopping threads took: 0.0002654 seconds
2022-12-19T17:54:00.936+0000: 43805.857: Total time for which application threads were stopped: 0.0004252 seconds, Stopping threads took: 0.0000806 seconds
2022-12-19T18:02:51.007+0000: 44335.929: Total time for which application threads were stopped: 0.0006444 seconds, Stopping threads took: 0.0002317 seconds
{Heap before GC invocations=58 (full 2):
 par new generation   total 184320K, used 183743K [0x00000000e0000000, 0x00000000ec800000, 0x00000000ec800000)
  eden space 163840K, 100% used [0x00000000e0000000, 0x00000000ea000000, 0x00000000ea000000)
  from space 20480K,  97% used [0x00000000ea000000, 0x00000000eb36ff58, 0x00000000eb400000)
  to   space 20480K,   0% used [0x00000000eb400000, 0x00000000eb400000, 0x00000000ec800000)
 concurrent mark-sweep generation total 319488K, used 83829K [0x00000000ec800000, 0x0000000100000000, 0x0000000100000000)
 Metaspace       used 50811K, capacity 53376K, committed 53540K, reserved 1095680K
  class space    used 6724K, capacity 7266K, committed 7288K, reserved 1048576K
2022-12-19T18:08:08.794+0000: 44653.716: [GC (Allocation Failure) 2022-12-19T18:08:08.794+0000: 44653.716: [ParNew
Desired survivor size 10485760 bytes, new threshold 1 (max 1)
- age   1:     168384 bytes,     168384 total
: 183743K->310K(184320K), 0.0166205 secs] 267573K->86364K(503808K), 0.0168260 secs] [Times: user=0.25 sys=0.02, real=0.02 secs] 
Heap after GC invocations=59 (full 2):
 par new generation   total 184320K, used 310K [0x00000000e0000000, 0x00000000ec800000, 0x00000000ec800000)
  eden space 163840K,   0% used [0x00000000e0000000, 0x00000000e0000000, 0x00000000ea000000)
  from space 20480K,   1% used [0x00000000eb400000, 0x00000000eb44d8a8, 0x00000000ec800000)
  to   space 20480K,   0% used [0x00000000ea000000, 0x00000000ea000000, 0x00000000eb400000)
 concurrent mark-sweep generation total 319488K, used 86054K [0x00000000ec800000, 0x0000000100000000, 0x0000000100000000)
 Metaspace       used 50811K, capacity 53376K, committed 53540K, reserved 1095680K
  class space    used 6724K, capacity 7266K, committed 7288K, reserved 1048576K
}
2022-12-19T18:08:08.811+0000: 44653.733: Total time for which application threads were stopped: 0.0178734 seconds, Stopping threads took: 0.0002042 seconds
{Heap before GC invocations=59 (full 2):
 par new generation   total 184320K, used 164150K [0x00000000e0000000, 0x00000000ec800000, 0x00000000ec800000)
  eden space 163840K, 100% used [0x00000000e0000000, 0x00000000ea000000, 0x00000000ea000000)
  from space 20480K,   1% used [0x00000000eb400000, 0x00000000eb44d8a8, 0x00000000ec800000)
  to   space 20480K,   0% used [0x00000000ea000000, 0x00000000ea000000, 0x00000000eb400000)
 concurrent mark-sweep generation total 319488K, used 86054K [0x00000000ec800000, 0x0000000100000000, 0x0000000100000000)
 Metaspace       used 50811K, capacity 53376K, committed 53540K, reserved 1095680K
  class space    used 6724K, capacity 7266K, committed 7288K, reserved 1048576K
2022-12-19T18:21:59.927+0000: 45484.849: [GC (Allocation Failure) 2022-12-19T18:21:59.927+0000: 45484.849: [ParNew
Desired survivor size 10485760 bytes, new threshold 1 (max 1)
- age   1:     174152 bytes,     174152 total
: 164150K->229K(184320K), 0.0086294 secs] 250204K->86283K(503808K), 0.0088511 secs] [Times: user=0.13 sys=0.02, real=0.01 secs] 
Heap after GC invocations=60 (full 2):
 par new generation   total 184320K, used 229K [0x00000000e0000000, 0x00000000ec800000, 0x00000000ec800000)
  eden space 163840K,   0% used [0x00000000e0000000, 0x00000000e0000000, 0x00000000ea000000)
  from space 20480K,   1% used [0x00000000ea000000, 0x00000000ea039480, 0x00000000eb400000)
  to   space 20480K,   0% used [0x00000000eb400000, 0x00000000eb400000, 0x00000000ec800000)
 concurrent mark-sweep generation total 319488K, used 86054K [0x00000000ec800000, 0x0000000100000000, 0x0000000100000000)
 Metaspace       used 50811K, capacity 53376K, committed 53540K, reserved 1095680K
  class space    used 6724K, capacity 7266K, committed 7288K, reserved 1048576K
}
2022-12-19T18:21:59.936+0000: 45484.858: Total time for which application threads were stopped: 0.0099319 seconds, Stopping threads took: 0.0003305 seconds
{Heap before GC invocations=60 (full 2):
 par new generation   total 184320K, used 164069K [0x00000000e0000000, 0x00000000ec800000, 0x00000000ec800000)
  eden space 163840K, 100% used [0x00000000e0000000, 0x00000000ea000000, 0x00000000ea000000)
  from space 20480K,   1% used [0x00000000ea000000, 0x00000000ea039480, 0x00000000eb400000)
  to   space 20480K,   0% used [0x00000000eb400000, 0x00000000eb400000, 0x00000000ec800000)
 concurrent mark-sweep generation total 319488K, used 86054K [0x00000000ec800000, 0x0000000100000000, 0x0000000100000000)
 Metaspace       used 50812K, capacity 53376K, committed 53540K, reserved 1095680K
  class space    used 6724K, capacity 7266K, committed 7288K, reserved 1048576K
2022-12-19T18:35:52.519+0000: 46317.441: [GC (Allocation Failure) 2022-12-19T18:35:52.519+0000: 46317.441: [ParNew
Desired survivor size 10485760 bytes, new threshold 1 (max 1)
- age   1:     168112 bytes,     168112 total
: 164069K->248K(184320K), 0.0125282 secs] 250123K->86303K(503808K), 0.0127359 secs] [Times: user=0.19 sys=0.02, real=0.02 secs] 
Heap after GC invocations=61 (full 2):
 par new generation   total 184320K, used 248K [0x00000000e0000000, 0x00000000ec800000, 0x00000000ec800000)
  eden space 163840K,   0% used [0x00000000e0000000, 0x00000000e0000000, 0x00000000ea000000)
  from space 20480K,   1% used [0x00000000eb400000, 0x00000000eb43e108, 0x00000000ec800000)
  to   space 20480K,   0% used [0x00000000ea000000, 0x00000000ea000000, 0x00000000eb400000)
 concurrent mark-sweep generation total 319488K, used 86055K [0x00000000ec800000, 0x0000000100000000, 0x0000000100000000)
 Metaspace       used 50812K, capacity 53376K, committed 53540K, reserved 1095680K
  class space    used 6724K, capacity 7266K, committed 7288K, reserved 1048576K
}
2022-12-19T18:35:52.532+0000: 46317.453: Total time for which application threads were stopped: 0.0141097 seconds, Stopping threads took: 0.0003658 seconds
2022-12-19T18:37:00.541+0000: 46385.463: Total time for which application threads were stopped: 0.0003739 seconds, Stopping threads took: 0.0000995 seconds
2022-12-19T18:43:59.599+0000: 46804.521: Total time for which application threads were stopped: 0.0012909 seconds, Stopping threads took: 0.0003541 seconds
2022-12-19T18:44:00.599+0000: 46805.521: Total time for which application threads were stopped: 0.0004703 seconds, Stopping threads took: 0.0000952 seconds
2022-12-19T18:44:01.600+0000: 46806.522: Total time for which application threads were stopped: 0.0003937 seconds, Stopping threads took: 0.0000893 seconds
2022-12-19T18:46:42.621+0000: 46967.542: Total time for which application threads were stopped: 0.0003746 seconds, Stopping threads took: 0.0000952 seconds
2022-12-19T18:47:00.623+0000: 46985.545: Total time for which application threads were stopped: 0.0003643 seconds, Stopping threads took: 0.0000889 seconds
{Heap before GC invocations=61 (full 2):
 par new generation   total 184320K, used 164088K [0x00000000e0000000, 0x00000000ec800000, 0x00000000ec800000)
  eden space 163840K, 100% used [0x00000000e0000000, 0x00000000ea000000, 0x00000000ea000000)
  from space 20480K,   1% used [0x00000000eb400000, 0x00000000eb43e108, 0x00000000ec800000)
  to   space 20480K,   0% used [0x00000000ea000000, 0x00000000ea000000, 0x00000000eb400000)
 concurrent mark-sweep generation total 319488K, used 86055K [0x00000000ec800000, 0x0000000100000000, 0x0000000100000000)
 Metaspace       used 50846K, capacity 53380K, committed 53540K, reserved 1095680K
  class space    used 6724K, capacity 7266K, committed 7288K, reserved 1048576K
2022-12-19T18:47:29.749+0000: 47014.671: [GC (Allocation Failure) 2022-12-19T18:47:29.750+0000: 47014.671: [ParNew
Desired survivor size 10485760 bytes, new threshold 1 (max 1)
- age   1:   20459048 bytes,   20459048 total
: 164088K->20077K(184320K), 0.0259350 secs] 250143K->109204K(503808K), 0.0262231 secs] [Times: user=0.41 sys=0.11, real=0.02 secs] 
Heap after GC invocations=62 (full 2):
 par new generation   total 184320K, used 20077K [0x00000000e0000000, 0x00000000ec800000, 0x00000000ec800000)
  eden space 163840K,   0% used [0x00000000e0000000, 0x00000000e0000000, 0x00000000ea000000)
  from space 20480K,  98% used [0x00000000ea000000, 0x00000000eb39b4e8, 0x00000000eb400000)
  to   space 20480K,   0% used [0x00000000eb400000, 0x00000000eb400000, 0x00000000ec800000)
 concurrent mark-sweep generation total 319488K, used 89127K [0x00000000ec800000, 0x0000000100000000, 0x0000000100000000)
 Metaspace       used 50846K, capacity 53380K, committed 53540K, reserved 1095680K
  class space    used 6724K, capacity 7266K, committed 7288K, reserved 1048576K
}
2022-12-19T18:47:29.776+0000: 47014.698: Total time for which application threads were stopped: 0.0268709 seconds, Stopping threads took: 0.0000922 seconds
2022-12-19T18:47:30.785+0000: 47015.707: Total time for which application threads were stopped: 0.0090606 seconds, Stopping threads took: 0.0000870 seconds
2022-12-19T18:48:00.790+0000: 47045.711: Total time for which application threads were stopped: 0.0004535 seconds, Stopping threads took: 0.0000857 seconds
2022-12-19T18:55:50.853+0000: 47515.775: Total time for which application threads were stopped: 0.0007069 seconds, Stopping threads took: 0.0002891 seconds
{Heap before GC invocations=62 (full 2):
 par new generation   total 184320K, used 183917K [0x00000000e0000000, 0x00000000ec800000, 0x00000000ec800000)
  eden space 163840K, 100% used [0x00000000e0000000, 0x00000000ea000000, 0x00000000ea000000)
  from space 20480K,  98% used [0x00000000ea000000, 0x00000000eb39b4e8, 0x00000000eb400000)
  to   space 20480K,   0% used [0x00000000eb400000, 0x00000000eb400000, 0x00000000ec800000)
 concurrent mark-sweep generation total 319488K, used 89127K [0x00000000ec800000, 0x0000000100000000, 0x0000000100000000)
 Metaspace       used 50849K, capacity 53380K, committed 53540K, reserved 1095680K
  class space    used 6724K, capacity 7266K, committed 7288K, reserved 1048576K
2022-12-19T19:01:37.649+0000: 47862.571: [GC (Allocation Failure) 2022-12-19T19:01:37.650+0000: 47862.571: [ParNew
Desired survivor size 10485760 bytes, new threshold 1 (max 1)
- age   1:     164944 bytes,     164944 total
: 183917K->404K(184320K), 0.0169623 secs] 273044K->90910K(503808K), 0.0172049 secs] [Times: user=0.24 sys=0.00, real=0.01 secs] 
Heap after GC invocations=63 (full 2):
 par new generation   total 184320K, used 404K [0x00000000e0000000, 0x00000000ec800000, 0x00000000ec800000)
  eden space 163840K,   0% used [0x00000000e0000000, 0x00000000e0000000, 0x00000000ea000000)
  from space 20480K,   1% used [0x00000000eb400000, 0x00000000eb4650a0, 0x00000000ec800000)
  to   space 20480K,   0% used [0x00000000ea000000, 0x00000000ea000000, 0x00000000eb400000)
 concurrent mark-sweep generation total 319488K, used 90505K [0x00000000ec800000, 0x0000000100000000, 0x0000000100000000)
 Metaspace       used 50849K, capacity 53380K, committed 53540K, reserved 1095680K
  class space    used 6724K, capacity 7266K, committed 7288K, reserved 1048576K
}
2022-12-19T19:01:37.667+0000: 47862.588: Total time for which application threads were stopped: 0.0178237 seconds, Stopping threads took: 0.0000845 seconds
2022-12-19T19:06:42.706+0000: 48167.627: Total time for which application threads were stopped: 0.0003710 seconds, Stopping threads took: 0.0000952 seconds
2022-12-19T19:10:51.738+0000: 48416.660: Total time for which application threads were stopped: 0.0003916 seconds, Stopping threads took: 0.0001079 seconds
{Heap before GC invocations=63 (full 2):
 par new generation   total 184320K, used 164244K [0x00000000e0000000, 0x00000000ec800000, 0x00000000ec800000)
  eden space 163840K, 100% used [0x00000000e0000000, 0x00000000ea000000, 0x00000000ea000000)
  from space 20480K,   1% used [0x00000000eb400000, 0x00000000eb4650a0, 0x00000000ec800000)
  to   space 20480K,   0% used [0x00000000ea000000, 0x00000000ea000000, 0x00000000eb400000)
 concurrent mark-sweep generation total 319488K, used 90505K [0x00000000ec800000, 0x0000000100000000, 0x0000000100000000)
 Metaspace       used 50849K, capacity 53380K, committed 53540K, reserved 1095680K
  class space    used 6724K, capacity 7266K, committed 7288K, reserved 1048576K
2022-12-19T19:15:29.404+0000: 48694.325: [GC (Allocation Failure) 2022-12-19T19:15:29.404+0000: 48694.325: [ParNew
Desired survivor size 10485760 bytes, new threshold 1 (max 1)
- age   1:     167184 bytes,     167184 total
: 164244K->227K(184320K), 0.0115606 secs] 254750K->90733K(503808K), 0.0117685 secs] [Times: user=0.21 sys=0.01, real=0.01 secs] 
Heap after GC invocations=64 (full 2):
 par new generation   total 184320K, used 227K [0x00000000e0000000, 0x00000000ec800000, 0x00000000ec800000)
  eden space 163840K,   0% used [0x00000000e0000000, 0x00000000e0000000, 0x00000000ea000000)
  from space 20480K,   1% used [0x00000000ea000000, 0x00000000ea038fa0, 0x00000000eb400000)
  to   space 20480K,   0% used [0x00000000eb400000, 0x00000000eb400000, 0x00000000ec800000)
 concurrent mark-sweep generation total 319488K, used 90505K [0x00000000ec800000, 0x0000000100000000, 0x0000000100000000)
 Metaspace       used 50849K, capacity 53380K, committed 53540K, reserved 1095680K
  class space    used 6724K, capacity 7266K, committed 7288K, reserved 1048576K
}
2022-12-19T19:15:29.416+0000: 48694.337: Total time for which application threads were stopped: 0.0128354 seconds, Stopping threads took: 0.0002085 seconds
2022-12-19T19:16:41.426+0000: 48766.347: Total time for which application threads were stopped: 0.0003544 seconds, Stopping threads took: 0.0000909 seconds
2022-12-19T19:19:34.450+0000: 48939.371: Total time for which application threads were stopped: 0.0003589 seconds, Stopping threads took: 0.0000875 seconds
{Heap before GC invocations=64 (full 2):
 par new generation   total 184320K, used 164067K [0x00000000e0000000, 0x00000000ec800000, 0x00000000ec800000)
  eden space 163840K, 100% used [0x00000000e0000000, 0x00000000ea000000, 0x00000000ea000000)
  from space 20480K,   1% used [0x00000000ea000000, 0x00000000ea038fa0, 0x00000000eb400000)
  to   space 20480K,   0% used [0x00000000eb400000, 0x00000000eb400000, 0x00000000ec800000)
 concurrent mark-sweep generation total 319488K, used 90505K [0x00000000ec800000, 0x0000000100000000, 0x0000000100000000)
 Metaspace       used 50849K, capacity 53380K, committed 53540K, reserved 1095680K
  class space    used 6724K, capacity 7266K, committed 7288K, reserved 1048576K
2022-12-19T19:29:33.958+0000: 49538.879: [GC (Allocation Failure) 2022-12-19T19:29:33.958+0000: 49538.879: [ParNew
Desired survivor size 10485760 bytes, new threshold 1 (max 1)
- age   1:     176856 bytes,     176856 total
: 164067K->238K(184320K), 0.0104160 secs] 254573K->90745K(503808K), 0.0106604 secs] [Times: user=0.17 sys=0.01, real=0.02 secs] 
Heap after GC invocations=65 (full 2):
 par new generation   total 184320K, used 238K [0x00000000e0000000, 0x00000000ec800000, 0x00000000ec800000)
  eden space 163840K,   0% used [0x00000000e0000000, 0x00000000e0000000, 0x00000000ea000000)
  from space 20480K,   1% used [0x00000000eb400000, 0x00000000eb43b8e0, 0x00000000ec800000)
  to   space 20480K,   0% used [0x00000000ea000000, 0x00000000ea000000, 0x00000000eb400000)
 concurrent mark-sweep generation total 319488K, used 90507K [0x00000000ec800000, 0x0000000100000000, 0x0000000100000000)
 Metaspace       used 50849K, capacity 53380K, committed 53540K, reserved 1095680K
  class space    used 6724K, capacity 7266K, committed 7288K, reserved 1048576K
}
2022-12-19T19:29:33.968+0000: 49538.890: Total time for which application threads were stopped: 0.0118192 seconds, Stopping threads took: 0.0003452 seconds
2022-12-19T19:34:34.010+0000: 49838.932: Total time for which application threads were stopped: 0.0004789 seconds, Stopping threads took: 0.0000846 seconds
2022-12-19T19:36:43.027+0000: 49967.949: Total time for which application threads were stopped: 0.0003529 seconds, Stopping threads took: 0.0000825 seconds
{Heap before GC invocations=65 (full 2):
 par new generation   total 184320K, used 164078K [0x00000000e0000000, 0x00000000ec800000, 0x00000000ec800000)
  eden space 163840K, 100% used [0x00000000e0000000, 0x00000000ea000000, 0x00000000ea000000)
  from space 20480K,   1% used [0x00000000eb400000, 0x00000000eb43b8e0, 0x00000000ec800000)
  to   space 20480K,   0% used [0x00000000ea000000, 0x00000000ea000000, 0x00000000eb400000)
 concurrent mark-sweep generation total 319488K, used 90507K [0x00000000ec800000, 0x0000000100000000, 0x0000000100000000)
 Metaspace       used 50850K, capacity 53380K, committed 53540K, reserved 1095680K
  class space    used 6724K, capacity 7266K, committed 7288K, reserved 1048576K
2022-12-19T19:43:14.496+0000: 50359.418: [GC (Allocation Failure) 2022-12-19T19:43:14.496+0000: 50359.418: [ParNew
Desired survivor size 10485760 bytes, new threshold 1 (max 1)
- age   1:     169472 bytes,     169472 total
: 164078K->217K(184320K), 0.0098303 secs] 254585K->90725K(503808K), 0.0100483 secs] [Times: user=0.16 sys=0.00, real=0.01 secs] 
Heap after GC invocations=66 (full 2):
 par new generation   total 184320K, used 217K [0x00000000e0000000, 0x00000000ec800000, 0x00000000ec800000)
  eden space 163840K,   0% used [0x00000000e0000000, 0x00000000e0000000, 0x00000000ea000000)
  from space 20480K,   1% used [0x00000000ea000000, 0x00000000ea0366c0, 0x00000000eb400000)
  to   space 20480K,   0% used [0x00000000eb400000, 0x00000000eb400000, 0x00000000ec800000)
 concurrent mark-sweep generation total 319488K, used 90507K [0x00000000ec800000, 0x0000000100000000, 0x0000000100000000)
 Metaspace       used 50850K, capacity 53380K, committed 53540K, reserved 1095680K
  class space    used 6724K, capacity 7266K, committed 7288K, reserved 1048576K
}
2022-12-19T19:43:14.506+0000: 50359.428: Total time for which application threads were stopped: 0.0111816 seconds, Stopping threads took: 0.0002042 seconds
2022-12-19T19:43:59.513+0000: 50404.434: Total time for which application threads were stopped: 0.0004552 seconds, Stopping threads took: 0.0000899 seconds
2022-12-19T19:44:00.513+0000: 50405.435: Total time for which application threads were stopped: 0.0003900 seconds, Stopping threads took: 0.0000983 seconds
2022-12-19T19:44:34.518+0000: 50439.440: Total time for which application threads were stopped: 0.0004079 seconds, Stopping threads took: 0.0000861 seconds
2022-12-19T19:45:00.522+0000: 50465.444: Total time for which application threads were stopped: 0.0003761 seconds, Stopping threads took: 0.0000863 seconds
2022-12-19T19:49:34.560+0000: 50739.482: Total time for which application threads were stopped: 0.0006638 seconds, Stopping threads took: 0.0002174 seconds
{Heap before GC invocations=66 (full 2):
 par new generation   total 184320K, used 164057K [0x00000000e0000000, 0x00000000ec800000, 0x00000000ec800000)
  eden space 163840K, 100% used [0x00000000e0000000, 0x00000000ea000000, 0x00000000ea000000)
  from space 20480K,   1% used [0x00000000ea000000, 0x00000000ea0366c0, 0x00000000eb400000)
  to   space 20480K,   0% used [0x00000000eb400000, 0x00000000eb400000, 0x00000000ec800000)
 concurrent mark-sweep generation total 319488K, used 90507K [0x00000000ec800000, 0x0000000100000000, 0x0000000100000000)
 Metaspace       used 50858K, capacity 53380K, committed 53540K, reserved 1095680K
  class space    used 6724K, capacity 7266K, committed 7288K, reserved 1048576K
2022-12-19T19:55:34.618+0000: 51099.540: [GC (Allocation Failure) 2022-12-19T19:55:34.618+0000: 51099.540: [ParNew
Desired survivor size 10485760 bytes, new threshold 1 (max 1)
- age   1:   20293416 bytes,   20293416 total
: 164057K->19881K(184320K), 0.0128855 secs] 254565K->111564K(503808K), 0.0131128 secs] [Times: user=0.16 sys=0.05, real=0.02 secs] 
Heap after GC invocations=67 (full 2):
 par new generation   total 184320K, used 19881K [0x00000000e0000000, 0x00000000ec800000, 0x00000000ec800000)
  eden space 163840K,   0% used [0x00000000e0000000, 0x00000000e0000000, 0x00000000ea000000)
  from space 20480K,  97% used [0x00000000eb400000, 0x00000000ec76a6a8, 0x00000000ec800000)
  to   space 20480K,   0% used [0x00000000ea000000, 0x00000000ea000000, 0x00000000eb400000)
 concurrent mark-sweep generation total 319488K, used 91683K [0x00000000ec800000, 0x0000000100000000, 0x0000000100000000)
 Metaspace       used 50858K, capacity 53380K, committed 53540K, reserved 1095680K
  class space    used 6724K, capacity 7266K, committed 7288K, reserved 1048576K
}
2022-12-19T19:55:34.632+0000: 51099.553: Total time for which application threads were stopped: 0.0136864 seconds, Stopping threads took: 0.0000860 seconds
{Heap before GC invocations=67 (full 2):
 par new generation   total 184320K, used 183721K [0x00000000e0000000, 0x00000000ec800000, 0x00000000ec800000)
  eden space 163840K, 100% used [0x00000000e0000000, 0x00000000ea000000, 0x00000000ea000000)
  from space 20480K,  97% used [0x00000000eb400000, 0x00000000ec76a6a8, 0x00000000ec800000)
  to   space 20480K,   0% used [0x00000000ea000000, 0x00000000ea000000, 0x00000000eb400000)
 concurrent mark-sweep generation total 319488K, used 91683K [0x00000000ec800000, 0x0000000100000000, 0x0000000100000000)
 Metaspace       used 50861K, capacity 53380K, committed 53540K, reserved 1095680K
  class space    used 6724K, capacity 7266K, committed 7288K, reserved 1048576K
2022-12-19T20:09:34.095+0000: 51939.017: [GC (Allocation Failure) 2022-12-19T20:09:34.095+0000: 51939.017: [ParNew
Desired survivor size 10485760 bytes, new threshold 1 (max 1)
- age   1:     169400 bytes,     169400 total
: 183721K->355K(184320K), 0.0143472 secs] 275404K->94279K(503808K), 0.0145698 secs] [Times: user=0.18 sys=0.07, real=0.02 secs] 
Heap after GC invocations=68 (full 2):
 par new generation   total 184320K, used 355K [0x00000000e0000000, 0x00000000ec800000, 0x00000000ec800000)
  eden space 163840K,   0% used [0x00000000e0000000, 0x00000000e0000000, 0x00000000ea000000)
  from space 20480K,   1% used [0x00000000ea000000, 0x00000000ea058d10, 0x00000000eb400000)
  to   space 20480K,   0% used [0x00000000eb400000, 0x00000000eb400000, 0x00000000ec800000)
 concurrent mark-sweep generation total 319488K, used 93924K [0x00000000ec800000, 0x0000000100000000, 0x0000000100000000)
 Metaspace       used 50861K, capacity 53380K, committed 53540K, reserved 1095680K
  class space    used 6724K, capacity 7266K, committed 7288K, reserved 1048576K
}
2022-12-19T20:09:34.110+0000: 51939.031: Total time for which application threads were stopped: 0.0159701 seconds, Stopping threads took: 0.0003770 seconds
2022-12-19T20:13:00.137+0000: 52145.059: Total time for which application threads were stopped: 0.0003598 seconds, Stopping threads took: 0.0000863 seconds
2022-12-19T20:13:12.139+0000: 52157.061: Total time for which application threads were stopped: 0.0003601 seconds, Stopping threads took: 0.0000849 seconds
2022-12-19T20:14:12.148+0000: 52217.070: Total time for which application threads were stopped: 0.0003647 seconds, Stopping threads took: 0.0000830 seconds
2022-12-19T20:14:34.151+0000: 52239.073: Total time for which application threads were stopped: 0.0003591 seconds, Stopping threads took: 0.0000947 seconds
2022-12-19T20:16:43.169+0000: 52368.091: Total time for which application threads were stopped: 0.0003573 seconds, Stopping threads took: 0.0000866 seconds
{Heap before GC invocations=68 (full 2):
 par new generation   total 184320K, used 164195K [0x00000000e0000000, 0x00000000ec800000, 0x00000000ec800000)
  eden space 163840K, 100% used [0x00000000e0000000, 0x00000000ea000000, 0x00000000ea000000)
  from space 20480K,   1% used [0x00000000ea000000, 0x00000000ea058d10, 0x00000000eb400000)
  to   space 20480K,   0% used [0x00000000eb400000, 0x00000000eb400000, 0x00000000ec800000)
 concurrent mark-sweep generation total 319488K, used 93924K [0x00000000ec800000, 0x0000000100000000, 0x0000000100000000)
 Metaspace       used 50871K, capacity 53380K, committed 53540K, reserved 1095680K
  class space    used 6725K, capacity 7266K, committed 7288K, reserved 1048576K
2022-12-19T20:23:20.351+0000: 52765.273: [GC (Allocation Failure) 2022-12-19T20:23:20.351+0000: 52765.273: [ParNew
Desired survivor size 10485760 bytes, new threshold 1 (max 1)
- age   1:     178616 bytes,     178616 total
: 164195K->231K(184320K), 0.0119539 secs] 258119K->94155K(503808K), 0.0121561 secs] [Times: user=0.18 sys=0.01, real=0.01 secs] 
Heap after GC invocations=69 (full 2):
 par new generation   total 184320K, used 231K [0x00000000e0000000, 0x00000000ec800000, 0x00000000ec800000)
  eden space 163840K,   0% used [0x00000000e0000000, 0x00000000e0000000, 0x00000000ea000000)
  from space 20480K,   1% used [0x00000000eb400000, 0x00000000eb439c20, 0x00000000ec800000)
  to   space 20480K,   0% used [0x00000000ea000000, 0x00000000ea000000, 0x00000000eb400000)
 concurrent mark-sweep generation total 319488K, used 93924K [0x00000000ec800000, 0x0000000100000000, 0x0000000100000000)
 Metaspace       used 50871K, capacity 53380K, committed 53540K, reserved 1095680K
  class space    used 6725K, capacity 7266K, committed 7288K, reserved 1048576K
}
2022-12-19T20:23:20.363+0000: 52765.285: Total time for which application threads were stopped: 0.0135665 seconds, Stopping threads took: 0.0003897 seconds
2022-12-19T20:28:12.404+0000: 53057.326: Total time for which application threads were stopped: 0.0003859 seconds, Stopping threads took: 0.0000861 seconds
2022-12-19T20:29:34.416+0000: 53139.338: Total time for which application threads were stopped: 0.0004010 seconds, Stopping threads took: 0.0000926 seconds
2022-12-19T20:33:22.449+0000: 53367.370: Total time for which application threads were stopped: 0.0003535 seconds, Stopping threads took: 0.0000856 seconds
2022-12-19T20:33:32.450+0000: 53377.372: Total time for which application threads were stopped: 0.0003617 seconds, Stopping threads took: 0.0000878 seconds
{Heap before GC invocations=69 (full 2):
 par new generation   total 184320K, used 164071K [0x00000000e0000000, 0x00000000ec800000, 0x00000000ec800000)
  eden space 163840K, 100% used [0x00000000e0000000, 0x00000000ea000000, 0x00000000ea000000)
  from space 20480K,   1% used [0x00000000eb400000, 0x00000000eb439c20, 0x00000000ec800000)
  to   space 20480K,   0% used [0x00000000ea000000, 0x00000000ea000000, 0x00000000eb400000)
 concurrent mark-sweep generation total 319488K, used 93924K [0x00000000ec800000, 0x0000000100000000, 0x0000000100000000)
 Metaspace       used 50872K, capacity 53380K, committed 53540K, reserved 1095680K
  class space    used 6725K, capacity 7266K, committed 7288K, reserved 1048576K
2022-12-19T20:36:59.963+0000: 53584.885: [GC (Allocation Failure) 2022-12-19T20:36:59.963+0000: 53584.885: [ParNew
Desired survivor size 10485760 bytes, new threshold 1 (max 1)
- age   1:     174704 bytes,     174704 total
: 164071K->230K(184320K), 0.0086081 secs] 257995K->94156K(503808K), 0.0088537 secs] [Times: user=0.14 sys=0.00, real=0.01 secs] 
Heap after GC invocations=70 (full 2):
 par new generation   total 184320K, used 230K [0x00000000e0000000, 0x00000000ec800000, 0x00000000ec800000)
  eden space 163840K,   0% used [0x00000000e0000000, 0x00000000e0000000, 0x00000000ea000000)
  from space 20480K,   1% used [0x00000000ea000000, 0x00000000ea039a80, 0x00000000eb400000)
  to   space 20480K,   0% used [0x00000000eb400000, 0x00000000eb400000, 0x00000000ec800000)
 concurrent mark-sweep generation total 319488K, used 93925K [0x00000000ec800000, 0x0000000100000000, 0x0000000100000000)
 Metaspace       used 50872K, capacity 53380K, committed 53540K, reserved 1095680K
  class space    used 6725K, capacity 7266K, committed 7288K, reserved 1048576K
}
2022-12-19T20:36:59.972+0000: 53584.894: Total time for which application threads were stopped: 0.0096685 seconds, Stopping threads took: 0.0001581 seconds
2022-12-19T20:38:21.982+0000: 53666.904: Total time for which application threads were stopped: 0.0003654 seconds, Stopping threads took: 0.0000916 seconds
2022-12-19T20:40:42.002+0000: 53806.924: Total time for which application threads were stopped: 0.0008325 seconds, Stopping threads took: 0.0001906 seconds
2022-12-19T20:44:00.029+0000: 54004.951: Total time for which application threads were stopped: 0.0007725 seconds, Stopping threads took: 0.0002740 seconds
2022-12-19T20:44:02.030+0000: 54006.951: Total time for which application threads were stopped: 0.0003981 seconds, Stopping threads took: 0.0000892 seconds
{Heap before GC invocations=70 (full 2):
 par new generation   total 184320K, used 164070K [0x00000000e0000000, 0x00000000ec800000, 0x00000000ec800000)
  eden space 163840K, 100% used [0x00000000e0000000, 0x00000000ea000000, 0x00000000ea000000)
  from space 20480K,   1% used [0x00000000ea000000, 0x00000000ea039a80, 0x00000000eb400000)
  to   space 20480K,   0% used [0x00000000eb400000, 0x00000000eb400000, 0x00000000ec800000)
 concurrent mark-sweep generation total 319488K, used 93925K [0x00000000ec800000, 0x0000000100000000, 0x0000000100000000)
 Metaspace       used 50873K, capacity 53380K, committed 53540K, reserved 1095680K
  class space    used 6725K, capacity 7266K, committed 7288K, reserved 1048576K
2022-12-19T20:49:34.371+0000: 54339.293: [GC (Allocation Failure) 2022-12-19T20:49:34.371+0000: 54339.293: [ParNew
Desired survivor size 10485760 bytes, new threshold 1 (max 1)
- age   1:   20427984 bytes,   20427984 total
: 164070K->20019K(184320K), 0.0172034 secs] 257996K->114968K(503808K), 0.0174436 secs] [Times: user=0.24 sys=0.06, real=0.02 secs] 
Heap after GC invocations=71 (full 2):
 par new generation   total 184320K, used 20019K [0x00000000e0000000, 0x00000000ec800000, 0x00000000ec800000)
  eden space 163840K,   0% used [0x00000000e0000000, 0x00000000e0000000, 0x00000000ea000000)
  from space 20480K,  97% used [0x00000000eb400000, 0x00000000ec78cc48, 0x00000000ec800000)
  to   space 20480K,   0% used [0x00000000ea000000, 0x00000000ea000000, 0x00000000eb400000)
 concurrent mark-sweep generation total 319488K, used 94949K [0x00000000ec800000, 0x0000000100000000, 0x0000000100000000)
 Metaspace       used 50873K, capacity 53380K, committed 53540K, reserved 1095680K
  class space    used 6725K, capacity 7266K, committed 7288K, reserved 1048576K
}
2022-12-19T20:49:34.389+0000: 54339.310: Total time for which application threads were stopped: 0.0186436 seconds, Stopping threads took: 0.0002317 seconds
2022-12-19T20:49:35.389+0000: 54340.311: Total time for which application threads were stopped: 0.0003870 seconds, Stopping threads took: 0.0000814 seconds
2022-12-19T20:51:12.404+0000: 54437.325: Total time for which application threads were stopped: 0.0004617 seconds, Stopping threads took: 0.0001220 seconds
2022-12-19T20:59:34.476+0000: 54939.398: Total time for which application threads were stopped: 0.0007586 seconds, Stopping threads took: 0.0002707 seconds
2022-12-19T21:01:34.492+0000: 55059.413: Total time for which application threads were stopped: 0.0003582 seconds, Stopping threads took: 0.0000861 seconds
{Heap before GC invocations=71 (full 2):
 par new generation   total 184320K, used 183859K [0x00000000e0000000, 0x00000000ec800000, 0x00000000ec800000)
  eden space 163840K, 100% used [0x00000000e0000000, 0x00000000ea000000, 0x00000000ea000000)
  from space 20480K,  97% used [0x00000000eb400000, 0x00000000ec78cc48, 0x00000000ec800000)
  to   space 20480K,   0% used [0x00000000ea000000, 0x00000000ea000000, 0x00000000eb400000)
 concurrent mark-sweep generation total 319488K, used 94949K [0x00000000ec800000, 0x0000000100000000, 0x0000000100000000)
 Metaspace       used 50874K, capacity 53380K, committed 53540K, reserved 1095680K
  class space    used 6726K, capacity 7266K, committed 7288K, reserved 1048576K
2022-12-19T21:03:21.691+0000: 55166.613: [GC (Allocation Failure) 2022-12-19T21:03:21.691+0000: 55166.613: [ParNew
Desired survivor size 10485760 bytes, new threshold 1 (max 1)
- age   1:     171920 bytes,     171920 total
: 183859K->460K(184320K), 0.0179965 secs] 278808K->97781K(503808K), 0.0182192 secs] [Times: user=0.26 sys=0.03, real=0.02 secs] 
Heap after GC invocations=72 (full 2):
 par new generation   total 184320K, used 460K [0x00000000e0000000, 0x00000000ec800000, 0x00000000ec800000)
  eden space 163840K,   0% used [0x00000000e0000000, 0x00000000e0000000, 0x00000000ea000000)
  from space 20480K,   2% used [0x00000000ea000000, 0x00000000ea0730c0, 0x00000000eb400000)
  to   space 20480K,   0% used [0x00000000eb400000, 0x00000000eb400000, 0x00000000ec800000)
 concurrent mark-sweep generation total 319488K, used 97321K [0x00000000ec800000, 0x0000000100000000, 0x0000000100000000)
 Metaspace       used 50874K, capacity 53380K, committed 53540K, reserved 1095680K
  class space    used 6726K, capacity 7266K, committed 7288K, reserved 1048576K
}
2022-12-19T21:03:21.709+0000: 55166.631: Total time for which application threads were stopped: 0.0187983 seconds, Stopping threads took: 0.0000874 seconds
{Heap before GC invocations=72 (full 2):
 par new generation   total 184320K, used 164300K [0x00000000e0000000, 0x00000000ec800000, 0x00000000ec800000)
  eden space 163840K, 100% used [0x00000000e0000000, 0x00000000ea000000, 0x00000000ea000000)
  from space 20480K,   2% used [0x00000000ea000000, 0x00000000ea0730c0, 0x00000000eb400000)
  to   space 20480K,   0% used [0x00000000eb400000, 0x00000000eb400000, 0x00000000ec800000)
 concurrent mark-sweep generation total 319488K, used 97321K [0x00000000ec800000, 0x0000000100000000, 0x0000000100000000)
 Metaspace       used 50874K, capacity 53380K, committed 53540K, reserved 1095680K
  class space    used 6726K, capacity 7266K, committed 7288K, reserved 1048576K
2022-12-19T21:17:00.900+0000: 55985.821: [GC (Allocation Failure) 2022-12-19T21:17:00.900+0000: 55985.821: [ParNew
Desired survivor size 10485760 bytes, new threshold 1 (max 1)
- age   1:     168904 bytes,     168904 total
: 164300K->218K(184320K), 0.0130600 secs] 261621K->97540K(503808K), 0.0132842 secs] [Times: user=0.21 sys=0.01, real=0.02 secs] 
Heap after GC invocations=73 (full 2):
 par new generation   total 184320K, used 218K [0x00000000e0000000, 0x00000000ec800000, 0x00000000ec800000)
  eden space 163840K,   0% used [0x00000000e0000000, 0x00000000e0000000, 0x00000000ea000000)
  from space 20480K,   1% used [0x00000000eb400000, 0x00000000eb436970, 0x00000000ec800000)
  to   space 20480K,   0% used [0x00000000ea000000, 0x00000000ea000000, 0x00000000eb400000)
 concurrent mark-sweep generation total 319488K, used 97322K [0x00000000ec800000, 0x0000000100000000, 0x0000000100000000)
 Metaspace       used 50874K, capacity 53380K, committed 53540K, reserved 1095680K
  class space    used 6726K, capacity 7266K, committed 7288K, reserved 1048576K
}
2022-12-19T21:17:00.913+0000: 55985.835: Total time for which application threads were stopped: 0.0146663 seconds, Stopping threads took: 0.0003407 seconds
2022-12-19T21:20:33.943+0000: 56198.864: Total time for which application threads were stopped: 0.0003597 seconds, Stopping threads took: 0.0000876 seconds
{Heap before GC invocations=73 (full 2):
 par new generation   total 184320K, used 164058K [0x00000000e0000000, 0x00000000ec800000, 0x00000000ec800000)
  eden space 163840K, 100% used [0x00000000e0000000, 0x00000000ea000000, 0x00000000ea000000)
  from space 20480K,   1% used [0x00000000eb400000, 0x00000000eb436970, 0x00000000ec800000)
  to   space 20480K,   0% used [0x00000000ea000000, 0x00000000ea000000, 0x00000000eb400000)
 concurrent mark-sweep generation total 319488K, used 97322K [0x00000000ec800000, 0x0000000100000000, 0x0000000100000000)
 Metaspace       used 50874K, capacity 53380K, committed 53540K, reserved 1095680K
  class space    used 6726K, capacity 7266K, committed 7288K, reserved 1048576K
2022-12-19T21:30:36.444+0000: 56801.366: [GC (Allocation Failure) 2022-12-19T21:30:36.444+0000: 56801.366: [ParNew
Desired survivor size 10485760 bytes, new threshold 1 (max 1)
- age   1:     169520 bytes,     169520 total
: 164058K->238K(184320K), 0.0113888 secs] 261380K->97561K(503808K), 0.0115836 secs] [Times: user=0.18 sys=0.01, real=0.01 secs] 
Heap after GC invocations=74 (full 2):
 par new generation   total 184320K, used 238K [0x00000000e0000000, 0x00000000ec800000, 0x00000000ec800000)
  eden space 163840K,   0% used [0x00000000e0000000, 0x00000000e0000000, 0x00000000ea000000)
  from space 20480K,   1% used [0x00000000ea000000, 0x00000000ea03bb80, 0x00000000eb400000)
  to   space 20480K,   0% used [0x00000000eb400000, 0x00000000eb400000, 0x00000000ec800000)
 concurrent mark-sweep generation total 319488K, used 97322K [0x00000000ec800000, 0x0000000100000000, 0x0000000100000000)
 Metaspace       used 50874K, capacity 53380K, committed 53540K, reserved 1095680K
  class space    used 6726K, capacity 7266K, committed 7288K, reserved 1048576K
}
2022-12-19T21:30:36.456+0000: 56801.377: Total time for which application threads were stopped: 0.0128434 seconds, Stopping threads took: 0.0002581 seconds
2022-12-19T21:43:59.562+0000: 57604.484: Total time for which application threads were stopped: 0.0008085 seconds, Stopping threads took: 0.0002664 seconds
{Heap before GC invocations=74 (full 2):
 par new generation   total 184320K, used 163080K [0x00000000e0000000, 0x00000000ec800000, 0x00000000ec800000)
  eden space 163840K,  99% used [0x00000000e0000000, 0x00000000e9f06828, 0x00000000ea000000)
  from space 20480K,   1% used [0x00000000ea000000, 0x00000000ea03bb80, 0x00000000eb400000)
  to   space 20480K,   0% used [0x00000000eb400000, 0x00000000eb400000, 0x00000000ec800000)
 concurrent mark-sweep generation total 319488K, used 97322K [0x00000000ec800000, 0x0000000100000000, 0x0000000100000000)
 Metaspace       used 50878K, capacity 53444K, committed 53540K, reserved 1095680K
  class space    used 6726K, capacity 7266K, committed 7288K, reserved 1048576K
2022-12-19T21:43:59.670+0000: 57604.591: [GC (Allocation Failure) 2022-12-19T21:43:59.670+0000: 57604.591: [ParNew
Desired survivor size 10485760 bytes, new threshold 1 (max 1)
- age   1:    1273208 bytes,    1273208 total
: 163080K->1308K(184320K), 0.0250573 secs] 260403K->98630K(503808K), 0.0252805 secs] [Times: user=0.46 sys=0.01, real=0.02 secs] 
Heap after GC invocations=75 (full 2):
 par new generation   total 184320K, used 1308K [0x00000000e0000000, 0x00000000ec800000, 0x00000000ec800000)
  eden space 163840K,   0% used [0x00000000e0000000, 0x00000000e0000000, 0x00000000ea000000)
  from space 20480K,   6% used [0x00000000eb400000, 0x00000000eb547038, 0x00000000ec800000)
  to   space 20480K,   0% used [0x00000000ea000000, 0x00000000ea000000, 0x00000000eb400000)
 concurrent mark-sweep generation total 319488K, used 97322K [0x00000000ec800000, 0x0000000100000000, 0x0000000100000000)
 Metaspace       used 50878K, capacity 53444K, committed 53540K, reserved 1095680K
  class space    used 6726K, capacity 7266K, committed 7288K, reserved 1048576K
}
2022-12-19T21:43:59.695+0000: 57604.617: Total time for which application threads were stopped: 0.0260481 seconds, Stopping threads took: 0.0001537 seconds
2022-12-19T21:44:00.696+0000: 57605.617: Total time for which application threads were stopped: 0.0005170 seconds, Stopping threads took: 0.0000927 seconds
2022-12-19T21:44:01.696+0000: 57606.618: Total time for which application threads were stopped: 0.0004347 seconds, Stopping threads took: 0.0000835 seconds
2022-12-19T21:54:34.784+0000: 58239.706: Total time for which application threads were stopped: 0.0008206 seconds, Stopping threads took: 0.0002059 seconds
{Heap before GC invocations=75 (full 2):
 par new generation   total 184320K, used 165148K [0x00000000e0000000, 0x00000000ec800000, 0x00000000ec800000)
  eden space 163840K, 100% used [0x00000000e0000000, 0x00000000ea000000, 0x00000000ea000000)
  from space 20480K,   6% used [0x00000000eb400000, 0x00000000eb547038, 0x00000000ec800000)
  to   space 20480K,   0% used [0x00000000ea000000, 0x00000000ea000000, 0x00000000eb400000)
 concurrent mark-sweep generation total 319488K, used 97322K [0x00000000ec800000, 0x0000000100000000, 0x0000000100000000)
 Metaspace       used 50922K, capacity 53508K, committed 53540K, reserved 1095680K
  class space    used 6726K, capacity 7266K, committed 7288K, reserved 1048576K
2022-12-19T21:55:59.613+0000: 58324.535: [GC (Allocation Failure) 2022-12-19T21:55:59.613+0000: 58324.535: [ParNew
Desired survivor size 10485760 bytes, new threshold 1 (max 1)
- age   1:   20299840 bytes,   20299840 total
: 165148K->19907K(184320K), 0.0189144 secs] 262470K->119434K(503808K), 0.0191419 secs] [Times: user=0.24 sys=0.09, real=0.02 secs] 
Heap after GC invocations=76 (full 2):
 par new generation   total 184320K, used 19907K [0x00000000e0000000, 0x00000000ec800000, 0x00000000ec800000)
  eden space 163840K,   0% used [0x00000000e0000000, 0x00000000e0000000, 0x00000000ea000000)
  from space 20480K,  97% used [0x00000000ea000000, 0x00000000eb370fd0, 0x00000000eb400000)
  to   space 20480K,   0% used [0x00000000eb400000, 0x00000000eb400000, 0x00000000ec800000)
 concurrent mark-sweep generation total 319488K, used 99526K [0x00000000ec800000, 0x0000000100000000, 0x0000000100000000)
 Metaspace       used 50922K, capacity 53508K, committed 53540K, reserved 1095680K
  class space    used 6726K, capacity 7266K, committed 7288K, reserved 1048576K
}
2022-12-19T21:55:59.632+0000: 58324.554: Total time for which application threads were stopped: 0.0197266 seconds, Stopping threads took: 0.0000873 seconds
{Heap before GC invocations=76 (full 2):
 par new generation   total 184320K, used 183747K [0x00000000e0000000, 0x00000000ec800000, 0x00000000ec800000)
  eden space 163840K, 100% used [0x00000000e0000000, 0x00000000ea000000, 0x00000000ea000000)
  from space 20480K,  97% used [0x00000000ea000000, 0x00000000eb370fd0, 0x00000000eb400000)
  to   space 20480K,   0% used [0x00000000eb400000, 0x00000000eb400000, 0x00000000ec800000)
 concurrent mark-sweep generation total 319488K, used 99526K [0x00000000ec800000, 0x0000000100000000, 0x0000000100000000)
 Metaspace       used 50922K, capacity 53508K, committed 53540K, reserved 1095680K
  class space    used 6726K, capacity 7266K, committed 7288K, reserved 1048576K
2022-12-19T22:10:21.190+0000: 59186.112: [GC (Allocation Failure) 2022-12-19T22:10:21.190+0000: 59186.112: [ParNew
Desired survivor size 10485760 bytes, new threshold 1 (max 1)
- age   1:     165720 bytes,     165720 total
: 183747K->373K(184320K), 0.0206116 secs] 283274K->102146K(503808K), 0.0208436 secs] [Times: user=0.36 sys=0.00, real=0.02 secs] 
Heap after GC invocations=77 (full 2):
 par new generation   total 184320K, used 373K [0x00000000e0000000, 0x00000000ec800000, 0x00000000ec800000)
  eden space 163840K,   0% used [0x00000000e0000000, 0x00000000e0000000, 0x00000000ea000000)
  from space 20480K,   1% used [0x00000000eb400000, 0x00000000eb45d648, 0x00000000ec800000)
  to   space 20480K,   0% used [0x00000000ea000000, 0x00000000ea000000, 0x00000000eb400000)
 concurrent mark-sweep generation total 319488K, used 101772K [0x00000000ec800000, 0x0000000100000000, 0x0000000100000000)
 Metaspace       used 50922K, capacity 53508K, committed 53540K, reserved 1095680K
  class space    used 6726K, capacity 7266K, committed 7288K, reserved 1048576K
}
2022-12-19T22:10:21.211+0000: 59186.133: Total time for which application threads were stopped: 0.0222837 seconds, Stopping threads took: 0.0004062 seconds
2022-12-19T22:10:22.212+0000: 59187.133: Total time for which application threads were stopped: 0.0003416 seconds, Stopping threads took: 0.0000804 seconds
{Heap before GC invocations=77 (full 2):
 par new generation   total 184320K, used 164213K [0x00000000e0000000, 0x00000000ec800000, 0x00000000ec800000)
  eden space 163840K, 100% used [0x00000000e0000000, 0x00000000ea000000, 0x00000000ea000000)
  from space 20480K,   1% used [0x00000000eb400000, 0x00000000eb45d648, 0x00000000ec800000)
  to   space 20480K,   0% used [0x00000000ea000000, 0x00000000ea000000, 0x00000000eb400000)
 concurrent mark-sweep generation total 319488K, used 101772K [0x00000000ec800000, 0x0000000100000000, 0x0000000100000000)
 Metaspace       used 50922K, capacity 53508K, committed 53540K, reserved 1095680K
  class space    used 6726K, capacity 7266K, committed 7288K, reserved 1048576K
2022-12-19T22:24:34.478+0000: 60039.400: [GC (Allocation Failure) 2022-12-19T22:24:34.478+0000: 60039.400: [ParNew
Desired survivor size 10485760 bytes, new threshold 1 (max 1)
- age   1:     173856 bytes,     173856 total
: 164213K->219K(184320K), 0.0077212 secs] 265986K->101992K(503808K), 0.0079382 secs] [Times: user=0.11 sys=0.00, real=0.01 secs] 
Heap after GC invocations=78 (full 2):
 par new generation   total 184320K, used 219K [0x00000000e0000000, 0x00000000ec800000, 0x00000000ec800000)
  eden space 163840K,   0% used [0x00000000e0000000, 0x00000000e0000000, 0x00000000ea000000)
  from space 20480K,   1% used [0x00000000ea000000, 0x00000000ea036ea0, 0x00000000eb400000)
  to   space 20480K,   0% used [0x00000000eb400000, 0x00000000eb400000, 0x00000000ec800000)
 concurrent mark-sweep generation total 319488K, used 101772K [0x00000000ec800000, 0x0000000100000000, 0x0000000100000000)
 Metaspace       used 50922K, capacity 53508K, committed 53540K, reserved 1095680K
  class space    used 6726K, capacity 7266K, committed 7288K, reserved 1048576K
}
2022-12-19T22:24:34.486+0000: 60039.408: Total time for which application threads were stopped: 0.0089377 seconds, Stopping threads took: 0.0002814 seconds
2022-12-19T22:34:34.570+0000: 60639.492: Total time for which application threads were stopped: 0.0011699 seconds, Stopping threads took: 0.0003790 seconds
{Heap before GC invocations=78 (full 2):
 par new generation   total 184320K, used 164059K [0x00000000e0000000, 0x00000000ec800000, 0x00000000ec800000)
  eden space 163840K, 100% used [0x00000000e0000000, 0x00000000ea000000, 0x00000000ea000000)
  from space 20480K,   1% used [0x00000000ea000000, 0x00000000ea036ea0, 0x00000000eb400000)
  to   space 20480K,   0% used [0x00000000eb400000, 0x00000000eb400000, 0x00000000ec800000)
 concurrent mark-sweep generation total 319488K, used 101772K [0x00000000ec800000, 0x0000000100000000, 0x0000000100000000)
 Metaspace       used 50932K, capacity 53508K, committed 53540K, reserved 1095680K
  class space    used 6727K, capacity 7266K, committed 7288K, reserved 1048576K
2022-12-19T22:38:38.798+0000: 60883.719: [GC (Allocation Failure) 2022-12-19T22:38:38.798+0000: 60883.720: [ParNew
Desired survivor size 10485760 bytes, new threshold 1 (max 1)
- age   1:     169136 bytes,     169136 total
: 164059K->238K(184320K), 0.0128389 secs] 265832K->102011K(503808K), 0.0131306 secs] [Times: user=0.17 sys=0.04, real=0.02 secs] 
Heap after GC invocations=79 (full 2):
 par new generation   total 184320K, used 238K [0x00000000e0000000, 0x00000000ec800000, 0x00000000ec800000)
  eden space 163840K,   0% used [0x00000000e0000000, 0x00000000e0000000, 0x00000000ea000000)
  from space 20480K,   1% used [0x00000000eb400000, 0x00000000eb43ba68, 0x00000000ec800000)
  to   space 20480K,   0% used [0x00000000ea000000, 0x00000000ea000000, 0x00000000eb400000)
 concurrent mark-sweep generation total 319488K, used 101772K [0x00000000ec800000, 0x0000000100000000, 0x0000000100000000)
 Metaspace       used 50932K, capacity 53508K, committed 53540K, reserved 1095680K
  class space    used 6727K, capacity 7266K, committed 7288K, reserved 1048576K
}
2022-12-19T22:38:38.811+0000: 60883.733: Total time for which application threads were stopped: 0.0138054 seconds, Stopping threads took: 0.0000886 seconds
2022-12-19T22:43:59.859+0000: 61204.781: Total time for which application threads were stopped: 0.0010793 seconds, Stopping threads took: 0.0003423 seconds
2022-12-19T22:47:42.889+0000: 61427.811: Total time for which application threads were stopped: 0.0003751 seconds, Stopping threads took: 0.0000845 seconds
{Heap before GC invocations=79 (full 2):
 par new generation   total 184320K, used 164078K [0x00000000e0000000, 0x00000000ec800000, 0x00000000ec800000)
  eden space 163840K, 100% used [0x00000000e0000000, 0x00000000ea000000, 0x00000000ea000000)
  from space 20480K,   1% used [0x00000000eb400000, 0x00000000eb43ba68, 0x00000000ec800000)
  to   space 20480K,   0% used [0x00000000ea000000, 0x00000000ea000000, 0x00000000eb400000)
 concurrent mark-sweep generation total 319488K, used 101772K [0x00000000ec800000, 0x0000000100000000, 0x0000000100000000)
 Metaspace       used 50939K, capacity 53508K, committed 53540K, reserved 1095680K
  class space    used 6727K, capacity 7266K, committed 7288K, reserved 1048576K
2022-12-19T22:51:13.794+0000: 61638.716: [GC (Allocation Failure) 2022-12-19T22:51:13.794+0000: 61638.716: [ParNew
Desired survivor size 10485760 bytes, new threshold 1 (max 1)
- age   1:   20443960 bytes,   20443960 total
: 164078K->20031K(184320K), 0.0174254 secs] 265851K->123854K(503808K), 0.0176405 secs] [Times: user=0.23 sys=0.08, real=0.02 secs] 
Heap after GC invocations=80 (full 2):
 par new generation   total 184320K, used 20031K [0x00000000e0000000, 0x00000000ec800000, 0x00000000ec800000)
  eden space 163840K,   0% used [0x00000000e0000000, 0x00000000e0000000, 0x00000000ea000000)
  from space 20480K,  97% used [0x00000000ea000000, 0x00000000eb38ff00, 0x00000000eb400000)
  to   space 20480K,   0% used [0x00000000eb400000, 0x00000000eb400000, 0x00000000ec800000)
 concurrent mark-sweep generation total 319488K, used 103822K [0x00000000ec800000, 0x0000000100000000, 0x0000000100000000)
 Metaspace       used 50939K, capacity 53508K, committed 53540K, reserved 1095680K
  class space    used 6727K, capacity 7266K, committed 7288K, reserved 1048576K
}
2022-12-19T22:51:13.812+0000: 61638.734: Total time for which application threads were stopped: 0.0187385 seconds, Stopping threads took: 0.0002237 seconds
2022-12-19T22:54:00.835+0000: 61805.757: Total time for which application threads were stopped: 0.0004472 seconds, Stopping threads took: 0.0000869 seconds
{Heap before GC invocations=80 (full 2):
 par new generation   total 184320K, used 183871K [0x00000000e0000000, 0x00000000ec800000, 0x00000000ec800000)
  eden space 163840K, 100% used [0x00000000e0000000, 0x00000000ea000000, 0x00000000ea000000)
  from space 20480K,  97% used [0x00000000ea000000, 0x00000000eb38ff00, 0x00000000eb400000)
  to   space 20480K,   0% used [0x00000000eb400000, 0x00000000eb400000, 0x00000000ec800000)
 concurrent mark-sweep generation total 319488K, used 103822K [0x00000000ec800000, 0x0000000100000000, 0x0000000100000000)
 Metaspace       used 50940K, capacity 53508K, committed 53540K, reserved 1095680K
  class space    used 6727K, capacity 7266K, committed 7288K, reserved 1048576K
2022-12-19T23:05:08.383+0000: 62473.305: [GC (Allocation Failure) 2022-12-19T23:05:08.383+0000: 62473.305: [ParNew
Desired survivor size 10485760 bytes, new threshold 1 (max 1)
- age   1:     167936 bytes,     167936 total
: 183871K->412K(184320K), 0.0136884 secs] 287694K->105597K(503808K), 0.0139847 secs] [Times: user=0.19 sys=0.03, real=0.01 secs] 
Heap after GC invocations=81 (full 2):
 par new generation   total 184320K, used 412K [0x00000000e0000000, 0x00000000ec800000, 0x00000000ec800000)
  eden space 163840K,   0% used [0x00000000e0000000, 0x00000000e0000000, 0x00000000ea000000)
  from space 20480K,   2% used [0x00000000eb400000, 0x00000000eb467080, 0x00000000ec800000)
  to   space 20480K,   0% used [0x00000000ea000000, 0x00000000ea000000, 0x00000000eb400000)
 concurrent mark-sweep generation total 319488K, used 105185K [0x00000000ec800000, 0x0000000100000000, 0x0000000100000000)
 Metaspace       used 50940K, capacity 53508K, committed 53540K, reserved 1095680K
  class space    used 6727K, capacity 7266K, committed 7288K, reserved 1048576K
}
2022-12-19T23:05:08.397+0000: 62473.319: Total time for which application threads were stopped: 0.0148843 seconds, Stopping threads took: 0.0002664 seconds
{Heap before GC invocations=81 (full 2):
 par new generation   total 184320K, used 164252K [0x00000000e0000000, 0x00000000ec800000, 0x00000000ec800000)
  eden space 163840K, 100% used [0x00000000e0000000, 0x00000000ea000000, 0x00000000ea000000)
  from space 20480K,   2% used [0x00000000eb400000, 0x00000000eb467080, 0x00000000ec800000)
  to   space 20480K,   0% used [0x00000000ea000000, 0x00000000ea000000, 0x00000000eb400000)
 concurrent mark-sweep generation total 319488K, used 105185K [0x00000000ec800000, 0x0000000100000000, 0x0000000100000000)
 Metaspace       used 50942K, capacity 53508K, committed 53540K, reserved 1095680K
  class space    used 6727K, capacity 7266K, committed 7288K, reserved 1048576K
2022-12-19T23:19:13.893+0000: 63318.815: [GC (Allocation Failure) 2022-12-19T23:19:13.893+0000: 63318.815: [ParNew
Desired survivor size 10485760 bytes, new threshold 1 (max 1)
- age   1:     170728 bytes,     170728 total
: 164252K->233K(184320K), 0.0177077 secs] 269437K->105419K(503808K), 0.0179382 secs] [Times: user=0.26 sys=0.05, real=0.02 secs] 
Heap after GC invocations=82 (full 2):
 par new generation   total 184320K, used 233K [0x00000000e0000000, 0x00000000ec800000, 0x00000000ec800000)
  eden space 163840K,   0% used [0x00000000e0000000, 0x00000000e0000000, 0x00000000ea000000)
  from space 20480K,   1% used [0x00000000ea000000, 0x00000000ea03a678, 0x00000000eb400000)
  to   space 20480K,   0% used [0x00000000eb400000, 0x00000000eb400000, 0x00000000ec800000)
 concurrent mark-sweep generation total 319488K, used 105185K [0x00000000ec800000, 0x0000000100000000, 0x0000000100000000)
 Metaspace       used 50942K, capacity 53508K, committed 53540K, reserved 1095680K
  class space    used 6727K, capacity 7266K, committed 7288K, reserved 1048576K
}
2022-12-19T23:19:13.911+0000: 63318.833: Total time for which application threads were stopped: 0.0195256 seconds, Stopping threads took: 0.0004139 seconds
2022-12-19T23:26:00.971+0000: 63725.893: Total time for which application threads were stopped: 0.0004481 seconds, Stopping threads took: 0.0001149 seconds
{Heap before GC invocations=82 (full 2):
 par new generation   total 184320K, used 164073K [0x00000000e0000000, 0x00000000ec800000, 0x00000000ec800000)
  eden space 163840K, 100% used [0x00000000e0000000, 0x00000000ea000000, 0x00000000ea000000)
  from space 20480K,   1% used [0x00000000ea000000, 0x00000000ea03a678, 0x00000000eb400000)
  to   space 20480K,   0% used [0x00000000eb400000, 0x00000000eb400000, 0x00000000ec800000)
 concurrent mark-sweep generation total 319488K, used 105185K [0x00000000ec800000, 0x0000000100000000, 0x0000000100000000)
 Metaspace       used 50943K, capacity 53508K, committed 53540K, reserved 1095680K
  class space    used 6728K, capacity 7266K, committed 7288K, reserved 1048576K
2022-12-19T23:33:04.187+0000: 64149.109: [GC (Allocation Failure) 2022-12-19T23:33:04.187+0000: 64149.109: [ParNew
Desired survivor size 10485760 bytes, new threshold 1 (max 1)
- age   1:     169456 bytes,     169456 total
: 164073K->223K(184320K), 0.0156436 secs] 269259K->105409K(503808K), 0.0158736 secs] [Times: user=0.31 sys=0.01, real=0.02 secs] 
Heap after GC invocations=83 (full 2):
 par new generation   total 184320K, used 223K [0x00000000e0000000, 0x00000000ec800000, 0x00000000ec800000)
  eden space 163840K,   0% used [0x00000000e0000000, 0x00000000e0000000, 0x00000000ea000000)
  from space 20480K,   1% used [0x00000000eb400000, 0x00000000eb437c20, 0x00000000ec800000)
  to   space 20480K,   0% used [0x00000000ea000000, 0x00000000ea000000, 0x00000000eb400000)
 concurrent mark-sweep generation total 319488K, used 105186K [0x00000000ec800000, 0x0000000100000000, 0x0000000100000000)
 Metaspace       used 50943K, capacity 53508K, committed 53540K, reserved 1095680K
  class space    used 6728K, capacity 7266K, committed 7288K, reserved 1048576K
}
2022-12-19T23:33:04.203+0000: 64149.125: Total time for which application threads were stopped: 0.0170980 seconds, Stopping threads took: 0.0002584 seconds
{Heap before GC invocations=83 (full 2):
 par new generation   total 184320K, used 164063K [0x00000000e0000000, 0x00000000ec800000, 0x00000000ec800000)
  eden space 163840K, 100% used [0x00000000e0000000, 0x00000000ea000000, 0x00000000ea000000)
  from space 20480K,   1% used [0x00000000eb400000, 0x00000000eb437c20, 0x00000000ec800000)
  to   space 20480K,   0% used [0x00000000ea000000, 0x00000000ea000000, 0x00000000eb400000)
 concurrent mark-sweep generation total 319488K, used 105186K [0x00000000ec800000, 0x0000000100000000, 0x0000000100000000)
 Metaspace       used 50956K, capacity 53508K, committed 53540K, reserved 1095680K
  class space    used 6728K, capacity 7266K, committed 7288K, reserved 1048576K
2022-12-19T23:45:46.940+0000: 64911.862: [GC (Allocation Failure) 2022-12-19T23:45:46.940+0000: 64911.862: [ParNew
Desired survivor size 10485760 bytes, new threshold 1 (max 1)
- age   1:   20436560 bytes,   20436560 total
: 164063K->20035K(184320K), 0.0226770 secs] 269249K->125222K(503808K), 0.0228911 secs] [Times: user=0.33 sys=0.08, real=0.03 secs] 
Heap after GC invocations=84 (full 2):
 par new generation   total 184320K, used 20035K [0x00000000e0000000, 0x00000000ec800000, 0x00000000ec800000)
  eden space 163840K,   0% used [0x00000000e0000000, 0x00000000e0000000, 0x00000000ea000000)
  from space 20480K,  97% used [0x00000000ea000000, 0x00000000eb390cf8, 0x00000000eb400000)
  to   space 20480K,   0% used [0x00000000eb400000, 0x00000000eb400000, 0x00000000ec800000)
 concurrent mark-sweep generation total 319488K, used 105186K [0x00000000ec800000, 0x0000000100000000, 0x0000000100000000)
 Metaspace       used 50956K, capacity 53508K, committed 53540K, reserved 1095680K
  class space    used 6728K, capacity 7266K, committed 7288K, reserved 1048576K
}
2022-12-19T23:45:46.963+0000: 64911.885: Total time for which application threads were stopped: 0.0243234 seconds, Stopping threads took: 0.0003814 seconds
{Heap before GC invocations=84 (full 2):
 par new generation   total 184320K, used 183875K [0x00000000e0000000, 0x00000000ec800000, 0x00000000ec800000)
  eden space 163840K, 100% used [0x00000000e0000000, 0x00000000ea000000, 0x00000000ea000000)
  from space 20480K,  97% used [0x00000000ea000000, 0x00000000eb390cf8, 0x00000000eb400000)
  to   space 20480K,   0% used [0x00000000eb400000, 0x00000000eb400000, 0x00000000ec800000)
 concurrent mark-sweep generation total 319488K, used 105186K [0x00000000ec800000, 0x0000000100000000, 0x0000000100000000)
 Metaspace       used 50956K, capacity 53508K, committed 53540K, reserved 1095680K
  class space    used 6728K, capacity 7266K, committed 7288K, reserved 1048576K
2022-12-19T23:59:34.746+0000: 65739.668: [GC (Allocation Failure) 2022-12-19T23:59:34.746+0000: 65739.668: [ParNew
Desired survivor size 10485760 bytes, new threshold 1 (max 1)
- age   1:    3330016 bytes,    3330016 total
: 183875K->3498K(184320K), 0.0163746 secs] 289062K->111057K(503808K), 0.0166012 secs] [Times: user=0.26 sys=0.00, real=0.02 secs] 
Heap after GC invocations=85 (full 2):
 par new generation   total 184320K, used 3498K [0x00000000e0000000, 0x00000000ec800000, 0x00000000ec800000)
  eden space 163840K,   0% used [0x00000000e0000000, 0x00000000e0000000, 0x00000000ea000000)
  from space 20480K,  17% used [0x00000000eb400000, 0x00000000eb76a8d8, 0x00000000ec800000)
  to   space 20480K,   0% used [0x00000000ea000000, 0x00000000ea000000, 0x00000000eb400000)
 concurrent mark-sweep generation total 319488K, used 107558K [0x00000000ec800000, 0x0000000100000000, 0x0000000100000000)
 Metaspace       used 50956K, capacity 53508K, committed 53540K, reserved 1095680K
  class space    used 6728K, capacity 7266K, committed 7288K, reserved 1048576K
}
2022-12-19T23:59:34.763+0000: 65739.684: Total time for which application threads were stopped: 0.0176296 seconds, Stopping threads took: 0.0002654 seconds
2022-12-20T00:00:07.767+0000: 65772.689: Total time for which application threads were stopped: 0.0003926 seconds, Stopping threads took: 0.0000849 seconds
2022-12-20T00:02:15.785+0000: 65900.706: Total time for which application threads were stopped: 0.0003571 seconds, Stopping threads took: 0.0000840 seconds
{Heap before GC invocations=85 (full 2):
 par new generation   total 184320K, used 167338K [0x00000000e0000000, 0x00000000ec800000, 0x00000000ec800000)
  eden space 163840K, 100% used [0x00000000e0000000, 0x00000000ea000000, 0x00000000ea000000)
  from space 20480K,  17% used [0x00000000eb400000, 0x00000000eb76a8d8, 0x00000000ec800000)
  to   space 20480K,   0% used [0x00000000ea000000, 0x00000000ea000000, 0x00000000eb400000)
 concurrent mark-sweep generation total 319488K, used 107558K [0x00000000ec800000, 0x0000000100000000, 0x0000000100000000)
 Metaspace       used 51019K, capacity 53540K, committed 53668K, reserved 1095680K
  class space    used 6733K, capacity 7298K, committed 7416K, reserved 1048576K
2022-12-20T00:13:34.019+0000: 66578.941: [GC (Allocation Failure) 2022-12-20T00:13:34.020+0000: 66578.941: [ParNew
Desired survivor size 10485760 bytes, new threshold 1 (max 1)
- age   1:     190816 bytes,     190816 total
: 167338K->257K(184320K), 0.0089229 secs] 274897K->108840K(503808K), 0.0091279 secs] [Times: user=0.12 sys=0.02, real=0.02 secs] 
Heap after GC invocations=86 (full 2):
 par new generation   total 184320K, used 257K [0x00000000e0000000, 0x00000000ec800000, 0x00000000ec800000)
  eden space 163840K,   0% used [0x00000000e0000000, 0x00000000e0000000, 0x00000000ea000000)
  from space 20480K,   1% used [0x00000000ea000000, 0x00000000ea040580, 0x00000000eb400000)
  to   space 20480K,   0% used [0x00000000eb400000, 0x00000000eb400000, 0x00000000ec800000)
 concurrent mark-sweep generation total 319488K, used 108583K [0x00000000ec800000, 0x0000000100000000, 0x0000000100000000)
 Metaspace       used 51019K, capacity 53540K, committed 53668K, reserved 1095680K
  class space    used 6733K, capacity 7298K, committed 7416K, reserved 1048576K
}
2022-12-20T00:13:34.029+0000: 66578.950: Total time for which application threads were stopped: 0.0097334 seconds, Stopping threads took: 0.0000912 seconds
{Heap before GC invocations=86 (full 2):
 par new generation   total 184320K, used 164097K [0x00000000e0000000, 0x00000000ec800000, 0x00000000ec800000)
  eden space 163840K, 100% used [0x00000000e0000000, 0x00000000ea000000, 0x00000000ea000000)
  from space 20480K,   1% used [0x00000000ea000000, 0x00000000ea040580, 0x00000000eb400000)
  to   space 20480K,   0% used [0x00000000eb400000, 0x00000000eb400000, 0x00000000ec800000)
 concurrent mark-sweep generation total 319488K, used 108583K [0x00000000ec800000, 0x0000000100000000, 0x0000000100000000)
 Metaspace       used 51019K, capacity 53540K, committed 53668K, reserved 1095680K
  class space    used 6733K, capacity 7298K, committed 7416K, reserved 1048576K
2022-12-20T00:27:25.564+0000: 67410.486: [GC (Allocation Failure) 2022-12-20T00:27:25.564+0000: 67410.486: [ParNew
Desired survivor size 10485760 bytes, new threshold 1 (max 1)
- age   1:     169432 bytes,     169432 total
: 164097K->233K(184320K), 0.0131037 secs] 272680K->108831K(503808K), 0.0133189 secs] [Times: user=0.17 sys=0.05, real=0.01 secs] 
Heap after GC invocations=87 (full 2):
 par new generation   total 184320K, used 233K [0x00000000e0000000, 0x00000000ec800000, 0x00000000ec800000)
  eden space 163840K,   0% used [0x00000000e0000000, 0x00000000e0000000, 0x00000000ea000000)
  from space 20480K,   1% used [0x00000000eb400000, 0x00000000eb43a560, 0x00000000ec800000)
  to   space 20480K,   0% used [0x00000000ea000000, 0x00000000ea000000, 0x00000000eb400000)
 concurrent mark-sweep generation total 319488K, used 108597K [0x00000000ec800000, 0x0000000100000000, 0x0000000100000000)
 Metaspace       used 51019K, capacity 53540K, committed 53668K, reserved 1095680K
  class space    used 6733K, capacity 7298K, committed 7416K, reserved 1048576K
}
2022-12-20T00:27:25.577+0000: 67410.499: Total time for which application threads were stopped: 0.0146764 seconds, Stopping threads took: 0.0003685 seconds
{Heap before GC invocations=87 (full 2):
 par new generation   total 184320K, used 164073K [0x00000000e0000000, 0x00000000ec800000, 0x00000000ec800000)
  eden space 163840K, 100% used [0x00000000e0000000, 0x00000000ea000000, 0x00000000ea000000)
  from space 20480K,   1% used [0x00000000eb400000, 0x00000000eb43a560, 0x00000000ec800000)
  to   space 20480K,   0% used [0x00000000ea000000, 0x00000000ea000000, 0x00000000eb400000)
 concurrent mark-sweep generation total 319488K, used 108597K [0x00000000ec800000, 0x0000000100000000, 0x0000000100000000)
 Metaspace       used 51019K, capacity 53540K, committed 53668K, reserved 1095680K
  class space    used 6733K, capacity 7298K, committed 7416K, reserved 1048576K
2022-12-20T00:41:04.099+0000: 68229.021: [GC (Allocation Failure) 2022-12-20T00:41:04.099+0000: 68229.021: [ParNew
Desired survivor size 10485760 bytes, new threshold 1 (max 1)
- age   1:     169400 bytes,     169400 total
: 164073K->244K(184320K), 0.0099098 secs] 272671K->108842K(503808K), 0.0101308 secs] [Times: user=0.16 sys=0.00, real=0.02 secs] 
