OpenJDK 64-Bit Server VM (25.342-b07) for linux-amd64 JRE (1.8.0_342-b07), built on Jul 16 2022 09:19:19 by "openjdk" with gcc 4.4.7 20120313 (Red Hat 4.4.7-23)
Memory: 4k page, physical 196692516k(167611624k free), swap 3145724k(3145724k free)
CommandLine flags: -XX:+AlwaysPreTouch -XX:+CMSClassUnloadingEnabled -XX:+CMSEdenChunksRecordAlways -XX:CMSInitiatingOccupancyFraction=75 -XX:+CMSParallelInitialMarkEnabled -XX:+CMSParallelRemarkEnabled -XX:CMSWaitDuration=10000 -XX:CompileCommandFile=/etc/apache-cassandra-4.0.7/hotspot_compiler -XX:GCLogFileSize=10485760 -XX:+HeapDumpOnOutOfMemoryError -XX:InitialHeapSize=536870912 -XX:InitialTenuringThreshold=1 -XX:+ManagementServer -XX:MaxHeapSize=536870912 -XX:MaxNewSize=209715200 -XX:MaxTenuringThreshold=1 -XX:NewSize=209715200 -XX:NumberOfGCLogFiles=10 -XX:OldPLABSize=16 -XX:OnOutOfMemoryError=kill -9 %p -XX:+PerfDisableSharedMem -XX:+PrintGC -XX:+PrintGCApplicationStoppedTime -XX:+PrintGCDateStamps -XX:+PrintGCDetails -XX:+PrintGCTimeStamps -XX:+PrintHeapAtGC -XX:+PrintPromotionFailure -XX:+PrintTenuringDistribution -XX:+ResizeTLAB -XX:SurvivorRatio=8 -XX:ThreadPriorityPolicy=42 -XX:ThreadStackSize=256 -XX:-UseBiasedLocking -XX:+UseCMSInitiatingOccupancyOnly -XX:+UseCompressedClassPointers -XX:+UseCompressedOops -XX:+UseConcMarkSweepGC -XX:+UseCondCardMark -XX:+UseGCLogFileRotation -XX:-UseNUMA -XX:+UseParNewGC -XX:+UseTLAB -XX:+UseThreadPriorities 
2022-12-19T05:46:05.437+0000: 0.550: Total time for which application threads were stopped: 0.0002163 seconds, Stopping threads took: 0.0000577 seconds
2022-12-19T05:46:05.880+0000: 0.993: Total time for which application threads were stopped: 0.0004613 seconds, Stopping threads took: 0.0000440 seconds
2022-12-19T05:46:05.928+0000: 1.042: Total time for which application threads were stopped: 0.0003411 seconds, Stopping threads took: 0.0000551 seconds
2022-12-19T05:46:06.027+0000: 1.140: Total time for which application threads were stopped: 0.0002182 seconds, Stopping threads took: 0.0000326 seconds
2022-12-19T05:46:06.030+0000: 1.144: Total time for which application threads were stopped: 0.0001838 seconds, Stopping threads took: 0.0000412 seconds
2022-12-19T05:46:06.031+0000: 1.144: Total time for which application threads were stopped: 0.0001609 seconds, Stopping threads took: 0.0000649 seconds
2022-12-19T05:46:06.040+0000: 1.153: Total time for which application threads were stopped: 0.0001373 seconds, Stopping threads took: 0.0000274 seconds
2022-12-19T05:46:06.072+0000: 1.185: Total time for which application threads were stopped: 0.0002709 seconds, Stopping threads took: 0.0000426 seconds
2022-12-19T05:46:06.106+0000: 1.219: Total time for which application threads were stopped: 0.0003806 seconds, Stopping threads took: 0.0000812 seconds
2022-12-19T05:46:06.159+0000: 1.272: Total time for which application threads were stopped: 0.0003870 seconds, Stopping threads took: 0.0000591 seconds
2022-12-19T05:46:06.198+0000: 1.311: Total time for which application threads were stopped: 0.0003865 seconds, Stopping threads took: 0.0000569 seconds
2022-12-19T05:46:06.254+0000: 1.368: Total time for which application threads were stopped: 0.0004139 seconds, Stopping threads took: 0.0000584 seconds
2022-12-19T05:46:06.434+0000: 1.547: Total time for which application threads were stopped: 0.0006170 seconds, Stopping threads took: 0.0000593 seconds
2022-12-19T05:46:06.462+0000: 1.576: Total time for which application threads were stopped: 0.0005619 seconds, Stopping threads took: 0.0000632 seconds
2022-12-19T05:46:06.477+0000: 1.590: Total time for which application threads were stopped: 0.0005358 seconds, Stopping threads took: 0.0000515 seconds
2022-12-19T05:46:06.479+0000: 1.593: Total time for which application threads were stopped: 0.0004437 seconds, Stopping threads took: 0.0000487 seconds
2022-12-19T05:46:06.486+0000: 1.599: Total time for which application threads were stopped: 0.0002607 seconds, Stopping threads took: 0.0000360 seconds
2022-12-19T05:46:06.496+0000: 1.609: Total time for which application threads were stopped: 0.0059652 seconds, Stopping threads took: 0.0057763 seconds
2022-12-19T05:46:06.518+0000: 1.631: Total time for which application threads were stopped: 0.0006127 seconds, Stopping threads took: 0.0001104 seconds
2022-12-19T05:46:06.519+0000: 1.632: Total time for which application threads were stopped: 0.0006835 seconds, Stopping threads took: 0.0006353 seconds
2022-12-19T05:46:06.534+0000: 1.647: Total time for which application threads were stopped: 0.0005557 seconds, Stopping threads took: 0.0000415 seconds
2022-12-19T05:46:06.546+0000: 1.660: Total time for which application threads were stopped: 0.0006346 seconds, Stopping threads took: 0.0000900 seconds
2022-12-19T05:46:06.554+0000: 1.668: Total time for which application threads were stopped: 0.0004697 seconds, Stopping threads took: 0.0000639 seconds
2022-12-19T05:46:06.566+0000: 1.679: Total time for which application threads were stopped: 0.0004166 seconds, Stopping threads took: 0.0000669 seconds
2022-12-19T05:46:06.571+0000: 1.685: Total time for which application threads were stopped: 0.0006289 seconds, Stopping threads took: 0.0001147 seconds
2022-12-19T05:46:06.587+0000: 1.700: Total time for which application threads were stopped: 0.0005816 seconds, Stopping threads took: 0.0000566 seconds
2022-12-19T05:46:06.732+0000: 1.845: Total time for which application threads were stopped: 0.0005914 seconds, Stopping threads took: 0.0000710 seconds
2022-12-19T05:46:06.773+0000: 1.887: Total time for which application threads were stopped: 0.0005811 seconds, Stopping threads took: 0.0000513 seconds
2022-12-19T05:46:06.810+0000: 1.924: Total time for which application threads were stopped: 0.0004959 seconds, Stopping threads took: 0.0000521 seconds
2022-12-19T05:46:06.828+0000: 1.941: Total time for which application threads were stopped: 0.0005744 seconds, Stopping threads took: 0.0000664 seconds
2022-12-19T05:46:06.905+0000: 2.018: Total time for which application threads were stopped: 0.0006837 seconds, Stopping threads took: 0.0000803 seconds
2022-12-19T05:46:06.927+0000: 2.041: Total time for which application threads were stopped: 0.0005941 seconds, Stopping threads took: 0.0000706 seconds
2022-12-19T05:46:06.974+0000: 2.087: Total time for which application threads were stopped: 0.0005858 seconds, Stopping threads took: 0.0000717 seconds
2022-12-19T05:46:07.013+0000: 2.127: Total time for which application threads were stopped: 0.0005745 seconds, Stopping threads took: 0.0000788 seconds
2022-12-19T05:46:07.153+0000: 2.266: Total time for which application threads were stopped: 0.0005965 seconds, Stopping threads took: 0.0000561 seconds
2022-12-19T05:46:07.187+0000: 2.300: Total time for which application threads were stopped: 0.0003929 seconds, Stopping threads took: 0.0000809 seconds
2022-12-19T05:46:07.207+0000: 2.320: Total time for which application threads were stopped: 0.0005564 seconds, Stopping threads took: 0.0000627 seconds
2022-12-19T05:46:07.231+0000: 2.344: Total time for which application threads were stopped: 0.0005471 seconds, Stopping threads took: 0.0000498 seconds
2022-12-19T05:46:07.265+0000: 2.378: Total time for which application threads were stopped: 0.0003890 seconds, Stopping threads took: 0.0000683 seconds
2022-12-19T05:46:07.280+0000: 2.394: Total time for which application threads were stopped: 0.0005683 seconds, Stopping threads took: 0.0000617 seconds
{Heap before GC invocations=0 (full 0):
 par new generation   total 184320K, used 163840K [0x00000000e0000000, 0x00000000ec800000, 0x00000000ec800000)
  eden space 163840K, 100% used [0x00000000e0000000, 0x00000000ea000000, 0x00000000ea000000)
  from space 20480K,   0% used [0x00000000ea000000, 0x00000000ea000000, 0x00000000eb400000)
  to   space 20480K,   0% used [0x00000000eb400000, 0x00000000eb400000, 0x00000000ec800000)
 concurrent mark-sweep generation total 319488K, used 0K [0x00000000ec800000, 0x0000000100000000, 0x0000000100000000)
 Metaspace       used 27876K, capacity 28320K, committed 28524K, reserved 1075200K
  class space    used 3202K, capacity 3348K, committed 3472K, reserved 1048576K
2022-12-19T05:46:07.297+0000: 2.410: [GC (Allocation Failure) 2022-12-19T05:46:07.297+0000: 2.410: [ParNew
Desired survivor size 10485760 bytes, new threshold 1 (max 1)
- age   1:   18890904 bytes,   18890904 total
: 163840K->18635K(184320K), 0.0301765 secs] 163840K->18635K(503808K), 0.0303114 secs] [Times: user=0.30 sys=0.00, real=0.03 secs] 
Heap after GC invocations=1 (full 0):
 par new generation   total 184320K, used 18635K [0x00000000e0000000, 0x00000000ec800000, 0x00000000ec800000)
  eden space 163840K,   0% used [0x00000000e0000000, 0x00000000e0000000, 0x00000000ea000000)
  from space 20480K,  90% used [0x00000000eb400000, 0x00000000ec632d90, 0x00000000ec800000)
  to   space 20480K,   0% used [0x00000000ea000000, 0x00000000ea000000, 0x00000000eb400000)
 concurrent mark-sweep generation total 319488K, used 0K [0x00000000ec800000, 0x0000000100000000, 0x0000000100000000)
 Metaspace       used 27876K, capacity 28320K, committed 28524K, reserved 1075200K
  class space    used 3202K, capacity 3348K, committed 3472K, reserved 1048576K
}
2022-12-19T05:46:07.327+0000: 2.441: Total time for which application threads were stopped: 0.0308800 seconds, Stopping threads took: 0.0002619 seconds
2022-12-19T05:46:07.328+0000: 2.441: [GC (CMS Initial Mark) [1 CMS-initial-mark: 0K(319488K)] 21912K(503808K), 0.0034964 secs] [Times: user=0.03 sys=0.01, real=0.01 secs] 
2022-12-19T05:46:07.331+0000: 2.445: Total time for which application threads were stopped: 0.0037558 seconds, Stopping threads took: 0.0001147 seconds
2022-12-19T05:46:07.331+0000: 2.445: [CMS-concurrent-mark-start]
2022-12-19T05:46:07.331+0000: 2.445: [CMS-concurrent-mark: 0.000/0.000 secs] [Times: user=0.00 sys=0.00, real=0.00 secs] 
2022-12-19T05:46:07.331+0000: 2.445: [CMS-concurrent-preclean-start]
2022-12-19T05:46:07.332+0000: 2.446: [CMS-concurrent-preclean: 0.001/0.001 secs] [Times: user=0.00 sys=0.00, real=0.00 secs] 
2022-12-19T05:46:07.332+0000: 2.446: [CMS-concurrent-abortable-preclean-start]
2022-12-19T05:46:07.369+0000: 2.482: Total time for which application threads were stopped: 0.0003464 seconds, Stopping threads took: 0.0001076 seconds
2022-12-19T05:46:07.393+0000: 2.506: Total time for which application threads were stopped: 0.0002857 seconds, Stopping threads took: 0.0000426 seconds
2022-12-19T05:46:07.422+0000: 2.535: Total time for which application threads were stopped: 0.0006310 seconds, Stopping threads took: 0.0001121 seconds
2022-12-19T05:46:07.457+0000: 2.571: Total time for which application threads were stopped: 0.0006635 seconds, Stopping threads took: 0.0000829 seconds
2022-12-19T05:46:07.463+0000: 2.576: Total time for which application threads were stopped: 0.0003527 seconds, Stopping threads took: 0.0000472 seconds
2022-12-19T05:46:07.512+0000: 2.626: Total time for which application threads were stopped: 0.0004036 seconds, Stopping threads took: 0.0000496 seconds
2022-12-19T05:46:07.532+0000: 2.645: Total time for which application threads were stopped: 0.0002720 seconds, Stopping threads took: 0.0000915 seconds
2022-12-19T05:46:07.533+0000: 2.646: Total time for which application threads were stopped: 0.0003345 seconds, Stopping threads took: 0.0000589 seconds
2022-12-19T05:46:07.586+0000: 2.700: Total time for which application threads were stopped: 0.0006596 seconds, Stopping threads took: 0.0000663 seconds
2022-12-19T05:46:07.619+0000: 2.732: Total time for which application threads were stopped: 0.0006147 seconds, Stopping threads took: 0.0000658 seconds
{Heap before GC invocations=1 (full 1):
 par new generation   total 184320K, used 179355K [0x00000000e0000000, 0x00000000ec800000, 0x00000000ec800000)
  eden space 163840K,  98% used [0x00000000e0000000, 0x00000000e9cf3e88, 0x00000000ea000000)
  from space 20480K,  90% used [0x00000000eb400000, 0x00000000ec632d90, 0x00000000ec800000)
  to   space 20480K,   0% used [0x00000000ea000000, 0x00000000ea000000, 0x00000000eb400000)
 concurrent mark-sweep generation total 319488K, used 0K [0x00000000ec800000, 0x0000000100000000, 0x0000000100000000)
 Metaspace       used 30443K, capacity 31118K, committed 31256K, reserved 1077248K
  class space    used 3517K, capacity 3729K, committed 3804K, reserved 1048576K
2022-12-19T05:46:08.097+0000: 3.210: [GC (Allocation Failure) 2022-12-19T05:46:08.097+0000: 3.210: [ParNew2022-12-19T05:46:08.113+0000: 3.227: [CMS-concurrent-abortable-preclean: 0.400/0.781 secs] [Times: user=3.02 sys=0.32, real=0.78 secs] 

Desired survivor size 10485760 bytes, new threshold 1 (max 1)
- age   1:   12853576 bytes,   12853576 total
: 179355K->17115K(184320K), 0.1194782 secs] 179355K->24343K(503808K), 0.1196820 secs] [Times: user=0.98 sys=0.10, real=0.12 secs] 
Heap after GC invocations=2 (full 1):
 par new generation   total 184320K, used 17115K [0x00000000e0000000, 0x00000000ec800000, 0x00000000ec800000)
  eden space 163840K,   0% used [0x00000000e0000000, 0x00000000e0000000, 0x00000000ea000000)
  from space 20480K,  83% used [0x00000000ea000000, 0x00000000eb0b6cf0, 0x00000000eb400000)
  to   space 20480K,   0% used [0x00000000eb400000, 0x00000000eb400000, 0x00000000ec800000)
 concurrent mark-sweep generation total 319488K, used 7228K [0x00000000ec800000, 0x0000000100000000, 0x0000000100000000)
 Metaspace       used 30443K, capacity 31118K, committed 31256K, reserved 1077248K
  class space    used 3517K, capacity 3729K, committed 3804K, reserved 1048576K
}
2022-12-19T05:46:08.217+0000: 3.330: Total time for which application threads were stopped: 0.1207255 seconds, Stopping threads took: 0.0003777 seconds
2022-12-19T05:46:08.225+0000: 3.338: [GC (CMS Final Remark) [YG occupancy: 23958 K (184320 K)]2022-12-19T05:46:08.225+0000: 3.338: [Rescan (parallel) , 0.0172792 secs]2022-12-19T05:46:08.242+0000: 3.355: [weak refs processing, 0.0000512 secs]2022-12-19T05:46:08.242+0000: 3.355: [class unloading, 0.0204297 secs]2022-12-19T05:46:08.263+0000: 3.376: [scrub symbol table, 0.0068747 secs]2022-12-19T05:46:08.269+0000: 3.383: [scrub string table, 0.0006924 secs][1 CMS-remark: 7228K(319488K)] 31186K(503808K), 0.0456200 secs] [Times: user=0.45 sys=0.02, real=0.05 secs] 
2022-12-19T05:46:08.270+0000: 3.384: Total time for which application threads were stopped: 0.0534532 seconds, Stopping threads took: 0.0076663 seconds
2022-12-19T05:46:08.271+0000: 3.384: [CMS-concurrent-sweep-start]
2022-12-19T05:46:08.281+0000: 3.395: [CMS-concurrent-sweep: 0.011/0.011 secs] [Times: user=0.03 sys=0.00, real=0.01 secs] 
2022-12-19T05:46:08.282+0000: 3.395: [CMS-concurrent-reset-start]
2022-12-19T05:46:08.287+0000: 3.401: [CMS-concurrent-reset: 0.006/0.006 secs] [Times: user=0.00 sys=0.00, real=0.00 secs] 
2022-12-19T05:46:08.477+0000: 3.590: Total time for which application threads were stopped: 0.0009304 seconds, Stopping threads took: 0.0000574 seconds
{Heap before GC invocations=2 (full 1):
 par new generation   total 184320K, used 180955K [0x00000000e0000000, 0x00000000ec800000, 0x00000000ec800000)
  eden space 163840K, 100% used [0x00000000e0000000, 0x00000000ea000000, 0x00000000ea000000)
  from space 20480K,  83% used [0x00000000ea000000, 0x00000000eb0b6cf0, 0x00000000eb400000)
  to   space 20480K,   0% used [0x00000000eb400000, 0x00000000eb400000, 0x00000000ec800000)
 concurrent mark-sweep generation total 319488K, used 7228K [0x00000000ec800000, 0x0000000100000000, 0x0000000100000000)
 Metaspace       used 34248K, capacity 34994K, committed 35360K, reserved 1079296K
  class space    used 4602K, capacity 4839K, committed 4956K, reserved 1048576K
2022-12-19T05:46:08.828+0000: 3.942: [GC (Allocation Failure) 2022-12-19T05:46:08.828+0000: 3.942: [ParNew
Desired survivor size 10485760 bytes, new threshold 1 (max 1)
- age   1:    5150928 bytes,    5150928 total
: 180955K->11065K(184320K), 0.0162950 secs] 188183K->19106K(503808K), 0.0164577 secs] [Times: user=0.25 sys=0.00, real=0.01 secs] 
Heap after GC invocations=3 (full 1):
 par new generation   total 184320K, used 11065K [0x00000000e0000000, 0x00000000ec800000, 0x00000000ec800000)
  eden space 163840K,   0% used [0x00000000e0000000, 0x00000000e0000000, 0x00000000ea000000)
  from space 20480K,  54% used [0x00000000eb400000, 0x00000000ebece4a0, 0x00000000ec800000)
  to   space 20480K,   0% used [0x00000000ea000000, 0x00000000ea000000, 0x00000000eb400000)
 concurrent mark-sweep generation total 319488K, used 8041K [0x00000000ec800000, 0x0000000100000000, 0x0000000100000000)
 Metaspace       used 34248K, capacity 34994K, committed 35360K, reserved 1079296K
  class space    used 4602K, capacity 4839K, committed 4956K, reserved 1048576K
}
2022-12-19T05:46:08.845+0000: 3.958: Total time for which application threads were stopped: 0.0171275 seconds, Stopping threads took: 0.0000731 seconds
2022-12-19T05:46:09.125+0000: 4.239: Total time for which application threads were stopped: 0.0012421 seconds, Stopping threads took: 0.0000976 seconds
2022-12-19T05:46:09.510+0000: 4.624: Total time for which application threads were stopped: 0.0006018 seconds, Stopping threads took: 0.0001422 seconds
2022-12-19T05:46:09.655+0000: 4.768: Total time for which application threads were stopped: 0.0005468 seconds, Stopping threads took: 0.0000998 seconds
2022-12-19T05:46:09.713+0000: 4.826: Total time for which application threads were stopped: 0.0011732 seconds, Stopping threads took: 0.0000914 seconds
2022-12-19T05:46:09.818+0000: 4.931: Total time for which application threads were stopped: 0.0012597 seconds, Stopping threads took: 0.0000732 seconds
2022-12-19T05:46:10.183+0000: 5.296: Total time for which application threads were stopped: 0.0014475 seconds, Stopping threads took: 0.0001732 seconds
{Heap before GC invocations=3 (full 1):
 par new generation   total 184320K, used 174905K [0x00000000e0000000, 0x00000000ec800000, 0x00000000ec800000)
  eden space 163840K, 100% used [0x00000000e0000000, 0x00000000ea000000, 0x00000000ea000000)
  from space 20480K,  54% used [0x00000000eb400000, 0x00000000ebece4a0, 0x00000000ec800000)
  to   space 20480K,   0% used [0x00000000ea000000, 0x00000000ea000000, 0x00000000eb400000)
 concurrent mark-sweep generation total 319488K, used 8041K [0x00000000ec800000, 0x0000000100000000, 0x0000000100000000)
 Metaspace       used 42387K, capacity 43854K, committed 44064K, reserved 1087488K
  class space    used 5823K, capacity 6209K, committed 6236K, reserved 1048576K
2022-12-19T05:46:10.660+0000: 5.774: [GC (Allocation Failure) 2022-12-19T05:46:10.660+0000: 5.774: [ParNew
Desired survivor size 10485760 bytes, new threshold 1 (max 1)
- age   1:   20896408 bytes,   20896408 total
: 174905K->20480K(184320K), 0.0273606 secs] 182946K->43466K(503808K), 0.0275474 secs] [Times: user=0.32 sys=0.02, real=0.02 secs] 
Heap after GC invocations=4 (full 1):
 par new generation   total 184320K, used 20480K [0x00000000e0000000, 0x00000000ec800000, 0x00000000ec800000)
  eden space 163840K,   0% used [0x00000000e0000000, 0x00000000e0000000, 0x00000000ea000000)
  from space 20480K, 100% used [0x00000000ea000000, 0x00000000eb400000, 0x00000000eb400000)
  to   space 20480K,   0% used [0x00000000eb400000, 0x00000000eb400000, 0x00000000ec800000)
 concurrent mark-sweep generation total 319488K, used 22986K [0x00000000ec800000, 0x0000000100000000, 0x0000000100000000)
 Metaspace       used 42387K, capacity 43854K, committed 44064K, reserved 1087488K
  class space    used 5823K, capacity 6209K, committed 6236K, reserved 1048576K
}
2022-12-19T05:46:10.688+0000: 5.801: Total time for which application threads were stopped: 0.0282556 seconds, Stopping threads took: 0.0001270 seconds
2022-12-19T05:46:10.743+0000: 5.857: Total time for which application threads were stopped: 0.0012111 seconds, Stopping threads took: 0.0000979 seconds
2022-12-19T05:46:10.901+0000: 6.015: Total time for which application threads were stopped: 0.0009698 seconds, Stopping threads took: 0.0000456 seconds
2022-12-19T05:46:10.905+0000: 6.018: Total time for which application threads were stopped: 0.0007154 seconds, Stopping threads took: 0.0000531 seconds
2022-12-19T05:46:11.905+0000: 7.018: Total time for which application threads were stopped: 0.0003194 seconds, Stopping threads took: 0.0000803 seconds
2022-12-19T05:46:12.303+0000: 7.416: Total time for which application threads were stopped: 0.0005599 seconds, Stopping threads took: 0.0001540 seconds
2022-12-19T05:46:13.304+0000: 8.417: Total time for which application threads were stopped: 0.0004471 seconds, Stopping threads took: 0.0001257 seconds
2022-12-19T05:46:14.304+0000: 9.418: Total time for which application threads were stopped: 0.0003866 seconds, Stopping threads took: 0.0000737 seconds
2022-12-19T05:46:15.305+0000: 10.418: Total time for which application threads were stopped: 0.0002676 seconds, Stopping threads took: 0.0000643 seconds
2022-12-19T05:46:16.305+0000: 11.418: Total time for which application threads were stopped: 0.0002723 seconds, Stopping threads took: 0.0000626 seconds
2022-12-19T05:46:17.306+0000: 12.419: Total time for which application threads were stopped: 0.0007281 seconds, Stopping threads took: 0.0000816 seconds
2022-12-19T05:46:18.307+0000: 13.421: Total time for which application threads were stopped: 0.0010972 seconds, Stopping threads took: 0.0003675 seconds
2022-12-19T05:46:19.308+0000: 14.421: Total time for which application threads were stopped: 0.0004410 seconds, Stopping threads took: 0.0000613 seconds
2022-12-19T05:46:23.309+0000: 18.422: Total time for which application threads were stopped: 0.0003265 seconds, Stopping threads took: 0.0000763 seconds
2022-12-19T05:46:24.309+0000: 19.423: Total time for which application threads were stopped: 0.0004088 seconds, Stopping threads took: 0.0001517 seconds
2022-12-19T05:46:25.310+0000: 20.423: Total time for which application threads were stopped: 0.0003141 seconds, Stopping threads took: 0.0000854 seconds
2022-12-19T05:46:26.310+0000: 21.424: Total time for which application threads were stopped: 0.0002693 seconds, Stopping threads took: 0.0000620 seconds
2022-12-19T05:46:28.311+0000: 23.424: Total time for which application threads were stopped: 0.0003974 seconds, Stopping threads took: 0.0001795 seconds
2022-12-19T05:46:29.311+0000: 24.425: Total time for which application threads were stopped: 0.0002691 seconds, Stopping threads took: 0.0000660 seconds
2022-12-19T05:46:30.312+0000: 25.425: Total time for which application threads were stopped: 0.0003346 seconds, Stopping threads took: 0.0001394 seconds
2022-12-19T05:46:31.312+0000: 26.426: Total time for which application threads were stopped: 0.0002842 seconds, Stopping threads took: 0.0000897 seconds
2022-12-19T05:46:33.313+0000: 28.426: Total time for which application threads were stopped: 0.0002813 seconds, Stopping threads took: 0.0000707 seconds
2022-12-19T05:46:35.313+0000: 30.427: Total time for which application threads were stopped: 0.0003495 seconds, Stopping threads took: 0.0000648 seconds
2022-12-19T05:46:40.315+0000: 35.428: Total time for which application threads were stopped: 0.0002799 seconds, Stopping threads took: 0.0000688 seconds
2022-12-19T05:46:41.315+0000: 36.428: Total time for which application threads were stopped: 0.0002751 seconds, Stopping threads took: 0.0000786 seconds
2022-12-19T05:46:42.316+0000: 37.429: Total time for which application threads were stopped: 0.0002814 seconds, Stopping threads took: 0.0000629 seconds
2022-12-19T05:46:44.318+0000: 39.431: Total time for which application threads were stopped: 0.0016575 seconds, Stopping threads took: 0.0005556 seconds
2022-12-19T05:46:45.318+0000: 40.431: Total time for which application threads were stopped: 0.0002768 seconds, Stopping threads took: 0.0000739 seconds
2022-12-19T05:46:48.319+0000: 43.432: Total time for which application threads were stopped: 0.0002568 seconds, Stopping threads took: 0.0000619 seconds
2022-12-19T05:46:52.320+0000: 47.433: Total time for which application threads were stopped: 0.0002922 seconds, Stopping threads took: 0.0000759 seconds
2022-12-19T05:46:59.321+0000: 54.434: Total time for which application threads were stopped: 0.0004716 seconds, Stopping threads took: 0.0001174 seconds
2022-12-19T05:47:00.322+0000: 55.435: Total time for which application threads were stopped: 0.0004380 seconds, Stopping threads took: 0.0000991 seconds
2022-12-19T05:47:01.322+0000: 56.436: Total time for which application threads were stopped: 0.0003538 seconds, Stopping threads took: 0.0000819 seconds
2022-12-19T05:47:02.323+0000: 57.436: Total time for which application threads were stopped: 0.0003162 seconds, Stopping threads took: 0.0000742 seconds
2022-12-19T05:47:06.324+0000: 61.437: Total time for which application threads were stopped: 0.0003146 seconds, Stopping threads took: 0.0000716 seconds
2022-12-19T05:47:07.324+0000: 62.438: Total time for which application threads were stopped: 0.0003361 seconds, Stopping threads took: 0.0000839 seconds
2022-12-19T05:47:09.325+0000: 64.438: Total time for which application threads were stopped: 0.0002700 seconds, Stopping threads took: 0.0000638 seconds
2022-12-19T05:47:11.325+0000: 66.439: Total time for which application threads were stopped: 0.0002654 seconds, Stopping threads took: 0.0000791 seconds
2022-12-19T05:47:13.514+0000: 68.628: Total time for which application threads were stopped: 0.0037766 seconds, Stopping threads took: 0.0000616 seconds
2022-12-19T05:47:14.515+0000: 69.628: Total time for which application threads were stopped: 0.0003835 seconds, Stopping threads took: 0.0000817 seconds
2022-12-19T05:47:15.515+0000: 70.629: Total time for which application threads were stopped: 0.0003816 seconds, Stopping threads took: 0.0000859 seconds
2022-12-19T05:47:16.516+0000: 71.629: Total time for which application threads were stopped: 0.0005484 seconds, Stopping threads took: 0.0000772 seconds
{Heap before GC invocations=4 (full 1):
 par new generation   total 184320K, used 183372K [0x00000000e0000000, 0x00000000ec800000, 0x00000000ec800000)
  eden space 163840K,  99% used [0x00000000e0000000, 0x00000000e9f132b8, 0x00000000ea000000)
  from space 20480K, 100% used [0x00000000ea000000, 0x00000000eb400000, 0x00000000eb400000)
  to   space 20480K,   0% used [0x00000000eb400000, 0x00000000eb400000, 0x00000000ec800000)
 concurrent mark-sweep generation total 319488K, used 22986K [0x00000000ec800000, 0x0000000100000000, 0x0000000100000000)
 Metaspace       used 48742K, capacity 51115K, committed 51232K, reserved 1093632K
  class space    used 6652K, capacity 7187K, committed 7260K, reserved 1048576K
2022-12-19T05:47:24.401+0000: 79.514: [GC (Allocation Failure) 2022-12-19T05:47:24.401+0000: 79.514: [ParNew
Desired survivor size 10485760 bytes, new threshold 1 (max 1)
- age   1:   16716832 bytes,   16716832 total
: 183372K->20480K(184320K), 0.0632103 secs] 206359K->58029K(503808K), 0.0634682 secs] [Times: user=0.43 sys=0.07, real=0.06 secs] 
Heap after GC invocations=5 (full 1):
 par new generation   total 184320K, used 20480K [0x00000000e0000000, 0x00000000ec800000, 0x00000000ec800000)
  eden space 163840K,   0% used [0x00000000e0000000, 0x00000000e0000000, 0x00000000ea000000)
  from space 20480K, 100% used [0x00000000eb400000, 0x00000000ec800000, 0x00000000ec800000)
  to   space 20480K,   0% used [0x00000000ea000000, 0x00000000ea000000, 0x00000000eb400000)
 concurrent mark-sweep generation total 319488K, used 37549K [0x00000000ec800000, 0x0000000100000000, 0x0000000100000000)
 Metaspace       used 48742K, capacity 51115K, committed 51232K, reserved 1093632K
  class space    used 6652K, capacity 7187K, committed 7260K, reserved 1048576K
}
2022-12-19T05:47:24.464+0000: 79.578: Total time for which application threads were stopped: 0.0644158 seconds, Stopping threads took: 0.0002964 seconds
2022-12-19T05:47:24.565+0000: 79.679: Total time for which application threads were stopped: 0.0023181 seconds, Stopping threads took: 0.0005138 seconds
2022-12-19T05:47:24.586+0000: 79.700: Total time for which application threads were stopped: 0.0017377 seconds, Stopping threads took: 0.0001526 seconds
2022-12-19T05:47:25.587+0000: 80.701: Total time for which application threads were stopped: 0.0006647 seconds, Stopping threads took: 0.0000818 seconds
2022-12-19T05:47:26.588+0000: 81.701: Total time for which application threads were stopped: 0.0004724 seconds, Stopping threads took: 0.0000900 seconds
2022-12-19T05:47:27.589+0000: 82.702: Total time for which application threads were stopped: 0.0005353 seconds, Stopping threads took: 0.0001063 seconds
2022-12-19T05:47:28.351+0000: 83.465: Total time for which application threads were stopped: 0.0008037 seconds, Stopping threads took: 0.0000964 seconds
2022-12-19T05:47:30.352+0000: 85.465: Total time for which application threads were stopped: 0.0003338 seconds, Stopping threads took: 0.0000802 seconds
2022-12-19T05:47:31.352+0000: 86.466: Total time for which application threads were stopped: 0.0002605 seconds, Stopping threads took: 0.0000638 seconds
2022-12-19T05:47:32.353+0000: 87.466: Total time for which application threads were stopped: 0.0002695 seconds, Stopping threads took: 0.0000659 seconds
2022-12-19T05:47:34.465+0000: 89.578: [GC (CMS Initial Mark) [1 CMS-initial-mark: 37549K(319488K)] 125873K(503808K), 0.0168969 secs] [Times: user=0.18 sys=0.07, real=0.02 secs] 
2022-12-19T05:47:34.482+0000: 89.595: Total time for which application threads were stopped: 0.0178918 seconds, Stopping threads took: 0.0001229 seconds
2022-12-19T05:47:34.482+0000: 89.596: [CMS-concurrent-mark-start]
2022-12-19T05:47:34.504+0000: 89.617: [CMS-concurrent-mark: 0.022/0.022 secs] [Times: user=0.14 sys=0.01, real=0.02 secs] 
2022-12-19T05:47:34.504+0000: 89.617: [CMS-concurrent-preclean-start]
2022-12-19T05:47:34.508+0000: 89.621: [CMS-concurrent-preclean: 0.004/0.004 secs] [Times: user=0.00 sys=0.01, real=0.00 secs] 
2022-12-19T05:47:34.508+0000: 89.621: [CMS-concurrent-abortable-preclean-start]
2022-12-19T05:47:35.483+0000: 90.596: Total time for which application threads were stopped: 0.0004174 seconds, Stopping threads took: 0.0001280 seconds
2022-12-19T05:47:37.291+0000: 92.405: Total time for which application threads were stopped: 0.0015289 seconds, Stopping threads took: 0.0005063 seconds
2022-12-19T05:47:38.292+0000: 93.405: Total time for which application threads were stopped: 0.0003882 seconds, Stopping threads took: 0.0001040 seconds
 CMS: abort preclean due to time 2022-12-19T05:47:39.657+0000: 94.770: [CMS-concurrent-abortable-preclean: 1.681/5.149 secs] [Times: user=1.91 sys=0.10, real=5.15 secs] 
2022-12-19T05:47:39.658+0000: 94.771: [GC (CMS Final Remark) [YG occupancy: 89082 K (184320 K)]2022-12-19T05:47:39.658+0000: 94.771: [Rescan (parallel) , 0.0105441 secs]2022-12-19T05:47:39.669+0000: 94.782: [weak refs processing, 0.0003576 secs]2022-12-19T05:47:39.669+0000: 94.782: [class unloading, 0.0582804 secs]2022-12-19T05:47:39.727+0000: 94.841: [scrub symbol table, 0.0102221 secs]2022-12-19T05:47:39.738+0000: 94.851: [scrub string table, 0.0016167 secs][1 CMS-remark: 37549K(319488K)] 126632K(503808K), 0.0817548 secs] [Times: user=0.21 sys=0.05, real=0.08 secs] 
2022-12-19T05:47:39.740+0000: 94.853: Total time for which application threads were stopped: 0.0823145 seconds, Stopping threads took: 0.0001255 seconds
2022-12-19T05:47:39.740+0000: 94.853: [CMS-concurrent-sweep-start]
2022-12-19T05:47:39.765+0000: 94.879: [CMS-concurrent-sweep: 0.026/0.026 secs] [Times: user=0.02 sys=0.01, real=0.03 secs] 
2022-12-19T05:47:39.765+0000: 94.879: [CMS-concurrent-reset-start]
2022-12-19T05:47:39.769+0000: 94.882: [CMS-concurrent-reset: 0.003/0.003 secs] [Times: user=0.01 sys=0.00, real=0.01 secs] 
2022-12-19T05:47:40.740+0000: 95.854: Total time for which application threads were stopped: 0.0005158 seconds, Stopping threads took: 0.0000986 seconds
2022-12-19T05:47:42.741+0000: 97.854: Total time for which application threads were stopped: 0.0003363 seconds, Stopping threads took: 0.0000811 seconds
2022-12-19T05:47:43.741+0000: 98.855: Total time for which application threads were stopped: 0.0003433 seconds, Stopping threads took: 0.0000823 seconds
2022-12-19T05:47:44.742+0000: 99.855: Total time for which application threads were stopped: 0.0003000 seconds, Stopping threads took: 0.0000670 seconds
2022-12-19T05:47:45.742+0000: 100.856: Total time for which application threads were stopped: 0.0002617 seconds, Stopping threads took: 0.0000634 seconds
2022-12-19T05:47:46.743+0000: 101.856: Total time for which application threads were stopped: 0.0003495 seconds, Stopping threads took: 0.0000659 seconds
2022-12-19T05:47:47.743+0000: 102.857: Total time for which application threads were stopped: 0.0002765 seconds, Stopping threads took: 0.0000631 seconds
2022-12-19T05:47:48.744+0000: 103.857: Total time for which application threads were stopped: 0.0002559 seconds, Stopping threads took: 0.0000619 seconds
2022-12-19T05:47:49.744+0000: 104.858: Total time for which application threads were stopped: 0.0003107 seconds, Stopping threads took: 0.0000728 seconds
2022-12-19T05:47:50.745+0000: 105.858: Total time for which application threads were stopped: 0.0002639 seconds, Stopping threads took: 0.0000624 seconds
2022-12-19T05:47:59.746+0000: 114.860: Total time for which application threads were stopped: 0.0003311 seconds, Stopping threads took: 0.0000818 seconds
2022-12-19T05:48:00.747+0000: 115.860: Total time for which application threads were stopped: 0.0002660 seconds, Stopping threads took: 0.0000641 seconds
2022-12-19T05:48:04.748+0000: 119.861: Total time for which application threads were stopped: 0.0003020 seconds, Stopping threads took: 0.0000718 seconds
2022-12-19T05:48:05.748+0000: 120.861: Total time for which application threads were stopped: 0.0002624 seconds, Stopping threads took: 0.0000619 seconds
2022-12-19T05:48:06.749+0000: 121.862: Total time for which application threads were stopped: 0.0007883 seconds, Stopping threads took: 0.0001693 seconds
2022-12-19T05:48:07.749+0000: 122.863: Total time for which application threads were stopped: 0.0002691 seconds, Stopping threads took: 0.0000699 seconds
2022-12-19T05:48:12.751+0000: 127.864: Total time for which application threads were stopped: 0.0003078 seconds, Stopping threads took: 0.0000751 seconds
2022-12-19T05:48:13.751+0000: 128.864: Total time for which application threads were stopped: 0.0002732 seconds, Stopping threads took: 0.0000667 seconds
2022-12-19T05:48:14.751+0000: 129.865: Total time for which application threads were stopped: 0.0002901 seconds, Stopping threads took: 0.0000653 seconds
2022-12-19T05:48:16.752+0000: 131.866: Total time for which application threads were stopped: 0.0003634 seconds, Stopping threads took: 0.0000687 seconds
2022-12-19T05:48:20.753+0000: 135.866: Total time for which application threads were stopped: 0.0003408 seconds, Stopping threads took: 0.0000762 seconds
2022-12-19T05:48:21.754+0000: 136.867: Total time for which application threads were stopped: 0.0002441 seconds, Stopping threads took: 0.0000615 seconds
2022-12-19T05:48:25.754+0000: 140.868: Total time for which application threads were stopped: 0.0002868 seconds, Stopping threads took: 0.0000719 seconds
2022-12-19T05:48:26.755+0000: 141.868: Total time for which application threads were stopped: 0.0002473 seconds, Stopping threads took: 0.0000630 seconds
2022-12-19T05:48:29.756+0000: 144.869: Total time for which application threads were stopped: 0.0002391 seconds, Stopping threads took: 0.0000653 seconds
2022-12-19T05:48:31.756+0000: 146.869: Total time for which application threads were stopped: 0.0002325 seconds, Stopping threads took: 0.0000621 seconds
2022-12-19T05:48:37.757+0000: 152.871: Total time for which application threads were stopped: 0.0002704 seconds, Stopping threads took: 0.0000711 seconds
2022-12-19T05:48:39.758+0000: 154.871: Total time for which application threads were stopped: 0.0002531 seconds, Stopping threads took: 0.0000687 seconds
2022-12-19T05:48:40.758+0000: 155.872: Total time for which application threads were stopped: 0.0002479 seconds, Stopping threads took: 0.0000629 seconds
2022-12-19T05:48:41.759+0000: 156.872: Total time for which application threads were stopped: 0.0002345 seconds, Stopping threads took: 0.0000648 seconds
2022-12-19T05:48:42.759+0000: 157.872: Total time for which application threads were stopped: 0.0002461 seconds, Stopping threads took: 0.0000649 seconds
2022-12-19T05:48:49.760+0000: 164.874: Total time for which application threads were stopped: 0.0002641 seconds, Stopping threads took: 0.0000711 seconds
2022-12-19T05:48:50.761+0000: 165.874: Total time for which application threads were stopped: 0.0002310 seconds, Stopping threads took: 0.0000607 seconds
2022-12-19T05:48:57.762+0000: 172.876: Total time for which application threads were stopped: 0.0002863 seconds, Stopping threads took: 0.0000728 seconds
2022-12-19T05:48:58.763+0000: 173.876: Total time for which application threads were stopped: 0.0002443 seconds, Stopping threads took: 0.0000617 seconds
2022-12-19T05:48:59.763+0000: 174.876: Total time for which application threads were stopped: 0.0002324 seconds, Stopping threads took: 0.0000610 seconds
2022-12-19T05:49:02.764+0000: 177.877: Total time for which application threads were stopped: 0.0002611 seconds, Stopping threads took: 0.0000698 seconds
2022-12-19T05:49:05.764+0000: 180.878: Total time for which application threads were stopped: 0.0002788 seconds, Stopping threads took: 0.0000707 seconds
2022-12-19T05:49:07.765+0000: 182.878: Total time for which application threads were stopped: 0.0002636 seconds, Stopping threads took: 0.0000692 seconds
2022-12-19T05:49:08.765+0000: 183.879: Total time for which application threads were stopped: 0.0002385 seconds, Stopping threads took: 0.0000612 seconds
2022-12-19T05:49:12.766+0000: 187.880: Total time for which application threads were stopped: 0.0002976 seconds, Stopping threads took: 0.0000678 seconds
2022-12-19T05:49:21.768+0000: 196.881: Total time for which application threads were stopped: 0.0002723 seconds, Stopping threads took: 0.0000768 seconds
2022-12-19T05:49:22.768+0000: 197.882: Total time for which application threads were stopped: 0.0002575 seconds, Stopping threads took: 0.0000680 seconds
2022-12-19T05:49:23.769+0000: 198.882: Total time for which application threads were stopped: 0.0002476 seconds, Stopping threads took: 0.0000626 seconds
2022-12-19T05:49:28.770+0000: 203.883: Total time for which application threads were stopped: 0.0002751 seconds, Stopping threads took: 0.0000754 seconds
2022-12-19T05:49:34.771+0000: 209.884: Total time for which application threads were stopped: 0.0002678 seconds, Stopping threads took: 0.0000749 seconds
2022-12-19T05:49:38.772+0000: 213.885: Total time for which application threads were stopped: 0.0002477 seconds, Stopping threads took: 0.0000685 seconds
2022-12-19T05:49:39.772+0000: 214.886: Total time for which application threads were stopped: 0.0002765 seconds, Stopping threads took: 0.0000661 seconds
2022-12-19T05:49:45.774+0000: 220.887: Total time for which application threads were stopped: 0.0003407 seconds, Stopping threads took: 0.0000902 seconds
2022-12-19T05:49:48.774+0000: 223.888: Total time for which application threads were stopped: 0.0002649 seconds, Stopping threads took: 0.0000652 seconds
2022-12-19T05:49:51.775+0000: 226.888: Total time for which application threads were stopped: 0.0002426 seconds, Stopping threads took: 0.0000632 seconds
2022-12-19T05:49:56.776+0000: 231.889: Total time for which application threads were stopped: 0.0002777 seconds, Stopping threads took: 0.0000680 seconds
2022-12-19T05:50:00.777+0000: 235.890: Total time for which application threads were stopped: 0.0002459 seconds, Stopping threads took: 0.0000623 seconds
2022-12-19T05:50:04.778+0000: 239.891: Total time for which application threads were stopped: 0.0003351 seconds, Stopping threads took: 0.0000645 seconds
2022-12-19T05:50:06.779+0000: 241.892: Total time for which application threads were stopped: 0.0002731 seconds, Stopping threads took: 0.0000665 seconds
2022-12-19T05:50:10.779+0000: 245.893: Total time for which application threads were stopped: 0.0002491 seconds, Stopping threads took: 0.0000638 seconds
2022-12-19T05:50:11.780+0000: 246.893: Total time for which application threads were stopped: 0.0002441 seconds, Stopping threads took: 0.0000607 seconds
2022-12-19T05:50:14.781+0000: 249.894: Total time for which application threads were stopped: 0.0002576 seconds, Stopping threads took: 0.0000641 seconds
2022-12-19T05:50:18.781+0000: 253.895: Total time for which application threads were stopped: 0.0002393 seconds, Stopping threads took: 0.0000614 seconds
2022-12-19T05:50:21.782+0000: 256.896: Total time for which application threads were stopped: 0.0002684 seconds, Stopping threads took: 0.0000632 seconds
2022-12-19T05:50:24.783+0000: 259.896: Total time for which application threads were stopped: 0.0002921 seconds, Stopping threads took: 0.0000658 seconds
2022-12-19T05:50:27.784+0000: 262.897: Total time for which application threads were stopped: 0.0002409 seconds, Stopping threads took: 0.0000617 seconds
2022-12-19T05:50:28.784+0000: 263.897: Total time for which application threads were stopped: 0.0002887 seconds, Stopping threads took: 0.0000604 seconds
2022-12-19T05:50:29.785+0000: 264.898: Total time for which application threads were stopped: 0.0002524 seconds, Stopping threads took: 0.0000604 seconds
2022-12-19T05:50:39.786+0000: 274.900: Total time for which application threads were stopped: 0.0002670 seconds, Stopping threads took: 0.0000673 seconds
2022-12-19T05:50:45.788+0000: 280.901: Total time for which application threads were stopped: 0.0002581 seconds, Stopping threads took: 0.0000672 seconds
2022-12-19T05:50:54.789+0000: 289.903: Total time for which application threads were stopped: 0.0002749 seconds, Stopping threads took: 0.0000701 seconds
2022-12-19T05:50:56.790+0000: 291.903: Total time for which application threads were stopped: 0.0002551 seconds, Stopping threads took: 0.0000619 seconds
2022-12-19T05:50:58.791+0000: 293.904: Total time for which application threads were stopped: 0.0009621 seconds, Stopping threads took: 0.0004053 seconds
2022-12-19T05:51:02.792+0000: 297.905: Total time for which application threads were stopped: 0.0002952 seconds, Stopping threads took: 0.0000804 seconds
2022-12-19T05:51:11.794+0000: 306.907: Total time for which application threads were stopped: 0.0003197 seconds, Stopping threads took: 0.0000792 seconds
2022-12-19T05:51:14.794+0000: 309.908: Total time for which application threads were stopped: 0.0002643 seconds, Stopping threads took: 0.0000683 seconds
2022-12-19T05:51:40.799+0000: 335.912: Total time for which application threads were stopped: 0.0005261 seconds, Stopping threads took: 0.0000969 seconds
2022-12-19T05:51:42.799+0000: 337.913: Total time for which application threads were stopped: 0.0003500 seconds, Stopping threads took: 0.0000857 seconds
2022-12-19T05:52:01.802+0000: 356.916: Total time for which application threads were stopped: 0.0003437 seconds, Stopping threads took: 0.0000874 seconds
2022-12-19T05:52:03.803+0000: 358.916: Total time for which application threads were stopped: 0.0002707 seconds, Stopping threads took: 0.0000683 seconds
2022-12-19T05:52:04.803+0000: 359.917: Total time for which application threads were stopped: 0.0002618 seconds, Stopping threads took: 0.0000646 seconds
2022-12-19T05:52:07.804+0000: 362.917: Total time for which application threads were stopped: 0.0002691 seconds, Stopping threads took: 0.0000653 seconds
2022-12-19T05:52:11.805+0000: 366.918: Total time for which application threads were stopped: 0.0002785 seconds, Stopping threads took: 0.0000689 seconds
2022-12-19T05:52:12.805+0000: 367.919: Total time for which application threads were stopped: 0.0002563 seconds, Stopping threads took: 0.0000641 seconds
2022-12-19T05:52:19.807+0000: 374.920: Total time for which application threads were stopped: 0.0002756 seconds, Stopping threads took: 0.0000709 seconds
2022-12-19T05:52:20.807+0000: 375.921: Total time for which application threads were stopped: 0.0002718 seconds, Stopping threads took: 0.0000846 seconds
2022-12-19T05:52:22.808+0000: 377.921: Total time for which application threads were stopped: 0.0002614 seconds, Stopping threads took: 0.0000637 seconds
2022-12-19T05:52:23.808+0000: 378.922: Total time for which application threads were stopped: 0.0002851 seconds, Stopping threads took: 0.0000677 seconds
2022-12-19T05:52:24.809+0000: 379.922: Total time for which application threads were stopped: 0.0004283 seconds, Stopping threads took: 0.0000668 seconds
2022-12-19T05:52:25.809+0000: 380.923: Total time for which application threads were stopped: 0.0002587 seconds, Stopping threads took: 0.0000654 seconds
2022-12-19T05:52:28.810+0000: 383.923: Total time for which application threads were stopped: 0.0002648 seconds, Stopping threads took: 0.0000659 seconds
2022-12-19T05:52:29.810+0000: 384.924: Total time for which application threads were stopped: 0.0002534 seconds, Stopping threads took: 0.0000618 seconds
2022-12-19T05:52:36.812+0000: 391.925: Total time for which application threads were stopped: 0.0002971 seconds, Stopping threads took: 0.0000692 seconds
2022-12-19T05:52:37.812+0000: 392.926: Total time for which application threads were stopped: 0.0003110 seconds, Stopping threads took: 0.0000620 seconds
2022-12-19T05:52:42.813+0000: 397.927: Total time for which application threads were stopped: 0.0002705 seconds, Stopping threads took: 0.0000701 seconds
2022-12-19T05:52:54.815+0000: 409.929: Total time for which application threads were stopped: 0.0003450 seconds, Stopping threads took: 0.0000817 seconds
2022-12-19T05:52:55.816+0000: 410.929: Total time for which application threads were stopped: 0.0002681 seconds, Stopping threads took: 0.0000628 seconds
2022-12-19T05:53:09.818+0000: 424.931: Total time for which application threads were stopped: 0.0003633 seconds, Stopping threads took: 0.0000927 seconds
2022-12-19T05:53:12.819+0000: 427.932: Total time for which application threads were stopped: 0.0002785 seconds, Stopping threads took: 0.0000670 seconds
2022-12-19T05:53:16.820+0000: 431.933: Total time for which application threads were stopped: 0.0002893 seconds, Stopping threads took: 0.0000648 seconds
2022-12-19T05:53:43.824+0000: 458.937: Total time for which application threads were stopped: 0.0003872 seconds, Stopping threads took: 0.0001035 seconds
2022-12-19T05:53:52.825+0000: 467.939: Total time for which application threads were stopped: 0.0003179 seconds, Stopping threads took: 0.0000758 seconds
2022-12-19T05:54:06.828+0000: 481.941: Total time for which application threads were stopped: 0.0003079 seconds, Stopping threads took: 0.0000748 seconds
2022-12-19T05:54:11.829+0000: 486.942: Total time for which application threads were stopped: 0.0002839 seconds, Stopping threads took: 0.0000699 seconds
2022-12-19T05:54:12.829+0000: 487.943: Total time for which application threads were stopped: 0.0002618 seconds, Stopping threads took: 0.0000636 seconds
2022-12-19T05:54:14.830+0000: 489.943: Total time for which application threads were stopped: 0.0002647 seconds, Stopping threads took: 0.0000649 seconds
2022-12-19T05:54:20.831+0000: 495.944: Total time for which application threads were stopped: 0.0002868 seconds, Stopping threads took: 0.0000673 seconds
2022-12-19T05:54:21.831+0000: 496.945: Total time for which application threads were stopped: 0.0002553 seconds, Stopping threads took: 0.0000616 seconds
2022-12-19T05:54:22.832+0000: 497.945: Total time for which application threads were stopped: 0.0002743 seconds, Stopping threads took: 0.0000660 seconds
2022-12-19T05:54:24.832+0000: 499.946: Total time for which application threads were stopped: 0.0002985 seconds, Stopping threads took: 0.0000701 seconds
2022-12-19T05:54:37.835+0000: 512.948: Total time for which application threads were stopped: 0.0003302 seconds, Stopping threads took: 0.0000763 seconds
2022-12-19T05:54:40.835+0000: 515.949: Total time for which application threads were stopped: 0.0002817 seconds, Stopping threads took: 0.0000701 seconds
2022-12-19T05:54:41.836+0000: 516.949: Total time for which application threads were stopped: 0.0003050 seconds, Stopping threads took: 0.0000637 seconds
2022-12-19T05:54:50.838+0000: 525.951: Total time for which application threads were stopped: 0.0002898 seconds, Stopping threads took: 0.0000698 seconds
2022-12-19T05:54:51.838+0000: 526.951: Total time for which application threads were stopped: 0.0002671 seconds, Stopping threads took: 0.0000642 seconds
2022-12-19T05:54:52.838+0000: 527.952: Total time for which application threads were stopped: 0.0002813 seconds, Stopping threads took: 0.0000700 seconds
{Heap before GC invocations=5 (full 2):
 par new generation   total 184320K, used 184320K [0x00000000e0000000, 0x00000000ec800000, 0x00000000ec800000)
  eden space 163840K, 100% used [0x00000000e0000000, 0x00000000ea000000, 0x00000000ea000000)
  from space 20480K, 100% used [0x00000000eb400000, 0x00000000ec800000, 0x00000000ec800000)
  to   space 20480K,   0% used [0x00000000ea000000, 0x00000000ea000000, 0x00000000eb400000)
 concurrent mark-sweep generation total 319488K, used 23321K [0x00000000ec800000, 0x0000000100000000, 0x0000000100000000)
 Metaspace       used 50318K, capacity 52807K, committed 52940K, reserved 1095680K
  class space    used 6785K, capacity 7319K, committed 7388K, reserved 1048576K
2022-12-19T05:54:59.874+0000: 534.987: [GC (Allocation Failure) 2022-12-19T05:54:59.874+0000: 534.987: [ParNew
Desired survivor size 10485760 bytes, new threshold 1 (max 1)
- age   1:    9790200 bytes,    9790200 total
: 184320K->16945K(184320K), 0.0466939 secs] 207641K->53110K(503808K), 0.0470203 secs] [Times: user=0.32 sys=0.12, real=0.05 secs] 
Heap after GC invocations=6 (full 2):
 par new generation   total 184320K, used 16945K [0x00000000e0000000, 0x00000000ec800000, 0x00000000ec800000)
  eden space 163840K,   0% used [0x00000000e0000000, 0x00000000e0000000, 0x00000000ea000000)
  from space 20480K,  82% used [0x00000000ea000000, 0x00000000eb08c7d8, 0x00000000eb400000)
  to   space 20480K,   0% used [0x00000000eb400000, 0x00000000eb400000, 0x00000000ec800000)
 concurrent mark-sweep generation total 319488K, used 36164K [0x00000000ec800000, 0x0000000100000000, 0x0000000100000000)
 Metaspace       used 50318K, capacity 52807K, committed 52940K, reserved 1095680K
  class space    used 6785K, capacity 7319K, committed 7388K, reserved 1048576K
}
2022-12-19T05:54:59.921+0000: 535.034: Total time for which application threads were stopped: 0.0475715 seconds, Stopping threads took: 0.0000677 seconds
2022-12-19T05:55:00.921+0000: 536.035: Total time for which application threads were stopped: 0.0003420 seconds, Stopping threads took: 0.0000800 seconds
2022-12-19T05:55:07.923+0000: 543.036: Total time for which application threads were stopped: 0.0003558 seconds, Stopping threads took: 0.0000890 seconds
2022-12-19T05:55:38.928+0000: 574.041: Total time for which application threads were stopped: 0.0003542 seconds, Stopping threads took: 0.0000850 seconds
2022-12-19T05:55:44.929+0000: 580.042: Total time for which application threads were stopped: 0.0003501 seconds, Stopping threads took: 0.0000849 seconds
2022-12-19T05:55:47.930+0000: 583.043: Total time for which application threads were stopped: 0.0002795 seconds, Stopping threads took: 0.0000643 seconds
2022-12-19T05:56:07.933+0000: 603.046: Total time for which application threads were stopped: 0.0003355 seconds, Stopping threads took: 0.0000767 seconds
2022-12-19T05:56:10.933+0000: 606.047: Total time for which application threads were stopped: 0.0002788 seconds, Stopping threads took: 0.0000656 seconds
2022-12-19T05:56:24.936+0000: 620.049: Total time for which application threads were stopped: 0.0003246 seconds, Stopping threads took: 0.0000809 seconds
2022-12-19T05:56:27.937+0000: 623.050: Total time for which application threads were stopped: 0.0002841 seconds, Stopping threads took: 0.0000694 seconds
2022-12-19T05:56:40.939+0000: 636.052: Total time for which application threads were stopped: 0.0004283 seconds, Stopping threads took: 0.0000780 seconds
2022-12-19T05:56:58.943+0000: 654.056: Total time for which application threads were stopped: 0.0007931 seconds, Stopping threads took: 0.0001675 seconds
2022-12-19T05:57:24.947+0000: 680.060: Total time for which application threads were stopped: 0.0003609 seconds, Stopping threads took: 0.0000922 seconds
2022-12-19T05:57:29.948+0000: 685.061: Total time for which application threads were stopped: 0.0003347 seconds, Stopping threads took: 0.0000801 seconds
2022-12-19T05:58:02.954+0000: 718.067: Total time for which application threads were stopped: 0.0009797 seconds, Stopping threads took: 0.0003979 seconds
2022-12-19T05:58:03.954+0000: 719.068: Total time for which application threads were stopped: 0.0002801 seconds, Stopping threads took: 0.0000720 seconds
2022-12-19T05:58:15.956+0000: 731.070: Total time for which application threads were stopped: 0.0003321 seconds, Stopping threads took: 0.0000756 seconds
2022-12-19T05:58:24.958+0000: 740.071: Total time for which application threads were stopped: 0.0003341 seconds, Stopping threads took: 0.0000779 seconds
2022-12-19T05:58:42.961+0000: 758.074: Total time for which application threads were stopped: 0.0003632 seconds, Stopping threads took: 0.0000887 seconds
2022-12-19T05:58:44.962+0000: 760.075: Total time for which application threads were stopped: 0.0002961 seconds, Stopping threads took: 0.0000803 seconds
2022-12-19T05:58:45.962+0000: 761.076: Total time for which application threads were stopped: 0.0002938 seconds, Stopping threads took: 0.0000934 seconds
2022-12-19T05:59:00.965+0000: 776.078: Total time for which application threads were stopped: 0.0003812 seconds, Stopping threads took: 0.0001092 seconds
2022-12-19T05:59:05.966+0000: 781.079: Total time for which application threads were stopped: 0.0003002 seconds, Stopping threads took: 0.0000743 seconds
2022-12-19T06:00:13.977+0000: 849.090: Total time for which application threads were stopped: 0.0008292 seconds, Stopping threads took: 0.0001904 seconds
2022-12-19T06:00:16.978+0000: 852.091: Total time for which application threads were stopped: 0.0002907 seconds, Stopping threads took: 0.0000761 seconds
2022-12-19T06:00:17.978+0000: 853.092: Total time for which application threads were stopped: 0.0002740 seconds, Stopping threads took: 0.0000649 seconds
2022-12-19T06:00:18.979+0000: 854.092: Total time for which application threads were stopped: 0.0002640 seconds, Stopping threads took: 0.0000629 seconds
2022-12-19T06:00:31.982+0000: 867.095: Total time for which application threads were stopped: 0.0009578 seconds, Stopping threads took: 0.0004537 seconds
2022-12-19T06:00:32.982+0000: 868.095: Total time for which application threads were stopped: 0.0002967 seconds, Stopping threads took: 0.0000799 seconds
2022-12-19T06:00:37.983+0000: 873.097: Total time for which application threads were stopped: 0.0002881 seconds, Stopping threads took: 0.0000743 seconds
2022-12-19T06:00:42.984+0000: 878.098: Total time for which application threads were stopped: 0.0003426 seconds, Stopping threads took: 0.0000707 seconds
2022-12-19T06:00:44.985+0000: 880.098: Total time for which application threads were stopped: 0.0004238 seconds, Stopping threads took: 0.0000667 seconds
2022-12-19T06:00:45.985+0000: 881.099: Total time for which application threads were stopped: 0.0002628 seconds, Stopping threads took: 0.0000645 seconds
2022-12-19T06:00:47.986+0000: 883.099: Total time for which application threads were stopped: 0.0002764 seconds, Stopping threads took: 0.0000765 seconds
2022-12-19T06:00:50.987+0000: 886.100: Total time for which application threads were stopped: 0.0003224 seconds, Stopping threads took: 0.0000733 seconds
2022-12-19T06:00:51.987+0000: 887.101: Total time for which application threads were stopped: 0.0002663 seconds, Stopping threads took: 0.0000626 seconds
2022-12-19T06:00:52.988+0000: 888.101: Total time for which application threads were stopped: 0.0002822 seconds, Stopping threads took: 0.0000659 seconds
2022-12-19T06:00:55.988+0000: 891.102: Total time for which application threads were stopped: 0.0002687 seconds, Stopping threads took: 0.0000658 seconds
2022-12-19T06:01:08.991+0000: 904.104: Total time for which application threads were stopped: 0.0003345 seconds, Stopping threads took: 0.0000805 seconds
2022-12-19T06:01:09.991+0000: 905.105: Total time for which application threads were stopped: 0.0002678 seconds, Stopping threads took: 0.0000664 seconds
2022-12-19T06:01:11.992+0000: 907.105: Total time for which application threads were stopped: 0.0002698 seconds, Stopping threads took: 0.0000662 seconds
2022-12-19T06:01:13.993+0000: 909.106: Total time for which application threads were stopped: 0.0004227 seconds, Stopping threads took: 0.0001487 seconds
2022-12-19T06:01:18.994+0000: 914.107: Total time for which application threads were stopped: 0.0002748 seconds, Stopping threads took: 0.0000669 seconds
2022-12-19T06:01:21.994+0000: 917.108: Total time for which application threads were stopped: 0.0002686 seconds, Stopping threads took: 0.0000654 seconds
2022-12-19T06:01:24.995+0000: 920.108: Total time for which application threads were stopped: 0.0003341 seconds, Stopping threads took: 0.0000758 seconds
2022-12-19T06:01:25.996+0000: 921.109: Total time for which application threads were stopped: 0.0003176 seconds, Stopping threads took: 0.0000740 seconds
2022-12-19T06:01:27.996+0000: 923.110: Total time for which application threads were stopped: 0.0003268 seconds, Stopping threads took: 0.0000722 seconds
2022-12-19T06:01:40.999+0000: 936.112: Total time for which application threads were stopped: 0.0004037 seconds, Stopping threads took: 0.0000954 seconds
2022-12-19T06:01:42.999+0000: 938.113: Total time for which application threads were stopped: 0.0003354 seconds, Stopping threads took: 0.0000807 seconds
2022-12-19T06:02:00.002+0000: 955.116: Total time for which application threads were stopped: 0.0003611 seconds, Stopping threads took: 0.0000878 seconds
2022-12-19T06:02:25.006+0000: 980.120: Total time for which application threads were stopped: 0.0003392 seconds, Stopping threads took: 0.0000815 seconds
2022-12-19T06:03:07.013+0000: 1022.126: Total time for which application threads were stopped: 0.0003329 seconds, Stopping threads took: 0.0000811 seconds
2022-12-19T06:03:23.015+0000: 1038.129: Total time for which application threads were stopped: 0.0003222 seconds, Stopping threads took: 0.0000767 seconds
2022-12-19T06:04:03.022+0000: 1078.135: Total time for which application threads were stopped: 0.0003862 seconds, Stopping threads took: 0.0000923 seconds
2022-12-19T06:04:13.024+0000: 1088.137: Total time for which application threads were stopped: 0.0003249 seconds, Stopping threads took: 0.0000805 seconds
2022-12-19T06:04:25.026+0000: 1100.139: Total time for which application threads were stopped: 0.0003275 seconds, Stopping threads took: 0.0000808 seconds
2022-12-19T06:05:25.035+0000: 1160.148: Total time for which application threads were stopped: 0.0003506 seconds, Stopping threads took: 0.0000842 seconds
2022-12-19T06:05:28.036+0000: 1163.149: Total time for which application threads were stopped: 0.0003413 seconds, Stopping threads took: 0.0000774 seconds
2022-12-19T06:05:56.040+0000: 1191.154: Total time for which application threads were stopped: 0.0004333 seconds, Stopping threads took: 0.0001612 seconds
2022-12-19T06:06:00.041+0000: 1195.155: Total time for which application threads were stopped: 0.0002819 seconds, Stopping threads took: 0.0000705 seconds
2022-12-19T06:06:15.044+0000: 1210.157: Total time for which application threads were stopped: 0.0003033 seconds, Stopping threads took: 0.0000781 seconds
2022-12-19T06:06:21.045+0000: 1216.158: Total time for which application threads were stopped: 0.0003204 seconds, Stopping threads took: 0.0000746 seconds
2022-12-19T06:06:25.046+0000: 1220.159: Total time for which application threads were stopped: 0.0003452 seconds, Stopping threads took: 0.0000942 seconds
2022-12-19T06:06:30.047+0000: 1225.160: Total time for which application threads were stopped: 0.0002855 seconds, Stopping threads took: 0.0000691 seconds
2022-12-19T06:06:33.048+0000: 1228.161: Total time for which application threads were stopped: 0.0002753 seconds, Stopping threads took: 0.0000639 seconds
2022-12-19T06:06:41.049+0000: 1236.163: Total time for which application threads were stopped: 0.0004183 seconds, Stopping threads took: 0.0000889 seconds
2022-12-19T06:07:03.053+0000: 1258.166: Total time for which application threads were stopped: 0.0003562 seconds, Stopping threads took: 0.0000856 seconds
2022-12-19T06:07:04.053+0000: 1259.167: Total time for which application threads were stopped: 0.0002865 seconds, Stopping threads took: 0.0000696 seconds
2022-12-19T06:07:18.056+0000: 1273.169: Total time for which application threads were stopped: 0.0003060 seconds, Stopping threads took: 0.0000783 seconds
2022-12-19T06:07:25.057+0000: 1280.170: Total time for which application threads were stopped: 0.0003056 seconds, Stopping threads took: 0.0000728 seconds
2022-12-19T06:07:40.060+0000: 1295.173: Total time for which application threads were stopped: 0.0003237 seconds, Stopping threads took: 0.0000787 seconds
2022-12-19T06:07:43.060+0000: 1298.174: Total time for which application threads were stopped: 0.0002701 seconds, Stopping threads took: 0.0000656 seconds
2022-12-19T06:07:53.063+0000: 1308.176: Total time for which application threads were stopped: 0.0007824 seconds, Stopping threads took: 0.0001759 seconds
2022-12-19T06:08:03.065+0000: 1318.178: Total time for which application threads were stopped: 0.0003170 seconds, Stopping threads took: 0.0000770 seconds
2022-12-19T06:08:16.067+0000: 1331.180: Total time for which application threads were stopped: 0.0003027 seconds, Stopping threads took: 0.0000754 seconds
2022-12-19T06:08:27.069+0000: 1342.182: Total time for which application threads were stopped: 0.0004085 seconds, Stopping threads took: 0.0000808 seconds
2022-12-19T06:08:28.069+0000: 1343.183: Total time for which application threads were stopped: 0.0002694 seconds, Stopping threads took: 0.0000658 seconds
2022-12-19T06:08:54.074+0000: 1369.187: Total time for which application threads were stopped: 0.0003194 seconds, Stopping threads took: 0.0000813 seconds
{Heap before GC invocations=6 (full 2):
 par new generation   total 184320K, used 180785K [0x00000000e0000000, 0x00000000ec800000, 0x00000000ec800000)
  eden space 163840K, 100% used [0x00000000e0000000, 0x00000000ea000000, 0x00000000ea000000)
  from space 20480K,  82% used [0x00000000ea000000, 0x00000000eb08c7d8, 0x00000000eb400000)
  to   space 20480K,   0% used [0x00000000eb400000, 0x00000000eb400000, 0x00000000ec800000)
 concurrent mark-sweep generation total 319488K, used 36164K [0x00000000ec800000, 0x0000000100000000, 0x0000000100000000)
 Metaspace       used 50521K, capacity 52957K, committed 53196K, reserved 1095680K
  class space    used 6787K, capacity 7320K, committed 7388K, reserved 1048576K
2022-12-19T06:09:04.948+0000: 1380.062: [GC (Allocation Failure) 2022-12-19T06:09:04.948+0000: 1380.062: [ParNew
Desired survivor size 10485760 bytes, new threshold 1 (max 1)
- age   1:     188944 bytes,     188944 total
: 180785K->3408K(184320K), 0.0203871 secs] 216950K->48223K(503808K), 0.0206245 secs] [Times: user=0.21 sys=0.07, real=0.02 secs] 
Heap after GC invocations=7 (full 2):
 par new generation   total 184320K, used 3408K [0x00000000e0000000, 0x00000000ec800000, 0x00000000ec800000)
  eden space 163840K,   0% used [0x00000000e0000000, 0x00000000e0000000, 0x00000000ea000000)
  from space 20480K,  16% used [0x00000000eb400000, 0x00000000eb7540b8, 0x00000000ec800000)
  to   space 20480K,   0% used [0x00000000ea000000, 0x00000000ea000000, 0x00000000eb400000)
 concurrent mark-sweep generation total 319488K, used 44815K [0x00000000ec800000, 0x0000000100000000, 0x0000000100000000)
 Metaspace       used 50521K, capacity 52957K, committed 53196K, reserved 1095680K
  class space    used 6787K, capacity 7320K, committed 7388K, reserved 1048576K
}
2022-12-19T06:09:04.969+0000: 1380.082: Total time for which application threads were stopped: 0.0212445 seconds, Stopping threads took: 0.0000734 seconds
2022-12-19T06:09:05.969+0000: 1381.083: Total time for which application threads were stopped: 0.0003252 seconds, Stopping threads took: 0.0000759 seconds
2022-12-19T06:09:14.971+0000: 1390.084: Total time for which application threads were stopped: 0.0002915 seconds, Stopping threads took: 0.0000717 seconds
2022-12-19T06:09:15.971+0000: 1391.085: Total time for which application threads were stopped: 0.0002582 seconds, Stopping threads took: 0.0000608 seconds
2022-12-19T06:09:30.974+0000: 1406.087: Total time for which application threads were stopped: 0.0003254 seconds, Stopping threads took: 0.0000748 seconds
2022-12-19T06:09:31.974+0000: 1407.088: Total time for which application threads were stopped: 0.0002708 seconds, Stopping threads took: 0.0000656 seconds
2022-12-19T06:09:33.975+0000: 1409.088: Total time for which application threads were stopped: 0.0002660 seconds, Stopping threads took: 0.0000658 seconds
2022-12-19T06:09:37.976+0000: 1413.089: Total time for which application threads were stopped: 0.0002803 seconds, Stopping threads took: 0.0000664 seconds
2022-12-19T06:09:39.977+0000: 1415.090: Total time for which application threads were stopped: 0.0002597 seconds, Stopping threads took: 0.0000611 seconds
2022-12-19T06:09:40.977+0000: 1416.090: Total time for which application threads were stopped: 0.0002633 seconds, Stopping threads took: 0.0000634 seconds
2022-12-19T06:10:05.981+0000: 1441.094: Total time for which application threads were stopped: 0.0003800 seconds, Stopping threads took: 0.0001102 seconds
2022-12-19T06:10:24.984+0000: 1460.097: Total time for which application threads were stopped: 0.0003314 seconds, Stopping threads took: 0.0000765 seconds
2022-12-19T06:10:32.985+0000: 1468.099: Total time for which application threads were stopped: 0.0002870 seconds, Stopping threads took: 0.0000667 seconds
2022-12-19T06:10:53.990+0000: 1489.103: Total time for which application threads were stopped: 0.0015106 seconds, Stopping threads took: 0.0007058 seconds
2022-12-19T06:11:24.995+0000: 1520.108: Total time for which application threads were stopped: 0.0004353 seconds, Stopping threads took: 0.0000802 seconds
2022-12-19T06:11:31.997+0000: 1527.110: Total time for which application threads were stopped: 0.0003201 seconds, Stopping threads took: 0.0000881 seconds
2022-12-19T06:11:40.998+0000: 1536.112: Total time for which application threads were stopped: 0.0004118 seconds, Stopping threads took: 0.0001113 seconds
2022-12-19T06:11:41.999+0000: 1537.112: Total time for which application threads were stopped: 0.0003134 seconds, Stopping threads took: 0.0000745 seconds
2022-12-19T06:11:45.000+0000: 1540.113: Total time for which application threads were stopped: 0.0003603 seconds, Stopping threads took: 0.0000854 seconds
2022-12-19T06:12:07.003+0000: 1562.117: Total time for which application threads were stopped: 0.0003312 seconds, Stopping threads took: 0.0000798 seconds
2022-12-19T06:12:11.004+0000: 1566.117: Total time for which application threads were stopped: 0.0002870 seconds, Stopping threads took: 0.0000648 seconds
2022-12-19T06:12:19.006+0000: 1574.119: Total time for which application threads were stopped: 0.0002656 seconds, Stopping threads took: 0.0000654 seconds
2022-12-19T06:12:21.006+0000: 1576.120: Total time for which application threads were stopped: 0.0002843 seconds, Stopping threads took: 0.0000663 seconds
2022-12-19T06:12:22.007+0000: 1577.120: Total time for which application threads were stopped: 0.0002541 seconds, Stopping threads took: 0.0000617 seconds
2022-12-19T06:12:23.007+0000: 1578.120: Total time for which application threads were stopped: 0.0002683 seconds, Stopping threads took: 0.0000648 seconds
2022-12-19T06:12:25.008+0000: 1580.121: Total time for which application threads were stopped: 0.0002548 seconds, Stopping threads took: 0.0000608 seconds
2022-12-19T06:12:26.008+0000: 1581.122: Total time for which application threads were stopped: 0.0002828 seconds, Stopping threads took: 0.0000663 seconds
2022-12-19T06:12:27.009+0000: 1582.122: Total time for which application threads were stopped: 0.0002541 seconds, Stopping threads took: 0.0000597 seconds
2022-12-19T06:12:28.009+0000: 1583.122: Total time for which application threads were stopped: 0.0002663 seconds, Stopping threads took: 0.0000633 seconds
2022-12-19T06:12:45.012+0000: 1600.125: Total time for which application threads were stopped: 0.0002747 seconds, Stopping threads took: 0.0000663 seconds
2022-12-19T06:13:03.015+0000: 1618.128: Total time for which application threads were stopped: 0.0003038 seconds, Stopping threads took: 0.0000724 seconds
2022-12-19T06:13:05.015+0000: 1620.129: Total time for which application threads were stopped: 0.0002688 seconds, Stopping threads took: 0.0000627 seconds
2022-12-19T06:13:06.016+0000: 1621.129: Total time for which application threads were stopped: 0.0002650 seconds, Stopping threads took: 0.0000622 seconds
2022-12-19T06:13:13.017+0000: 1628.131: Total time for which application threads were stopped: 0.0002822 seconds, Stopping threads took: 0.0000642 seconds
2022-12-19T06:13:15.018+0000: 1630.131: Total time for which application threads were stopped: 0.0002935 seconds, Stopping threads took: 0.0000635 seconds
2022-12-19T06:14:25.028+0000: 1700.142: Total time for which application threads were stopped: 0.0003810 seconds, Stopping threads took: 0.0000882 seconds
2022-12-19T06:14:36.030+0000: 1711.144: Total time for which application threads were stopped: 0.0002908 seconds, Stopping threads took: 0.0000688 seconds
2022-12-19T06:14:44.032+0000: 1719.146: Total time for which application threads were stopped: 0.0006927 seconds, Stopping threads took: 0.0001363 seconds
2022-12-19T06:15:21.038+0000: 1756.151: Total time for which application threads were stopped: 0.0003099 seconds, Stopping threads took: 0.0000750 seconds
2022-12-19T06:15:55.044+0000: 1790.157: Total time for which application threads were stopped: 0.0009372 seconds, Stopping threads took: 0.0004056 seconds
2022-12-19T06:16:11.046+0000: 1806.160: Total time for which application threads were stopped: 0.0003136 seconds, Stopping threads took: 0.0000798 seconds
2022-12-19T06:16:12.047+0000: 1807.160: Total time for which application threads were stopped: 0.0002530 seconds, Stopping threads took: 0.0000601 seconds
2022-12-19T06:16:13.047+0000: 1808.161: Total time for which application threads were stopped: 0.0002560 seconds, Stopping threads took: 0.0000605 seconds
2022-12-19T06:16:16.048+0000: 1811.161: Total time for which application threads were stopped: 0.0002568 seconds, Stopping threads took: 0.0000629 seconds
2022-12-19T06:16:23.049+0000: 1818.163: Total time for which application threads were stopped: 0.0002663 seconds, Stopping threads took: 0.0000652 seconds
2022-12-19T06:16:26.050+0000: 1821.163: Total time for which application threads were stopped: 0.0002663 seconds, Stopping threads took: 0.0000636 seconds
2022-12-19T06:16:39.052+0000: 1834.166: Total time for which application threads were stopped: 0.0002907 seconds, Stopping threads took: 0.0000645 seconds
2022-12-19T06:16:41.053+0000: 1836.166: Total time for which application threads were stopped: 0.0003417 seconds, Stopping threads took: 0.0000694 seconds
2022-12-19T06:17:48.063+0000: 1903.176: Total time for which application threads were stopped: 0.0003759 seconds, Stopping threads took: 0.0000994 seconds
2022-12-19T06:18:21.068+0000: 1936.182: Total time for which application threads were stopped: 0.0003752 seconds, Stopping threads took: 0.0000843 seconds
2022-12-19T06:18:25.069+0000: 1940.183: Total time for which application threads were stopped: 0.0002961 seconds, Stopping threads took: 0.0000718 seconds
2022-12-19T06:18:43.072+0000: 1958.185: Total time for which application threads were stopped: 0.0003083 seconds, Stopping threads took: 0.0000695 seconds
2022-12-19T06:18:58.075+0000: 1973.188: Total time for which application threads were stopped: 0.0003109 seconds, Stopping threads took: 0.0000727 seconds
2022-12-19T06:19:06.076+0000: 1981.190: Total time for which application threads were stopped: 0.0003836 seconds, Stopping threads took: 0.0000681 seconds
2022-12-19T06:19:15.078+0000: 1990.191: Total time for which application threads were stopped: 0.0002756 seconds, Stopping threads took: 0.0000693 seconds
2022-12-19T06:20:03.085+0000: 2038.198: Total time for which application threads were stopped: 0.0003522 seconds, Stopping threads took: 0.0000836 seconds
2022-12-19T06:20:25.089+0000: 2060.202: Total time for which application threads were stopped: 0.0003532 seconds, Stopping threads took: 0.0000838 seconds
2022-12-19T06:20:58.094+0000: 2093.207: Total time for which application threads were stopped: 0.0007416 seconds, Stopping threads took: 0.0001589 seconds
2022-12-19T06:21:02.095+0000: 2097.208: Total time for which application threads were stopped: 0.0002707 seconds, Stopping threads took: 0.0000663 seconds
2022-12-19T06:21:03.095+0000: 2098.209: Total time for which application threads were stopped: 0.0002596 seconds, Stopping threads took: 0.0000613 seconds
2022-12-19T06:21:16.097+0000: 2111.211: Total time for which application threads were stopped: 0.0002791 seconds, Stopping threads took: 0.0000702 seconds
2022-12-19T06:21:19.098+0000: 2114.211: Total time for which application threads were stopped: 0.0002646 seconds, Stopping threads took: 0.0000632 seconds
2022-12-19T06:21:28.100+0000: 2123.213: Total time for which application threads were stopped: 0.0003146 seconds, Stopping threads took: 0.0000762 seconds
2022-12-19T06:21:40.102+0000: 2135.215: Total time for which application threads were stopped: 0.0002665 seconds, Stopping threads took: 0.0000658 seconds
2022-12-19T06:21:41.103+0000: 2136.216: Total time for which application threads were stopped: 0.0009241 seconds, Stopping threads took: 0.0003909 seconds
2022-12-19T06:21:43.103+0000: 2138.217: Total time for which application threads were stopped: 0.0002667 seconds, Stopping threads took: 0.0000673 seconds
2022-12-19T06:22:13.108+0000: 2168.222: Total time for which application threads were stopped: 0.0003882 seconds, Stopping threads took: 0.0000868 seconds
2022-12-19T06:22:25.110+0000: 2180.224: Total time for which application threads were stopped: 0.0003196 seconds, Stopping threads took: 0.0000745 seconds
2022-12-19T06:22:29.111+0000: 2184.225: Total time for which application threads were stopped: 0.0002673 seconds, Stopping threads took: 0.0000647 seconds
2022-12-19T06:22:32.112+0000: 2187.225: Total time for which application threads were stopped: 0.0002612 seconds, Stopping threads took: 0.0000623 seconds
2022-12-19T06:23:11.118+0000: 2226.231: Total time for which application threads were stopped: 0.0003048 seconds, Stopping threads took: 0.0000752 seconds
2022-12-19T06:23:13.119+0000: 2228.232: Total time for which application threads were stopped: 0.0002593 seconds, Stopping threads took: 0.0000617 seconds
{Heap before GC invocations=7 (full 2):
 par new generation   total 184320K, used 167248K [0x00000000e0000000, 0x00000000ec800000, 0x00000000ec800000)
  eden space 163840K, 100% used [0x00000000e0000000, 0x00000000ea000000, 0x00000000ea000000)
  from space 20480K,  16% used [0x00000000eb400000, 0x00000000eb7540b8, 0x00000000ec800000)
  to   space 20480K,   0% used [0x00000000ea000000, 0x00000000ea000000, 0x00000000eb400000)
 concurrent mark-sweep generation total 319488K, used 44815K [0x00000000ec800000, 0x0000000100000000, 0x0000000100000000)
 Metaspace       used 50646K, capacity 53149K, committed 53452K, reserved 1095680K
  class space    used 6788K, capacity 7320K, committed 7388K, reserved 1048576K
2022-12-19T06:23:15.993+0000: 2231.107: [GC (Allocation Failure) 2022-12-19T06:23:15.993+0000: 2231.107: [ParNew
Desired survivor size 10485760 bytes, new threshold 1 (max 1)
- age   1:     170392 bytes,     170392 total
: 167248K->760K(184320K), 0.0171528 secs] 212063K->45605K(503808K), 0.0173623 secs] [Times: user=0.31 sys=0.00, real=0.02 secs] 
Heap after GC invocations=8 (full 2):
 par new generation   total 184320K, used 760K [0x00000000e0000000, 0x00000000ec800000, 0x00000000ec800000)
  eden space 163840K,   0% used [0x00000000e0000000, 0x00000000e0000000, 0x00000000ea000000)
  from space 20480K,   3% used [0x00000000ea000000, 0x00000000ea0be3e8, 0x00000000eb400000)
  to   space 20480K,   0% used [0x00000000eb400000, 0x00000000eb400000, 0x00000000ec800000)
 concurrent mark-sweep generation total 319488K, used 44844K [0x00000000ec800000, 0x0000000100000000, 0x0000000100000000)
 Metaspace       used 50646K, capacity 53149K, committed 53452K, reserved 1095680K
  class space    used 6788K, capacity 7320K, committed 7388K, reserved 1048576K
}
2022-12-19T06:23:16.011+0000: 2231.124: Total time for which application threads were stopped: 0.0179963 seconds, Stopping threads took: 0.0000704 seconds
2022-12-19T06:23:17.011+0000: 2232.125: Total time for which application threads were stopped: 0.0002801 seconds, Stopping threads took: 0.0000680 seconds
2022-12-19T06:23:25.013+0000: 2240.126: Total time for which application threads were stopped: 0.0002878 seconds, Stopping threads took: 0.0000727 seconds
2022-12-19T06:23:33.014+0000: 2248.128: Total time for which application threads were stopped: 0.0002918 seconds, Stopping threads took: 0.0000710 seconds
2022-12-19T06:23:53.018+0000: 2268.131: Total time for which application threads were stopped: 0.0003735 seconds, Stopping threads took: 0.0000908 seconds
2022-12-19T06:24:15.021+0000: 2290.135: Total time for which application threads were stopped: 0.0004069 seconds, Stopping threads took: 0.0000823 seconds
2022-12-19T06:24:25.023+0000: 2300.136: Total time for which application threads were stopped: 0.0002880 seconds, Stopping threads took: 0.0000678 seconds
2022-12-19T06:26:03.038+0000: 2398.152: Total time for which application threads were stopped: 0.0007411 seconds, Stopping threads took: 0.0001538 seconds
2022-12-19T06:26:07.039+0000: 2402.153: Total time for which application threads were stopped: 0.0002892 seconds, Stopping threads took: 0.0000690 seconds
2022-12-19T06:26:41.045+0000: 2436.158: Total time for which application threads were stopped: 0.0003436 seconds, Stopping threads took: 0.0000790 seconds
2022-12-19T06:26:47.046+0000: 2442.159: Total time for which application threads were stopped: 0.0002759 seconds, Stopping threads took: 0.0000665 seconds
2022-12-19T06:27:33.054+0000: 2488.167: Total time for which application threads were stopped: 0.0009305 seconds, Stopping threads took: 0.0004006 seconds
2022-12-19T06:28:00.058+0000: 2515.172: Total time for which application threads were stopped: 0.0003702 seconds, Stopping threads took: 0.0000892 seconds
2022-12-19T06:28:16.061+0000: 2531.174: Total time for which application threads were stopped: 0.0003180 seconds, Stopping threads took: 0.0000747 seconds
2022-12-19T06:29:01.068+0000: 2576.181: Total time for which application threads were stopped: 0.0003643 seconds, Stopping threads took: 0.0000859 seconds
2022-12-19T06:29:23.072+0000: 2598.185: Total time for which application threads were stopped: 0.0003090 seconds, Stopping threads took: 0.0000760 seconds
2022-12-19T06:30:23.081+0000: 2658.194: Total time for which application threads were stopped: 0.0003659 seconds, Stopping threads took: 0.0000876 seconds
2022-12-19T06:30:35.083+0000: 2670.196: Total time for which application threads were stopped: 0.0003017 seconds, Stopping threads took: 0.0000746 seconds
2022-12-19T06:30:54.086+0000: 2689.200: Total time for which application threads were stopped: 0.0002933 seconds, Stopping threads took: 0.0000692 seconds
2022-12-19T06:30:57.087+0000: 2692.200: Total time for which application threads were stopped: 0.0002625 seconds, Stopping threads took: 0.0000633 seconds
2022-12-19T06:30:59.088+0000: 2694.201: Total time for which application threads were stopped: 0.0002724 seconds, Stopping threads took: 0.0000650 seconds
2022-12-19T06:31:02.088+0000: 2697.202: Total time for which application threads were stopped: 0.0002925 seconds, Stopping threads took: 0.0000935 seconds
2022-12-19T06:31:27.092+0000: 2722.206: Total time for which application threads were stopped: 0.0003093 seconds, Stopping threads took: 0.0000812 seconds
2022-12-19T06:31:41.095+0000: 2736.208: Total time for which application threads were stopped: 0.0004614 seconds, Stopping threads took: 0.0000742 seconds
2022-12-19T06:31:42.095+0000: 2737.209: Total time for which application threads were stopped: 0.0002629 seconds, Stopping threads took: 0.0000648 seconds
2022-12-19T06:31:43.096+0000: 2738.209: Total time for which application threads were stopped: 0.0002620 seconds, Stopping threads took: 0.0000628 seconds
2022-12-19T06:32:03.100+0000: 2758.213: Total time for which application threads were stopped: 0.0007637 seconds, Stopping threads took: 0.0001604 seconds
2022-12-19T06:33:16.110+0000: 2831.224: Total time for which application threads were stopped: 0.0003536 seconds, Stopping threads took: 0.0000851 seconds
2022-12-19T06:35:25.130+0000: 2960.244: Total time for which application threads were stopped: 0.0008694 seconds, Stopping threads took: 0.0003872 seconds
2022-12-19T06:36:07.137+0000: 3002.250: Total time for which application threads were stopped: 0.0003707 seconds, Stopping threads took: 0.0000922 seconds
2022-12-19T06:36:41.142+0000: 3036.256: Total time for which application threads were stopped: 0.0004382 seconds, Stopping threads took: 0.0000834 seconds
2022-12-19T06:37:25.149+0000: 3080.263: Total time for which application threads were stopped: 0.0003261 seconds, Stopping threads took: 0.0000823 seconds
{Heap before GC invocations=8 (full 2):
 par new generation   total 184320K, used 164600K [0x00000000e0000000, 0x00000000ec800000, 0x00000000ec800000)
  eden space 163840K, 100% used [0x00000000e0000000, 0x00000000ea000000, 0x00000000ea000000)
  from space 20480K,   3% used [0x00000000ea000000, 0x00000000ea0be3e8, 0x00000000eb400000)
  to   space 20480K,   0% used [0x00000000eb400000, 0x00000000eb400000, 0x00000000ec800000)
 concurrent mark-sweep generation total 319488K, used 44844K [0x00000000ec800000, 0x0000000100000000, 0x0000000100000000)
 Metaspace       used 50732K, capacity 53213K, committed 53452K, reserved 1095680K
  class space    used 6788K, capacity 7320K, committed 7388K, reserved 1048576K
2022-12-19T06:37:28.845+0000: 3083.958: [GC (Allocation Failure) 2022-12-19T06:37:28.845+0000: 3083.959: [ParNew
Desired survivor size 10485760 bytes, new threshold 1 (max 1)
- age   1:     158064 bytes,     158064 total
: 164600K->252K(184320K), 0.0135916 secs] 209445K->45109K(503808K), 0.0138416 secs] [Times: user=0.21 sys=0.02, real=0.01 secs] 
Heap after GC invocations=9 (full 2):
 par new generation   total 184320K, used 252K [0x00000000e0000000, 0x00000000ec800000, 0x00000000ec800000)
  eden space 163840K,   0% used [0x00000000e0000000, 0x00000000e0000000, 0x00000000ea000000)
  from space 20480K,   1% used [0x00000000eb400000, 0x00000000eb43f1f8, 0x00000000ec800000)
  to   space 20480K,   0% used [0x00000000ea000000, 0x00000000ea000000, 0x00000000eb400000)
 concurrent mark-sweep generation total 319488K, used 44856K [0x00000000ec800000, 0x0000000100000000, 0x0000000100000000)
 Metaspace       used 50732K, capacity 53213K, committed 53452K, reserved 1095680K
  class space    used 6788K, capacity 7320K, committed 7388K, reserved 1048576K
}
2022-12-19T06:37:28.859+0000: 3083.972: Total time for which application threads were stopped: 0.0143926 seconds, Stopping threads took: 0.0000819 seconds
2022-12-19T06:37:29.859+0000: 3084.973: Total time for which application threads were stopped: 0.0003157 seconds, Stopping threads took: 0.0000865 seconds
2022-12-19T06:38:24.868+0000: 3139.982: Total time for which application threads were stopped: 0.0004042 seconds, Stopping threads took: 0.0000881 seconds
2022-12-19T06:38:25.869+0000: 3140.982: Total time for which application threads were stopped: 0.0002728 seconds, Stopping threads took: 0.0000656 seconds
2022-12-19T06:39:01.875+0000: 3176.989: Total time for which application threads were stopped: 0.0013275 seconds, Stopping threads took: 0.0004586 seconds
2022-12-19T06:39:03.876+0000: 3178.989: Total time for which application threads were stopped: 0.0002722 seconds, Stopping threads took: 0.0000689 seconds
2022-12-19T06:41:41.900+0000: 3337.013: Total time for which application threads were stopped: 0.0003927 seconds, Stopping threads took: 0.0000931 seconds
2022-12-19T06:42:11.905+0000: 3367.018: Total time for which application threads were stopped: 0.0003831 seconds, Stopping threads took: 0.0000959 seconds
2022-12-19T06:43:03.914+0000: 3419.027: Total time for which application threads were stopped: 0.0008267 seconds, Stopping threads took: 0.0001580 seconds
2022-12-19T06:43:05.914+0000: 3421.028: Total time for which application threads were stopped: 0.0002751 seconds, Stopping threads took: 0.0000709 seconds
2022-12-19T06:43:16.916+0000: 3432.030: Total time for which application threads were stopped: 0.0003168 seconds, Stopping threads took: 0.0000698 seconds
2022-12-19T06:43:25.918+0000: 3441.031: Total time for which application threads were stopped: 0.0002890 seconds, Stopping threads took: 0.0000696 seconds
2022-12-19T06:43:33.919+0000: 3449.033: Total time for which application threads were stopped: 0.0003057 seconds, Stopping threads took: 0.0000708 seconds
2022-12-19T06:43:43.921+0000: 3459.034: Total time for which application threads were stopped: 0.0002772 seconds, Stopping threads took: 0.0000669 seconds
2022-12-19T06:43:53.923+0000: 3469.036: Total time for which application threads were stopped: 0.0003756 seconds, Stopping threads took: 0.0000870 seconds
2022-12-19T06:44:24.928+0000: 3500.042: Total time for which application threads were stopped: 0.0004155 seconds, Stopping threads took: 0.0000842 seconds
2022-12-19T06:45:43.941+0000: 3579.055: Total time for which application threads were stopped: 0.0008685 seconds, Stopping threads took: 0.0003919 seconds
2022-12-19T06:46:09.946+0000: 3605.060: Total time for which application threads were stopped: 0.0008397 seconds, Stopping threads took: 0.0000945 seconds
2022-12-19T06:46:10.947+0000: 3606.060: Total time for which application threads were stopped: 0.0004771 seconds, Stopping threads took: 0.0000893 seconds
2022-12-19T06:46:24.949+0000: 3620.063: Total time for which application threads were stopped: 0.0003866 seconds, Stopping threads took: 0.0000857 seconds
2022-12-19T06:46:40.953+0000: 3636.066: Total time for which application threads were stopped: 0.0005581 seconds, Stopping threads took: 0.0002393 seconds
2022-12-19T06:46:41.953+0000: 3637.066: Total time for which application threads were stopped: 0.0003121 seconds, Stopping threads took: 0.0000720 seconds
2022-12-19T06:48:15.968+0000: 3731.081: Total time for which application threads were stopped: 0.0004027 seconds, Stopping threads took: 0.0000904 seconds
2022-12-19T06:49:24.980+0000: 3800.093: Total time for which application threads were stopped: 0.0007165 seconds, Stopping threads took: 0.0001477 seconds
{Heap before GC invocations=9 (full 2):
 par new generation   total 184320K, used 164092K [0x00000000e0000000, 0x00000000ec800000, 0x00000000ec800000)
  eden space 163840K, 100% used [0x00000000e0000000, 0x00000000ea000000, 0x00000000ea000000)
  from space 20480K,   1% used [0x00000000eb400000, 0x00000000eb43f1f8, 0x00000000ec800000)
  to   space 20480K,   0% used [0x00000000ea000000, 0x00000000ea000000, 0x00000000eb400000)
 concurrent mark-sweep generation total 319488K, used 44856K [0x00000000ec800000, 0x0000000100000000, 0x0000000100000000)
 Metaspace       used 50808K, capacity 53289K, committed 53452K, reserved 1095680K
  class space    used 6795K, capacity 7322K, committed 7388K, reserved 1048576K
2022-12-19T06:49:38.383+0000: 3813.496: [GC (Allocation Failure) 2022-12-19T06:49:38.383+0000: 3813.496: [ParNew
Desired survivor size 10485760 bytes, new threshold 1 (max 1)
- age   1:   20522472 bytes,   20522472 total
: 164092K->20126K(184320K), 0.0187586 secs] 208949K->68058K(503808K), 0.0190430 secs] [Times: user=0.27 sys=0.09, real=0.02 secs] 
Heap after GC invocations=10 (full 2):
 par new generation   total 184320K, used 20126K [0x00000000e0000000, 0x00000000ec800000, 0x00000000ec800000)
  eden space 163840K,   0% used [0x00000000e0000000, 0x00000000e0000000, 0x00000000ea000000)
  from space 20480K,  98% used [0x00000000ea000000, 0x00000000eb3a78a8, 0x00000000eb400000)
  to   space 20480K,   0% used [0x00000000eb400000, 0x00000000eb400000, 0x00000000ec800000)
 concurrent mark-sweep generation total 319488K, used 47931K [0x00000000ec800000, 0x0000000100000000, 0x0000000100000000)
 Metaspace       used 50808K, capacity 53289K, committed 53452K, reserved 1095680K
  class space    used 6795K, capacity 7322K, committed 7388K, reserved 1048576K
}
2022-12-19T06:49:38.402+0000: 3813.516: Total time for which application threads were stopped: 0.0202808 seconds, Stopping threads took: 0.0003926 seconds
2022-12-19T06:50:03.407+0000: 3838.521: Total time for which application threads were stopped: 0.0015141 seconds, Stopping threads took: 0.0005417 seconds
2022-12-19T06:50:21.410+0000: 3856.524: Total time for which application threads were stopped: 0.0003087 seconds, Stopping threads took: 0.0000814 seconds
2022-12-19T06:50:43.414+0000: 3878.527: Total time for which application threads were stopped: 0.0003266 seconds, Stopping threads took: 0.0000822 seconds
2022-12-19T06:51:41.423+0000: 3936.536: Total time for which application threads were stopped: 0.0003855 seconds, Stopping threads took: 0.0000951 seconds
2022-12-19T06:53:43.453+0000: 4058.566: Total time for which application threads were stopped: 0.0131944 seconds, Stopping threads took: 0.0000958 seconds
2022-12-19T06:54:21.459+0000: 4096.573: Total time for which application threads were stopped: 0.0006860 seconds, Stopping threads took: 0.0000964 seconds
2022-12-19T06:54:22.460+0000: 4097.573: Total time for which application threads were stopped: 0.0002734 seconds, Stopping threads took: 0.0000653 seconds
2022-12-19T06:54:24.460+0000: 4099.574: Total time for which application threads were stopped: 0.0003159 seconds, Stopping threads took: 0.0000696 seconds
2022-12-19T06:55:15.468+0000: 4150.582: Total time for which application threads were stopped: 0.0008439 seconds, Stopping threads took: 0.0003741 seconds
2022-12-19T06:56:41.481+0000: 4236.594: Total time for which application threads were stopped: 0.0003853 seconds, Stopping threads took: 0.0000989 seconds
2022-12-19T06:57:21.487+0000: 4276.600: Total time for which application threads were stopped: 0.0003445 seconds, Stopping threads took: 0.0000826 seconds
2022-12-19T06:57:24.488+0000: 4279.601: Total time for which application threads were stopped: 0.0002887 seconds, Stopping threads took: 0.0000700 seconds
2022-12-19T06:57:25.488+0000: 4280.601: Total time for which application threads were stopped: 0.0002530 seconds, Stopping threads took: 0.0000612 seconds
2022-12-19T06:57:53.493+0000: 4308.606: Total time for which application threads were stopped: 0.0004959 seconds, Stopping threads took: 0.0000920 seconds
2022-12-19T06:58:03.495+0000: 4318.608: Total time for which application threads were stopped: 0.0002909 seconds, Stopping threads took: 0.0000752 seconds
2022-12-19T06:58:49.502+0000: 4364.615: Total time for which application threads were stopped: 0.0003493 seconds, Stopping threads took: 0.0000846 seconds
2022-12-19T06:59:14.506+0000: 4389.619: Total time for which application threads were stopped: 0.0003241 seconds, Stopping threads took: 0.0000801 seconds
2022-12-19T07:01:41.528+0000: 4536.641: Total time for which application threads were stopped: 0.0003673 seconds, Stopping threads took: 0.0000883 seconds
2022-12-19T07:03:28.544+0000: 4643.657: Total time for which application threads were stopped: 0.0012031 seconds, Stopping threads took: 0.0004075 seconds
{Heap before GC invocations=10 (full 2):
 par new generation   total 184320K, used 183966K [0x00000000e0000000, 0x00000000ec800000, 0x00000000ec800000)
  eden space 163840K, 100% used [0x00000000e0000000, 0x00000000ea000000, 0x00000000ea000000)
  from space 20480K,  98% used [0x00000000ea000000, 0x00000000eb3a78a8, 0x00000000eb400000)
  to   space 20480K,   0% used [0x00000000eb400000, 0x00000000eb400000, 0x00000000ec800000)
 concurrent mark-sweep generation total 319488K, used 47931K [0x00000000ec800000, 0x0000000100000000, 0x0000000100000000)
 Metaspace       used 50887K, capacity 53421K, committed 53708K, reserved 1095680K
  class space    used 6795K, capacity 7322K, committed 7388K, reserved 1048576K
2022-12-19T07:03:35.992+0000: 4651.105: [GC (Allocation Failure) 2022-12-19T07:03:35.992+0000: 4651.105: [ParNew
Desired survivor size 10485760 bytes, new threshold 1 (max 1)
- age   1:     165232 bytes,     165232 total
: 183966K->464K(184320K), 0.0148856 secs] 231898K->48795K(503808K), 0.0151303 secs] [Times: user=0.19 sys=0.04, real=0.01 secs] 
Heap after GC invocations=11 (full 2):
 par new generation   total 184320K, used 464K [0x00000000e0000000, 0x00000000ec800000, 0x00000000ec800000)
  eden space 163840K,   0% used [0x00000000e0000000, 0x00000000e0000000, 0x00000000ea000000)
  from space 20480K,   2% used [0x00000000eb400000, 0x00000000eb4741c8, 0x00000000ec800000)
  to   space 20480K,   0% used [0x00000000ea000000, 0x00000000ea000000, 0x00000000eb400000)
 concurrent mark-sweep generation total 319488K, used 48330K [0x00000000ec800000, 0x0000000100000000, 0x0000000100000000)
 Metaspace       used 50887K, capacity 53421K, committed 53708K, reserved 1095680K
  class space    used 6795K, capacity 7322K, committed 7388K, reserved 1048576K
}
2022-12-19T07:03:36.007+0000: 4651.121: Total time for which application threads were stopped: 0.0158557 seconds, Stopping threads took: 0.0000764 seconds
2022-12-19T07:05:16.021+0000: 4751.134: Total time for which application threads were stopped: 0.0005233 seconds, Stopping threads took: 0.0000860 seconds
2022-12-19T07:06:24.031+0000: 4819.145: Total time for which application threads were stopped: 0.0007711 seconds, Stopping threads took: 0.0001745 seconds
2022-12-19T07:06:42.034+0000: 4837.147: Total time for which application threads were stopped: 0.0003140 seconds, Stopping threads took: 0.0000779 seconds
2022-12-19T07:06:54.036+0000: 4849.149: Total time for which application threads were stopped: 0.0003011 seconds, Stopping threads took: 0.0000746 seconds
2022-12-19T07:07:04.038+0000: 4859.151: Total time for which application threads were stopped: 0.0002624 seconds, Stopping threads took: 0.0000664 seconds
2022-12-19T07:07:14.039+0000: 4869.153: Total time for which application threads were stopped: 0.0002664 seconds, Stopping threads took: 0.0000658 seconds
2022-12-19T07:08:16.049+0000: 4931.162: Total time for which application threads were stopped: 0.0003631 seconds, Stopping threads took: 0.0000882 seconds
2022-12-19T07:11:24.078+0000: 5119.191: Total time for which application threads were stopped: 0.0007886 seconds, Stopping threads took: 0.0003522 seconds
2022-12-19T07:11:41.081+0000: 5136.194: Total time for which application threads were stopped: 0.0006885 seconds, Stopping threads took: 0.0002947 seconds
2022-12-19T07:11:42.082+0000: 5137.195: Total time for which application threads were stopped: 0.0002908 seconds, Stopping threads took: 0.0000726 seconds
2022-12-19T07:11:54.084+0000: 5149.197: Total time for which application threads were stopped: 0.0003679 seconds, Stopping threads took: 0.0000876 seconds
2022-12-19T07:11:59.085+0000: 5154.198: Total time for which application threads were stopped: 0.0002927 seconds, Stopping threads took: 0.0000687 seconds
2022-12-19T07:12:08.086+0000: 5163.200: Total time for which application threads were stopped: 0.0002865 seconds, Stopping threads took: 0.0000683 seconds
2022-12-19T07:12:25.089+0000: 5180.203: Total time for which application threads were stopped: 0.0003673 seconds, Stopping threads took: 0.0000695 seconds
2022-12-19T07:14:14.106+0000: 5289.219: Total time for which application threads were stopped: 0.0003638 seconds, Stopping threads took: 0.0000853 seconds
2022-12-19T07:14:15.106+0000: 5290.220: Total time for which application threads were stopped: 0.0002711 seconds, Stopping threads took: 0.0000658 seconds
2022-12-19T07:14:37.110+0000: 5312.223: Total time for which application threads were stopped: 0.0002839 seconds, Stopping threads took: 0.0000680 seconds
2022-12-19T07:15:34.119+0000: 5369.233: Total time for which application threads were stopped: 0.0012912 seconds, Stopping threads took: 0.0004565 seconds
2022-12-19T07:15:48.122+0000: 5383.235: Total time for which application threads were stopped: 0.0003705 seconds, Stopping threads took: 0.0000958 seconds
2022-12-19T07:16:41.130+0000: 5436.243: Total time for which application threads were stopped: 0.0003484 seconds, Stopping threads took: 0.0000850 seconds
2022-12-19T07:17:12.135+0000: 5467.248: Total time for which application threads were stopped: 0.0003131 seconds, Stopping threads took: 0.0000752 seconds
{Heap before GC invocations=11 (full 2):
 par new generation   total 184320K, used 164304K [0x00000000e0000000, 0x00000000ec800000, 0x00000000ec800000)
  eden space 163840K, 100% used [0x00000000e0000000, 0x00000000ea000000, 0x00000000ea000000)
  from space 20480K,   2% used [0x00000000eb400000, 0x00000000eb4741c8, 0x00000000ec800000)
  to   space 20480K,   0% used [0x00000000ea000000, 0x00000000ea000000, 0x00000000eb400000)
 concurrent mark-sweep generation total 319488K, used 48330K [0x00000000ec800000, 0x0000000100000000, 0x0000000100000000)
 Metaspace       used 50906K, capacity 53421K, committed 53708K, reserved 1095680K
  class space    used 6796K, capacity 7322K, committed 7388K, reserved 1048576K
2022-12-19T07:17:23.579+0000: 5478.693: [GC (Allocation Failure) 2022-12-19T07:17:23.579+0000: 5478.693: [ParNew
Desired survivor size 10485760 bytes, new threshold 1 (max 1)
- age   1:     159768 bytes,     159768 total
: 164304K->222K(184320K), 0.0129684 secs] 212635K->48558K(503808K), 0.0131997 secs] [Times: user=0.21 sys=0.00, real=0.02 secs] 
Heap after GC invocations=12 (full 2):
 par new generation   total 184320K, used 222K [0x00000000e0000000, 0x00000000ec800000, 0x00000000ec800000)
  eden space 163840K,   0% used [0x00000000e0000000, 0x00000000e0000000, 0x00000000ea000000)
  from space 20480K,   1% used [0x00000000ea000000, 0x00000000ea037a00, 0x00000000eb400000)
  to   space 20480K,   0% used [0x00000000eb400000, 0x00000000eb400000, 0x00000000ec800000)
 concurrent mark-sweep generation total 319488K, used 48335K [0x00000000ec800000, 0x0000000100000000, 0x0000000100000000)
 Metaspace       used 50906K, capacity 53421K, committed 53708K, reserved 1095680K
  class space    used 6796K, capacity 7322K, committed 7388K, reserved 1048576K
}
2022-12-19T07:17:23.593+0000: 5478.706: Total time for which application threads were stopped: 0.0137508 seconds, Stopping threads took: 0.0000710 seconds
2022-12-19T07:26:41.671+0000: 6036.785: Total time for which application threads were stopped: 0.0011189 seconds, Stopping threads took: 0.0003774 seconds
2022-12-19T07:29:24.695+0000: 6199.809: Total time for which application threads were stopped: 0.0007025 seconds, Stopping threads took: 0.0001441 seconds
{Heap before GC invocations=12 (full 2):
 par new generation   total 184320K, used 164062K [0x00000000e0000000, 0x00000000ec800000, 0x00000000ec800000)
  eden space 163840K, 100% used [0x00000000e0000000, 0x00000000ea000000, 0x00000000ea000000)
  from space 20480K,   1% used [0x00000000ea000000, 0x00000000ea037a00, 0x00000000eb400000)
  to   space 20480K,   0% used [0x00000000eb400000, 0x00000000eb400000, 0x00000000ec800000)
 concurrent mark-sweep generation total 319488K, used 48335K [0x00000000ec800000, 0x0000000100000000, 0x0000000100000000)
 Metaspace       used 50914K, capacity 53421K, committed 53708K, reserved 1095680K
  class space    used 6796K, capacity 7322K, committed 7388K, reserved 1048576K
2022-12-19T07:31:16.135+0000: 6311.249: [GC (Allocation Failure) 2022-12-19T07:31:16.136+0000: 6311.249: [ParNew
Desired survivor size 10485760 bytes, new threshold 1 (max 1)
- age   1:     164072 bytes,     164072 total
: 164062K->223K(184320K), 0.0131256 secs] 212398K->48560K(503808K), 0.0133494 secs] [Times: user=0.21 sys=0.03, real=0.02 secs] 
Heap after GC invocations=13 (full 2):
 par new generation   total 184320K, used 223K [0x00000000e0000000, 0x00000000ec800000, 0x00000000ec800000)
  eden space 163840K,   0% used [0x00000000e0000000, 0x00000000e0000000, 0x00000000ea000000)
  from space 20480K,   1% used [0x00000000eb400000, 0x00000000eb437ee8, 0x00000000ec800000)
  to   space 20480K,   0% used [0x00000000ea000000, 0x00000000ea000000, 0x00000000eb400000)
 concurrent mark-sweep generation total 319488K, used 48337K [0x00000000ec800000, 0x0000000100000000, 0x0000000100000000)
 Metaspace       used 50914K, capacity 53421K, committed 53708K, reserved 1095680K
  class space    used 6796K, capacity 7322K, committed 7388K, reserved 1048576K
}
2022-12-19T07:31:16.149+0000: 6311.262: Total time for which application threads were stopped: 0.0139937 seconds, Stopping threads took: 0.0000937 seconds
2022-12-19T07:31:17.149+0000: 6312.263: Total time for which application threads were stopped: 0.0003006 seconds, Stopping threads took: 0.0000752 seconds
2022-12-19T07:31:41.153+0000: 6336.266: Total time for which application threads were stopped: 0.0004608 seconds, Stopping threads took: 0.0001757 seconds
2022-12-19T07:34:12.174+0000: 6487.288: Total time for which application threads were stopped: 0.0007527 seconds, Stopping threads took: 0.0003179 seconds
2022-12-19T07:35:05.182+0000: 6540.295: Total time for which application threads were stopped: 0.0003446 seconds, Stopping threads took: 0.0000822 seconds
2022-12-19T07:35:14.184+0000: 6549.297: Total time for which application threads were stopped: 0.0002855 seconds, Stopping threads took: 0.0000713 seconds
2022-12-19T07:40:25.228+0000: 6860.341: Total time for which application threads were stopped: 0.0003727 seconds, Stopping threads took: 0.0000882 seconds
2022-12-19T07:41:25.237+0000: 6920.350: Total time for which application threads were stopped: 0.0007312 seconds, Stopping threads took: 0.0001438 seconds
2022-12-19T07:41:41.240+0000: 6936.354: Total time for which application threads were stopped: 0.0009819 seconds, Stopping threads took: 0.0004003 seconds
2022-12-19T07:44:15.262+0000: 7090.375: Total time for which application threads were stopped: 0.0003716 seconds, Stopping threads took: 0.0000895 seconds
{Heap before GC invocations=13 (full 2):
 par new generation   total 184320K, used 164063K [0x00000000e0000000, 0x00000000ec800000, 0x00000000ec800000)
  eden space 163840K, 100% used [0x00000000e0000000, 0x00000000ea000000, 0x00000000ea000000)
  from space 20480K,   1% used [0x00000000eb400000, 0x00000000eb437ee8, 0x00000000ec800000)
  to   space 20480K,   0% used [0x00000000ea000000, 0x00000000ea000000, 0x00000000eb400000)
 concurrent mark-sweep generation total 319488K, used 48337K [0x00000000ec800000, 0x0000000100000000, 0x0000000100000000)
 Metaspace       used 50917K, capacity 53421K, committed 53708K, reserved 1095680K
  class space    used 6796K, capacity 7322K, committed 7388K, reserved 1048576K
2022-12-19T07:44:47.677+0000: 7122.790: [GC (Allocation Failure) 2022-12-19T07:44:47.677+0000: 7122.790: [ParNew
Desired survivor size 10485760 bytes, new threshold 1 (max 1)
- age   1:     160696 bytes,     160696 total
: 164063K->237K(184320K), 0.0144250 secs] 212400K->48579K(503808K), 0.0146584 secs] [Times: user=0.22 sys=0.02, real=0.02 secs] 
Heap after GC invocations=14 (full 2):
 par new generation   total 184320K, used 237K [0x00000000e0000000, 0x00000000ec800000, 0x00000000ec800000)
  eden space 163840K,   0% used [0x00000000e0000000, 0x00000000e0000000, 0x00000000ea000000)
  from space 20480K,   1% used [0x00000000ea000000, 0x00000000ea03b790, 0x00000000eb400000)
  to   space 20480K,   0% used [0x00000000eb400000, 0x00000000eb400000, 0x00000000ec800000)
 concurrent mark-sweep generation total 319488K, used 48341K [0x00000000ec800000, 0x0000000100000000, 0x0000000100000000)
 Metaspace       used 50917K, capacity 53421K, committed 53708K, reserved 1095680K
  class space    used 6796K, capacity 7322K, committed 7388K, reserved 1048576K
}
2022-12-19T07:44:47.691+0000: 7122.805: Total time for which application threads were stopped: 0.0153891 seconds, Stopping threads took: 0.0000859 seconds
2022-12-19T07:45:24.697+0000: 7159.811: Total time for which application threads were stopped: 0.0003617 seconds, Stopping threads took: 0.0000938 seconds
2022-12-19T07:46:09.704+0000: 7204.818: Total time for which application threads were stopped: 0.0004520 seconds, Stopping threads took: 0.0001014 seconds
2022-12-19T07:46:10.705+0000: 7205.818: Total time for which application threads were stopped: 0.0004153 seconds, Stopping threads took: 0.0000839 seconds
2022-12-19T07:46:11.706+0000: 7206.819: Total time for which application threads were stopped: 0.0003686 seconds, Stopping threads took: 0.0000756 seconds
2022-12-19T07:46:14.706+0000: 7209.820: Total time for which application threads were stopped: 0.0002968 seconds, Stopping threads took: 0.0000669 seconds
2022-12-19T07:46:41.710+0000: 7236.824: Total time for which application threads were stopped: 0.0003215 seconds, Stopping threads took: 0.0000717 seconds
2022-12-19T07:47:10.715+0000: 7265.828: Total time for which application threads were stopped: 0.0003360 seconds, Stopping threads took: 0.0000864 seconds
2022-12-19T07:48:16.724+0000: 7331.838: Total time for which application threads were stopped: 0.0004043 seconds, Stopping threads took: 0.0000929 seconds
{Heap before GC invocations=14 (full 2):
 par new generation   total 184320K, used 164077K [0x00000000e0000000, 0x00000000ec800000, 0x00000000ec800000)
  eden space 163840K, 100% used [0x00000000e0000000, 0x00000000ea000000, 0x00000000ea000000)
  from space 20480K,   1% used [0x00000000ea000000, 0x00000000ea03b790, 0x00000000eb400000)
  to   space 20480K,   0% used [0x00000000eb400000, 0x00000000eb400000, 0x00000000ec800000)
 concurrent mark-sweep generation total 319488K, used 48341K [0x00000000ec800000, 0x0000000100000000, 0x0000000100000000)
 Metaspace       used 50988K, capacity 53565K, committed 53708K, reserved 1095680K
  class space    used 6801K, capacity 7360K, committed 7388K, reserved 1048576K
2022-12-19T07:57:01.168+0000: 7856.282: [GC (Allocation Failure) 2022-12-19T07:57:01.168+0000: 7856.282: [ParNew
Desired survivor size 10485760 bytes, new threshold 1 (max 1)
- age   1:   20301776 bytes,   20301776 total
: 164077K->19929K(184320K), 0.0178406 secs] 212419K->69436K(503808K), 0.0181274 secs] [Times: user=0.22 sys=0.08, real=0.01 secs] 
Heap after GC invocations=15 (full 2):
 par new generation   total 184320K, used 19929K [0x00000000e0000000, 0x00000000ec800000, 0x00000000ec800000)
  eden space 163840K,   0% used [0x00000000e0000000, 0x00000000e0000000, 0x00000000ea000000)
  from space 20480K,  97% used [0x00000000eb400000, 0x00000000ec776628, 0x00000000ec800000)
  to   space 20480K,   0% used [0x00000000ea000000, 0x00000000ea000000, 0x00000000eb400000)
 concurrent mark-sweep generation total 319488K, used 49507K [0x00000000ec800000, 0x0000000100000000, 0x0000000100000000)
 Metaspace       used 50988K, capacity 53565K, committed 53708K, reserved 1095680K
  class space    used 6801K, capacity 7360K, committed 7388K, reserved 1048576K
}
2022-12-19T07:57:01.187+0000: 7856.300: Total time for which application threads were stopped: 0.0195677 seconds, Stopping threads took: 0.0003968 seconds
2022-12-19T07:57:05.188+0000: 7860.301: Total time for which application threads were stopped: 0.0003649 seconds, Stopping threads took: 0.0000859 seconds
2022-12-19T07:59:25.208+0000: 8000.321: Total time for which application threads were stopped: 0.0007705 seconds, Stopping threads took: 0.0001556 seconds
2022-12-19T08:01:42.229+0000: 8137.342: Total time for which application threads were stopped: 0.0008611 seconds, Stopping threads took: 0.0003504 seconds
2022-12-19T08:02:25.236+0000: 8180.349: Total time for which application threads were stopped: 0.0003784 seconds, Stopping threads took: 0.0000919 seconds
2022-12-19T08:03:16.244+0000: 8231.357: Total time for which application threads were stopped: 0.0003416 seconds, Stopping threads took: 0.0000813 seconds
2022-12-19T08:03:24.245+0000: 8239.359: Total time for which application threads were stopped: 0.0002880 seconds, Stopping threads took: 0.0000682 seconds
2022-12-19T08:04:24.254+0000: 8299.368: Total time for which application threads were stopped: 0.0003837 seconds, Stopping threads took: 0.0000883 seconds
2022-12-19T08:04:53.259+0000: 8328.372: Total time for which application threads were stopped: 0.0003154 seconds, Stopping threads took: 0.0000767 seconds
2022-12-19T08:09:13.299+0000: 8588.412: Total time for which application threads were stopped: 0.0011344 seconds, Stopping threads took: 0.0004050 seconds
2022-12-19T08:09:24.301+0000: 8599.414: Total time for which application threads were stopped: 0.0002998 seconds, Stopping threads took: 0.0000789 seconds
2022-12-19T08:09:25.301+0000: 8600.414: Total time for which application threads were stopped: 0.0002576 seconds, Stopping threads took: 0.0000613 seconds
2022-12-19T08:09:33.303+0000: 8608.416: Total time for which application threads were stopped: 0.0004371 seconds, Stopping threads took: 0.0000846 seconds
2022-12-19T08:09:37.304+0000: 8612.417: Total time for which application threads were stopped: 0.0002656 seconds, Stopping threads took: 0.0000662 seconds
2022-12-19T08:09:50.306+0000: 8625.419: Total time for which application threads were stopped: 0.0003675 seconds, Stopping threads took: 0.0000873 seconds
2022-12-19T08:10:00.308+0000: 8635.421: Total time for which application threads were stopped: 0.0003018 seconds, Stopping threads took: 0.0000737 seconds
{Heap before GC invocations=15 (full 2):
 par new generation   total 184320K, used 183769K [0x00000000e0000000, 0x00000000ec800000, 0x00000000ec800000)
  eden space 163840K, 100% used [0x00000000e0000000, 0x00000000ea000000, 0x00000000ea000000)
  from space 20480K,  97% used [0x00000000eb400000, 0x00000000ec776628, 0x00000000ec800000)
  to   space 20480K,   0% used [0x00000000ea000000, 0x00000000ea000000, 0x00000000eb400000)
 concurrent mark-sweep generation total 319488K, used 49507K [0x00000000ec800000, 0x0000000100000000, 0x0000000100000000)
 Metaspace       used 51011K, capacity 53565K, committed 53708K, reserved 1095680K
  class space    used 6804K, capacity 7360K, committed 7388K, reserved 1048576K
2022-12-19T08:10:35.722+0000: 8670.835: [GC (Allocation Failure) 2022-12-19T08:10:35.722+0000: 8670.835: [ParNew
Desired survivor size 10485760 bytes, new threshold 1 (max 1)
- age   1:     168272 bytes,     168272 total
: 183769K->384K(184320K), 0.0209102 secs] 233276K->52135K(503808K), 0.0211516 secs] [Times: user=0.43 sys=0.00, real=0.02 secs] 
Heap after GC invocations=16 (full 2):
 par new generation   total 184320K, used 384K [0x00000000e0000000, 0x00000000ec800000, 0x00000000ec800000)
  eden space 163840K,   0% used [0x00000000e0000000, 0x00000000e0000000, 0x00000000ea000000)
  from space 20480K,   1% used [0x00000000ea000000, 0x00000000ea0600c0, 0x00000000eb400000)
  to   space 20480K,   0% used [0x00000000eb400000, 0x00000000eb400000, 0x00000000ec800000)
 concurrent mark-sweep generation total 319488K, used 51751K [0x00000000ec800000, 0x0000000100000000, 0x0000000100000000)
 Metaspace       used 51011K, capacity 53565K, committed 53708K, reserved 1095680K
  class space    used 6804K, capacity 7360K, committed 7388K, reserved 1048576K
}
2022-12-19T08:10:35.743+0000: 8670.857: Total time for which application threads were stopped: 0.0217028 seconds, Stopping threads took: 0.0000772 seconds
2022-12-19T08:12:24.760+0000: 8779.873: Total time for which application threads were stopped: 0.0004295 seconds, Stopping threads took: 0.0000947 seconds
2022-12-19T08:16:14.794+0000: 9009.907: Total time for which application threads were stopped: 0.0007340 seconds, Stopping threads took: 0.0001502 seconds
2022-12-19T08:16:41.799+0000: 9036.912: Total time for which application threads were stopped: 0.0008931 seconds, Stopping threads took: 0.0003778 seconds
2022-12-19T08:18:24.813+0000: 9139.927: Total time for which application threads were stopped: 0.0003784 seconds, Stopping threads took: 0.0000897 seconds
{Heap before GC invocations=16 (full 2):
 par new generation   total 184320K, used 164224K [0x00000000e0000000, 0x00000000ec800000, 0x00000000ec800000)
  eden space 163840K, 100% used [0x00000000e0000000, 0x00000000ea000000, 0x00000000ea000000)
  from space 20480K,   1% used [0x00000000ea000000, 0x00000000ea0600c0, 0x00000000eb400000)
  to   space 20480K,   0% used [0x00000000eb400000, 0x00000000eb400000, 0x00000000ec800000)
 concurrent mark-sweep generation total 319488K, used 51751K [0x00000000ec800000, 0x0000000100000000, 0x0000000100000000)
 Metaspace       used 51013K, capacity 53565K, committed 53708K, reserved 1095680K
  class space    used 6804K, capacity 7360K, committed 7388K, reserved 1048576K
2022-12-19T08:24:38.254+0000: 9513.367: [GC (Allocation Failure) 2022-12-19T08:24:38.254+0000: 9513.367: [ParNew
Desired survivor size 10485760 bytes, new threshold 1 (max 1)
- age   1:     160808 bytes,     160808 total
: 164224K->214K(184320K), 0.0160711 secs] 215975K->51973K(503808K), 0.0163062 secs] [Times: user=0.28 sys=0.00, real=0.02 secs] 
Heap after GC invocations=17 (full 2):
 par new generation   total 184320K, used 214K [0x00000000e0000000, 0x00000000ec800000, 0x00000000ec800000)
  eden space 163840K,   0% used [0x00000000e0000000, 0x00000000e0000000, 0x00000000ea000000)
  from space 20480K,   1% used [0x00000000eb400000, 0x00000000eb4358a0, 0x00000000ec800000)
  to   space 20480K,   0% used [0x00000000ea000000, 0x00000000ea000000, 0x00000000eb400000)
 concurrent mark-sweep generation total 319488K, used 51759K [0x00000000ec800000, 0x0000000100000000, 0x0000000100000000)
 Metaspace       used 51013K, capacity 53565K, committed 53708K, reserved 1095680K
  class space    used 6804K, capacity 7360K, committed 7388K, reserved 1048576K
}
2022-12-19T08:24:38.270+0000: 9513.383: Total time for which application threads were stopped: 0.0174554 seconds, Stopping threads took: 0.0001592 seconds
2022-12-19T08:26:42.287+0000: 9637.401: Total time for which application threads were stopped: 0.0009085 seconds, Stopping threads took: 0.0003658 seconds
2022-12-19T08:33:16.345+0000: 10031.458: Total time for which application threads were stopped: 0.0008158 seconds, Stopping threads took: 0.0001580 seconds
{Heap before GC invocations=17 (full 2):
 par new generation   total 184320K, used 164054K [0x00000000e0000000, 0x00000000ec800000, 0x00000000ec800000)
  eden space 163840K, 100% used [0x00000000e0000000, 0x00000000ea000000, 0x00000000ea000000)
  from space 20480K,   1% used [0x00000000eb400000, 0x00000000eb4358a0, 0x00000000ec800000)
  to   space 20480K,   0% used [0x00000000ea000000, 0x00000000ea000000, 0x00000000eb400000)
 concurrent mark-sweep generation total 319488K, used 51759K [0x00000000ec800000, 0x0000000100000000, 0x0000000100000000)
 Metaspace       used 51016K, capacity 53565K, committed 53708K, reserved 1095680K
  class space    used 6804K, capacity 7360K, committed 7388K, reserved 1048576K
2022-12-19T08:38:41.837+0000: 10356.951: [GC (Allocation Failure) 2022-12-19T08:38:41.838+0000: 10356.951: [ParNew
Desired survivor size 10485760 bytes, new threshold 1 (max 1)
- age   1:     163944 bytes,     163944 total
: 164054K->217K(184320K), 0.0198763 secs] 215813K->51977K(503808K), 0.0201126 secs] [Times: user=0.38 sys=0.00, real=0.02 secs] 
Heap after GC invocations=18 (full 2):
 par new generation   total 184320K, used 217K [0x00000000e0000000, 0x00000000ec800000, 0x00000000ec800000)
  eden space 163840K,   0% used [0x00000000e0000000, 0x00000000e0000000, 0x00000000ea000000)
  from space 20480K,   1% used [0x00000000ea000000, 0x00000000ea0364c0, 0x00000000eb400000)
  to   space 20480K,   0% used [0x00000000eb400000, 0x00000000eb400000, 0x00000000ec800000)
 concurrent mark-sweep generation total 319488K, used 51760K [0x00000000ec800000, 0x0000000100000000, 0x0000000100000000)
 Metaspace       used 51016K, capacity 53565K, committed 53708K, reserved 1095680K
  class space    used 6804K, capacity 7360K, committed 7388K, reserved 1048576K
}
2022-12-19T08:38:41.858+0000: 10356.971: Total time for which application threads were stopped: 0.0212434 seconds, Stopping threads took: 0.0003338 seconds
2022-12-19T08:41:41.885+0000: 10536.998: Total time for which application threads were stopped: 0.0007697 seconds, Stopping threads took: 0.0001678 seconds
2022-12-19T08:42:31.892+0000: 10587.006: Total time for which application threads were stopped: 0.0003981 seconds, Stopping threads took: 0.0001112 seconds
2022-12-19T08:44:34.910+0000: 10710.024: Total time for which application threads were stopped: 0.0007788 seconds, Stopping threads took: 0.0003378 seconds
2022-12-19T08:46:09.925+0000: 10805.038: Total time for which application threads were stopped: 0.0004824 seconds, Stopping threads took: 0.0000919 seconds
2022-12-19T08:46:10.926+0000: 10806.039: Total time for which application threads were stopped: 0.0004144 seconds, Stopping threads took: 0.0000761 seconds
{Heap before GC invocations=18 (full 2):
 par new generation   total 184320K, used 164057K [0x00000000e0000000, 0x00000000ec800000, 0x00000000ec800000)
  eden space 163840K, 100% used [0x00000000e0000000, 0x00000000ea000000, 0x00000000ea000000)
  from space 20480K,   1% used [0x00000000ea000000, 0x00000000ea0364c0, 0x00000000eb400000)
  to   space 20480K,   0% used [0x00000000eb400000, 0x00000000eb400000, 0x00000000ec800000)
 concurrent mark-sweep generation total 319488K, used 51760K [0x00000000ec800000, 0x0000000100000000, 0x0000000100000000)
 Metaspace       used 51067K, capacity 53629K, committed 53708K, reserved 1095680K
  class space    used 6804K, capacity 7360K, committed 7388K, reserved 1048576K
2022-12-19T08:51:41.478+0000: 11136.591: [GC (Allocation Failure) 2022-12-19T08:51:41.478+0000: 11136.591: [ParNew
Desired survivor size 10485760 bytes, new threshold 1 (max 1)
- age   1:   20425592 bytes,   20425592 total
: 164057K->20018K(184320K), 0.0231790 secs] 215817K->73830K(503808K), 0.0234057 secs] [Times: user=0.44 sys=0.04, real=0.03 secs] 
Heap after GC invocations=19 (full 2):
 par new generation   total 184320K, used 20018K [0x00000000e0000000, 0x00000000ec800000, 0x00000000ec800000)
  eden space 163840K,   0% used [0x00000000e0000000, 0x00000000e0000000, 0x00000000ea000000)
  from space 20480K,  97% used [0x00000000eb400000, 0x00000000ec78c9f0, 0x00000000ec800000)
  to   space 20480K,   0% used [0x00000000ea000000, 0x00000000ea000000, 0x00000000eb400000)
 concurrent mark-sweep generation total 319488K, used 53811K [0x00000000ec800000, 0x0000000100000000, 0x0000000100000000)
 Metaspace       used 51067K, capacity 53629K, committed 53708K, reserved 1095680K
  class space    used 6804K, capacity 7360K, committed 7388K, reserved 1048576K
}
2022-12-19T08:51:41.501+0000: 11136.615: Total time for which application threads were stopped: 0.0248749 seconds, Stopping threads took: 0.0004489 seconds
2022-12-19T08:52:04.505+0000: 11159.618: Total time for which application threads were stopped: 0.0003672 seconds, Stopping threads took: 0.0000892 seconds
2022-12-19T08:52:14.507+0000: 11169.620: Total time for which application threads were stopped: 0.0003010 seconds, Stopping threads took: 0.0000754 seconds
2022-12-19T08:53:16.516+0000: 11231.629: Total time for which application threads were stopped: 0.0003816 seconds, Stopping threads took: 0.0000922 seconds
2022-12-19T09:00:04.576+0000: 11639.690: Total time for which application threads were stopped: 0.0012839 seconds, Stopping threads took: 0.0004626 seconds
2022-12-19T09:01:24.588+0000: 11719.702: Total time for which application threads were stopped: 0.0003793 seconds, Stopping threads took: 0.0001005 seconds
2022-12-19T09:03:24.606+0000: 11839.720: Total time for which application threads were stopped: 0.0003867 seconds, Stopping threads took: 0.0000842 seconds
{Heap before GC invocations=19 (full 2):
 par new generation   total 184320K, used 183858K [0x00000000e0000000, 0x00000000ec800000, 0x00000000ec800000)
  eden space 163840K, 100% used [0x00000000e0000000, 0x00000000ea000000, 0x00000000ea000000)
  from space 20480K,  97% used [0x00000000eb400000, 0x00000000ec78c9f0, 0x00000000ec800000)
  to   space 20480K,   0% used [0x00000000ea000000, 0x00000000ea000000, 0x00000000eb400000)
 concurrent mark-sweep generation total 319488K, used 53811K [0x00000000ec800000, 0x0000000100000000, 0x0000000100000000)
 Metaspace       used 51068K, capacity 53629K, committed 53708K, reserved 1095680K
  class space    used 6804K, capacity 7360K, committed 7388K, reserved 1048576K
2022-12-19T09:05:50.919+0000: 11986.032: [GC (Allocation Failure) 2022-12-19T09:05:50.919+0000: 11986.032: [ParNew
Desired survivor size 10485760 bytes, new threshold 1 (max 1)
- age   1:     161736 bytes,     161736 total
: 183858K->386K(184320K), 0.0138051 secs] 237670K->55548K(503808K), 0.0140428 secs] [Times: user=0.17 sys=0.05, real=0.02 secs] 
Heap after GC invocations=20 (full 2):
 par new generation   total 184320K, used 386K [0x00000000e0000000, 0x00000000ec800000, 0x00000000ec800000)
  eden space 163840K,   0% used [0x00000000e0000000, 0x00000000e0000000, 0x00000000ea000000)
  from space 20480K,   1% used [0x00000000ea000000, 0x00000000ea060a98, 0x00000000eb400000)
  to   space 20480K,   0% used [0x00000000eb400000, 0x00000000eb400000, 0x00000000ec800000)
 concurrent mark-sweep generation total 319488K, used 55161K [0x00000000ec800000, 0x0000000100000000, 0x0000000100000000)
 Metaspace       used 51068K, capacity 53629K, committed 53708K, reserved 1095680K
  class space    used 6804K, capacity 7360K, committed 7388K, reserved 1048576K
}
2022-12-19T09:05:50.933+0000: 11986.046: Total time for which application threads were stopped: 0.0146960 seconds, Stopping threads took: 0.0000985 seconds
{Heap before GC invocations=20 (full 2):
 par new generation   total 184320K, used 164226K [0x00000000e0000000, 0x00000000ec800000, 0x00000000ec800000)
  eden space 163840K, 100% used [0x00000000e0000000, 0x00000000ea000000, 0x00000000ea000000)
  from space 20480K,   1% used [0x00000000ea000000, 0x00000000ea060a98, 0x00000000eb400000)
  to   space 20480K,   0% used [0x00000000eb400000, 0x00000000eb400000, 0x00000000ec800000)
 concurrent mark-sweep generation total 319488K, used 55161K [0x00000000ec800000, 0x0000000100000000, 0x0000000100000000)
 Metaspace       used 51070K, capacity 53629K, committed 53708K, reserved 1095680K
  class space    used 6805K, capacity 7360K, committed 7388K, reserved 1048576K
2022-12-19T09:19:54.478+0000: 12829.591: [GC (Allocation Failure) 2022-12-19T09:19:54.478+0000: 12829.591: [ParNew
Desired survivor size 10485760 bytes, new threshold 1 (max 1)
- age   1:     162976 bytes,     162976 total
: 164226K->211K(184320K), 0.0130910 secs] 219388K->55373K(503808K), 0.0133228 secs] [Times: user=0.22 sys=0.00, real=0.02 secs] 
Heap after GC invocations=21 (full 2):
 par new generation   total 184320K, used 211K [0x00000000e0000000, 0x00000000ec800000, 0x00000000ec800000)
  eden space 163840K,   0% used [0x00000000e0000000, 0x00000000e0000000, 0x00000000ea000000)
  from space 20480K,   1% used [0x00000000eb400000, 0x00000000eb434e68, 0x00000000ec800000)
  to   space 20480K,   0% used [0x00000000ea000000, 0x00000000ea000000, 0x00000000eb400000)
 concurrent mark-sweep generation total 319488K, used 55161K [0x00000000ec800000, 0x0000000100000000, 0x0000000100000000)
 Metaspace       used 51070K, capacity 53629K, committed 53708K, reserved 1095680K
  class space    used 6805K, capacity 7360K, committed 7388K, reserved 1048576K
}
2022-12-19T09:19:54.491+0000: 12829.604: Total time for which application threads were stopped: 0.0147715 seconds, Stopping threads took: 0.0003890 seconds
2022-12-19T09:31:42.598+0000: 13537.711: Total time for which application threads were stopped: 0.0011819 seconds, Stopping threads took: 0.0003972 seconds
{Heap before GC invocations=21 (full 2):
 par new generation   total 184320K, used 164051K [0x00000000e0000000, 0x00000000ec800000, 0x00000000ec800000)
  eden space 163840K, 100% used [0x00000000e0000000, 0x00000000ea000000, 0x00000000ea000000)
  from space 20480K,   1% used [0x00000000eb400000, 0x00000000eb434e68, 0x00000000ec800000)
  to   space 20480K,   0% used [0x00000000ea000000, 0x00000000ea000000, 0x00000000eb400000)
 concurrent mark-sweep generation total 319488K, used 55161K [0x00000000ec800000, 0x0000000100000000, 0x0000000100000000)
 Metaspace       used 51084K, capacity 53633K, committed 53708K, reserved 1095680K
  class space    used 6805K, capacity 7360K, committed 7388K, reserved 1048576K
2022-12-19T09:33:36.029+0000: 13651.142: [GC (Allocation Failure) 2022-12-19T09:33:36.029+0000: 13651.142: [ParNew
Desired survivor size 10485760 bytes, new threshold 1 (max 1)
- age   1:     161992 bytes,     161992 total
: 164051K->221K(184320K), 0.0128927 secs] 219213K->55383K(503808K), 0.0130911 secs] [Times: user=0.20 sys=0.03, real=0.01 secs] 
Heap after GC invocations=22 (full 2):
 par new generation   total 184320K, used 221K [0x00000000e0000000, 0x00000000ec800000, 0x00000000ec800000)
  eden space 163840K,   0% used [0x00000000e0000000, 0x00000000e0000000, 0x00000000ea000000)
  from space 20480K,   1% used [0x00000000ea000000, 0x00000000ea0374d0, 0x00000000eb400000)
  to   space 20480K,   0% used [0x00000000eb400000, 0x00000000eb400000, 0x00000000ec800000)
 concurrent mark-sweep generation total 319488K, used 55162K [0x00000000ec800000, 0x0000000100000000, 0x0000000100000000)
 Metaspace       used 51084K, capacity 53633K, committed 53708K, reserved 1095680K
  class space    used 6805K, capacity 7360K, committed 7388K, reserved 1048576K
}
2022-12-19T09:33:36.042+0000: 13651.155: Total time for which application threads were stopped: 0.0137223 seconds, Stopping threads took: 0.0000917 seconds
2022-12-19T09:36:42.070+0000: 13837.183: Total time for which application threads were stopped: 0.0003768 seconds, Stopping threads took: 0.0000923 seconds
2022-12-19T09:42:35.123+0000: 14190.236: Total time for which application threads were stopped: 0.0007810 seconds, Stopping threads took: 0.0001730 seconds
2022-12-19T09:46:09.154+0000: 14404.268: Total time for which application threads were stopped: 0.0009000 seconds, Stopping threads took: 0.0003698 seconds
2022-12-19T09:46:10.155+0000: 14405.269: Total time for which application threads were stopped: 0.0008229 seconds, Stopping threads took: 0.0001047 seconds
{Heap before GC invocations=22 (full 2):
 par new generation   total 184320K, used 164061K [0x00000000e0000000, 0x00000000ec800000, 0x00000000ec800000)
  eden space 163840K, 100% used [0x00000000e0000000, 0x00000000ea000000, 0x00000000ea000000)
  from space 20480K,   1% used [0x00000000ea000000, 0x00000000ea0374d0, 0x00000000eb400000)
  to   space 20480K,   0% used [0x00000000eb400000, 0x00000000eb400000, 0x00000000ec800000)
 concurrent mark-sweep generation total 319488K, used 55162K [0x00000000ec800000, 0x0000000100000000, 0x0000000100000000)
 Metaspace       used 51143K, capacity 53709K, committed 53964K, reserved 1095680K
  class space    used 6809K, capacity 7362K, committed 7388K, reserved 1048576K
2022-12-19T09:46:10.535+0000: 14405.648: [GC (Allocation Failure) 2022-12-19T09:46:10.535+0000: 14405.648: [ParNew
Desired survivor size 10485760 bytes, new threshold 1 (max 1)
- age   1:   20230608 bytes,   20230608 total
: 164061K->19838K(184320K), 0.0204127 secs] 219223K->77048K(503808K), 0.0206401 secs] [Times: user=0.34 sys=0.06, real=0.02 secs] 
Heap after GC invocations=23 (full 2):
 par new generation   total 184320K, used 19838K [0x00000000e0000000, 0x00000000ec800000, 0x00000000ec800000)
  eden space 163840K,   0% used [0x00000000e0000000, 0x00000000e0000000, 0x00000000ea000000)
  from space 20480K,  96% used [0x00000000eb400000, 0x00000000ec75f9d0, 0x00000000ec800000)
  to   space 20480K,   0% used [0x00000000ea000000, 0x00000000ea000000, 0x00000000eb400000)
 concurrent mark-sweep generation total 319488K, used 57210K [0x00000000ec800000, 0x0000000100000000, 0x0000000100000000)
 Metaspace       used 51143K, capacity 53709K, committed 53964K, reserved 1095680K
  class space    used 6809K, capacity 7362K, committed 7388K, reserved 1048576K
}
2022-12-19T09:46:10.556+0000: 14405.669: Total time for which application threads were stopped: 0.0213492 seconds, Stopping threads took: 0.0000931 seconds
2022-12-19T09:46:11.556+0000: 14406.670: Total time for which application threads were stopped: 0.0005212 seconds, Stopping threads took: 0.0001020 seconds
2022-12-19T09:46:14.557+0000: 14409.670: Total time for which application threads were stopped: 0.0003370 seconds, Stopping threads took: 0.0000770 seconds
2022-12-19T09:46:17.558+0000: 14412.671: Total time for which application threads were stopped: 0.0003228 seconds, Stopping threads took: 0.0000718 seconds
2022-12-19T09:51:14.598+0000: 14709.712: Total time for which application threads were stopped: 0.0008313 seconds, Stopping threads took: 0.0002372 seconds
2022-12-19T09:51:42.603+0000: 14737.716: Total time for which application threads were stopped: 0.0003375 seconds, Stopping threads took: 0.0000884 seconds
{Heap before GC invocations=23 (full 2):
 par new generation   total 184320K, used 183678K [0x00000000e0000000, 0x00000000ec800000, 0x00000000ec800000)
  eden space 163840K, 100% used [0x00000000e0000000, 0x00000000ea000000, 0x00000000ea000000)
  from space 20480K,  96% used [0x00000000eb400000, 0x00000000ec75f9d0, 0x00000000ec800000)
  to   space 20480K,   0% used [0x00000000ea000000, 0x00000000ea000000, 0x00000000eb400000)
 concurrent mark-sweep generation total 319488K, used 57210K [0x00000000ec800000, 0x0000000100000000, 0x0000000100000000)
 Metaspace       used 51173K, capacity 53709K, committed 53964K, reserved 1095680K
  class space    used 6809K, capacity 7362K, committed 7388K, reserved 1048576K
2022-12-19T10:00:12.076+0000: 15247.190: [GC (Allocation Failure) 2022-12-19T10:00:12.077+0000: 15247.190: [ParNew
Desired survivor size 10485760 bytes, new threshold 1 (max 1)
- age   1:   20250064 bytes,   20250064 total
: 183678K->19890K(184320K), 0.0231320 secs] 240888K->79361K(503808K), 0.0233698 secs] [Times: user=0.34 sys=0.13, real=0.02 secs] 
Heap after GC invocations=24 (full 2):
 par new generation   total 184320K, used 19890K [0x00000000e0000000, 0x00000000ec800000, 0x00000000ec800000)
  eden space 163840K,   0% used [0x00000000e0000000, 0x00000000e0000000, 0x00000000ea000000)
  from space 20480K,  97% used [0x00000000ea000000, 0x00000000eb36cb28, 0x00000000eb400000)
  to   space 20480K,   0% used [0x00000000eb400000, 0x00000000eb400000, 0x00000000ec800000)
 concurrent mark-sweep generation total 319488K, used 59470K [0x00000000ec800000, 0x0000000100000000, 0x0000000100000000)
 Metaspace       used 51173K, capacity 53709K, committed 53964K, reserved 1095680K
  class space    used 6809K, capacity 7362K, committed 7388K, reserved 1048576K
}
2022-12-19T10:00:12.100+0000: 15247.213: Total time for which application threads were stopped: 0.0244862 seconds, Stopping threads took: 0.0003532 seconds
2022-12-19T10:00:59.107+0000: 15294.220: Total time for which application threads were stopped: 0.0003392 seconds, Stopping threads took: 0.0000927 seconds
2022-12-19T10:01:42.114+0000: 15337.227: Total time for which application threads were stopped: 0.0003153 seconds, Stopping threads took: 0.0000752 seconds
2022-12-19T10:04:41.139+0000: 15516.252: Total time for which application threads were stopped: 0.0003788 seconds, Stopping threads took: 0.0000906 seconds
2022-12-19T10:05:13.143+0000: 15548.257: Total time for which application threads were stopped: 0.0002985 seconds, Stopping threads took: 0.0000754 seconds
2022-12-19T10:09:20.179+0000: 15795.293: Total time for which application threads were stopped: 0.0003736 seconds, Stopping threads took: 0.0000996 seconds
{Heap before GC invocations=24 (full 2):
 par new generation   total 184320K, used 183730K [0x00000000e0000000, 0x00000000ec800000, 0x00000000ec800000)
  eden space 163840K, 100% used [0x00000000e0000000, 0x00000000ea000000, 0x00000000ea000000)
  from space 20480K,  97% used [0x00000000ea000000, 0x00000000eb36cb28, 0x00000000eb400000)
  to   space 20480K,   0% used [0x00000000eb400000, 0x00000000eb400000, 0x00000000ec800000)
 concurrent mark-sweep generation total 319488K, used 59470K [0x00000000ec800000, 0x0000000100000000, 0x0000000100000000)
 Metaspace       used 51195K, capacity 53717K, committed 53964K, reserved 1095680K
  class space    used 6809K, capacity 7362K, committed 7388K, reserved 1048576K
2022-12-19T10:14:56.669+0000: 16131.783: [GC (Allocation Failure) 2022-12-19T10:14:56.670+0000: 16131.783: [ParNew
Desired survivor size 10485760 bytes, new threshold 1 (max 1)
- age   1:     160328 bytes,     160328 total
: 183730K->357K(184320K), 0.0133932 secs] 243201K->61014K(503808K), 0.0135850 secs] [Times: user=0.25 sys=0.00, real=0.01 secs] 
Heap after GC invocations=25 (full 2):
 par new generation   total 184320K, used 357K [0x00000000e0000000, 0x00000000ec800000, 0x00000000ec800000)
  eden space 163840K,   0% used [0x00000000e0000000, 0x00000000e0000000, 0x00000000ea000000)
  from space 20480K,   1% used [0x00000000eb400000, 0x00000000eb459400, 0x00000000ec800000)
  to   space 20480K,   0% used [0x00000000ea000000, 0x00000000ea000000, 0x00000000eb400000)
 concurrent mark-sweep generation total 319488K, used 60657K [0x00000000ec800000, 0x0000000100000000, 0x0000000100000000)
 Metaspace       used 51195K, capacity 53717K, committed 53964K, reserved 1095680K
  class space    used 6809K, capacity 7362K, committed 7388K, reserved 1048576K
}
2022-12-19T10:14:56.683+0000: 16131.797: Total time for which application threads were stopped: 0.0141802 seconds, Stopping threads took: 0.0000943 seconds
2022-12-19T10:14:57.684+0000: 16132.797: Total time for which application threads were stopped: 0.0002805 seconds, Stopping threads took: 0.0000682 seconds
2022-12-19T10:15:01.685+0000: 16136.798: Total time for which application threads were stopped: 0.0002656 seconds, Stopping threads took: 0.0000643 seconds
2022-12-19T10:15:06.686+0000: 16141.799: Total time for which application threads were stopped: 0.0002650 seconds, Stopping threads took: 0.0000652 seconds
2022-12-19T10:16:42.700+0000: 16237.814: Total time for which application threads were stopped: 0.0003694 seconds, Stopping threads took: 0.0000898 seconds
2022-12-19T10:21:21.743+0000: 16516.857: Total time for which application threads were stopped: 0.0011256 seconds, Stopping threads took: 0.0004082 seconds
2022-12-19T10:21:26.745+0000: 16521.858: Total time for which application threads were stopped: 0.0002863 seconds, Stopping threads took: 0.0000707 seconds
2022-12-19T10:21:42.747+0000: 16537.861: Total time for which application threads were stopped: 0.0003080 seconds, Stopping threads took: 0.0000783 seconds
2022-12-19T10:23:45.766+0000: 16660.880: Total time for which application threads were stopped: 0.0003826 seconds, Stopping threads took: 0.0000946 seconds
2022-12-19T10:23:55.768+0000: 16670.882: Total time for which application threads were stopped: 0.0004056 seconds, Stopping threads took: 0.0000927 seconds
2022-12-19T10:26:15.790+0000: 16810.903: Total time for which application threads were stopped: 0.0003684 seconds, Stopping threads took: 0.0000925 seconds
2022-12-19T10:26:42.794+0000: 16837.908: Total time for which application threads were stopped: 0.0002920 seconds, Stopping threads took: 0.0000702 seconds
{Heap before GC invocations=25 (full 2):
 par new generation   total 184320K, used 164197K [0x00000000e0000000, 0x00000000ec800000, 0x00000000ec800000)
  eden space 163840K, 100% used [0x00000000e0000000, 0x00000000ea000000, 0x00000000ea000000)
  from space 20480K,   1% used [0x00000000eb400000, 0x00000000eb459400, 0x00000000ec800000)
  to   space 20480K,   0% used [0x00000000ea000000, 0x00000000ea000000, 0x00000000eb400000)
 concurrent mark-sweep generation total 319488K, used 60657K [0x00000000ec800000, 0x0000000100000000, 0x0000000100000000)
 Metaspace       used 51199K, capacity 53717K, committed 53964K, reserved 1095680K
  class space    used 6809K, capacity 7362K, committed 7388K, reserved 1048576K
2022-12-19T10:29:45.248+0000: 17020.362: [GC (Allocation Failure) 2022-12-19T10:29:45.248+0000: 17020.362: [ParNew
Desired survivor size 10485760 bytes, new threshold 1 (max 1)
- age   1:     158528 bytes,     158528 total
: 164197K->198K(184320K), 0.0134907 secs] 224854K->60857K(503808K), 0.0136975 secs] [Times: user=0.23 sys=0.00, real=0.01 secs] 
Heap after GC invocations=26 (full 2):
 par new generation   total 184320K, used 198K [0x00000000e0000000, 0x00000000ec800000, 0x00000000ec800000)
  eden space 163840K,   0% used [0x00000000e0000000, 0x00000000e0000000, 0x00000000ea000000)
  from space 20480K,   0% used [0x00000000ea000000, 0x00000000ea0318c0, 0x00000000eb400000)
  to   space 20480K,   0% used [0x00000000eb400000, 0x00000000eb400000, 0x00000000ec800000)
 concurrent mark-sweep generation total 319488K, used 60659K [0x00000000ec800000, 0x0000000100000000, 0x0000000100000000)
 Metaspace       used 51199K, capacity 53717K, committed 53964K, reserved 1095680K
  class space    used 6809K, capacity 7362K, committed 7388K, reserved 1048576K
}
2022-12-19T10:29:45.262+0000: 17020.375: Total time for which application threads were stopped: 0.0143417 seconds, Stopping threads took: 0.0000981 seconds
2022-12-19T10:31:06.275+0000: 17101.388: Total time for which application threads were stopped: 0.0004937 seconds, Stopping threads took: 0.0000912 seconds
2022-12-19T10:33:36.298+0000: 17251.411: Total time for which application threads were stopped: 0.0003658 seconds, Stopping threads took: 0.0000902 seconds
2022-12-19T10:35:06.312+0000: 17341.425: Total time for which application threads were stopped: 0.0003634 seconds, Stopping threads took: 0.0000889 seconds
2022-12-19T10:36:36.326+0000: 17431.439: Total time for which application threads were stopped: 0.0008237 seconds, Stopping threads took: 0.0002163 seconds
2022-12-19T10:37:42.336+0000: 17497.450: Total time for which application threads were stopped: 0.0003811 seconds, Stopping threads took: 0.0000940 seconds
2022-12-19T10:37:46.337+0000: 17501.450: Total time for which application threads were stopped: 0.0002705 seconds, Stopping threads took: 0.0000656 seconds
{Heap before GC invocations=26 (full 2):
 par new generation   total 184320K, used 164038K [0x00000000e0000000, 0x00000000ec800000, 0x00000000ec800000)
  eden space 163840K, 100% used [0x00000000e0000000, 0x00000000ea000000, 0x00000000ea000000)
  from space 20480K,   0% used [0x00000000ea000000, 0x00000000ea0318c0, 0x00000000eb400000)
  to   space 20480K,   0% used [0x00000000eb400000, 0x00000000eb400000, 0x00000000ec800000)
 concurrent mark-sweep generation total 319488K, used 60659K [0x00000000ec800000, 0x0000000100000000, 0x0000000100000000)
 Metaspace       used 51199K, capacity 53717K, committed 53964K, reserved 1095680K
  class space    used 6809K, capacity 7362K, committed 7388K, reserved 1048576K
2022-12-19T10:44:17.819+0000: 17892.933: [GC (Allocation Failure) 2022-12-19T10:44:17.819+0000: 17892.933: [ParNew
Desired survivor size 10485760 bytes, new threshold 1 (max 1)
- age   1:     169248 bytes,     169248 total
: 164038K->245K(184320K), 0.0166868 secs] 224697K->60904K(503808K), 0.0169393 secs] [Times: user=0.35 sys=0.01, real=0.02 secs] 
Heap after GC invocations=27 (full 2):
 par new generation   total 184320K, used 245K [0x00000000e0000000, 0x00000000ec800000, 0x00000000ec800000)
  eden space 163840K,   0% used [0x00000000e0000000, 0x00000000e0000000, 0x00000000ea000000)
  from space 20480K,   1% used [0x00000000eb400000, 0x00000000eb43d460, 0x00000000ec800000)
  to   space 20480K,   0% used [0x00000000ea000000, 0x00000000ea000000, 0x00000000eb400000)
 concurrent mark-sweep generation total 319488K, used 60659K [0x00000000ec800000, 0x0000000100000000, 0x0000000100000000)
 Metaspace       used 51199K, capacity 53717K, committed 53964K, reserved 1095680K
  class space    used 6809K, capacity 7362K, committed 7388K, reserved 1048576K
}
2022-12-19T10:44:17.836+0000: 17892.950: Total time for which application threads were stopped: 0.0180607 seconds, Stopping threads took: 0.0003561 seconds
2022-12-19T10:44:55.842+0000: 17930.955: Total time for which application threads were stopped: 0.0003847 seconds, Stopping threads took: 0.0000818 seconds
2022-12-19T10:44:57.842+0000: 17932.956: Total time for which application threads were stopped: 0.0002826 seconds, Stopping threads took: 0.0000668 seconds
2022-12-19T10:46:09.853+0000: 18004.966: Total time for which application threads were stopped: 0.0006479 seconds, Stopping threads took: 0.0000904 seconds
2022-12-19T10:46:10.854+0000: 18005.967: Total time for which application threads were stopped: 0.0003440 seconds, Stopping threads took: 0.0000811 seconds
2022-12-19T10:46:42.859+0000: 18037.972: Total time for which application threads were stopped: 0.0002970 seconds, Stopping threads took: 0.0000689 seconds
2022-12-19T10:47:24.866+0000: 18079.979: Total time for which application threads were stopped: 0.0003045 seconds, Stopping threads took: 0.0000797 seconds
2022-12-19T10:49:24.883+0000: 18199.997: Total time for which application threads were stopped: 0.0003863 seconds, Stopping threads took: 0.0000940 seconds
{Heap before GC invocations=27 (full 2):
 par new generation   total 184320K, used 164085K [0x00000000e0000000, 0x00000000ec800000, 0x00000000ec800000)
  eden space 163840K, 100% used [0x00000000e0000000, 0x00000000ea000000, 0x00000000ea000000)
  from space 20480K,   1% used [0x00000000eb400000, 0x00000000eb43d460, 0x00000000ec800000)
  to   space 20480K,   0% used [0x00000000ea000000, 0x00000000ea000000, 0x00000000eb400000)
 concurrent mark-sweep generation total 319488K, used 60659K [0x00000000ec800000, 0x0000000100000000, 0x0000000100000000)
 Metaspace       used 51219K, capacity 53781K, committed 53964K, reserved 1095680K
  class space    used 6809K, capacity 7362K, committed 7388K, reserved 1048576K
2022-12-19T10:57:15.339+0000: 18670.452: [GC (Allocation Failure) 2022-12-19T10:57:15.339+0000: 18670.452: [ParNew
Desired survivor size 10485760 bytes, new threshold 1 (max 1)
- age   1:   20296088 bytes,   20296088 total
: 164085K->19897K(184320K), 0.0156239 secs] 224744K->82754K(503808K), 0.0158557 secs] [Times: user=0.21 sys=0.08, real=0.02 secs] 
Heap after GC invocations=28 (full 2):
 par new generation   total 184320K, used 19897K [0x00000000e0000000, 0x00000000ec800000, 0x00000000ec800000)
  eden space 163840K,   0% used [0x00000000e0000000, 0x00000000e0000000, 0x00000000ea000000)
  from space 20480K,  97% used [0x00000000ea000000, 0x00000000eb36e750, 0x00000000eb400000)
  to   space 20480K,   0% used [0x00000000eb400000, 0x00000000eb400000, 0x00000000ec800000)
 concurrent mark-sweep generation total 319488K, used 62856K [0x00000000ec800000, 0x0000000100000000, 0x0000000100000000)
 Metaspace       used 51219K, capacity 53781K, committed 53964K, reserved 1095680K
  class space    used 6809K, capacity 7362K, committed 7388K, reserved 1048576K
}
2022-12-19T10:57:15.355+0000: 18670.468: Total time for which application threads were stopped: 0.0171923 seconds, Stopping threads took: 0.0003910 seconds
2022-12-19T10:57:16.355+0000: 18671.469: Total time for which application threads were stopped: 0.0002979 seconds, Stopping threads took: 0.0000712 seconds
2022-12-19T11:03:16.408+0000: 19031.521: Total time for which application threads were stopped: 0.0003907 seconds, Stopping threads took: 0.0000911 seconds
{Heap before GC invocations=28 (full 2):
 par new generation   total 184320K, used 183737K [0x00000000e0000000, 0x00000000ec800000, 0x00000000ec800000)
  eden space 163840K, 100% used [0x00000000e0000000, 0x00000000ea000000, 0x00000000ea000000)
  from space 20480K,  97% used [0x00000000ea000000, 0x00000000eb36e750, 0x00000000eb400000)
  to   space 20480K,   0% used [0x00000000eb400000, 0x00000000eb400000, 0x00000000ec800000)
 concurrent mark-sweep generation total 319488K, used 62856K [0x00000000ec800000, 0x0000000100000000, 0x0000000100000000)
 Metaspace       used 51220K, capacity 53781K, committed 53964K, reserved 1095680K
  class space    used 6809K, capacity 7362K, committed 7388K, reserved 1048576K
2022-12-19T11:11:40.913+0000: 19536.026: [GC (Allocation Failure) 2022-12-19T11:11:40.913+0000: 19536.026: [ParNew
Desired survivor size 10485760 bytes, new threshold 1 (max 1)
- age   1:     162392 bytes,     162392 total
: 183737K->324K(184320K), 0.0142941 secs] 246594K->64407K(503808K), 0.0144897 secs] [Times: user=0.23 sys=0.02, real=0.01 secs] 
Heap after GC invocations=29 (full 2):
 par new generation   total 184320K, used 324K [0x00000000e0000000, 0x00000000ec800000, 0x00000000ec800000)
  eden space 163840K,   0% used [0x00000000e0000000, 0x00000000e0000000, 0x00000000ea000000)
  from space 20480K,   1% used [0x00000000eb400000, 0x00000000eb451090, 0x00000000ec800000)
  to   space 20480K,   0% used [0x00000000ea000000, 0x00000000ea000000, 0x00000000eb400000)
 concurrent mark-sweep generation total 319488K, used 64082K [0x00000000ec800000, 0x0000000100000000, 0x0000000100000000)
 Metaspace       used 51220K, capacity 53781K, committed 53964K, reserved 1095680K
  class space    used 6809K, capacity 7362K, committed 7388K, reserved 1048576K
}
2022-12-19T11:11:40.927+0000: 19536.041: Total time for which application threads were stopped: 0.0155189 seconds, Stopping threads took: 0.0001558 seconds
2022-12-19T11:11:42.928+0000: 19538.041: Total time for which application threads were stopped: 0.0002861 seconds, Stopping threads took: 0.0000709 seconds
2022-12-19T11:18:07.985+0000: 19923.098: Total time for which application threads were stopped: 0.0010152 seconds, Stopping threads took: 0.0003574 seconds
2022-12-19T11:19:24.996+0000: 20000.110: Total time for which application threads were stopped: 0.0003400 seconds, Stopping threads took: 0.0000773 seconds
{Heap before GC invocations=29 (full 2):
 par new generation   total 184320K, used 164164K [0x00000000e0000000, 0x00000000ec800000, 0x00000000ec800000)
  eden space 163840K, 100% used [0x00000000e0000000, 0x00000000ea000000, 0x00000000ea000000)
  from space 20480K,   1% used [0x00000000eb400000, 0x00000000eb451090, 0x00000000ec800000)
  to   space 20480K,   0% used [0x00000000ea000000, 0x00000000ea000000, 0x00000000eb400000)
 concurrent mark-sweep generation total 319488K, used 64082K [0x00000000ec800000, 0x0000000100000000, 0x0000000100000000)
 Metaspace       used 51223K, capacity 53781K, committed 53964K, reserved 1095680K
  class space    used 6809K, capacity 7362K, committed 7388K, reserved 1048576K
2022-12-19T11:25:42.467+0000: 20377.580: [GC (Allocation Failure) 2022-12-19T11:25:42.467+0000: 20377.581: [ParNew
Desired survivor size 10485760 bytes, new threshold 1 (max 1)
- age   1:     160832 bytes,     160832 total
: 164164K->226K(184320K), 0.0128012 secs] 228247K->64311K(503808K), 0.0130040 secs] [Times: user=0.20 sys=0.02, real=0.01 secs] 
Heap after GC invocations=30 (full 2):
 par new generation   total 184320K, used 226K [0x00000000e0000000, 0x00000000ec800000, 0x00000000ec800000)
  eden space 163840K,   0% used [0x00000000e0000000, 0x00000000e0000000, 0x00000000ea000000)
  from space 20480K,   1% used [0x00000000ea000000, 0x00000000ea038bb0, 0x00000000eb400000)
  to   space 20480K,   0% used [0x00000000eb400000, 0x00000000eb400000, 0x00000000ec800000)
 concurrent mark-sweep generation total 319488K, used 64084K [0x00000000ec800000, 0x0000000100000000, 0x0000000100000000)
 Metaspace       used 51223K, capacity 53781K, committed 53964K, reserved 1095680K
  class space    used 6809K, capacity 7362K, committed 7388K, reserved 1048576K
}
2022-12-19T11:25:42.480+0000: 20377.594: Total time for which application threads were stopped: 0.0136192 seconds, Stopping threads took: 0.0000951 seconds
{Heap before GC invocations=30 (full 2):
 par new generation   total 184320K, used 164066K [0x00000000e0000000, 0x00000000ec800000, 0x00000000ec800000)
  eden space 163840K, 100% used [0x00000000e0000000, 0x00000000ea000000, 0x00000000ea000000)
  from space 20480K,   1% used [0x00000000ea000000, 0x00000000ea038bb0, 0x00000000eb400000)
  to   space 20480K,   0% used [0x00000000eb400000, 0x00000000eb400000, 0x00000000ec800000)
 concurrent mark-sweep generation total 319488K, used 64084K [0x00000000ec800000, 0x0000000100000000, 0x0000000100000000)
 Metaspace       used 51223K, capacity 53781K, committed 53964K, reserved 1095680K
  class space    used 6809K, capacity 7362K, committed 7388K, reserved 1048576K
2022-12-19T11:39:44.027+0000: 21219.140: [GC (Allocation Failure) 2022-12-19T11:39:44.027+0000: 21219.140: [ParNew
Desired survivor size 10485760 bytes, new threshold 1 (max 1)
- age   1:     160696 bytes,     160696 total
: 164066K->211K(184320K), 0.0144977 secs] 228151K->64295K(503808K), 0.0147163 secs] [Times: user=0.24 sys=0.02, real=0.02 secs] 
Heap after GC invocations=31 (full 2):
 par new generation   total 184320K, used 211K [0x00000000e0000000, 0x00000000ec800000, 0x00000000ec800000)
  eden space 163840K,   0% used [0x00000000e0000000, 0x00000000e0000000, 0x00000000ea000000)
  from space 20480K,   1% used [0x00000000eb400000, 0x00000000eb434c98, 0x00000000ec800000)
  to   space 20480K,   0% used [0x00000000ea000000, 0x00000000ea000000, 0x00000000eb400000)
 concurrent mark-sweep generation total 319488K, used 64084K [0x00000000ec800000, 0x0000000100000000, 0x0000000100000000)
 Metaspace       used 51223K, capacity 53781K, committed 53964K, reserved 1095680K
  class space    used 6809K, capacity 7362K, committed 7388K, reserved 1048576K
}
2022-12-19T11:39:44.042+0000: 21219.155: Total time for which application threads were stopped: 0.0163068 seconds, Stopping threads took: 0.0004451 seconds
2022-12-19T11:46:09.099+0000: 21604.213: Total time for which application threads were stopped: 0.0012218 seconds, Stopping threads took: 0.0004090 seconds
2022-12-19T11:46:10.100+0000: 21605.213: Total time for which application threads were stopped: 0.0003335 seconds, Stopping threads took: 0.0000824 seconds
2022-12-19T11:46:11.100+0000: 21606.214: Total time for which application threads were stopped: 0.0004629 seconds, Stopping threads took: 0.0000813 seconds
{Heap before GC invocations=31 (full 2):
 par new generation   total 184320K, used 164051K [0x00000000e0000000, 0x00000000ec800000, 0x00000000ec800000)
  eden space 163840K, 100% used [0x00000000e0000000, 0x00000000ea000000, 0x00000000ea000000)
  from space 20480K,   1% used [0x00000000eb400000, 0x00000000eb434c98, 0x00000000ec800000)
  to   space 20480K,   0% used [0x00000000ea000000, 0x00000000ea000000, 0x00000000eb400000)
 concurrent mark-sweep generation total 319488K, used 64084K [0x00000000ec800000, 0x0000000100000000, 0x0000000100000000)
 Metaspace       used 51245K, capacity 53845K, committed 53964K, reserved 1095680K
  class space    used 6809K, capacity 7362K, committed 7388K, reserved 1048576K
2022-12-19T11:52:42.542+0000: 21997.656: [GC (Allocation Failure) 2022-12-19T11:52:42.542+0000: 21997.656: [ParNew
Desired survivor size 10485760 bytes, new threshold 1 (max 1)
- age   1:   20423176 bytes,   20423176 total
: 164051K->20011K(184320K), 0.0217436 secs] 228135K->85120K(503808K), 0.0219803 secs] [Times: user=0.37 sys=0.05, real=0.02 secs] 
Heap after GC invocations=32 (full 2):
 par new generation   total 184320K, used 20011K [0x00000000e0000000, 0x00000000ec800000, 0x00000000ec800000)
  eden space 163840K,   0% used [0x00000000e0000000, 0x00000000e0000000, 0x00000000ea000000)
  from space 20480K,  97% used [0x00000000ea000000, 0x00000000eb38aeb8, 0x00000000eb400000)
  to   space 20480K,   0% used [0x00000000eb400000, 0x00000000eb400000, 0x00000000ec800000)
 concurrent mark-sweep generation total 319488K, used 65108K [0x00000000ec800000, 0x0000000100000000, 0x0000000100000000)
 Metaspace       used 51245K, capacity 53845K, committed 53964K, reserved 1095680K
  class space    used 6809K, capacity 7362K, committed 7388K, reserved 1048576K
}
2022-12-19T11:52:42.564+0000: 21997.678: Total time for which application threads were stopped: 0.0226029 seconds, Stopping threads took: 0.0000967 seconds
2022-12-19T12:00:06.631+0000: 22441.745: Total time for which application threads were stopped: 0.0007239 seconds, Stopping threads took: 0.0001778 seconds
2022-12-19T12:03:16.661+0000: 22631.774: Total time for which application threads were stopped: 0.0009220 seconds, Stopping threads took: 0.0003568 seconds
{Heap before GC invocations=32 (full 2):
 par new generation   total 184320K, used 183851K [0x00000000e0000000, 0x00000000ec800000, 0x00000000ec800000)
  eden space 163840K, 100% used [0x00000000e0000000, 0x00000000ea000000, 0x00000000ea000000)
  from space 20480K,  97% used [0x00000000ea000000, 0x00000000eb38aeb8, 0x00000000eb400000)
  to   space 20480K,   0% used [0x00000000eb400000, 0x00000000eb400000, 0x00000000ec800000)
 concurrent mark-sweep generation total 319488K, used 65108K [0x00000000ec800000, 0x0000000100000000, 0x0000000100000000)
 Metaspace       used 51246K, capacity 53845K, committed 53964K, reserved 1095680K
  class space    used 6809K, capacity 7362K, committed 7388K, reserved 1048576K
2022-12-19T12:06:56.116+0000: 22851.229: [GC (Allocation Failure) 2022-12-19T12:06:56.116+0000: 22851.230: [ParNew
Desired survivor size 10485760 bytes, new threshold 1 (max 1)
- age   1:     162200 bytes,     162200 total
: 183851K->425K(184320K), 0.0139565 secs] 248960K->67907K(503808K), 0.0141667 secs] [Times: user=0.13 sys=0.04, real=0.02 secs] 
Heap after GC invocations=33 (full 2):
 par new generation   total 184320K, used 425K [0x00000000e0000000, 0x00000000ec800000, 0x00000000ec800000)
  eden space 163840K,   0% used [0x00000000e0000000, 0x00000000e0000000, 0x00000000ea000000)
  from space 20480K,   2% used [0x00000000eb400000, 0x00000000eb46a4a0, 0x00000000ec800000)
  to   space 20480K,   0% used [0x00000000ea000000, 0x00000000ea000000, 0x00000000eb400000)
 concurrent mark-sweep generation total 319488K, used 67482K [0x00000000ec800000, 0x0000000100000000, 0x0000000100000000)
 Metaspace       used 51246K, capacity 53845K, committed 53964K, reserved 1095680K
  class space    used 6809K, capacity 7362K, committed 7388K, reserved 1048576K
}
2022-12-19T12:06:56.130+0000: 22851.244: Total time for which application threads were stopped: 0.0148004 seconds, Stopping threads took: 0.0000934 seconds
2022-12-19T12:17:17.222+0000: 23472.336: Total time for which application threads were stopped: 0.0011634 seconds, Stopping threads took: 0.0004041 seconds
{Heap before GC invocations=33 (full 2):
 par new generation   total 184320K, used 164265K [0x00000000e0000000, 0x00000000ec800000, 0x00000000ec800000)
  eden space 163840K, 100% used [0x00000000e0000000, 0x00000000ea000000, 0x00000000ea000000)
  from space 20480K,   2% used [0x00000000eb400000, 0x00000000eb46a4a0, 0x00000000ec800000)
  to   space 20480K,   0% used [0x00000000ea000000, 0x00000000ea000000, 0x00000000eb400000)
 concurrent mark-sweep generation total 319488K, used 67482K [0x00000000ec800000, 0x0000000100000000, 0x0000000100000000)
 Metaspace       used 51247K, capacity 53845K, committed 53964K, reserved 1095680K
  class space    used 6809K, capacity 7362K, committed 7388K, reserved 1048576K
2022-12-19T12:21:08.679+0000: 23703.792: [GC (Allocation Failure) 2022-12-19T12:21:08.679+0000: 23703.792: [ParNew
Desired survivor size 10485760 bytes, new threshold 1 (max 1)
- age   1:     162328 bytes,     162328 total
: 164265K->208K(184320K), 0.0126552 secs] 231747K->67691K(503808K), 0.0128664 secs] [Times: user=0.21 sys=0.00, real=0.02 secs] 
Heap after GC invocations=34 (full 2):
 par new generation   total 184320K, used 208K [0x00000000e0000000, 0x00000000ec800000, 0x00000000ec800000)
  eden space 163840K,   0% used [0x00000000e0000000, 0x00000000e0000000, 0x00000000ea000000)
  from space 20480K,   1% used [0x00000000ea000000, 0x00000000ea034170, 0x00000000eb400000)
  to   space 20480K,   0% used [0x00000000eb400000, 0x00000000eb400000, 0x00000000ec800000)
 concurrent mark-sweep generation total 319488K, used 67482K [0x00000000ec800000, 0x0000000100000000, 0x0000000100000000)
 Metaspace       used 51247K, capacity 53845K, committed 53964K, reserved 1095680K
  class space    used 6809K, capacity 7362K, committed 7388K, reserved 1048576K
}
2022-12-19T12:21:08.692+0000: 23703.805: Total time for which application threads were stopped: 0.0134661 seconds, Stopping threads took: 0.0000968 seconds
{Heap before GC invocations=34 (full 2):
 par new generation   total 184320K, used 164048K [0x00000000e0000000, 0x00000000ec800000, 0x00000000ec800000)
  eden space 163840K, 100% used [0x00000000e0000000, 0x00000000ea000000, 0x00000000ea000000)
  from space 20480K,   1% used [0x00000000ea000000, 0x00000000ea034170, 0x00000000eb400000)
  to   space 20480K,   0% used [0x00000000eb400000, 0x00000000eb400000, 0x00000000ec800000)
 concurrent mark-sweep generation total 319488K, used 67482K [0x00000000ec800000, 0x0000000100000000, 0x0000000100000000)
 Metaspace       used 51253K, capacity 53849K, committed 53964K, reserved 1095680K
  class space    used 6809K, capacity 7362K, committed 7388K, reserved 1048576K
2022-12-19T12:35:06.961+0000: 24542.075: [GC (Allocation Failure) 2022-12-19T12:35:06.962+0000: 24542.075: [ParNew
Desired survivor size 10485760 bytes, new threshold 1 (max 1)
- age   1:     164608 bytes,     164608 total
: 164048K->230K(184320K), 0.0126716 secs] 231531K->67713K(503808K), 0.0128695 secs] [Times: user=0.20 sys=0.01, real=0.01 secs] 
Heap after GC invocations=35 (full 2):
 par new generation   total 184320K, used 230K [0x00000000e0000000, 0x00000000ec800000, 0x00000000ec800000)
  eden space 163840K,   0% used [0x00000000e0000000, 0x00000000e0000000, 0x00000000ea000000)
  from space 20480K,   1% used [0x00000000eb400000, 0x00000000eb439ab0, 0x00000000ec800000)
  to   space 20480K,   0% used [0x00000000ea000000, 0x00000000ea000000, 0x00000000eb400000)
 concurrent mark-sweep generation total 319488K, used 67482K [0x00000000ec800000, 0x0000000100000000, 0x0000000100000000)
 Metaspace       used 51253K, capacity 53849K, committed 53964K, reserved 1095680K
  class space    used 6809K, capacity 7362K, committed 7388K, reserved 1048576K
}
2022-12-19T12:35:06.974+0000: 24542.088: Total time for which application threads were stopped: 0.0143027 seconds, Stopping threads took: 0.0003557 seconds
2022-12-19T12:35:07.975+0000: 24543.088: Total time for which application threads were stopped: 0.0002971 seconds, Stopping threads took: 0.0000824 seconds
2022-12-19T12:36:42.989+0000: 24638.103: Total time for which application threads were stopped: 0.0003840 seconds, Stopping threads took: 0.0000974 seconds
2022-12-19T12:41:43.033+0000: 24938.146: Total time for which application threads were stopped: 0.0007021 seconds, Stopping threads took: 0.0001447 seconds
2022-12-19T12:41:47.034+0000: 24942.147: Total time for which application threads were stopped: 0.0003414 seconds, Stopping threads took: 0.0000655 seconds
2022-12-19T12:42:57.045+0000: 25012.159: Total time for which application threads were stopped: 0.0009636 seconds, Stopping threads took: 0.0004037 seconds
2022-12-19T12:43:16.048+0000: 25031.162: Total time for which application threads were stopped: 0.0003023 seconds, Stopping threads took: 0.0000877 seconds
2022-12-19T12:46:10.075+0000: 25205.188: Total time for which application threads were stopped: 0.0006387 seconds, Stopping threads took: 0.0001142 seconds
2022-12-19T12:46:11.075+0000: 25206.189: Total time for which application threads were stopped: 0.0005734 seconds, Stopping threads took: 0.0000825 seconds
2022-12-19T12:46:12.076+0000: 25207.189: Total time for which application threads were stopped: 0.0002893 seconds, Stopping threads took: 0.0000691 seconds
{Heap before GC invocations=35 (full 2):
 par new generation   total 184320K, used 164070K [0x00000000e0000000, 0x00000000ec800000, 0x00000000ec800000)
  eden space 163840K, 100% used [0x00000000e0000000, 0x00000000ea000000, 0x00000000ea000000)
  from space 20480K,   1% used [0x00000000eb400000, 0x00000000eb439ab0, 0x00000000ec800000)
  to   space 20480K,   0% used [0x00000000ea000000, 0x00000000ea000000, 0x00000000eb400000)
 concurrent mark-sweep generation total 319488K, used 67482K [0x00000000ec800000, 0x0000000100000000, 0x0000000100000000)
 Metaspace       used 51290K, capacity 53849K, committed 53964K, reserved 1095680K
  class space    used 6810K, capacity 7362K, committed 7388K, reserved 1048576K
2022-12-19T12:46:42.684+0000: 25237.797: [GC (Allocation Failure) 2022-12-19T12:46:42.684+0000: 25237.797: [ParNew
Desired survivor size 10485760 bytes, new threshold 1 (max 1)
- age   1:   20460728 bytes,   20460728 total
: 164070K->20046K(184320K), 0.0196842 secs] 231553K->89578K(503808K), 0.0198762 secs] [Times: user=0.32 sys=0.04, real=0.02 secs] 
Heap after GC invocations=36 (full 2):
 par new generation   total 184320K, used 20046K [0x00000000e0000000, 0x00000000ec800000, 0x00000000ec800000)
  eden space 163840K,   0% used [0x00000000e0000000, 0x00000000e0000000, 0x00000000ea000000)
  from space 20480K,  97% used [0x00000000ea000000, 0x00000000eb393ad8, 0x00000000eb400000)
  to   space 20480K,   0% used [0x00000000eb400000, 0x00000000eb400000, 0x00000000ec800000)
 concurrent mark-sweep generation total 319488K, used 69531K [0x00000000ec800000, 0x0000000100000000, 0x0000000100000000)
 Metaspace       used 51290K, capacity 53849K, committed 53964K, reserved 1095680K
  class space    used 6810K, capacity 7362K, committed 7388K, reserved 1048576K
}
2022-12-19T12:46:42.704+0000: 25237.817: Total time for which application threads were stopped: 0.0203977 seconds, Stopping threads took: 0.0000753 seconds
2022-12-19T12:47:24.710+0000: 25279.824: Total time for which application threads were stopped: 0.0003027 seconds, Stopping threads took: 0.0000728 seconds
2022-12-19T12:48:24.720+0000: 25339.833: Total time for which application threads were stopped: 0.0003795 seconds, Stopping threads took: 0.0001009 seconds
2022-12-19T12:49:24.729+0000: 25399.842: Total time for which application threads were stopped: 0.0002994 seconds, Stopping threads took: 0.0000709 seconds
2022-12-19T12:55:07.781+0000: 25742.894: Total time for which application threads were stopped: 0.0007252 seconds, Stopping threads took: 0.0001661 seconds
{Heap before GC invocations=36 (full 2):
 par new generation   total 184320K, used 183886K [0x00000000e0000000, 0x00000000ec800000, 0x00000000ec800000)
  eden space 163840K, 100% used [0x00000000e0000000, 0x00000000ea000000, 0x00000000ea000000)
  from space 20480K,  97% used [0x00000000ea000000, 0x00000000eb393ad8, 0x00000000eb400000)
  to   space 20480K,   0% used [0x00000000eb400000, 0x00000000eb400000, 0x00000000ec800000)
 concurrent mark-sweep generation total 319488K, used 69531K [0x00000000ec800000, 0x0000000100000000, 0x0000000100000000)
 Metaspace       used 51294K, capacity 53853K, committed 53964K, reserved 1095680K
  class space    used 6810K, capacity 7362K, committed 7388K, reserved 1048576K
2022-12-19T13:01:40.285+0000: 26135.398: [GC (Allocation Failure) 2022-12-19T13:01:40.285+0000: 26135.398: [ParNew
Desired survivor size 10485760 bytes, new threshold 1 (max 1)
- age   1:     165104 bytes,     165104 total
: 183886K->422K(184320K), 0.0145916 secs] 253418K->72354K(503808K), 0.0148361 secs] [Times: user=0.19 sys=0.05, real=0.01 secs] 
Heap after GC invocations=37 (full 2):
 par new generation   total 184320K, used 422K [0x00000000e0000000, 0x00000000ec800000, 0x00000000ec800000)
  eden space 163840K,   0% used [0x00000000e0000000, 0x00000000e0000000, 0x00000000ea000000)
  from space 20480K,   2% used [0x00000000eb400000, 0x00000000eb469b10, 0x00000000ec800000)
  to   space 20480K,   0% used [0x00000000ea000000, 0x00000000ea000000, 0x00000000eb400000)
 concurrent mark-sweep generation total 319488K, used 71931K [0x00000000ec800000, 0x0000000100000000, 0x0000000100000000)
 Metaspace       used 51294K, capacity 53853K, committed 53964K, reserved 1095680K
  class space    used 6810K, capacity 7362K, committed 7388K, reserved 1048576K
}
2022-12-19T13:01:40.300+0000: 26135.413: Total time for which application threads were stopped: 0.0160924 seconds, Stopping threads took: 0.0004220 seconds
2022-12-19T13:01:43.301+0000: 26138.414: Total time for which application threads were stopped: 0.0003925 seconds, Stopping threads took: 0.0001131 seconds
2022-12-19T13:04:28.324+0000: 26303.437: Total time for which application threads were stopped: 0.0003657 seconds, Stopping threads took: 0.0000858 seconds
2022-12-19T13:05:18.331+0000: 26353.444: Total time for which application threads were stopped: 0.0003734 seconds, Stopping threads took: 0.0000884 seconds
2022-12-19T13:10:58.376+0000: 26693.490: Total time for which application threads were stopped: 0.0004198 seconds, Stopping threads took: 0.0001394 seconds
2022-12-19T13:14:08.402+0000: 26883.516: Total time for which application threads were stopped: 0.0003699 seconds, Stopping threads took: 0.0000859 seconds
2022-12-19T13:14:28.405+0000: 26903.519: Total time for which application threads were stopped: 0.0003810 seconds, Stopping threads took: 0.0000987 seconds
2022-12-19T13:14:38.407+0000: 26913.521: Total time for which application threads were stopped: 0.0003715 seconds, Stopping threads took: 0.0000877 seconds
{Heap before GC invocations=37 (full 2):
 par new generation   total 184320K, used 164262K [0x00000000e0000000, 0x00000000ec800000, 0x00000000ec800000)
  eden space 163840K, 100% used [0x00000000e0000000, 0x00000000ea000000, 0x00000000ea000000)
  from space 20480K,   2% used [0x00000000eb400000, 0x00000000eb469b10, 0x00000000ec800000)
  to   space 20480K,   0% used [0x00000000ea000000, 0x00000000ea000000, 0x00000000eb400000)
 concurrent mark-sweep generation total 319488K, used 71931K [0x00000000ec800000, 0x0000000100000000, 0x0000000100000000)
 Metaspace       used 51294K, capacity 53853K, committed 53964K, reserved 1095680K
  class space    used 6810K, capacity 7362K, committed 7388K, reserved 1048576K
2022-12-19T13:16:16.844+0000: 27011.958: [GC (Allocation Failure) 2022-12-19T13:16:16.845+0000: 27011.958: [ParNew
Desired survivor size 10485760 bytes, new threshold 1 (max 1)
- age   1:     163072 bytes,     163072 total
: 164262K->233K(184320K), 0.0113633 secs] 236194K->72171K(503808K), 0.0115854 secs] [Times: user=0.23 sys=0.00, real=0.01 secs] 
Heap after GC invocations=38 (full 2):
 par new generation   total 184320K, used 233K [0x00000000e0000000, 0x00000000ec800000, 0x00000000ec800000)
  eden space 163840K,   0% used [0x00000000e0000000, 0x00000000e0000000, 0x00000000ea000000)
  from space 20480K,   1% used [0x00000000ea000000, 0x00000000ea03a7d0, 0x00000000eb400000)
  to   space 20480K,   0% used [0x00000000eb400000, 0x00000000eb400000, 0x00000000ec800000)
 concurrent mark-sweep generation total 319488K, used 71937K [0x00000000ec800000, 0x0000000100000000, 0x0000000100000000)
 Metaspace       used 51294K, capacity 53853K, committed 53964K, reserved 1095680K
  class space    used 6810K, capacity 7362K, committed 7388K, reserved 1048576K
}
2022-12-19T13:16:16.856+0000: 27011.969: Total time for which application threads were stopped: 0.0126469 seconds, Stopping threads took: 0.0001777 seconds
2022-12-19T13:25:27.938+0000: 27563.052: Total time for which application threads were stopped: 0.0008315 seconds, Stopping threads took: 0.0003475 seconds
{Heap before GC invocations=38 (full 2):
 par new generation   total 184320K, used 164073K [0x00000000e0000000, 0x00000000ec800000, 0x00000000ec800000)
  eden space 163840K, 100% used [0x00000000e0000000, 0x00000000ea000000, 0x00000000ea000000)
  from space 20480K,   1% used [0x00000000ea000000, 0x00000000ea03a7d0, 0x00000000eb400000)
  to   space 20480K,   0% used [0x00000000eb400000, 0x00000000eb400000, 0x00000000ec800000)
 concurrent mark-sweep generation total 319488K, used 71937K [0x00000000ec800000, 0x0000000100000000, 0x0000000100000000)
 Metaspace       used 51295K, capacity 53853K, committed 53964K, reserved 1095680K
  class space    used 6810K, capacity 7362K, committed 7388K, reserved 1048576K
2022-12-19T13:30:35.408+0000: 27870.522: [GC (Allocation Failure) 2022-12-19T13:30:35.409+0000: 27870.522: [ParNew
Desired survivor size 10485760 bytes, new threshold 1 (max 1)
- age   1:     159040 bytes,     159040 total
: 164073K->204K(184320K), 0.0146848 secs] 236011K->72145K(503808K), 0.0148725 secs] [Times: user=0.24 sys=0.00, real=0.01 secs] 
Heap after GC invocations=39 (full 2):
 par new generation   total 184320K, used 204K [0x00000000e0000000, 0x00000000ec800000, 0x00000000ec800000)
  eden space 163840K,   0% used [0x00000000e0000000, 0x00000000e0000000, 0x00000000ea000000)
  from space 20480K,   1% used [0x00000000eb400000, 0x00000000eb4333c8, 0x00000000ec800000)
  to   space 20480K,   0% used [0x00000000ea000000, 0x00000000ea000000, 0x00000000eb400000)
 concurrent mark-sweep generation total 319488K, used 71941K [0x00000000ec800000, 0x0000000100000000, 0x0000000100000000)
 Metaspace       used 51295K, capacity 53853K, committed 53964K, reserved 1095680K
  class space    used 6810K, capacity 7362K, committed 7388K, reserved 1048576K
}
2022-12-19T13:30:35.423+0000: 27870.537: Total time for which application threads were stopped: 0.0155110 seconds, Stopping threads took: 0.0001052 seconds
2022-12-19T13:33:16.447+0000: 28031.560: Total time for which application threads were stopped: 0.0007278 seconds, Stopping threads took: 0.0001749 seconds
2022-12-19T13:43:16.535+0000: 28631.648: Total time for which application threads were stopped: 0.0007921 seconds, Stopping threads took: 0.0003313 seconds
{Heap before GC invocations=39 (full 2):
 par new generation   total 184320K, used 164044K [0x00000000e0000000, 0x00000000ec800000, 0x00000000ec800000)
  eden space 163840K, 100% used [0x00000000e0000000, 0x00000000ea000000, 0x00000000ea000000)
  from space 20480K,   1% used [0x00000000eb400000, 0x00000000eb4333c8, 0x00000000ec800000)
  to   space 20480K,   0% used [0x00000000ea000000, 0x00000000ea000000, 0x00000000eb400000)
 concurrent mark-sweep generation total 319488K, used 71941K [0x00000000ec800000, 0x0000000100000000, 0x0000000100000000)
 Metaspace       used 51295K, capacity 53853K, committed 53964K, reserved 1095680K
  class space    used 6810K, capacity 7362K, committed 7388K, reserved 1048576K
2022-12-19T13:44:38.969+0000: 28714.082: [GC (Allocation Failure) 2022-12-19T13:44:38.969+0000: 28714.082: [ParNew
Desired survivor size 10485760 bytes, new threshold 1 (max 1)
- age   1:     159024 bytes,     159024 total
: 164044K->227K(184320K), 0.0152547 secs] 235985K->72168K(503808K), 0.0154876 secs] [Times: user=0.21 sys=0.06, real=0.01 secs] 
Heap after GC invocations=40 (full 2):
 par new generation   total 184320K, used 227K [0x00000000e0000000, 0x00000000ec800000, 0x00000000ec800000)
  eden space 163840K,   0% used [0x00000000e0000000, 0x00000000e0000000, 0x00000000ea000000)
  from space 20480K,   1% used [0x00000000ea000000, 0x00000000ea038db0, 0x00000000eb400000)
  to   space 20480K,   0% used [0x00000000eb400000, 0x00000000eb400000, 0x00000000ec800000)
 concurrent mark-sweep generation total 319488K, used 71941K [0x00000000ec800000, 0x0000000100000000, 0x0000000100000000)
 Metaspace       used 51295K, capacity 53853K, committed 53964K, reserved 1095680K
  class space    used 6810K, capacity 7362K, committed 7388K, reserved 1048576K
}
2022-12-19T13:44:38.984+0000: 28714.098: Total time for which application threads were stopped: 0.0161786 seconds, Stopping threads took: 0.0000906 seconds
2022-12-19T13:44:39.985+0000: 28715.099: Total time for which application threads were stopped: 0.0005006 seconds, Stopping threads took: 0.0000724 seconds
2022-12-19T13:46:09.999+0000: 28805.112: Total time for which application threads were stopped: 0.0005715 seconds, Stopping threads took: 0.0001156 seconds
2022-12-19T13:46:10.999+0000: 28806.113: Total time for which application threads were stopped: 0.0003190 seconds, Stopping threads took: 0.0000741 seconds
2022-12-19T13:51:43.049+0000: 29138.162: Total time for which application threads were stopped: 0.0012447 seconds, Stopping threads took: 0.0004212 seconds
{Heap before GC invocations=40 (full 2):
 par new generation   total 184320K, used 164067K [0x00000000e0000000, 0x00000000ec800000, 0x00000000ec800000)
  eden space 163840K, 100% used [0x00000000e0000000, 0x00000000ea000000, 0x00000000ea000000)
  from space 20480K,   1% used [0x00000000ea000000, 0x00000000ea038db0, 0x00000000eb400000)
  to   space 20480K,   0% used [0x00000000eb400000, 0x00000000eb400000, 0x00000000ec800000)
 concurrent mark-sweep generation total 319488K, used 71941K [0x00000000ec800000, 0x0000000100000000, 0x0000000100000000)
 Metaspace       used 51314K, capacity 53917K, committed 53964K, reserved 1095680K
  class space    used 6810K, capacity 7362K, committed 7388K, reserved 1048576K
2022-12-19T13:57:20.845+0000: 29475.958: [GC (Allocation Failure) 2022-12-19T13:57:20.845+0000: 29475.958: [ParNew
Desired survivor size 10485760 bytes, new threshold 1 (max 1)
- age   1:   20298408 bytes,   20298408 total
: 164067K->19904K(184320K), 0.0164199 secs] 236008K->95056K(503808K), 0.0166402 secs] [Times: user=0.11 sys=0.19, real=0.02 secs] 
Heap after GC invocations=41 (full 2):
 par new generation   total 184320K, used 19904K [0x00000000e0000000, 0x00000000ec800000, 0x00000000ec800000)
  eden space 163840K,   0% used [0x00000000e0000000, 0x00000000e0000000, 0x00000000ea000000)
  from space 20480K,  97% used [0x00000000eb400000, 0x00000000ec770198, 0x00000000ec800000)
  to   space 20480K,   0% used [0x00000000ea000000, 0x00000000ea000000, 0x00000000eb400000)
 concurrent mark-sweep generation total 319488K, used 75152K [0x00000000ec800000, 0x0000000100000000, 0x0000000100000000)
 Metaspace       used 51314K, capacity 53917K, committed 53964K, reserved 1095680K
  class space    used 6810K, capacity 7362K, committed 7388K, reserved 1048576K
}
2022-12-19T13:57:20.861+0000: 29475.975: Total time for which application threads were stopped: 0.0172850 seconds, Stopping threads took: 0.0000961 seconds
2022-12-19T13:57:21.862+0000: 29476.975: Total time for which application threads were stopped: 0.0002979 seconds, Stopping threads took: 0.0000724 seconds
{Heap before GC invocations=41 (full 2):
 par new generation   total 184320K, used 183744K [0x00000000e0000000, 0x00000000ec800000, 0x00000000ec800000)
  eden space 163840K, 100% used [0x00000000e0000000, 0x00000000ea000000, 0x00000000ea000000)
  from space 20480K,  97% used [0x00000000eb400000, 0x00000000ec770198, 0x00000000ec800000)
  to   space 20480K,   0% used [0x00000000ea000000, 0x00000000ea000000, 0x00000000eb400000)
 concurrent mark-sweep generation total 319488K, used 75152K [0x00000000ec800000, 0x0000000100000000, 0x0000000100000000)
 Metaspace       used 51315K, capacity 53917K, committed 53964K, reserved 1095680K
  class space    used 6810K, capacity 7362K, committed 7388K, reserved 1048576K
2022-12-19T14:11:32.024+0000: 30327.137: [GC (Allocation Failure) 2022-12-19T14:11:32.024+0000: 30327.138: [ParNew
Desired survivor size 10485760 bytes, new threshold 1 (max 1)
- age   1:     161400 bytes,     161400 total
: 183744K->323K(184320K), 0.0140524 secs] 258896K->75679K(503808K), 0.0142602 secs] [Times: user=0.22 sys=0.00, real=0.01 secs] 
Heap after GC invocations=42 (full 2):
 par new generation   total 184320K, used 323K [0x00000000e0000000, 0x00000000ec800000, 0x00000000ec800000)
  eden space 163840K,   0% used [0x00000000e0000000, 0x00000000e0000000, 0x00000000ea000000)
  from space 20480K,   1% used [0x00000000ea000000, 0x00000000ea050eb0, 0x00000000eb400000)
  to   space 20480K,   0% used [0x00000000eb400000, 0x00000000eb400000, 0x00000000ec800000)
 concurrent mark-sweep generation total 319488K, used 75356K [0x00000000ec800000, 0x0000000100000000, 0x0000000100000000)
 Metaspace       used 51315K, capacity 53917K, committed 53964K, reserved 1095680K
  class space    used 6810K, capacity 7362K, committed 7388K, reserved 1048576K
}
2022-12-19T14:11:32.039+0000: 30327.152: Total time for which application threads were stopped: 0.0157312 seconds, Stopping threads took: 0.0004298 seconds
{Heap before GC invocations=42 (full 2):
 par new generation   total 184320K, used 164163K [0x00000000e0000000, 0x00000000ec800000, 0x00000000ec800000)
  eden space 163840K, 100% used [0x00000000e0000000, 0x00000000ea000000, 0x00000000ea000000)
  from space 20480K,   1% used [0x00000000ea000000, 0x00000000ea050eb0, 0x00000000eb400000)
  to   space 20480K,   0% used [0x00000000eb400000, 0x00000000eb400000, 0x00000000ec800000)
 concurrent mark-sweep generation total 319488K, used 75356K [0x00000000ec800000, 0x0000000100000000, 0x0000000100000000)
 Metaspace       used 51315K, capacity 53917K, committed 53964K, reserved 1095680K
  class space    used 6810K, capacity 7362K, committed 7388K, reserved 1048576K
2022-12-19T14:25:35.585+0000: 31170.699: [GC (Allocation Failure) 2022-12-19T14:25:35.586+0000: 31170.699: [ParNew
Desired survivor size 10485760 bytes, new threshold 1 (max 1)
- age   1:     161160 bytes,     161160 total
: 164163K->206K(184320K), 0.0177314 secs] 239519K->75563K(503808K), 0.0179422 secs] [Times: user=0.32 sys=0.00, real=0.02 secs] 
Heap after GC invocations=43 (full 2):
 par new generation   total 184320K, used 206K [0x00000000e0000000, 0x00000000ec800000, 0x00000000ec800000)
  eden space 163840K,   0% used [0x00000000e0000000, 0x00000000e0000000, 0x00000000ea000000)
  from space 20480K,   1% used [0x00000000eb400000, 0x00000000eb433bc0, 0x00000000ec800000)
  to   space 20480K,   0% used [0x00000000ea000000, 0x00000000ea000000, 0x00000000eb400000)
 concurrent mark-sweep generation total 319488K, used 75356K [0x00000000ec800000, 0x0000000100000000, 0x0000000100000000)
 Metaspace       used 51315K, capacity 53917K, committed 53964K, reserved 1095680K
  class space    used 6810K, capacity 7362K, committed 7388K, reserved 1048576K
}
2022-12-19T14:25:35.603+0000: 31170.717: Total time for which application threads were stopped: 0.0193389 seconds, Stopping threads took: 0.0003862 seconds
2022-12-19T14:38:16.716+0000: 31931.829: Total time for which application threads were stopped: 0.0011928 seconds, Stopping threads took: 0.0004035 seconds
{Heap before GC invocations=43 (full 2):
 par new generation   total 184320K, used 164046K [0x00000000e0000000, 0x00000000ec800000, 0x00000000ec800000)
  eden space 163840K, 100% used [0x00000000e0000000, 0x00000000ea000000, 0x00000000ea000000)
  from space 20480K,   1% used [0x00000000eb400000, 0x00000000eb433bc0, 0x00000000ec800000)
  to   space 20480K,   0% used [0x00000000ea000000, 0x00000000ea000000, 0x00000000eb400000)
 concurrent mark-sweep generation total 319488K, used 75356K [0x00000000ec800000, 0x0000000100000000, 0x0000000100000000)
 Metaspace       used 51315K, capacity 53917K, committed 53964K, reserved 1095680K
  class space    used 6810K, capacity 7362K, committed 7388K, reserved 1048576K
2022-12-19T14:39:38.151+0000: 32013.264: [GC (Allocation Failure) 2022-12-19T14:39:38.151+0000: 32013.264: [ParNew
Desired survivor size 10485760 bytes, new threshold 1 (max 1)
- age   1:     161936 bytes,     161936 total
: 164046K->243K(184320K), 0.0134024 secs] 239403K->75600K(503808K), 0.0137071 secs] [Times: user=0.20 sys=0.02, real=0.01 secs] 
Heap after GC invocations=44 (full 2):
 par new generation   total 184320K, used 243K [0x00000000e0000000, 0x00000000ec800000, 0x00000000ec800000)
  eden space 163840K,   0% used [0x00000000e0000000, 0x00000000e0000000, 0x00000000ea000000)
  from space 20480K,   1% used [0x00000000ea000000, 0x00000000ea03cff0, 0x00000000eb400000)
  to   space 20480K,   0% used [0x00000000eb400000, 0x00000000eb400000, 0x00000000ec800000)
 concurrent mark-sweep generation total 319488K, used 75356K [0x00000000ec800000, 0x0000000100000000, 0x0000000100000000)
 Metaspace       used 51315K, capacity 53917K, committed 53964K, reserved 1095680K
  class space    used 6810K, capacity 7362K, committed 7388K, reserved 1048576K
}
2022-12-19T14:39:38.164+0000: 32013.278: Total time for which application threads were stopped: 0.0144038 seconds, Stopping threads took: 0.0000998 seconds
2022-12-19T14:42:25.186+0000: 32180.300: Total time for which application threads were stopped: 0.0003765 seconds, Stopping threads took: 0.0000885 seconds
2022-12-19T14:46:09.217+0000: 32404.330: Total time for which application threads were stopped: 0.0007131 seconds, Stopping threads took: 0.0001677 seconds
2022-12-19T14:46:10.217+0000: 32405.330: Total time for which application threads were stopped: 0.0003633 seconds, Stopping threads took: 0.0000826 seconds
2022-12-19T14:46:11.218+0000: 32406.331: Total time for which application threads were stopped: 0.0003306 seconds, Stopping threads took: 0.0000725 seconds
2022-12-19T14:46:19.219+0000: 32414.332: Total time for which application threads were stopped: 0.0002828 seconds, Stopping threads took: 0.0000646 seconds
2022-12-19T14:46:43.223+0000: 32438.336: Total time for which application threads were stopped: 0.0003182 seconds, Stopping threads took: 0.0000696 seconds
{Heap before GC invocations=44 (full 2):
 par new generation   total 184320K, used 164083K [0x00000000e0000000, 0x00000000ec800000, 0x00000000ec800000)
  eden space 163840K, 100% used [0x00000000e0000000, 0x00000000ea000000, 0x00000000ea000000)
  from space 20480K,   1% used [0x00000000ea000000, 0x00000000ea03cff0, 0x00000000eb400000)
  to   space 20480K,   0% used [0x00000000eb400000, 0x00000000eb400000, 0x00000000ec800000)
 concurrent mark-sweep generation total 319488K, used 75356K [0x00000000ec800000, 0x0000000100000000, 0x0000000100000000)
 Metaspace       used 51332K, capacity 53917K, committed 53964K, reserved 1095680K
  class space    used 6810K, capacity 7362K, committed 7388K, reserved 1048576K
2022-12-19T14:52:22.669+0000: 32777.782: [GC (Allocation Failure) 2022-12-19T14:52:22.669+0000: 32777.783: [ParNew
Desired survivor size 10485760 bytes, new threshold 1 (max 1)
- age   1:   20424760 bytes,   20424760 total
: 164083K->20015K(184320K), 0.0139527 secs] 239440K->96396K(503808K), 0.0142041 secs] [Times: user=0.12 sys=0.12, real=0.01 secs] 
Heap after GC invocations=45 (full 2):
 par new generation   total 184320K, used 20015K [0x00000000e0000000, 0x00000000ec800000, 0x00000000ec800000)
  eden space 163840K,   0% used [0x00000000e0000000, 0x00000000e0000000, 0x00000000ea000000)
  from space 20480K,  97% used [0x00000000eb400000, 0x00000000ec78bc90, 0x00000000ec800000)
  to   space 20480K,   0% used [0x00000000ea000000, 0x00000000ea000000, 0x00000000eb400000)
 concurrent mark-sweep generation total 319488K, used 76381K [0x00000000ec800000, 0x0000000100000000, 0x0000000100000000)
 Metaspace       used 51332K, capacity 53917K, committed 53964K, reserved 1095680K
  class space    used 6810K, capacity 7362K, committed 7388K, reserved 1048576K
}
2022-12-19T14:52:22.683+0000: 32777.797: Total time for which application threads were stopped: 0.0148313 seconds, Stopping threads took: 0.0000966 seconds
2022-12-19T15:00:07.754+0000: 33242.867: Total time for which application threads were stopped: 0.0013365 seconds, Stopping threads took: 0.0005179 seconds
{Heap before GC invocations=45 (full 2):
 par new generation   total 184320K, used 183855K [0x00000000e0000000, 0x00000000ec800000, 0x00000000ec800000)
  eden space 163840K, 100% used [0x00000000e0000000, 0x00000000ea000000, 0x00000000ea000000)
  from space 20480K,  97% used [0x00000000eb400000, 0x00000000ec78bc90, 0x00000000ec800000)
  to   space 20480K,   0% used [0x00000000ea000000, 0x00000000ea000000, 0x00000000eb400000)
 concurrent mark-sweep generation total 319488K, used 76381K [0x00000000ec800000, 0x0000000100000000, 0x0000000100000000)
 Metaspace       used 51332K, capacity 53917K, committed 53964K, reserved 1095680K
  class space    used 6810K, capacity 7362K, committed 7388K, reserved 1048576K
2022-12-19T15:06:42.695+0000: 33637.808: [GC (Allocation Failure) 2022-12-19T15:06:42.695+0000: 33637.808: [ParNew
Desired survivor size 10485760 bytes, new threshold 1 (max 1)
- age   1:     170080 bytes,     170080 total
: 183855K->455K(184320K), 0.0140346 secs] 260236K->79210K(503808K), 0.0142755 secs] [Times: user=0.17 sys=0.04, real=0.02 secs] 
Heap after GC invocations=46 (full 2):
 par new generation   total 184320K, used 455K [0x00000000e0000000, 0x00000000ec800000, 0x00000000ec800000)
  eden space 163840K,   0% used [0x00000000e0000000, 0x00000000e0000000, 0x00000000ea000000)
  from space 20480K,   2% used [0x00000000ea000000, 0x00000000ea071e00, 0x00000000eb400000)
  to   space 20480K,   0% used [0x00000000eb400000, 0x00000000eb400000, 0x00000000ec800000)
 concurrent mark-sweep generation total 319488K, used 78755K [0x00000000ec800000, 0x0000000100000000, 0x0000000100000000)
 Metaspace       used 51332K, capacity 53917K, committed 53964K, reserved 1095680K
  class space    used 6810K, capacity 7362K, committed 7388K, reserved 1048576K
}
2022-12-19T15:06:42.709+0000: 33637.823: Total time for which application threads were stopped: 0.0153770 seconds, Stopping threads took: 0.0001977 seconds
2022-12-19T15:06:43.710+0000: 33638.823: Total time for which application threads were stopped: 0.0002937 seconds, Stopping threads took: 0.0000674 seconds
2022-12-19T15:15:24.786+0000: 34159.900: Total time for which application threads were stopped: 0.0007781 seconds, Stopping threads took: 0.0003274 seconds
2022-12-19T15:20:24.831+0000: 34459.944: Total time for which application threads were stopped: 0.0007670 seconds, Stopping threads took: 0.0001658 seconds
{Heap before GC invocations=46 (full 2):
 par new generation   total 184320K, used 164295K [0x00000000e0000000, 0x00000000ec800000, 0x00000000ec800000)
  eden space 163840K, 100% used [0x00000000e0000000, 0x00000000ea000000, 0x00000000ea000000)
  from space 20480K,   2% used [0x00000000ea000000, 0x00000000ea071e00, 0x00000000eb400000)
  to   space 20480K,   0% used [0x00000000eb400000, 0x00000000eb400000, 0x00000000ec800000)
 concurrent mark-sweep generation total 319488K, used 78755K [0x00000000ec800000, 0x0000000100000000, 0x0000000100000000)
 Metaspace       used 51335K, capacity 53917K, committed 53964K, reserved 1095680K
  class space    used 6810K, capacity 7362K, committed 7388K, reserved 1048576K
2022-12-19T15:20:51.784+0000: 34486.897: [GC (Allocation Failure) 2022-12-19T15:20:51.784+0000: 34486.897: [ParNew
Desired survivor size 10485760 bytes, new threshold 1 (max 1)
- age   1:     162824 bytes,     162824 total
: 164295K->236K(184320K), 0.0150875 secs] 243050K->78992K(503808K), 0.0153026 secs] [Times: user=0.26 sys=0.03, real=0.01 secs] 
Heap after GC invocations=47 (full 2):
 par new generation   total 184320K, used 236K [0x00000000e0000000, 0x00000000ec800000, 0x00000000ec800000)
  eden space 163840K,   0% used [0x00000000e0000000, 0x00000000e0000000, 0x00000000ea000000)
  from space 20480K,   1% used [0x00000000eb400000, 0x00000000eb43b358, 0x00000000ec800000)
  to   space 20480K,   0% used [0x00000000ea000000, 0x00000000ea000000, 0x00000000eb400000)
 concurrent mark-sweep generation total 319488K, used 78755K [0x00000000ec800000, 0x0000000100000000, 0x0000000100000000)
 Metaspace       used 51335K, capacity 53917K, committed 53964K, reserved 1095680K
  class space    used 6810K, capacity 7362K, committed 7388K, reserved 1048576K
}
2022-12-19T15:20:51.799+0000: 34486.912: Total time for which application threads were stopped: 0.0158132 seconds, Stopping threads took: 0.0000670 seconds
{Heap before GC invocations=47 (full 2):
 par new generation   total 184320K, used 164076K [0x00000000e0000000, 0x00000000ec800000, 0x00000000ec800000)
  eden space 163840K, 100% used [0x00000000e0000000, 0x00000000ea000000, 0x00000000ea000000)
  from space 20480K,   1% used [0x00000000eb400000, 0x00000000eb43b358, 0x00000000ec800000)
  to   space 20480K,   0% used [0x00000000ea000000, 0x00000000ea000000, 0x00000000eb400000)
 concurrent mark-sweep generation total 319488K, used 78755K [0x00000000ec800000, 0x0000000100000000, 0x0000000100000000)
 Metaspace       used 51335K, capacity 53917K, committed 53964K, reserved 1095680K
  class space    used 6810K, capacity 7362K, committed 7388K, reserved 1048576K
2022-12-19T15:34:54.349+0000: 35329.462: [GC (Allocation Failure) 2022-12-19T15:34:54.349+0000: 35329.462: [ParNew
Desired survivor size 10485760 bytes, new threshold 1 (max 1)
- age   1:     162848 bytes,     162848 total
: 164076K->209K(184320K), 0.0188776 secs] 242832K->78965K(503808K), 0.0190728 secs] [Times: user=0.31 sys=0.01, real=0.01 secs] 
Heap after GC invocations=48 (full 2):
 par new generation   total 184320K, used 209K [0x00000000e0000000, 0x00000000ec800000, 0x00000000ec800000)
  eden space 163840K,   0% used [0x00000000e0000000, 0x00000000e0000000, 0x00000000ea000000)
  from space 20480K,   1% used [0x00000000ea000000, 0x00000000ea034790, 0x00000000eb400000)
  to   space 20480K,   0% used [0x00000000eb400000, 0x00000000eb400000, 0x00000000ec800000)
 concurrent mark-sweep generation total 319488K, used 78755K [0x00000000ec800000, 0x0000000100000000, 0x0000000100000000)
 Metaspace       used 51335K, capacity 53917K, committed 53964K, reserved 1095680K
  class space    used 6810K, capacity 7362K, committed 7388K, reserved 1048576K
}
2022-12-19T15:34:54.368+0000: 35329.481: Total time for which application threads were stopped: 0.0200759 seconds, Stopping threads took: 0.0003440 seconds
2022-12-19T15:46:09.469+0000: 36004.582: Total time for which application threads were stopped: 0.0011710 seconds, Stopping threads took: 0.0003756 seconds
2022-12-19T15:46:10.469+0000: 36005.583: Total time for which application threads were stopped: 0.0004516 seconds, Stopping threads took: 0.0000787 seconds
2022-12-19T15:46:11.470+0000: 36006.583: Total time for which application threads were stopped: 0.0003042 seconds, Stopping threads took: 0.0000701 seconds
{Heap before GC invocations=48 (full 2):
 par new generation   total 184320K, used 163104K [0x00000000e0000000, 0x00000000ec800000, 0x00000000ec800000)
  eden space 163840K,  99% used [0x00000000e0000000, 0x00000000e9f13bc0, 0x00000000ea000000)
  from space 20480K,   1% used [0x00000000ea000000, 0x00000000ea034790, 0x00000000eb400000)
  to   space 20480K,   0% used [0x00000000eb400000, 0x00000000eb400000, 0x00000000ec800000)
 concurrent mark-sweep generation total 319488K, used 78755K [0x00000000ec800000, 0x0000000100000000, 0x0000000100000000)
 Metaspace       used 51362K, capacity 53921K, committed 53964K, reserved 1095680K
  class space    used 6810K, capacity 7362K, committed 7388K, reserved 1048576K
2022-12-19T15:46:42.822+0000: 36037.935: [GC (Allocation Failure) 2022-12-19T15:46:42.822+0000: 36037.935: [ParNew
Desired survivor size 10485760 bytes, new threshold 1 (max 1)
- age   1:   20236488 bytes,   20236488 total
: 163104K->19821K(184320K), 0.0157122 secs] 241860K->99600K(503808K), 0.0159475 secs] [Times: user=0.16 sys=0.10, real=0.01 secs] 
Heap after GC invocations=49 (full 2):
 par new generation   total 184320K, used 19821K [0x00000000e0000000, 0x00000000ec800000, 0x00000000ec800000)
  eden space 163840K,   0% used [0x00000000e0000000, 0x00000000e0000000, 0x00000000ea000000)
  from space 20480K,  96% used [0x00000000eb400000, 0x00000000ec75b468, 0x00000000ec800000)
  to   space 20480K,   0% used [0x00000000ea000000, 0x00000000ea000000, 0x00000000eb400000)
 concurrent mark-sweep generation total 319488K, used 79779K [0x00000000ec800000, 0x0000000100000000, 0x0000000100000000)
 Metaspace       used 51362K, capacity 53921K, committed 53964K, reserved 1095680K
  class space    used 6810K, capacity 7362K, committed 7388K, reserved 1048576K
}
2022-12-19T15:46:42.838+0000: 36037.951: Total time for which application threads were stopped: 0.0166024 seconds, Stopping threads took: 0.0001507 seconds
2022-12-19T15:46:43.838+0000: 36038.952: Total time for which application threads were stopped: 0.0002936 seconds, Stopping threads took: 0.0000708 seconds
2022-12-19T15:48:16.853+0000: 36131.966: Total time for which application threads were stopped: 0.0003880 seconds, Stopping threads took: 0.0000920 seconds
2022-12-19T15:51:42.883+0000: 36337.997: Total time for which application threads were stopped: 0.0003962 seconds, Stopping threads took: 0.0000941 seconds
{Heap before GC invocations=49 (full 2):
 par new generation   total 184320K, used 183661K [0x00000000e0000000, 0x00000000ec800000, 0x00000000ec800000)
  eden space 163840K, 100% used [0x00000000e0000000, 0x00000000ea000000, 0x00000000ea000000)
  from space 20480K,  96% used [0x00000000eb400000, 0x00000000ec75b468, 0x00000000ec800000)
  to   space 20480K,   0% used [0x00000000ea000000, 0x00000000ea000000, 0x00000000eb400000)
 concurrent mark-sweep generation total 319488K, used 79779K [0x00000000ec800000, 0x0000000100000000, 0x0000000100000000)
 Metaspace       used 51366K, capacity 53921K, committed 53964K, reserved 1095680K
  class space    used 6810K, capacity 7362K, committed 7388K, reserved 1048576K
2022-12-19T16:01:01.397+0000: 36896.510: [GC (Allocation Failure) 2022-12-19T16:01:01.397+0000: 36896.511: [ParNew
Desired survivor size 10485760 bytes, new threshold 1 (max 1)
- age   1:   20219384 bytes,   20219384 total
: 183661K->19823K(184320K), 0.0215350 secs] 263440K->101886K(503808K), 0.0217561 secs] [Times: user=0.41 sys=0.02, real=0.02 secs] 
Heap after GC invocations=50 (full 2):
 par new generation   total 184320K, used 19823K [0x00000000e0000000, 0x00000000ec800000, 0x00000000ec800000)
  eden space 163840K,   0% used [0x00000000e0000000, 0x00000000e0000000, 0x00000000ea000000)
  from space 20480K,  96% used [0x00000000ea000000, 0x00000000eb35bf30, 0x00000000eb400000)
  to   space 20480K,   0% used [0x00000000eb400000, 0x00000000eb400000, 0x00000000ec800000)
 concurrent mark-sweep generation total 319488K, used 82062K [0x00000000ec800000, 0x0000000100000000, 0x0000000100000000)
 Metaspace       used 51366K, capacity 53921K, committed 53964K, reserved 1095680K
  class space    used 6810K, capacity 7362K, committed 7388K, reserved 1048576K
}
2022-12-19T16:01:01.419+0000: 36896.532: Total time for which application threads were stopped: 0.0231504 seconds, Stopping threads took: 0.0003976 seconds
2022-12-19T16:08:42.488+0000: 37357.602: Total time for which application threads were stopped: 0.0004215 seconds, Stopping threads took: 0.0001023 seconds
{Heap before GC invocations=50 (full 2):
 par new generation   total 184320K, used 183663K [0x00000000e0000000, 0x00000000ec800000, 0x00000000ec800000)
  eden space 163840K, 100% used [0x00000000e0000000, 0x00000000ea000000, 0x00000000ea000000)
  from space 20480K,  96% used [0x00000000ea000000, 0x00000000eb35bf30, 0x00000000eb400000)
  to   space 20480K,   0% used [0x00000000eb400000, 0x00000000eb400000, 0x00000000ec800000)
 concurrent mark-sweep generation total 319488K, used 82062K [0x00000000ec800000, 0x0000000100000000, 0x0000000100000000)
 Metaspace       used 51377K, capacity 53921K, committed 53964K, reserved 1095680K
  class space    used 6810K, capacity 7362K, committed 7388K, reserved 1048576K
2022-12-19T16:15:33.986+0000: 37769.099: [GC (Allocation Failure) 2022-12-19T16:15:33.986+0000: 37769.099: [ParNew
Desired survivor size 10485760 bytes, new threshold 1 (max 1)
- age   1:     159632 bytes,     159632 total
: 183663K->308K(184320K), 0.0138233 secs] 265726K->83528K(503808K), 0.0140862 secs] [Times: user=0.19 sys=0.01, real=0.01 secs] 
Heap after GC invocations=51 (full 2):
 par new generation   total 184320K, used 308K [0x00000000e0000000, 0x00000000ec800000, 0x00000000ec800000)
  eden space 163840K,   0% used [0x00000000e0000000, 0x00000000e0000000, 0x00000000ea000000)
  from space 20480K,   1% used [0x00000000eb400000, 0x00000000eb44d138, 0x00000000ec800000)
  to   space 20480K,   0% used [0x00000000ea000000, 0x00000000ea000000, 0x00000000eb400000)
 concurrent mark-sweep generation total 319488K, used 83219K [0x00000000ec800000, 0x0000000100000000, 0x0000000100000000)
 Metaspace       used 51377K, capacity 53921K, committed 53964K, reserved 1095680K
  class space    used 6810K, capacity 7362K, committed 7388K, reserved 1048576K
}
2022-12-19T16:15:34.000+0000: 37769.114: Total time for which application threads were stopped: 0.0156949 seconds, Stopping threads took: 0.0004394 seconds
2022-12-19T16:23:16.060+0000: 38231.174: Total time for which application threads were stopped: 0.0004108 seconds, Stopping threads took: 0.0000835 seconds
2022-12-19T16:23:43.064+0000: 38258.178: Total time for which application threads were stopped: 0.0003806 seconds, Stopping threads took: 0.0001042 seconds
2022-12-19T16:26:43.090+0000: 38438.204: Total time for which application threads were stopped: 0.0007494 seconds, Stopping threads took: 0.0001530 seconds
{Heap before GC invocations=51 (full 2):
 par new generation   total 184320K, used 164148K [0x00000000e0000000, 0x00000000ec800000, 0x00000000ec800000)
  eden space 163840K, 100% used [0x00000000e0000000, 0x00000000ea000000, 0x00000000ea000000)
  from space 20480K,   1% used [0x00000000eb400000, 0x00000000eb44d138, 0x00000000ec800000)
  to   space 20480K,   0% used [0x00000000ea000000, 0x00000000ea000000, 0x00000000eb400000)
 concurrent mark-sweep generation total 319488K, used 83219K [0x00000000ec800000, 0x0000000100000000, 0x0000000100000000)
 Metaspace       used 51382K, capacity 53921K, committed 53964K, reserved 1095680K
  class space    used 6810K, capacity 7362K, committed 7388K, reserved 1048576K
2022-12-19T16:29:54.215+0000: 38629.328: [GC (Allocation Failure) 2022-12-19T16:29:54.215+0000: 38629.328: [ParNew
Desired survivor size 10485760 bytes, new threshold 1 (max 1)
- age   1:     161016 bytes,     161016 total
: 164148K->206K(184320K), 0.0124861 secs] 247368K->83425K(503808K), 0.0127286 secs] [Times: user=0.22 sys=0.00, real=0.01 secs] 
Heap after GC invocations=52 (full 2):
 par new generation   total 184320K, used 206K [0x00000000e0000000, 0x00000000ec800000, 0x00000000ec800000)
  eden space 163840K,   0% used [0x00000000e0000000, 0x00000000e0000000, 0x00000000ea000000)
  from space 20480K,   1% used [0x00000000ea000000, 0x00000000ea033810, 0x00000000eb400000)
  to   space 20480K,   0% used [0x00000000eb400000, 0x00000000eb400000, 0x00000000ec800000)
 concurrent mark-sweep generation total 319488K, used 83219K [0x00000000ec800000, 0x0000000100000000, 0x0000000100000000)
 Metaspace       used 51382K, capacity 53921K, committed 53964K, reserved 1095680K
  class space    used 6810K, capacity 7362K, committed 7388K, reserved 1048576K
}
2022-12-19T16:29:54.228+0000: 38629.341: Total time for which application threads were stopped: 0.0134244 seconds, Stopping threads took: 0.0000973 seconds
2022-12-19T16:31:43.244+0000: 38738.358: Total time for which application threads were stopped: 0.0004082 seconds, Stopping threads took: 0.0000929 seconds
2022-12-19T16:38:30.305+0000: 39145.418: Total time for which application threads were stopped: 0.0008443 seconds, Stopping threads took: 0.0003640 seconds
{Heap before GC invocations=52 (full 2):
 par new generation   total 184320K, used 164046K [0x00000000e0000000, 0x00000000ec800000, 0x00000000ec800000)
  eden space 163840K, 100% used [0x00000000e0000000, 0x00000000ea000000, 0x00000000ea000000)
  from space 20480K,   1% used [0x00000000ea000000, 0x00000000ea033810, 0x00000000eb400000)
  to   space 20480K,   0% used [0x00000000eb400000, 0x00000000eb400000, 0x00000000ec800000)
 concurrent mark-sweep generation total 319488K, used 83219K [0x00000000ec800000, 0x0000000100000000, 0x0000000100000000)
 Metaspace       used 51382K, capacity 53921K, committed 53964K, reserved 1095680K
  class space    used 6810K, capacity 7362K, committed 7388K, reserved 1048576K
2022-12-19T16:43:58.107+0000: 39473.220: [GC (Allocation Failure) 2022-12-19T16:43:58.107+0000: 39473.220: [ParNew
Desired survivor size 10485760 bytes, new threshold 1 (max 1)
- age   1:     159584 bytes,     159584 total
: 164046K->225K(184320K), 0.0136498 secs] 247265K->83445K(503808K), 0.0138865 secs] [Times: user=0.24 sys=0.00, real=0.02 secs] 
Heap after GC invocations=53 (full 2):
 par new generation   total 184320K, used 225K [0x00000000e0000000, 0x00000000ec800000, 0x00000000ec800000)
  eden space 163840K,   0% used [0x00000000e0000000, 0x00000000e0000000, 0x00000000ea000000)
  from space 20480K,   1% used [0x00000000eb400000, 0x00000000eb438460, 0x00000000ec800000)
  to   space 20480K,   0% used [0x00000000ea000000, 0x00000000ea000000, 0x00000000eb400000)
 concurrent mark-sweep generation total 319488K, used 83220K [0x00000000ec800000, 0x0000000100000000, 0x0000000100000000)
 Metaspace       used 51382K, capacity 53921K, committed 53964K, reserved 1095680K
  class space    used 6810K, capacity 7362K, committed 7388K, reserved 1048576K
}
2022-12-19T16:43:58.121+0000: 39473.234: Total time for which application threads were stopped: 0.0145504 seconds, Stopping threads took: 0.0000995 seconds
2022-12-19T16:43:59.121+0000: 39474.234: Total time for which application threads were stopped: 0.0002850 seconds, Stopping threads took: 0.0000680 seconds
2022-12-19T16:46:09.141+0000: 39604.255: Total time for which application threads were stopped: 0.0011674 seconds, Stopping threads took: 0.0004879 seconds
2022-12-19T16:46:10.142+0000: 39605.255: Total time for which application threads were stopped: 0.0005153 seconds, Stopping threads took: 0.0000835 seconds
2022-12-19T16:46:11.142+0000: 39606.256: Total time for which application threads were stopped: 0.0003090 seconds, Stopping threads took: 0.0000728 seconds
2022-12-19T16:46:43.147+0000: 39638.261: Total time for which application threads were stopped: 0.0003260 seconds, Stopping threads took: 0.0000800 seconds
{Heap before GC invocations=53 (full 2):
 par new generation   total 184320K, used 164065K [0x00000000e0000000, 0x00000000ec800000, 0x00000000ec800000)
  eden space 163840K, 100% used [0x00000000e0000000, 0x00000000ea000000, 0x00000000ea000000)
  from space 20480K,   1% used [0x00000000eb400000, 0x00000000eb438460, 0x00000000ec800000)
  to   space 20480K,   0% used [0x00000000ea000000, 0x00000000ea000000, 0x00000000eb400000)
 concurrent mark-sweep generation total 319488K, used 83220K [0x00000000ec800000, 0x0000000100000000, 0x0000000100000000)
 Metaspace       used 51420K, capacity 53985K, committed 54220K, reserved 1095680K
  class space    used 6810K, capacity 7362K, committed 7388K, reserved 1048576K
2022-12-19T16:56:29.274+0000: 40224.387: [GC (Allocation Failure) 2022-12-19T16:56:29.274+0000: 40224.387: [ParNew
Desired survivor size 10485760 bytes, new threshold 1 (max 1)
- age   1:   20309752 bytes,   20309752 total
: 164065K->19936K(184320K), 0.0195569 secs] 247285K->105344K(503808K), 0.0199121 secs] [Times: user=0.27 sys=0.12, real=0.02 secs] 
Heap after GC invocations=54 (full 2):
 par new generation   total 184320K, used 19936K [0x00000000e0000000, 0x00000000ec800000, 0x00000000ec800000)
  eden space 163840K,   0% used [0x00000000e0000000, 0x00000000e0000000, 0x00000000ea000000)
  from space 20480K,  97% used [0x00000000ea000000, 0x00000000eb3782e0, 0x00000000eb400000)
  to   space 20480K,   0% used [0x00000000eb400000, 0x00000000eb400000, 0x00000000ec800000)
 concurrent mark-sweep generation total 319488K, used 85407K [0x00000000ec800000, 0x0000000100000000, 0x0000000100000000)
 Metaspace       used 51420K, capacity 53985K, committed 54220K, reserved 1095680K
  class space    used 6810K, capacity 7362K, committed 7388K, reserved 1048576K
}
2022-12-19T16:56:29.294+0000: 40224.407: Total time for which application threads were stopped: 0.0211636 seconds, Stopping threads took: 0.0003406 seconds
{Heap before GC invocations=54 (full 2):
 par new generation   total 184320K, used 183776K [0x00000000e0000000, 0x00000000ec800000, 0x00000000ec800000)
  eden space 163840K, 100% used [0x00000000e0000000, 0x00000000ea000000, 0x00000000ea000000)
  from space 20480K,  97% used [0x00000000ea000000, 0x00000000eb3782e0, 0x00000000eb400000)
  to   space 20480K,   0% used [0x00000000eb400000, 0x00000000eb400000, 0x00000000ec800000)
 concurrent mark-sweep generation total 319488K, used 85407K [0x00000000ec800000, 0x0000000100000000, 0x0000000100000000)
 Metaspace       used 51420K, capacity 53985K, committed 54220K, reserved 1095680K
  class space    used 6810K, capacity 7362K, committed 7388K, reserved 1048576K
2022-12-19T17:11:02.176+0000: 41097.289: [GC (Allocation Failure) 2022-12-19T17:11:02.176+0000: 41097.289: [ParNew
Desired survivor size 10485760 bytes, new threshold 1 (max 1)
- age   1:     160112 bytes,     160112 total
: 183776K->331K(184320K), 0.0139647 secs] 269184K->86975K(503808K), 0.0142535 secs] [Times: user=0.17 sys=0.05, real=0.02 secs] 
Heap after GC invocations=55 (full 2):
 par new generation   total 184320K, used 331K [0x00000000e0000000, 0x00000000ec800000, 0x00000000ec800000)
  eden space 163840K,   0% used [0x00000000e0000000, 0x00000000e0000000, 0x00000000ea000000)
  from space 20480K,   1% used [0x00000000eb400000, 0x00000000eb452cb0, 0x00000000ec800000)
  to   space 20480K,   0% used [0x00000000ea000000, 0x00000000ea000000, 0x00000000eb400000)
 concurrent mark-sweep generation total 319488K, used 86644K [0x00000000ec800000, 0x0000000100000000, 0x0000000100000000)
 Metaspace       used 51420K, capacity 53985K, committed 54220K, reserved 1095680K
  class space    used 6810K, capacity 7362K, committed 7388K, reserved 1048576K
}
2022-12-19T17:11:02.190+0000: 41097.304: Total time for which application threads were stopped: 0.0156372 seconds, Stopping threads took: 0.0003813 seconds
{Heap before GC invocations=55 (full 2):
 par new generation   total 184320K, used 164171K [0x00000000e0000000, 0x00000000ec800000, 0x00000000ec800000)
  eden space 163840K, 100% used [0x00000000e0000000, 0x00000000ea000000, 0x00000000ea000000)
  from space 20480K,   1% used [0x00000000eb400000, 0x00000000eb452cb0, 0x00000000ec800000)
  to   space 20480K,   0% used [0x00000000ea000000, 0x00000000ea000000, 0x00000000eb400000)
 concurrent mark-sweep generation total 319488K, used 86644K [0x00000000ec800000, 0x0000000100000000, 0x0000000100000000)
 Metaspace       used 51420K, capacity 53985K, committed 54220K, reserved 1095680K
  class space    used 6810K, capacity 7362K, committed 7388K, reserved 1048576K
2022-12-19T17:25:20.749+0000: 41955.863: [GC (Allocation Failure) 2022-12-19T17:25:20.750+0000: 41955.863: [ParNew
Desired survivor size 10485760 bytes, new threshold 1 (max 1)
- age   1:     160768 bytes,     160768 total
: 164171K->208K(184320K), 0.0128237 secs] 250815K->86853K(503808K), 0.0130513 secs] [Times: user=0.21 sys=0.00, real=0.01 secs] 
Heap after GC invocations=56 (full 2):
 par new generation   total 184320K, used 208K [0x00000000e0000000, 0x00000000ec800000, 0x00000000ec800000)
  eden space 163840K,   0% used [0x00000000e0000000, 0x00000000e0000000, 0x00000000ea000000)
  from space 20480K,   1% used [0x00000000ea000000, 0x00000000ea034278, 0x00000000eb400000)
  to   space 20480K,   0% used [0x00000000eb400000, 0x00000000eb400000, 0x00000000ec800000)
 concurrent mark-sweep generation total 319488K, used 86644K [0x00000000ec800000, 0x0000000100000000, 0x0000000100000000)
 Metaspace       used 51420K, capacity 53985K, committed 54220K, reserved 1095680K
  class space    used 6810K, capacity 7362K, committed 7388K, reserved 1048576K
}
2022-12-19T17:25:20.763+0000: 41955.876: Total time for which application threads were stopped: 0.0145454 seconds, Stopping threads took: 0.0004006 seconds
{Heap before GC invocations=56 (full 2):
 par new generation   total 184320K, used 164048K [0x00000000e0000000, 0x00000000ec800000, 0x00000000ec800000)
  eden space 163840K, 100% used [0x00000000e0000000, 0x00000000ea000000, 0x00000000ea000000)
  from space 20480K,   1% used [0x00000000ea000000, 0x00000000ea034278, 0x00000000eb400000)
  to   space 20480K,   0% used [0x00000000eb400000, 0x00000000eb400000, 0x00000000ec800000)
 concurrent mark-sweep generation total 319488K, used 86644K [0x00000000ec800000, 0x0000000100000000, 0x0000000100000000)
 Metaspace       used 51420K, capacity 53985K, committed 54220K, reserved 1095680K
  class space    used 6810K, capacity 7362K, committed 7388K, reserved 1048576K
2022-12-19T17:39:24.597+0000: 42799.710: [GC (Allocation Failure) 2022-12-19T17:39:24.597+0000: 42799.710: [ParNew
Desired survivor size 10485760 bytes, new threshold 1 (max 1)
- age   1:     168144 bytes,     168144 total
: 164048K->238K(184320K), 0.0140399 secs] 250693K->86883K(503808K), 0.0143252 secs] [Times: user=0.19 sys=0.04, real=0.02 secs] 
Heap after GC invocations=57 (full 2):
 par new generation   total 184320K, used 238K [0x00000000e0000000, 0x00000000ec800000, 0x00000000ec800000)
  eden space 163840K,   0% used [0x00000000e0000000, 0x00000000e0000000, 0x00000000ea000000)
  from space 20480K,   1% used [0x00000000eb400000, 0x00000000eb43ba40, 0x00000000ec800000)
  to   space 20480K,   0% used [0x00000000ea000000, 0x00000000ea000000, 0x00000000eb400000)
 concurrent mark-sweep generation total 319488K, used 86645K [0x00000000ec800000, 0x0000000100000000, 0x0000000100000000)
 Metaspace       used 51420K, capacity 53985K, committed 54220K, reserved 1095680K
  class space    used 6810K, capacity 7362K, committed 7388K, reserved 1048576K
}
2022-12-19T17:39:24.611+0000: 42799.725: Total time for which application threads were stopped: 0.0160450 seconds, Stopping threads took: 0.0004483 seconds
2022-12-19T17:46:09.666+0000: 43204.780: Total time for which application threads were stopped: 0.0006645 seconds, Stopping threads took: 0.0000850 seconds
2022-12-19T17:46:10.667+0000: 43205.780: Total time for which application threads were stopped: 0.0003697 seconds, Stopping threads took: 0.0000928 seconds
2022-12-19T17:46:11.668+0000: 43206.781: Total time for which application threads were stopped: 0.0002869 seconds, Stopping threads took: 0.0000664 seconds
{Heap before GC invocations=57 (full 2):
 par new generation   total 184320K, used 164078K [0x00000000e0000000, 0x00000000ec800000, 0x00000000ec800000)
  eden space 163840K, 100% used [0x00000000e0000000, 0x00000000ea000000, 0x00000000ea000000)
  from space 20480K,   1% used [0x00000000eb400000, 0x00000000eb43ba40, 0x00000000ec800000)
  to   space 20480K,   0% used [0x00000000ea000000, 0x00000000ea000000, 0x00000000eb400000)
 concurrent mark-sweep generation total 319488K, used 86645K [0x00000000ec800000, 0x0000000100000000, 0x0000000100000000)
 Metaspace       used 51427K, capacity 53985K, committed 54220K, reserved 1095680K
  class space    used 6810K, capacity 7362K, committed 7388K, reserved 1048576K
2022-12-19T17:52:21.780+0000: 43576.894: [GC (Allocation Failure) 2022-12-19T17:52:21.780+0000: 43576.894: [ParNew
Desired survivor size 10485760 bytes, new threshold 1 (max 1)
- age   1:   20421800 bytes,   20421800 total
: 164078K->20044K(184320K), 0.0130837 secs] 250723K->107713K(503808K), 0.0133010 secs] [Times: user=0.22 sys=0.06, real=0.01 secs] 
Heap after GC invocations=58 (full 2):
 par new generation   total 184320K, used 20044K [0x00000000e0000000, 0x00000000ec800000, 0x00000000ec800000)
  eden space 163840K,   0% used [0x00000000e0000000, 0x00000000e0000000, 0x00000000ea000000)
  from space 20480K,  97% used [0x00000000ea000000, 0x00000000eb393140, 0x00000000eb400000)
  to   space 20480K,   0% used [0x00000000eb400000, 0x00000000eb400000, 0x00000000ec800000)
 concurrent mark-sweep generation total 319488K, used 87669K [0x00000000ec800000, 0x0000000100000000, 0x0000000100000000)
 Metaspace       used 51427K, capacity 53985K, committed 54220K, reserved 1095680K
  class space    used 6810K, capacity 7362K, committed 7388K, reserved 1048576K
}
2022-12-19T17:52:21.794+0000: 43576.907: Total time for which application threads were stopped: 0.0142407 seconds, Stopping threads took: 0.0001582 seconds
2022-12-19T18:01:43.879+0000: 44138.992: Total time for which application threads were stopped: 0.0008706 seconds, Stopping threads took: 0.0003409 seconds
{Heap before GC invocations=58 (full 2):
 par new generation   total 184320K, used 183884K [0x00000000e0000000, 0x00000000ec800000, 0x00000000ec800000)
  eden space 163840K, 100% used [0x00000000e0000000, 0x00000000ea000000, 0x00000000ea000000)
  from space 20480K,  97% used [0x00000000ea000000, 0x00000000eb393140, 0x00000000eb400000)
  to   space 20480K,   0% used [0x00000000eb400000, 0x00000000eb400000, 0x00000000ec800000)
 concurrent mark-sweep generation total 319488K, used 87669K [0x00000000ec800000, 0x0000000100000000, 0x0000000100000000)
 Metaspace       used 51429K, capacity 53985K, committed 54220K, reserved 1095680K
  class space    used 6810K, capacity 7362K, committed 7388K, reserved 1048576K
2022-12-19T18:06:31.981+0000: 44427.094: [GC (Allocation Failure) 2022-12-19T18:06:31.981+0000: 44427.094: [ParNew
Desired survivor size 10485760 bytes, new threshold 1 (max 1)
- age   1:     161416 bytes,     161416 total
: 183884K->453K(184320K), 0.0149768 secs] 271553K->90495K(503808K), 0.0151911 secs] [Times: user=0.17 sys=0.06, real=0.01 secs] 
Heap after GC invocations=59 (full 2):
 par new generation   total 184320K, used 453K [0x00000000e0000000, 0x00000000ec800000, 0x00000000ec800000)
  eden space 163840K,   0% used [0x00000000e0000000, 0x00000000e0000000, 0x00000000ea000000)
  from space 20480K,   2% used [0x00000000eb400000, 0x00000000eb471400, 0x00000000ec800000)
  to   space 20480K,   0% used [0x00000000ea000000, 0x00000000ea000000, 0x00000000eb400000)
 concurrent mark-sweep generation total 319488K, used 90042K [0x00000000ec800000, 0x0000000100000000, 0x0000000100000000)
 Metaspace       used 51429K, capacity 53985K, committed 54220K, reserved 1095680K
  class space    used 6810K, capacity 7362K, committed 7388K, reserved 1048576K
}
2022-12-19T18:06:31.996+0000: 44427.109: Total time for which application threads were stopped: 0.0158138 seconds, Stopping threads took: 0.0000974 seconds
2022-12-19T18:19:11.106+0000: 45186.219: Total time for which application threads were stopped: 0.0011070 seconds, Stopping threads took: 0.0003586 seconds
{Heap before GC invocations=59 (full 2):
 par new generation   total 184320K, used 164293K [0x00000000e0000000, 0x00000000ec800000, 0x00000000ec800000)
  eden space 163840K, 100% used [0x00000000e0000000, 0x00000000ea000000, 0x00000000ea000000)
  from space 20480K,   2% used [0x00000000eb400000, 0x00000000eb471400, 0x00000000ec800000)
  to   space 20480K,   0% used [0x00000000ea000000, 0x00000000ea000000, 0x00000000eb400000)
 concurrent mark-sweep generation total 319488K, used 90042K [0x00000000ec800000, 0x0000000100000000, 0x0000000100000000)
 Metaspace       used 51430K, capacity 53985K, committed 54220K, reserved 1095680K
  class space    used 6810K, capacity 7362K, committed 7388K, reserved 1048576K
2022-12-19T18:20:34.908+0000: 45270.022: [GC (Allocation Failure) 2022-12-19T18:20:34.909+0000: 45270.022: [ParNew
Desired survivor size 10485760 bytes, new threshold 1 (max 1)
- age   1:     162616 bytes,     162616 total
: 164293K->227K(184320K), 0.0127355 secs] 254335K->90270K(503808K), 0.0129735 secs] [Times: user=0.18 sys=0.04, real=0.01 secs] 
Heap after GC invocations=60 (full 2):
 par new generation   total 184320K, used 227K [0x00000000e0000000, 0x00000000ec800000, 0x00000000ec800000)
  eden space 163840K,   0% used [0x00000000e0000000, 0x00000000e0000000, 0x00000000ea000000)
  from space 20480K,   1% used [0x00000000ea000000, 0x00000000ea038df0, 0x00000000eb400000)
  to   space 20480K,   0% used [0x00000000eb400000, 0x00000000eb400000, 0x00000000ec800000)
 concurrent mark-sweep generation total 319488K, used 90042K [0x00000000ec800000, 0x0000000100000000, 0x0000000100000000)
 Metaspace       used 51430K, capacity 53985K, committed 54220K, reserved 1095680K
  class space    used 6810K, capacity 7362K, committed 7388K, reserved 1048576K
}
2022-12-19T18:20:34.921+0000: 45270.035: Total time for which application threads were stopped: 0.0136747 seconds, Stopping threads took: 0.0000956 seconds
2022-12-19T18:23:15.946+0000: 45431.059: Total time for which application threads were stopped: 0.0007780 seconds, Stopping threads took: 0.0001665 seconds
{Heap before GC invocations=60 (full 2):
 par new generation   total 184320K, used 164067K [0x00000000e0000000, 0x00000000ec800000, 0x00000000ec800000)
  eden space 163840K, 100% used [0x00000000e0000000, 0x00000000ea000000, 0x00000000ea000000)
  from space 20480K,   1% used [0x00000000ea000000, 0x00000000ea038df0, 0x00000000eb400000)
  to   space 20480K,   0% used [0x00000000eb400000, 0x00000000eb400000, 0x00000000ec800000)
 concurrent mark-sweep generation total 319488K, used 90042K [0x00000000ec800000, 0x0000000100000000, 0x0000000100000000)
 Metaspace       used 51430K, capacity 53985K, committed 54220K, reserved 1095680K
  class space    used 6810K, capacity 7362K, committed 7388K, reserved 1048576K
2022-12-19T18:34:22.452+0000: 46097.566: [GC (Allocation Failure) 2022-12-19T18:34:22.452+0000: 46097.566: [ParNew
Desired survivor size 10485760 bytes, new threshold 1 (max 1)
- age   1:     162384 bytes,     162384 total
: 164067K->247K(184320K), 0.0143946 secs] 254110K->90290K(503808K), 0.0146389 secs] [Times: user=0.19 sys=0.03, real=0.01 secs] 
Heap after GC invocations=61 (full 2):
 par new generation   total 184320K, used 247K [0x00000000e0000000, 0x00000000ec800000, 0x00000000ec800000)
  eden space 163840K,   0% used [0x00000000e0000000, 0x00000000e0000000, 0x00000000ea000000)
  from space 20480K,   1% used [0x00000000eb400000, 0x00000000eb43dc98, 0x00000000ec800000)
  to   space 20480K,   0% used [0x00000000ea000000, 0x00000000ea000000, 0x00000000eb400000)
 concurrent mark-sweep generation total 319488K, used 90043K [0x00000000ec800000, 0x0000000100000000, 0x0000000100000000)
 Metaspace       used 51430K, capacity 53985K, committed 54220K, reserved 1095680K
  class space    used 6810K, capacity 7362K, committed 7388K, reserved 1048576K
}
2022-12-19T18:34:22.467+0000: 46097.580: Total time for which application threads were stopped: 0.0163178 seconds, Stopping threads took: 0.0004734 seconds
2022-12-19T18:35:51.481+0000: 46186.594: Total time for which application threads were stopped: 0.0009415 seconds, Stopping threads took: 0.0004232 seconds
2022-12-19T18:41:51.534+0000: 46546.647: Total time for which application threads were stopped: 0.0003991 seconds, Stopping threads took: 0.0000992 seconds
2022-12-19T18:46:09.573+0000: 46804.686: Total time for which application threads were stopped: 0.0009251 seconds, Stopping threads took: 0.0001831 seconds
2022-12-19T18:46:10.573+0000: 46805.686: Total time for which application threads were stopped: 0.0003678 seconds, Stopping threads took: 0.0000814 seconds
2022-12-19T18:46:11.574+0000: 46806.687: Total time for which application threads were stopped: 0.0003115 seconds, Stopping threads took: 0.0000703 seconds
{Heap before GC invocations=61 (full 2):
 par new generation   total 184320K, used 164087K [0x00000000e0000000, 0x00000000ec800000, 0x00000000ec800000)
  eden space 163840K, 100% used [0x00000000e0000000, 0x00000000ea000000, 0x00000000ea000000)
  from space 20480K,   1% used [0x00000000eb400000, 0x00000000eb43dc98, 0x00000000ec800000)
  to   space 20480K,   0% used [0x00000000ea000000, 0x00000000ea000000, 0x00000000eb400000)
 concurrent mark-sweep generation total 319488K, used 90043K [0x00000000ec800000, 0x0000000100000000, 0x0000000100000000)
 Metaspace       used 51453K, capacity 53985K, committed 54220K, reserved 1095680K
  class space    used 6810K, capacity 7362K, committed 7388K, reserved 1048576K
2022-12-19T18:46:17.581+0000: 46812.694: [GC (Allocation Failure) 2022-12-19T18:46:17.581+0000: 46812.695: [ParNew
Desired survivor size 10485760 bytes, new threshold 1 (max 1)
- age   1:   20193528 bytes,   20193528 total
: 164087K->19777K(184320K), 0.0149949 secs] 254130K->110845K(503808K), 0.0152186 secs] [Times: user=0.15 sys=0.11, real=0.01 secs] 
Heap after GC invocations=62 (full 2):
 par new generation   total 184320K, used 19777K [0x00000000e0000000, 0x00000000ec800000, 0x00000000ec800000)
  eden space 163840K,   0% used [0x00000000e0000000, 0x00000000e0000000, 0x00000000ea000000)
  from space 20480K,  96% used [0x00000000ea000000, 0x00000000eb3505f0, 0x00000000eb400000)
  to   space 20480K,   0% used [0x00000000eb400000, 0x00000000eb400000, 0x00000000ec800000)
 concurrent mark-sweep generation total 319488K, used 91067K [0x00000000ec800000, 0x0000000100000000, 0x0000000100000000)
 Metaspace       used 51453K, capacity 53985K, committed 54220K, reserved 1095680K
  class space    used 6810K, capacity 7362K, committed 7388K, reserved 1048576K
}
2022-12-19T18:46:17.596+0000: 46812.710: Total time for which application threads were stopped: 0.0157261 seconds, Stopping threads took: 0.0000630 seconds
2022-12-19T18:46:18.597+0000: 46813.710: Total time for which application threads were stopped: 0.0002944 seconds, Stopping threads took: 0.0000664 seconds
2022-12-19T18:46:43.601+0000: 46838.714: Total time for which application threads were stopped: 0.0003054 seconds, Stopping threads took: 0.0000767 seconds
2022-12-19T18:56:43.692+0000: 47438.805: Total time for which application threads were stopped: 0.0011198 seconds, Stopping threads took: 0.0003612 seconds
{Heap before GC invocations=62 (full 2):
 par new generation   total 184320K, used 183617K [0x00000000e0000000, 0x00000000ec800000, 0x00000000ec800000)
  eden space 163840K, 100% used [0x00000000e0000000, 0x00000000ea000000, 0x00000000ea000000)
  from space 20480K,  96% used [0x00000000ea000000, 0x00000000eb3505f0, 0x00000000eb400000)
  to   space 20480K,   0% used [0x00000000eb400000, 0x00000000eb400000, 0x00000000ec800000)
 concurrent mark-sweep generation total 319488K, used 91067K [0x00000000ec800000, 0x0000000100000000, 0x0000000100000000)
 Metaspace       used 51456K, capacity 53985K, committed 54220K, reserved 1095680K
  class space    used 6810K, capacity 7362K, committed 7388K, reserved 1048576K
2022-12-19T19:00:52.121+0000: 47687.234: [GC (Allocation Failure) 2022-12-19T19:00:52.121+0000: 47687.234: [ParNew
Desired survivor size 10485760 bytes, new threshold 1 (max 1)
- age   1:   20219320 bytes,   20219320 total
: 183617K->19888K(184320K), 0.0163146 secs] 274685K->113225K(503808K), 0.0165477 secs] [Times: user=0.18 sys=0.08, real=0.01 secs] 
Heap after GC invocations=63 (full 2):
 par new generation   total 184320K, used 19888K [0x00000000e0000000, 0x00000000ec800000, 0x00000000ec800000)
  eden space 163840K,   0% used [0x00000000e0000000, 0x00000000e0000000, 0x00000000ea000000)
  from space 20480K,  97% used [0x00000000eb400000, 0x00000000ec76c070, 0x00000000ec800000)
  to   space 20480K,   0% used [0x00000000ea000000, 0x00000000ea000000, 0x00000000eb400000)
 concurrent mark-sweep generation total 319488K, used 93337K [0x00000000ec800000, 0x0000000100000000, 0x0000000100000000)
 Metaspace       used 51456K, capacity 53985K, committed 54220K, reserved 1095680K
  class space    used 6810K, capacity 7362K, committed 7388K, reserved 1048576K
}
2022-12-19T19:00:52.138+0000: 47687.251: Total time for which application threads were stopped: 0.0178480 seconds, Stopping threads took: 0.0004222 seconds
2022-12-19T19:01:31.144+0000: 47726.257: Total time for which application threads were stopped: 0.0005006 seconds, Stopping threads took: 0.0000836 seconds
2022-12-19T19:01:44.146+0000: 47739.260: Total time for which application threads were stopped: 0.0003393 seconds, Stopping threads took: 0.0000831 seconds
2022-12-19T19:13:01.245+0000: 48416.358: Total time for which application threads were stopped: 0.0011346 seconds, Stopping threads took: 0.0003775 seconds
{Heap before GC invocations=63 (full 2):
 par new generation   total 184320K, used 183728K [0x00000000e0000000, 0x00000000ec800000, 0x00000000ec800000)
  eden space 163840K, 100% used [0x00000000e0000000, 0x00000000ea000000, 0x00000000ea000000)
  from space 20480K,  97% used [0x00000000eb400000, 0x00000000ec76c070, 0x00000000ec800000)
  to   space 20480K,   0% used [0x00000000ea000000, 0x00000000ea000000, 0x00000000eb400000)
 concurrent mark-sweep generation total 319488K, used 93337K [0x00000000ec800000, 0x0000000100000000, 0x0000000100000000)
 Metaspace       used 51456K, capacity 53985K, committed 54220K, reserved 1095680K
  class space    used 6810K, capacity 7362K, committed 7388K, reserved 1048576K
2022-12-19T19:15:26.079+0000: 48561.192: [GC (Allocation Failure) 2022-12-19T19:15:26.079+0000: 48561.192: [ParNew
Desired survivor size 10485760 bytes, new threshold 1 (max 1)
- age   1:     160440 bytes,     160440 total
: 183728K->309K(184320K), 0.0144745 secs] 277065K->94805K(503808K), 0.0147240 secs] [Times: user=0.20 sys=0.04, real=0.02 secs] 
Heap after GC invocations=64 (full 2):
 par new generation   total 184320K, used 309K [0x00000000e0000000, 0x00000000ec800000, 0x00000000ec800000)
  eden space 163840K,   0% used [0x00000000e0000000, 0x00000000e0000000, 0x00000000ea000000)
  from space 20480K,   1% used [0x00000000ea000000, 0x00000000ea04d700, 0x00000000eb400000)
  to   space 20480K,   0% used [0x00000000eb400000, 0x00000000eb400000, 0x00000000ec800000)
 concurrent mark-sweep generation total 319488K, used 94496K [0x00000000ec800000, 0x0000000100000000, 0x0000000100000000)
 Metaspace       used 51456K, capacity 53985K, committed 54220K, reserved 1095680K
  class space    used 6810K, capacity 7362K, committed 7388K, reserved 1048576K
}
2022-12-19T19:15:26.093+0000: 48561.207: Total time for which application threads were stopped: 0.0153919 seconds, Stopping threads took: 0.0001001 seconds
2022-12-19T19:23:16.162+0000: 49031.276: Total time for which application threads were stopped: 0.0011378 seconds, Stopping threads took: 0.0003728 seconds
{Heap before GC invocations=64 (full 2):
 par new generation   total 184320K, used 164149K [0x00000000e0000000, 0x00000000ec800000, 0x00000000ec800000)
  eden space 163840K, 100% used [0x00000000e0000000, 0x00000000ea000000, 0x00000000ea000000)
  from space 20480K,   1% used [0x00000000ea000000, 0x00000000ea04d700, 0x00000000eb400000)
  to   space 20480K,   0% used [0x00000000eb400000, 0x00000000eb400000, 0x00000000ec800000)
 concurrent mark-sweep generation total 319488K, used 94496K [0x00000000ec800000, 0x0000000100000000, 0x0000000100000000)
 Metaspace       used 51456K, capacity 53985K, committed 54220K, reserved 1095680K
  class space    used 6810K, capacity 7362K, committed 7388K, reserved 1048576K
2022-12-19T19:29:46.373+0000: 49421.487: [GC (Allocation Failure) 2022-12-19T19:29:46.373+0000: 49421.487: [ParNew
Desired survivor size 10485760 bytes, new threshold 1 (max 1)
- age   1:     160520 bytes,     160520 total
: 164149K->217K(184320K), 0.0133431 secs] 258645K->94715K(503808K), 0.0135809 secs] [Times: user=0.19 sys=0.04, real=0.01 secs] 
Heap after GC invocations=65 (full 2):
 par new generation   total 184320K, used 217K [0x00000000e0000000, 0x00000000ec800000, 0x00000000ec800000)
  eden space 163840K,   0% used [0x00000000e0000000, 0x00000000e0000000, 0x00000000ea000000)
  from space 20480K,   1% used [0x00000000eb400000, 0x00000000eb436480, 0x00000000ec800000)
  to   space 20480K,   0% used [0x00000000ea000000, 0x00000000ea000000, 0x00000000eb400000)
 concurrent mark-sweep generation total 319488K, used 94498K [0x00000000ec800000, 0x0000000100000000, 0x0000000100000000)
 Metaspace       used 51456K, capacity 53985K, committed 54220K, reserved 1095680K
  class space    used 6810K, capacity 7362K, committed 7388K, reserved 1048576K
}
2022-12-19T19:29:46.387+0000: 49421.500: Total time for which application threads were stopped: 0.0145792 seconds, Stopping threads took: 0.0001569 seconds
2022-12-19T19:31:44.403+0000: 49539.516: Total time for which application threads were stopped: 0.0003845 seconds, Stopping threads took: 0.0000940 seconds
2022-12-19T19:38:16.462+0000: 49931.575: Total time for which application threads were stopped: 0.0008601 seconds, Stopping threads took: 0.0003280 seconds
{Heap before GC invocations=65 (full 2):
 par new generation   total 184320K, used 164057K [0x00000000e0000000, 0x00000000ec800000, 0x00000000ec800000)
  eden space 163840K, 100% used [0x00000000e0000000, 0x00000000ea000000, 0x00000000ea000000)
  from space 20480K,   1% used [0x00000000eb400000, 0x00000000eb436480, 0x00000000ec800000)
  to   space 20480K,   0% used [0x00000000ea000000, 0x00000000ea000000, 0x00000000eb400000)
 concurrent mark-sweep generation total 319488K, used 94498K [0x00000000ec800000, 0x0000000100000000, 0x0000000100000000)
 Metaspace       used 51465K, capacity 53985K, committed 54220K, reserved 1095680K
  class space    used 6811K, capacity 7362K, committed 7388K, reserved 1048576K
2022-12-19T19:43:51.089+0000: 50266.202: [GC (Allocation Failure) 2022-12-19T19:43:51.089+0000: 50266.202: [ParNew
Desired survivor size 10485760 bytes, new threshold 1 (max 1)
- age   1:     165720 bytes,     165720 total
: 164057K->235K(184320K), 0.0144057 secs] 258555K->94735K(503808K), 0.0146681 secs] [Times: user=0.22 sys=0.02, real=0.01 secs] 
Heap after GC invocations=66 (full 2):
 par new generation   total 184320K, used 235K [0x00000000e0000000, 0x00000000ec800000, 0x00000000ec800000)
  eden space 163840K,   0% used [0x00000000e0000000, 0x00000000e0000000, 0x00000000ea000000)
  from space 20480K,   1% used [0x00000000ea000000, 0x00000000ea03aed8, 0x00000000eb400000)
  to   space 20480K,   0% used [0x00000000eb400000, 0x00000000eb400000, 0x00000000ec800000)
 concurrent mark-sweep generation total 319488K, used 94500K [0x00000000ec800000, 0x0000000100000000, 0x0000000100000000)
 Metaspace       used 51465K, capacity 53985K, committed 54220K, reserved 1095680K
  class space    used 6811K, capacity 7362K, committed 7388K, reserved 1048576K
}
2022-12-19T19:43:51.104+0000: 50266.217: Total time for which application threads were stopped: 0.0158840 seconds, Stopping threads took: 0.0001988 seconds
2022-12-19T19:46:09.122+0000: 50404.235: Total time for which application threads were stopped: 0.0010358 seconds, Stopping threads took: 0.0004029 seconds
2022-12-19T19:46:10.123+0000: 50405.236: Total time for which application threads were stopped: 0.0003217 seconds, Stopping threads took: 0.0000792 seconds
2022-12-19T19:46:11.123+0000: 50406.236: Total time for which application threads were stopped: 0.0003071 seconds, Stopping threads took: 0.0000698 seconds
{Heap before GC invocations=66 (full 2):
 par new generation   total 184320K, used 164075K [0x00000000e0000000, 0x00000000ec800000, 0x00000000ec800000)
  eden space 163840K, 100% used [0x00000000e0000000, 0x00000000ea000000, 0x00000000ea000000)
  from space 20480K,   1% used [0x00000000ea000000, 0x00000000ea03aed8, 0x00000000eb400000)
  to   space 20480K,   0% used [0x00000000eb400000, 0x00000000eb400000, 0x00000000ec800000)
 concurrent mark-sweep generation total 319488K, used 94500K [0x00000000ec800000, 0x0000000100000000, 0x0000000100000000)
 Metaspace       used 51511K, capacity 54053K, committed 54220K, reserved 1095680K
  class space    used 6811K, capacity 7362K, committed 7388K, reserved 1048576K
2022-12-19T19:56:43.516+0000: 51038.629: [GC (Allocation Failure) 2022-12-19T19:56:43.516+0000: 51038.629: [ParNew
Desired survivor size 10485760 bytes, new threshold 1 (max 1)
- age   1:   20296744 bytes,   20296744 total
: 164075K->19912K(184320K), 0.0353508 secs] 258575K->115581K(503808K), 0.0356654 secs] [Times: user=0.68 sys=0.03, real=0.04 secs] 
Heap after GC invocations=67 (full 2):
 par new generation   total 184320K, used 19912K [0x00000000e0000000, 0x00000000ec800000, 0x00000000ec800000)
  eden space 163840K,   0% used [0x00000000e0000000, 0x00000000e0000000, 0x00000000ea000000)
  from space 20480K,  97% used [0x00000000eb400000, 0x00000000ec772010, 0x00000000ec800000)
  to   space 20480K,   0% used [0x00000000ea000000, 0x00000000ea000000, 0x00000000eb400000)
 concurrent mark-sweep generation total 319488K, used 95669K [0x00000000ec800000, 0x0000000100000000, 0x0000000100000000)
 Metaspace       used 51511K, capacity 54053K, committed 54220K, reserved 1095680K
  class space    used 6811K, capacity 7362K, committed 7388K, reserved 1048576K
}
2022-12-19T19:56:43.552+0000: 51038.665: Total time for which application threads were stopped: 0.0375438 seconds, Stopping threads took: 0.0006365 seconds
2022-12-19T19:58:16.565+0000: 51131.678: Total time for which application threads were stopped: 0.0003616 seconds, Stopping threads took: 0.0000821 seconds
2022-12-19T20:00:25.582+0000: 51260.695: Total time for which application threads were stopped: 0.0003616 seconds, Stopping threads took: 0.0000860 seconds
2022-12-19T20:01:25.590+0000: 51320.704: Total time for which application threads were stopped: 0.0003733 seconds, Stopping threads took: 0.0000885 seconds
2022-12-19T20:01:44.594+0000: 51339.707: Total time for which application threads were stopped: 0.0006623 seconds, Stopping threads took: 0.0000906 seconds
{Heap before GC invocations=67 (full 2):
 par new generation   total 184320K, used 183752K [0x00000000e0000000, 0x00000000ec800000, 0x00000000ec800000)
  eden space 163840K, 100% used [0x00000000e0000000, 0x00000000ea000000, 0x00000000ea000000)
  from space 20480K,  97% used [0x00000000eb400000, 0x00000000ec772010, 0x00000000ec800000)
  to   space 20480K,   0% used [0x00000000ea000000, 0x00000000ea000000, 0x00000000eb400000)
 concurrent mark-sweep generation total 319488K, used 95669K [0x00000000ec800000, 0x0000000100000000, 0x0000000100000000)
 Metaspace       used 51512K, capacity 54053K, committed 54220K, reserved 1095680K
  class space    used 6811K, capacity 7362K, committed 7388K, reserved 1048576K
2022-12-19T20:11:13.592+0000: 51908.705: [GC (Allocation Failure) 2022-12-19T20:11:13.592+0000: 51908.705: [ParNew
Desired survivor size 10485760 bytes, new threshold 1 (max 1)
- age   1:     162728 bytes,     162728 total
: 183752K->335K(184320K), 0.0142172 secs] 279421K->98254K(503808K), 0.0144469 secs] [Times: user=0.25 sys=0.00, real=0.01 secs] 
Heap after GC invocations=68 (full 2):
 par new generation   total 184320K, used 335K [0x00000000e0000000, 0x00000000ec800000, 0x00000000ec800000)
  eden space 163840K,   0% used [0x00000000e0000000, 0x00000000e0000000, 0x00000000ea000000)
  from space 20480K,   1% used [0x00000000ea000000, 0x00000000ea053ca0, 0x00000000eb400000)
  to   space 20480K,   0% used [0x00000000eb400000, 0x00000000eb400000, 0x00000000ec800000)
 concurrent mark-sweep generation total 319488K, used 97919K [0x00000000ec800000, 0x0000000100000000, 0x0000000100000000)
 Metaspace       used 51512K, capacity 54053K, committed 54220K, reserved 1095680K
  class space    used 6811K, capacity 7362K, committed 7388K, reserved 1048576K
}
2022-12-19T20:11:13.606+0000: 51908.720: Total time for which application threads were stopped: 0.0155219 seconds, Stopping threads took: 0.0001919 seconds
2022-12-19T20:17:31.663+0000: 52286.776: Total time for which application threads were stopped: 0.0008078 seconds, Stopping threads took: 0.0003086 seconds
2022-12-19T20:18:01.668+0000: 52316.781: Total time for which application threads were stopped: 0.0003447 seconds, Stopping threads took: 0.0000823 seconds
{Heap before GC invocations=68 (full 2):
 par new generation   total 184320K, used 164175K [0x00000000e0000000, 0x00000000ec800000, 0x00000000ec800000)
  eden space 163840K, 100% used [0x00000000e0000000, 0x00000000ea000000, 0x00000000ea000000)
  from space 20480K,   1% used [0x00000000ea000000, 0x00000000ea053ca0, 0x00000000eb400000)
  to   space 20480K,   0% used [0x00000000eb400000, 0x00000000eb400000, 0x00000000ec800000)
 concurrent mark-sweep generation total 319488K, used 97919K [0x00000000ec800000, 0x0000000100000000, 0x0000000100000000)
 Metaspace       used 51522K, capacity 54053K, committed 54220K, reserved 1095680K
  class space    used 6812K, capacity 7362K, committed 7388K, reserved 1048576K
2022-12-19T20:25:30.111+0000: 52765.224: [GC (Allocation Failure) 2022-12-19T20:25:30.111+0000: 52765.224: [ParNew
Desired survivor size 10485760 bytes, new threshold 1 (max 1)
- age   1:     170688 bytes,     170688 total
: 164175K->230K(184320K), 0.0155440 secs] 262094K->98150K(503808K), 0.0158057 secs] [Times: user=0.27 sys=0.00, real=0.01 secs] 
Heap after GC invocations=69 (full 2):
 par new generation   total 184320K, used 230K [0x00000000e0000000, 0x00000000ec800000, 0x00000000ec800000)
  eden space 163840K,   0% used [0x00000000e0000000, 0x00000000e0000000, 0x00000000ea000000)
  from space 20480K,   1% used [0x00000000eb400000, 0x00000000eb439ac0, 0x00000000ec800000)
  to   space 20480K,   0% used [0x00000000ea000000, 0x00000000ea000000, 0x00000000eb400000)
 concurrent mark-sweep generation total 319488K, used 97920K [0x00000000ec800000, 0x0000000100000000, 0x0000000100000000)
 Metaspace       used 51522K, capacity 54053K, committed 54220K, reserved 1095680K
  class space    used 6812K, capacity 7362K, committed 7388K, reserved 1048576K
}
2022-12-19T20:25:30.126+0000: 52765.240: Total time for which application threads were stopped: 0.0167937 seconds, Stopping threads took: 0.0001535 seconds
2022-12-19T20:26:32.136+0000: 52827.249: Total time for which application threads were stopped: 0.0005203 seconds, Stopping threads took: 0.0000848 seconds
2022-12-19T20:33:52.202+0000: 53267.316: Total time for which application threads were stopped: 0.0008681 seconds, Stopping threads took: 0.0003331 seconds
2022-12-19T20:35:42.219+0000: 53377.332: Total time for which application threads were stopped: 0.0003932 seconds, Stopping threads took: 0.0000940 seconds
2022-12-19T20:38:52.248+0000: 53567.361: Total time for which application threads were stopped: 0.0003807 seconds, Stopping threads took: 0.0000936 seconds
{Heap before GC invocations=69 (full 2):
 par new generation   total 184320K, used 164070K [0x00000000e0000000, 0x00000000ec800000, 0x00000000ec800000)
  eden space 163840K, 100% used [0x00000000e0000000, 0x00000000ea000000, 0x00000000ea000000)
  from space 20480K,   1% used [0x00000000eb400000, 0x00000000eb439ac0, 0x00000000ec800000)
  to   space 20480K,   0% used [0x00000000ea000000, 0x00000000ea000000, 0x00000000eb400000)
 concurrent mark-sweep generation total 319488K, used 97920K [0x00000000ec800000, 0x0000000100000000, 0x0000000100000000)
 Metaspace       used 51524K, capacity 54053K, committed 54220K, reserved 1095680K
  class space    used 6812K, capacity 7362K, committed 7388K, reserved 1048576K
2022-12-19T20:39:34.892+0000: 53610.006: [GC (Allocation Failure) 2022-12-19T20:39:34.892+0000: 53610.006: [ParNew
Desired survivor size 10485760 bytes, new threshold 1 (max 1)
- age   1:     162296 bytes,     162296 total
: 164070K->227K(184320K), 0.0145353 secs] 261990K->98148K(503808K), 0.0147353 secs] [Times: user=0.24 sys=0.02, real=0.01 secs] 
Heap after GC invocations=70 (full 2):
 par new generation   total 184320K, used 227K [0x00000000e0000000, 0x00000000ec800000, 0x00000000ec800000)
  eden space 163840K,   0% used [0x00000000e0000000, 0x00000000e0000000, 0x00000000ea000000)
  from space 20480K,   1% used [0x00000000ea000000, 0x00000000ea038ee0, 0x00000000eb400000)
  to   space 20480K,   0% used [0x00000000eb400000, 0x00000000eb400000, 0x00000000ec800000)
 concurrent mark-sweep generation total 319488K, used 97920K [0x00000000ec800000, 0x0000000100000000, 0x0000000100000000)
 Metaspace       used 51524K, capacity 54053K, committed 54220K, reserved 1095680K
  class space    used 6812K, capacity 7362K, committed 7388K, reserved 1048576K
}
2022-12-19T20:39:34.907+0000: 53610.020: Total time for which application threads were stopped: 0.0153233 seconds, Stopping threads took: 0.0000721 seconds
2022-12-19T20:41:43.927+0000: 53739.040: Total time for which application threads were stopped: 0.0003986 seconds, Stopping threads took: 0.0001048 seconds
2022-12-19T20:42:51.937+0000: 53807.051: Total time for which application threads were stopped: 0.0003840 seconds, Stopping threads took: 0.0000912 seconds
2022-12-19T20:46:09.967+0000: 54005.080: Total time for which application threads were stopped: 0.0005169 seconds, Stopping threads took: 0.0001027 seconds
{Heap before GC invocations=70 (full 2):
 par new generation   total 184320K, used 164067K [0x00000000e0000000, 0x00000000ec800000, 0x00000000ec800000)
  eden space 163840K, 100% used [0x00000000e0000000, 0x00000000ea000000, 0x00000000ea000000)
  from space 20480K,   1% used [0x00000000ea000000, 0x00000000ea038ee0, 0x00000000eb400000)
  to   space 20480K,   0% used [0x00000000eb400000, 0x00000000eb400000, 0x00000000ec800000)
 concurrent mark-sweep generation total 319488K, used 97920K [0x00000000ec800000, 0x0000000100000000, 0x0000000100000000)
 Metaspace       used 51530K, capacity 54053K, committed 54220K, reserved 1095680K
  class space    used 6812K, capacity 7362K, committed 7388K, reserved 1048576K
2022-12-19T20:52:28.906+0000: 54384.019: [GC (Allocation Failure) 2022-12-19T20:52:28.906+0000: 54384.020: [ParNew
Desired survivor size 10485760 bytes, new threshold 1 (max 1)
- age   1:   20425296 bytes,   20425296 total
: 164067K->20013K(184320K), 0.0228052 secs] 261988K->119982K(503808K), 0.0230857 secs] [Times: user=0.36 sys=0.09, real=0.03 secs] 
Heap after GC invocations=71 (full 2):
 par new generation   total 184320K, used 20013K [0x00000000e0000000, 0x00000000ec800000, 0x00000000ec800000)
  eden space 163840K,   0% used [0x00000000e0000000, 0x00000000e0000000, 0x00000000ea000000)
  from space 20480K,  97% used [0x00000000eb400000, 0x00000000ec78b628, 0x00000000ec800000)
  to   space 20480K,   0% used [0x00000000ea000000, 0x00000000ea000000, 0x00000000eb400000)
 concurrent mark-sweep generation total 319488K, used 99969K [0x00000000ec800000, 0x0000000100000000, 0x0000000100000000)
 Metaspace       used 51530K, capacity 54053K, committed 54220K, reserved 1095680K
  class space    used 6812K, capacity 7362K, committed 7388K, reserved 1048576K
}
2022-12-19T20:52:28.929+0000: 54384.043: Total time for which application threads were stopped: 0.0245535 seconds, Stopping threads took: 0.0003800 seconds
2022-12-19T20:52:29.930+0000: 54385.043: Total time for which application threads were stopped: 0.0003418 seconds, Stopping threads took: 0.0000745 seconds
2022-12-19T21:03:44.023+0000: 55059.136: Total time for which application threads were stopped: 0.0011671 seconds, Stopping threads took: 0.0004187 seconds
{Heap before GC invocations=71 (full 2):
 par new generation   total 184320K, used 183853K [0x00000000e0000000, 0x00000000ec800000, 0x00000000ec800000)
  eden space 163840K, 100% used [0x00000000e0000000, 0x00000000ea000000, 0x00000000ea000000)
  from space 20480K,  97% used [0x00000000eb400000, 0x00000000ec78b628, 0x00000000ec800000)
  to   space 20480K,   0% used [0x00000000ea000000, 0x00000000ea000000, 0x00000000eb400000)
 concurrent mark-sweep generation total 319488K, used 99969K [0x00000000ec800000, 0x0000000100000000, 0x0000000100000000)
 Metaspace       used 51531K, capacity 54053K, committed 54220K, reserved 1095680K
  class space    used 6813K, capacity 7362K, committed 7388K, reserved 1048576K
2022-12-19T21:06:40.485+0000: 55235.598: [GC (Allocation Failure) 2022-12-19T21:06:40.485+0000: 55235.598: [ParNew
Desired survivor size 10485760 bytes, new threshold 1 (max 1)
- age   1:     164272 bytes,     164272 total
: 183853K->411K(184320K), 0.0148331 secs] 283822K->101730K(503808K), 0.0150692 secs] [Times: user=0.17 sys=0.03, real=0.01 secs] 
Heap after GC invocations=72 (full 2):
 par new generation   total 184320K, used 411K [0x00000000e0000000, 0x00000000ec800000, 0x00000000ec800000)
  eden space 163840K,   0% used [0x00000000e0000000, 0x00000000e0000000, 0x00000000ea000000)
  from space 20480K,   2% used [0x00000000ea000000, 0x00000000ea066ec8, 0x00000000eb400000)
  to   space 20480K,   0% used [0x00000000eb400000, 0x00000000eb400000, 0x00000000ec800000)
 concurrent mark-sweep generation total 319488K, used 101318K [0x00000000ec800000, 0x0000000100000000, 0x0000000100000000)
 Metaspace       used 51531K, capacity 54053K, committed 54220K, reserved 1095680K
  class space    used 6813K, capacity 7362K, committed 7388K, reserved 1048576K
}
2022-12-19T21:06:40.500+0000: 55235.613: Total time for which application threads were stopped: 0.0157567 seconds, Stopping threads took: 0.0000986 seconds
2022-12-19T21:18:52.600+0000: 55967.714: Total time for which application threads were stopped: 0.0007527 seconds, Stopping threads took: 0.0001507 seconds
{Heap before GC invocations=72 (full 2):
 par new generation   total 184320K, used 164251K [0x00000000e0000000, 0x00000000ec800000, 0x00000000ec800000)
  eden space 163840K, 100% used [0x00000000e0000000, 0x00000000ea000000, 0x00000000ea000000)
  from space 20480K,   2% used [0x00000000ea000000, 0x00000000ea066ec8, 0x00000000eb400000)
  to   space 20480K,   0% used [0x00000000eb400000, 0x00000000eb400000, 0x00000000ec800000)
 concurrent mark-sweep generation total 319488K, used 101318K [0x00000000ec800000, 0x0000000100000000, 0x0000000100000000)
 Metaspace       used 51531K, capacity 54053K, committed 54220K, reserved 1095680K
  class space    used 6813K, capacity 7362K, committed 7388K, reserved 1048576K
2022-12-19T21:20:43.043+0000: 56078.156: [GC (Allocation Failure) 2022-12-19T21:20:43.043+0000: 56078.156: [ParNew
Desired survivor size 10485760 bytes, new threshold 1 (max 1)
- age   1:     162272 bytes,     162272 total
: 164251K->198K(184320K), 0.0133649 secs] 265570K->101517K(503808K), 0.0136297 secs] [Times: user=0.22 sys=0.02, real=0.01 secs] 
Heap after GC invocations=73 (full 2):
 par new generation   total 184320K, used 198K [0x00000000e0000000, 0x00000000ec800000, 0x00000000ec800000)
  eden space 163840K,   0% used [0x00000000e0000000, 0x00000000e0000000, 0x00000000ea000000)
  from space 20480K,   0% used [0x00000000eb400000, 0x00000000eb4319c0, 0x00000000ec800000)
  to   space 20480K,   0% used [0x00000000ea000000, 0x00000000ea000000, 0x00000000eb400000)
 concurrent mark-sweep generation total 319488K, used 101319K [0x00000000ec800000, 0x0000000100000000, 0x0000000100000000)
 Metaspace       used 51531K, capacity 54053K, committed 54220K, reserved 1095680K
  class space    used 6813K, capacity 7362K, committed 7388K, reserved 1048576K
}
2022-12-19T21:20:43.056+0000: 56078.170: Total time for which application threads were stopped: 0.0147756 seconds, Stopping threads took: 0.0003744 seconds
2022-12-19T21:20:44.057+0000: 56079.170: Total time for which application threads were stopped: 0.0003424 seconds, Stopping threads took: 0.0000732 seconds
2022-12-19T21:24:52.092+0000: 56327.206: Total time for which application threads were stopped: 0.0003615 seconds, Stopping threads took: 0.0000857 seconds
{Heap before GC invocations=73 (full 2):
 par new generation   total 184320K, used 164038K [0x00000000e0000000, 0x00000000ec800000, 0x00000000ec800000)
  eden space 163840K, 100% used [0x00000000e0000000, 0x00000000ea000000, 0x00000000ea000000)
  from space 20480K,   0% used [0x00000000eb400000, 0x00000000eb4319c0, 0x00000000ec800000)
  to   space 20480K,   0% used [0x00000000ea000000, 0x00000000ea000000, 0x00000000eb400000)
 concurrent mark-sweep generation total 319488K, used 101319K [0x00000000ec800000, 0x0000000100000000, 0x0000000100000000)
 Metaspace       used 51531K, capacity 54053K, committed 54220K, reserved 1095680K
  class space    used 6813K, capacity 7362K, committed 7388K, reserved 1048576K
2022-12-19T21:34:31.138+0000: 56906.251: [GC (Allocation Failure) 2022-12-19T21:34:31.138+0000: 56906.251: [ParNew
Desired survivor size 10485760 bytes, new threshold 1 (max 1)
- age   1:     162344 bytes,     162344 total
: 164038K->224K(184320K), 0.0139351 secs] 265357K->101543K(503808K), 0.0142640 secs] [Times: user=0.21 sys=0.01, real=0.02 secs] 
Heap after GC invocations=74 (full 2):
 par new generation   total 184320K, used 224K [0x00000000e0000000, 0x00000000ec800000, 0x00000000ec800000)
  eden space 163840K,   0% used [0x00000000e0000000, 0x00000000e0000000, 0x00000000ea000000)
  from space 20480K,   1% used [0x00000000ea000000, 0x00000000ea038370, 0x00000000eb400000)
  to   space 20480K,   0% used [0x00000000eb400000, 0x00000000eb400000, 0x00000000ec800000)
 concurrent mark-sweep generation total 319488K, used 101319K [0x00000000ec800000, 0x0000000100000000, 0x0000000100000000)
 Metaspace       used 51531K, capacity 54053K, committed 54220K, reserved 1095680K
  class space    used 6813K, capacity 7362K, committed 7388K, reserved 1048576K
}
2022-12-19T21:34:31.152+0000: 56906.266: Total time for which application threads were stopped: 0.0160255 seconds, Stopping threads took: 0.0004485 seconds
2022-12-19T21:36:44.170+0000: 57039.284: Total time for which application threads were stopped: 0.0003718 seconds, Stopping threads took: 0.0000925 seconds
2022-12-19T21:46:09.248+0000: 57604.362: Total time for which application threads were stopped: 0.0018545 seconds, Stopping threads took: 0.0010139 seconds
2022-12-19T21:46:10.249+0000: 57605.362: Total time for which application threads were stopped: 0.0004118 seconds, Stopping threads took: 0.0000769 seconds
2022-12-19T21:46:11.250+0000: 57606.363: Total time for which application threads were stopped: 0.0003199 seconds, Stopping threads took: 0.0000692 seconds
{Heap before GC invocations=74 (full 2):
 par new generation   total 184320K, used 164064K [0x00000000e0000000, 0x00000000ec800000, 0x00000000ec800000)
  eden space 163840K, 100% used [0x00000000e0000000, 0x00000000ea000000, 0x00000000ea000000)
  from space 20480K,   1% used [0x00000000ea000000, 0x00000000ea038370, 0x00000000eb400000)
  to   space 20480K,   0% used [0x00000000eb400000, 0x00000000eb400000, 0x00000000ec800000)
 concurrent mark-sweep generation total 319488K, used 101319K [0x00000000ec800000, 0x0000000100000000, 0x0000000100000000)
 Metaspace       used 51566K, capacity 54117K, committed 54220K, reserved 1095680K
  class space    used 6813K, capacity 7362K, committed 7388K, reserved 1048576K
2022-12-19T21:46:27.058+0000: 57622.172: [GC (Allocation Failure) 2022-12-19T21:46:27.059+0000: 57622.172: [ParNew
Desired survivor size 10485760 bytes, new threshold 1 (max 1)
- age   1:   20205112 bytes,   20205112 total
: 164064K->19820K(184320K), 0.0203443 secs] 265383K->122163K(503808K), 0.0205733 secs] [Times: user=0.43 sys=0.00, real=0.02 secs] 
Heap after GC invocations=75 (full 2):
 par new generation   total 184320K, used 19820K [0x00000000e0000000, 0x00000000ec800000, 0x00000000ec800000)
  eden space 163840K,   0% used [0x00000000e0000000, 0x00000000e0000000, 0x00000000ea000000)
  from space 20480K,  96% used [0x00000000eb400000, 0x00000000ec75b168, 0x00000000ec800000)
  to   space 20480K,   0% used [0x00000000ea000000, 0x00000000ea000000, 0x00000000eb400000)
 concurrent mark-sweep generation total 319488K, used 102343K [0x00000000ec800000, 0x0000000100000000, 0x0000000100000000)
 Metaspace       used 51566K, capacity 54117K, committed 54220K, reserved 1095680K
  class space    used 6813K, capacity 7362K, committed 7388K, reserved 1048576K
}
2022-12-19T21:46:27.079+0000: 57622.192: Total time for which application threads were stopped: 0.0212009 seconds, Stopping threads took: 0.0000927 seconds
{Heap before GC invocations=75 (full 2):
 par new generation   total 184320K, used 183660K [0x00000000e0000000, 0x00000000ec800000, 0x00000000ec800000)
  eden space 163840K, 100% used [0x00000000e0000000, 0x00000000ea000000, 0x00000000ea000000)
  from space 20480K,  96% used [0x00000000eb400000, 0x00000000ec75b168, 0x00000000ec800000)
  to   space 20480K,   0% used [0x00000000ea000000, 0x00000000ea000000, 0x00000000eb400000)
 concurrent mark-sweep generation total 319488K, used 102343K [0x00000000ec800000, 0x0000000100000000, 0x0000000100000000)
 Metaspace       used 51568K, capacity 54117K, committed 54220K, reserved 1095680K
  class space    used 6813K, capacity 7362K, committed 7388K, reserved 1048576K
2022-12-19T22:01:02.023+0000: 58497.136: [GC (Allocation Failure) 2022-12-19T22:01:02.023+0000: 58497.136: [ParNew
Desired survivor size 10485760 bytes, new threshold 1 (max 1)
- age   1:    6587040 bytes,    6587040 total
: 183660K->6604K(184320K), 0.0184390 secs] 286003K->110191K(503808K), 0.0187425 secs] [Times: user=0.22 sys=0.04, real=0.02 secs] 
Heap after GC invocations=76 (full 2):
 par new generation   total 184320K, used 6604K [0x00000000e0000000, 0x00000000ec800000, 0x00000000ec800000)
  eden space 163840K,   0% used [0x00000000e0000000, 0x00000000e0000000, 0x00000000ea000000)
  from space 20480K,  32% used [0x00000000ea000000, 0x00000000ea673068, 0x00000000eb400000)
  to   space 20480K,   0% used [0x00000000eb400000, 0x00000000eb400000, 0x00000000ec800000)
 concurrent mark-sweep generation total 319488K, used 103587K [0x00000000ec800000, 0x0000000100000000, 0x0000000100000000)
 Metaspace       used 51568K, capacity 54117K, committed 54220K, reserved 1095680K
  class space    used 6813K, capacity 7362K, committed 7388K, reserved 1048576K
}
2022-12-19T22:01:02.042+0000: 58497.155: Total time for which application threads were stopped: 0.0203116 seconds, Stopping threads took: 0.0004310 seconds
{Heap before GC invocations=76 (full 2):
 par new generation   total 184320K, used 170444K [0x00000000e0000000, 0x00000000ec800000, 0x00000000ec800000)
  eden space 163840K, 100% used [0x00000000e0000000, 0x00000000ea000000, 0x00000000ea000000)
  from space 20480K,  32% used [0x00000000ea000000, 0x00000000ea673068, 0x00000000eb400000)
  to   space 20480K,   0% used [0x00000000eb400000, 0x00000000eb400000, 0x00000000ec800000)
 concurrent mark-sweep generation total 319488K, used 103587K [0x00000000ec800000, 0x0000000100000000, 0x0000000100000000)
 Metaspace       used 51568K, capacity 54117K, committed 54220K, reserved 1095680K
  class space    used 6813K, capacity 7362K, committed 7388K, reserved 1048576K
2022-12-19T22:15:33.221+0000: 59368.335: [GC (Allocation Failure) 2022-12-19T22:15:33.222+0000: 59368.335: [ParNew
Desired survivor size 10485760 bytes, new threshold 1 (max 1)
- age   1:     159016 bytes,     159016 total
: 170444K->312K(184320K), 0.0132483 secs] 274031K->106080K(503808K), 0.0134958 secs] [Times: user=0.21 sys=0.02, real=0.01 secs] 
Heap after GC invocations=77 (full 2):
 par new generation   total 184320K, used 312K [0x00000000e0000000, 0x00000000ec800000, 0x00000000ec800000)
  eden space 163840K,   0% used [0x00000000e0000000, 0x00000000e0000000, 0x00000000ea000000)
  from space 20480K,   1% used [0x00000000eb400000, 0x00000000eb44e000, 0x00000000ec800000)
  to   space 20480K,   0% used [0x00000000ea000000, 0x00000000ea000000, 0x00000000eb400000)
 concurrent mark-sweep generation total 319488K, used 105768K [0x00000000ec800000, 0x0000000100000000, 0x0000000100000000)
 Metaspace       used 51568K, capacity 54117K, committed 54220K, reserved 1095680K
  class space    used 6813K, capacity 7362K, committed 7388K, reserved 1048576K
}
2022-12-19T22:15:33.235+0000: 59368.349: Total time for which application threads were stopped: 0.0144918 seconds, Stopping threads took: 0.0001386 seconds
{Heap before GC invocations=77 (full 2):
 par new generation   total 184320K, used 164152K [0x00000000e0000000, 0x00000000ec800000, 0x00000000ec800000)
  eden space 163840K, 100% used [0x00000000e0000000, 0x00000000ea000000, 0x00000000ea000000)
  from space 20480K,   1% used [0x00000000eb400000, 0x00000000eb44e000, 0x00000000ec800000)
  to   space 20480K,   0% used [0x00000000ea000000, 0x00000000ea000000, 0x00000000eb400000)
 concurrent mark-sweep generation total 319488K, used 105768K [0x00000000ec800000, 0x0000000100000000, 0x0000000100000000)
 Metaspace       used 51568K, capacity 54117K, committed 54220K, reserved 1095680K
  class space    used 6813K, capacity 7362K, committed 7388K, reserved 1048576K
2022-12-19T22:29:53.793+0000: 60228.907: [GC (Allocation Failure) 2022-12-19T22:29:53.793+0000: 60228.907: [ParNew
Desired survivor size 10485760 bytes, new threshold 1 (max 1)
- age   1:     159384 bytes,     159384 total
: 164152K->216K(184320K), 0.0134881 secs] 269920K->105985K(503808K), 0.0137226 secs] [Times: user=0.22 sys=0.00, real=0.01 secs] 
Heap after GC invocations=78 (full 2):
 par new generation   total 184320K, used 216K [0x00000000e0000000, 0x00000000ec800000, 0x00000000ec800000)
  eden space 163840K,   0% used [0x00000000e0000000, 0x00000000e0000000, 0x00000000ea000000)
  from space 20480K,   1% used [0x00000000ea000000, 0x00000000ea036300, 0x00000000eb400000)
  to   space 20480K,   0% used [0x00000000eb400000, 0x00000000eb400000, 0x00000000ec800000)
 concurrent mark-sweep generation total 319488K, used 105768K [0x00000000ec800000, 0x0000000100000000, 0x0000000100000000)
 Metaspace       used 51568K, capacity 54117K, committed 54220K, reserved 1095680K
  class space    used 6813K, capacity 7362K, committed 7388K, reserved 1048576K
}
2022-12-19T22:29:53.807+0000: 60228.920: Total time for which application threads were stopped: 0.0151858 seconds, Stopping threads took: 0.0004217 seconds
{Heap before GC invocations=78 (full 2):
 par new generation   total 184320K, used 164056K [0x00000000e0000000, 0x00000000ec800000, 0x00000000ec800000)
  eden space 163840K, 100% used [0x00000000e0000000, 0x00000000ea000000, 0x00000000ea000000)
  from space 20480K,   1% used [0x00000000ea000000, 0x00000000ea036300, 0x00000000eb400000)
  to   space 20480K,   0% used [0x00000000eb400000, 0x00000000eb400000, 0x00000000ec800000)
 concurrent mark-sweep generation total 319488K, used 105768K [0x00000000ec800000, 0x0000000100000000, 0x0000000100000000)
 Metaspace       used 51568K, capacity 54117K, committed 54220K, reserved 1095680K
  class space    used 6813K, capacity 7362K, committed 7388K, reserved 1048576K
2022-12-19T22:43:59.633+0000: 61074.746: [GC (Allocation Failure) 2022-12-19T22:43:59.633+0000: 61074.746: [ParNew
Desired survivor size 10485760 bytes, new threshold 1 (max 1)
- age   1:     158824 bytes,     158824 total
: 164056K->212K(184320K), 0.0133697 secs] 269825K->105981K(503808K), 0.0136351 secs] [Times: user=0.19 sys=0.05, real=0.01 secs] 
Heap after GC invocations=79 (full 2):
 par new generation   total 184320K, used 212K [0x00000000e0000000, 0x00000000ec800000, 0x00000000ec800000)
  eden space 163840K,   0% used [0x00000000e0000000, 0x00000000e0000000, 0x00000000ea000000)
  from space 20480K,   1% used [0x00000000eb400000, 0x00000000eb4350c0, 0x00000000ec800000)
  to   space 20480K,   0% used [0x00000000ea000000, 0x00000000ea000000, 0x00000000eb400000)
 concurrent mark-sweep generation total 319488K, used 105769K [0x00000000ec800000, 0x0000000100000000, 0x0000000100000000)
 Metaspace       used 51568K, capacity 54117K, committed 54220K, reserved 1095680K
  class space    used 6813K, capacity 7362K, committed 7388K, reserved 1048576K
}
2022-12-19T22:43:59.647+0000: 61074.760: Total time for which application threads were stopped: 0.0147981 seconds, Stopping threads took: 0.0003327 seconds
2022-12-19T22:46:09.665+0000: 61204.779: Total time for which application threads were stopped: 0.0005897 seconds, Stopping threads took: 0.0000843 seconds
2022-12-19T22:46:10.666+0000: 61205.779: Total time for which application threads were stopped: 0.0003413 seconds, Stopping threads took: 0.0000814 seconds
2022-12-19T22:46:44.672+0000: 61239.785: Total time for which application threads were stopped: 0.0009396 seconds, Stopping threads took: 0.0002306 seconds
2022-12-19T22:56:24.759+0000: 61819.873: Total time for which application threads were stopped: 0.0008600 seconds, Stopping threads took: 0.0003246 seconds
{Heap before GC invocations=79 (full 2):
 par new generation   total 184320K, used 164052K [0x00000000e0000000, 0x00000000ec800000, 0x00000000ec800000)
  eden space 163840K, 100% used [0x00000000e0000000, 0x00000000ea000000, 0x00000000ea000000)
  from space 20480K,   1% used [0x00000000eb400000, 0x00000000eb4350c0, 0x00000000ec800000)
  to   space 20480K,   0% used [0x00000000ea000000, 0x00000000ea000000, 0x00000000eb400000)
 concurrent mark-sweep generation total 319488K, used 105769K [0x00000000ec800000, 0x0000000100000000, 0x0000000100000000)
 Metaspace       used 51582K, capacity 54117K, committed 54220K, reserved 1095680K
  class space    used 6813K, capacity 7362K, committed 7388K, reserved 1048576K
2022-12-19T22:56:44.105+0000: 61839.219: [GC (Allocation Failure) 2022-12-19T22:56:44.106+0000: 61839.219: [ParNew
Desired survivor size 10485760 bytes, new threshold 1 (max 1)
- age   1:   20305120 bytes,   20305120 total
: 164052K->19887K(184320K), 0.0159797 secs] 269821K->126819K(503808K), 0.0162257 secs] [Times: user=0.20 sys=0.07, real=0.02 secs] 
Heap after GC invocations=80 (full 2):
 par new generation   total 184320K, used 19887K [0x00000000e0000000, 0x00000000ec800000, 0x00000000ec800000)
  eden space 163840K,   0% used [0x00000000e0000000, 0x00000000e0000000, 0x00000000ea000000)
  from space 20480K,  97% used [0x00000000ea000000, 0x00000000eb36bc38, 0x00000000eb400000)
  to   space 20480K,   0% used [0x00000000eb400000, 0x00000000eb400000, 0x00000000ec800000)
 concurrent mark-sweep generation total 319488K, used 106932K [0x00000000ec800000, 0x0000000100000000, 0x0000000100000000)
 Metaspace       used 51582K, capacity 54117K, committed 54220K, reserved 1095680K
  class space    used 6813K, capacity 7362K, committed 7388K, reserved 1048576K
}
2022-12-19T22:56:44.122+0000: 61839.235: Total time for which application threads were stopped: 0.0168892 seconds, Stopping threads took: 0.0000702 seconds
2022-12-19T23:08:03.217+0000: 62518.330: Total time for which application threads were stopped: 0.0012233 seconds, Stopping threads took: 0.0003984 seconds
{Heap before GC invocations=80 (full 2):
 par new generation   total 184320K, used 183727K [0x00000000e0000000, 0x00000000ec800000, 0x00000000ec800000)
  eden space 163840K, 100% used [0x00000000e0000000, 0x00000000ea000000, 0x00000000ea000000)
  from space 20480K,  97% used [0x00000000ea000000, 0x00000000eb36bc38, 0x00000000eb400000)
  to   space 20480K,   0% used [0x00000000eb400000, 0x00000000eb400000, 0x00000000ec800000)
 concurrent mark-sweep generation total 319488K, used 106932K [0x00000000ec800000, 0x0000000100000000, 0x0000000100000000)
 Metaspace       used 51582K, capacity 54117K, committed 54220K, reserved 1095680K
  class space    used 6813K, capacity 7362K, committed 7388K, reserved 1048576K
2022-12-19T23:11:10.425+0000: 62705.539: [GC (Allocation Failure) 2022-12-19T23:11:10.425+0000: 62705.539: [ParNew
Desired survivor size 10485760 bytes, new threshold 1 (max 1)
- age   1:     161728 bytes,     161728 total
: 183727K->351K(184320K), 0.0227105 secs] 290659K->109534K(503808K), 0.0229522 secs] [Times: user=0.45 sys=0.00, real=0.03 secs] 
Heap after GC invocations=81 (full 2):
 par new generation   total 184320K, used 351K [0x00000000e0000000, 0x00000000ec800000, 0x00000000ec800000)
  eden space 163840K,   0% used [0x00000000e0000000, 0x00000000e0000000, 0x00000000ea000000)
  from space 20480K,   1% used [0x00000000eb400000, 0x00000000eb457f00, 0x00000000ec800000)
  to   space 20480K,   0% used [0x00000000ea000000, 0x00000000ea000000, 0x00000000eb400000)
 concurrent mark-sweep generation total 319488K, used 109183K [0x00000000ec800000, 0x0000000100000000, 0x0000000100000000)
 Metaspace       used 51582K, capacity 54117K, committed 54220K, reserved 1095680K
  class space    used 6813K, capacity 7362K, committed 7388K, reserved 1048576K
}
2022-12-19T23:11:10.448+0000: 62705.562: Total time for which application threads were stopped: 0.0236172 seconds, Stopping threads took: 0.0000963 seconds
{Heap before GC invocations=81 (full 2):
 par new generation   total 184320K, used 164191K [0x00000000e0000000, 0x00000000ec800000, 0x00000000ec800000)
  eden space 163840K, 100% used [0x00000000e0000000, 0x00000000ea000000, 0x00000000ea000000)
  from space 20480K,   1% used [0x00000000eb400000, 0x00000000eb457f00, 0x00000000ec800000)
  to   space 20480K,   0% used [0x00000000ea000000, 0x00000000ea000000, 0x00000000eb400000)
 concurrent mark-sweep generation total 319488K, used 109183K [0x00000000ec800000, 0x0000000100000000, 0x0000000100000000)
 Metaspace       used 51582K, capacity 54117K, committed 54220K, reserved 1095680K
  class space    used 6813K, capacity 7362K, committed 7388K, reserved 1048576K
2022-12-19T23:25:11.995+0000: 63547.109: [GC (Allocation Failure) 2022-12-19T23:25:11.995+0000: 63547.109: [ParNew
Desired survivor size 10485760 bytes, new threshold 1 (max 1)
- age   1:     161224 bytes,     161224 total
: 164191K->208K(184320K), 0.0142612 secs] 273374K->109392K(503808K), 0.0144852 secs] [Times: user=0.24 sys=0.00, real=0.02 secs] 
Heap after GC invocations=82 (full 2):
 par new generation   total 184320K, used 208K [0x00000000e0000000, 0x00000000ec800000, 0x00000000ec800000)
  eden space 163840K,   0% used [0x00000000e0000000, 0x00000000e0000000, 0x00000000ea000000)
  from space 20480K,   1% used [0x00000000ea000000, 0x00000000ea0343d0, 0x00000000eb400000)
  to   space 20480K,   0% used [0x00000000eb400000, 0x00000000eb400000, 0x00000000ec800000)
 concurrent mark-sweep generation total 319488K, used 109183K [0x00000000ec800000, 0x0000000100000000, 0x0000000100000000)
 Metaspace       used 51582K, capacity 54117K, committed 54220K, reserved 1095680K
  class space    used 6813K, capacity 7362K, committed 7388K, reserved 1048576K
}
2022-12-19T23:25:12.010+0000: 63547.123: Total time for which application threads were stopped: 0.0153887 seconds, Stopping threads took: 0.0001374 seconds
2022-12-19T23:26:25.021+0000: 63620.134: Total time for which application threads were stopped: 0.0009207 seconds, Stopping threads took: 0.0003719 seconds
2022-12-19T23:33:03.078+0000: 64018.192: Total time for which application threads were stopped: 0.0003946 seconds, Stopping threads took: 0.0000921 seconds
{Heap before GC invocations=82 (full 2):
 par new generation   total 184320K, used 164048K [0x00000000e0000000, 0x00000000ec800000, 0x00000000ec800000)
  eden space 163840K, 100% used [0x00000000e0000000, 0x00000000ea000000, 0x00000000ea000000)
  from space 20480K,   1% used [0x00000000ea000000, 0x00000000ea0343d0, 0x00000000eb400000)
  to   space 20480K,   0% used [0x00000000eb400000, 0x00000000eb400000, 0x00000000ec800000)
 concurrent mark-sweep generation total 319488K, used 109183K [0x00000000ec800000, 0x0000000100000000, 0x0000000100000000)
 Metaspace       used 51583K, capacity 54117K, committed 54220K, reserved 1095680K
  class space    used 6813K, capacity 7362K, committed 7388K, reserved 1048576K
2022-12-19T23:39:11.559+0000: 64386.673: [GC (Allocation Failure) 2022-12-19T23:39:11.559+0000: 64386.673: [ParNew
Desired survivor size 10485760 bytes, new threshold 1 (max 1)
- age   1:     162600 bytes,     162600 total
: 164048K->207K(184320K), 0.0139116 secs] 273232K->109391K(503808K), 0.0141614 secs] [Times: user=0.23 sys=0.01, real=0.02 secs] 
Heap after GC invocations=83 (full 2):
 par new generation   total 184320K, used 207K [0x00000000e0000000, 0x00000000ec800000, 0x00000000ec800000)
  eden space 163840K,   0% used [0x00000000e0000000, 0x00000000e0000000, 0x00000000ea000000)
  from space 20480K,   1% used [0x00000000eb400000, 0x00000000eb433e28, 0x00000000ec800000)
  to   space 20480K,   0% used [0x00000000ea000000, 0x00000000ea000000, 0x00000000eb400000)
 concurrent mark-sweep generation total 319488K, used 109183K [0x00000000ec800000, 0x0000000100000000, 0x0000000100000000)
 Metaspace       used 51583K, capacity 54117K, committed 54220K, reserved 1095680K
  class space    used 6813K, capacity 7362K, committed 7388K, reserved 1048576K
}
2022-12-19T23:39:11.574+0000: 64386.687: Total time for which application threads were stopped: 0.0154215 seconds, Stopping threads took: 0.0001562 seconds
2022-12-19T23:46:09.636+0000: 64804.750: Total time for which application threads were stopped: 0.0008445 seconds, Stopping threads took: 0.0003303 seconds
2022-12-19T23:46:11.637+0000: 64806.750: Total time for which application threads were stopped: 0.0003083 seconds, Stopping threads took: 0.0000745 seconds
{Heap before GC invocations=83 (full 2):
 par new generation   total 184320K, used 164047K [0x00000000e0000000, 0x00000000ec800000, 0x00000000ec800000)
  eden space 163840K, 100% used [0x00000000e0000000, 0x00000000ea000000, 0x00000000ea000000)
  from space 20480K,   1% used [0x00000000eb400000, 0x00000000eb433e28, 0x00000000ec800000)
  to   space 20480K,   0% used [0x00000000ea000000, 0x00000000ea000000, 0x00000000eb400000)
 concurrent mark-sweep generation total 319488K, used 109183K [0x00000000ec800000, 0x0000000100000000, 0x0000000100000000)
 Metaspace       used 51584K, capacity 54117K, committed 54220K, reserved 1095680K
  class space    used 6813K, capacity 7362K, committed 7388K, reserved 1048576K
2022-12-19T23:52:06.076+0000: 65161.190: [GC (Allocation Failure) 2022-12-19T23:52:06.077+0000: 65161.190: [ParNew
Desired survivor size 10485760 bytes, new threshold 1 (max 1)
- age   1:   20422968 bytes,   20422968 total
: 164047K->20017K(184320K), 0.0160362 secs] 273231K->130225K(503808K), 0.0162969 secs] [Times: user=0.20 sys=0.07, real=0.02 secs] 
Heap after GC invocations=84 (full 2):
 par new generation   total 184320K, used 20017K [0x00000000e0000000, 0x00000000ec800000, 0x00000000ec800000)
  eden space 163840K,   0% used [0x00000000e0000000, 0x00000000e0000000, 0x00000000ea000000)
  from space 20480K,  97% used [0x00000000ea000000, 0x00000000eb38c6a8, 0x00000000eb400000)
  to   space 20480K,   0% used [0x00000000eb400000, 0x00000000eb400000, 0x00000000ec800000)
 concurrent mark-sweep generation total 319488K, used 110208K [0x00000000ec800000, 0x0000000100000000, 0x0000000100000000)
 Metaspace       used 51584K, capacity 54117K, committed 54220K, reserved 1095680K
  class space    used 6813K, capacity 7362K, committed 7388K, reserved 1048576K
}
2022-12-19T23:52:06.093+0000: 65161.206: Total time for which application threads were stopped: 0.0173063 seconds, Stopping threads took: 0.0001417 seconds
2022-12-19T23:53:16.103+0000: 65231.216: Total time for which application threads were stopped: 0.0003768 seconds, Stopping threads took: 0.0000889 seconds
2022-12-20T00:00:08.163+0000: 65643.276: Total time for which application threads were stopped: 0.0008849 seconds, Stopping threads took: 0.0002901 seconds
2022-12-20T00:04:08.199+0000: 65883.313: Total time for which application threads were stopped: 0.0007120 seconds, Stopping threads took: 0.0001439 seconds
{Heap before GC invocations=84 (full 2):
 par new generation   total 184320K, used 183857K [0x00000000e0000000, 0x00000000ec800000, 0x00000000ec800000)
  eden space 163840K, 100% used [0x00000000e0000000, 0x00000000ea000000, 0x00000000ea000000)
  from space 20480K,  97% used [0x00000000ea000000, 0x00000000eb38c6a8, 0x00000000eb400000)
  to   space 20480K,   0% used [0x00000000eb400000, 0x00000000eb400000, 0x00000000ec800000)
 concurrent mark-sweep generation total 319488K, used 110208K [0x00000000ec800000, 0x0000000100000000, 0x0000000100000000)
 Metaspace       used 51642K, capacity 54213K, committed 54348K, reserved 1095680K
  class space    used 6818K, capacity 7394K, committed 7516K, reserved 1048576K
2022-12-20T00:06:12.647+0000: 66007.761: [GC (Allocation Failure) 2022-12-20T00:06:12.647+0000: 66007.761: [ParNew
Desired survivor size 10485760 bytes, new threshold 1 (max 1)
- age   1:     183816 bytes,     183816 total
: 183857K->443K(184320K), 0.0194582 secs] 294065K->113024K(503808K), 0.0196693 secs] [Times: user=0.31 sys=0.02, real=0.02 secs] 
Heap after GC invocations=85 (full 2):
 par new generation   total 184320K, used 443K [0x00000000e0000000, 0x00000000ec800000, 0x00000000ec800000)
  eden space 163840K,   0% used [0x00000000e0000000, 0x00000000e0000000, 0x00000000ea000000)
  from space 20480K,   2% used [0x00000000eb400000, 0x00000000eb46ef30, 0x00000000ec800000)
  to   space 20480K,   0% used [0x00000000ea000000, 0x00000000ea000000, 0x00000000eb400000)
 concurrent mark-sweep generation total 319488K, used 112581K [0x00000000ec800000, 0x0000000100000000, 0x0000000100000000)
 Metaspace       used 51642K, capacity 54213K, committed 54348K, reserved 1095680K
  class space    used 6818K, capacity 7394K, committed 7516K, reserved 1048576K
}
2022-12-20T00:06:12.667+0000: 66007.781: Total time for which application threads were stopped: 0.0203408 seconds, Stopping threads took: 0.0000954 seconds
{Heap before GC invocations=85 (full 2):
 par new generation   total 184320K, used 164283K [0x00000000e0000000, 0x00000000ec800000, 0x00000000ec800000)
  eden space 163840K, 100% used [0x00000000e0000000, 0x00000000ea000000, 0x00000000ea000000)
  from space 20480K,   2% used [0x00000000eb400000, 0x00000000eb46ef30, 0x00000000ec800000)
  to   space 20480K,   0% used [0x00000000ea000000, 0x00000000ea000000, 0x00000000eb400000)
 concurrent mark-sweep generation total 319488K, used 112581K [0x00000000ec800000, 0x0000000100000000, 0x0000000100000000)
 Metaspace       used 51642K, capacity 54213K, committed 54348K, reserved 1095680K
  class space    used 6818K, capacity 7394K, committed 7516K, reserved 1048576K
2022-12-20T00:20:14.888+0000: 66850.002: [GC (Allocation Failure) 2022-12-20T00:20:14.888+0000: 66850.002: [ParNew
Desired survivor size 10485760 bytes, new threshold 1 (max 1)
- age   1:     162904 bytes,     162904 total
: 164283K->228K(184320K), 0.0130951 secs] 276864K->112823K(503808K), 0.0133176 secs] [Times: user=0.19 sys=0.02, real=0.01 secs] 
Heap after GC invocations=86 (full 2):
 par new generation   total 184320K, used 228K [0x00000000e0000000, 0x00000000ec800000, 0x00000000ec800000)
  eden space 163840K,   0% used [0x00000000e0000000, 0x00000000e0000000, 0x00000000ea000000)
  from space 20480K,   1% used [0x00000000ea000000, 0x00000000ea039210, 0x00000000eb400000)
  to   space 20480K,   0% used [0x00000000eb400000, 0x00000000eb400000, 0x00000000ec800000)
 concurrent mark-sweep generation total 319488K, used 112595K [0x00000000ec800000, 0x0000000100000000, 0x0000000100000000)
 Metaspace       used 51642K, capacity 54213K, committed 54348K, reserved 1095680K
  class space    used 6818K, capacity 7394K, committed 7516K, reserved 1048576K
}
2022-12-20T00:20:14.902+0000: 66850.015: Total time for which application threads were stopped: 0.0148583 seconds, Stopping threads took: 0.0004092 seconds
{Heap before GC invocations=86 (full 2):
 par new generation   total 184320K, used 164068K [0x00000000e0000000, 0x00000000ec800000, 0x00000000ec800000)
  eden space 163840K, 100% used [0x00000000e0000000, 0x00000000ea000000, 0x00000000ea000000)
  from space 20480K,   1% used [0x00000000ea000000, 0x00000000ea039210, 0x00000000eb400000)
  to   space 20480K,   0% used [0x00000000eb400000, 0x00000000eb400000, 0x00000000ec800000)
 concurrent mark-sweep generation total 319488K, used 112595K [0x00000000ec800000, 0x0000000100000000, 0x0000000100000000)
 Metaspace       used 51642K, capacity 54213K, committed 54348K, reserved 1095680K
  class space    used 6818K, capacity 7394K, committed 7516K, reserved 1048576K
2022-12-20T00:34:16.432+0000: 67691.545: [GC (Allocation Failure) 2022-12-20T00:34:16.432+0000: 67691.545: [ParNew
Desired survivor size 10485760 bytes, new threshold 1 (max 1)
- age   1:     162528 bytes,     162528 total
: 164068K->221K(184320K), 0.0120371 secs] 276663K->112816K(503808K), 0.0122306 secs] [Times: user=0.21 sys=0.00, real=0.01 secs] 
