OpenJDK 64-Bit Server VM (25.342-b07) for linux-amd64 JRE (1.8.0_342-b07), built on Jul 16 2022 09:19:19 by "openjdk" with gcc 4.4.7 20120313 (Red Hat 4.4.7-23)
Memory: 4k page, physical 196692516k(169558252k free), swap 3145724k(3145724k free)
CommandLine flags: -XX:+AlwaysPreTouch -XX:+CMSClassUnloadingEnabled -XX:+CMSEdenChunksRecordAlways -XX:CMSInitiatingOccupancyFraction=75 -XX:+CMSParallelInitialMarkEnabled -XX:+CMSParallelRemarkEnabled -XX:CMSWaitDuration=10000 -XX:CompileCommandFile=/etc/apache-cassandra-4.0.7/hotspot_compiler -XX:GCLogFileSize=10485760 -XX:+HeapDumpOnOutOfMemoryError -XX:InitialHeapSize=536870912 -XX:InitialTenuringThreshold=1 -XX:+ManagementServer -XX:MaxHeapSize=536870912 -XX:MaxNewSize=209715200 -XX:MaxTenuringThreshold=1 -XX:NewSize=209715200 -XX:NumberOfGCLogFiles=10 -XX:OldPLABSize=16 -XX:OnOutOfMemoryError=kill -9 %p -XX:+PerfDisableSharedMem -XX:+PrintGC -XX:+PrintGCApplicationStoppedTime -XX:+PrintGCDateStamps -XX:+PrintGCDetails -XX:+PrintGCTimeStamps -XX:+PrintHeapAtGC -XX:+PrintPromotionFailure -XX:+PrintTenuringDistribution -XX:+ResizeTLAB -XX:SurvivorRatio=8 -XX:ThreadPriorityPolicy=42 -XX:ThreadStackSize=256 -XX:-UseBiasedLocking -XX:+UseCMSInitiatingOccupancyOnly -XX:+UseCompressedClassPointers -XX:+UseCompressedOops -XX:+UseConcMarkSweepGC -XX:+UseCondCardMark -XX:+UseGCLogFileRotation -XX:-UseNUMA -XX:+UseParNewGC -XX:+UseTLAB -XX:+UseThreadPriorities 
2022-12-19T05:43:55.626+0000: 0.573: Total time for which application threads were stopped: 0.0002250 seconds, Stopping threads took: 0.0000566 seconds
2022-12-19T05:43:56.176+0000: 1.123: Total time for which application threads were stopped: 0.0004746 seconds, Stopping threads took: 0.0000433 seconds
2022-12-19T05:43:56.245+0000: 1.192: Total time for which application threads were stopped: 0.0002484 seconds, Stopping threads took: 0.0000457 seconds
2022-12-19T05:43:56.357+0000: 1.304: Total time for which application threads were stopped: 0.0003830 seconds, Stopping threads took: 0.0000528 seconds
2022-12-19T05:43:56.361+0000: 1.308: Total time for which application threads were stopped: 0.0002682 seconds, Stopping threads took: 0.0000516 seconds
2022-12-19T05:43:56.362+0000: 1.309: Total time for which application threads were stopped: 0.0001812 seconds, Stopping threads took: 0.0000444 seconds
2022-12-19T05:43:56.371+0000: 1.318: Total time for which application threads were stopped: 0.0003200 seconds, Stopping threads took: 0.0000571 seconds
2022-12-19T05:43:56.405+0000: 1.352: Total time for which application threads were stopped: 0.0002853 seconds, Stopping threads took: 0.0000435 seconds
2022-12-19T05:43:56.441+0000: 1.388: Total time for which application threads were stopped: 0.0002481 seconds, Stopping threads took: 0.0000373 seconds
2022-12-19T05:43:56.501+0000: 1.448: Total time for which application threads were stopped: 0.0002856 seconds, Stopping threads took: 0.0000364 seconds
2022-12-19T05:43:56.543+0000: 1.490: Total time for which application threads were stopped: 0.0004340 seconds, Stopping threads took: 0.0000631 seconds
2022-12-19T05:43:56.605+0000: 1.552: Total time for which application threads were stopped: 0.0003141 seconds, Stopping threads took: 0.0000377 seconds
2022-12-19T05:43:56.785+0000: 1.732: Total time for which application threads were stopped: 0.0003698 seconds, Stopping threads took: 0.0000375 seconds
2022-12-19T05:43:56.816+0000: 1.763: Total time for which application threads were stopped: 0.0002596 seconds, Stopping threads took: 0.0000247 seconds
2022-12-19T05:43:56.831+0000: 1.778: Total time for which application threads were stopped: 0.0003689 seconds, Stopping threads took: 0.0000344 seconds
2022-12-19T05:43:56.833+0000: 1.780: Total time for which application threads were stopped: 0.0003643 seconds, Stopping threads took: 0.0000269 seconds
2022-12-19T05:43:56.839+0000: 1.786: Total time for which application threads were stopped: 0.0005309 seconds, Stopping threads took: 0.0000888 seconds
2022-12-19T05:43:56.845+0000: 1.792: Total time for which application threads were stopped: 0.0004474 seconds, Stopping threads took: 0.0000956 seconds
2022-12-19T05:43:56.860+0000: 1.807: Total time for which application threads were stopped: 0.0005858 seconds, Stopping threads took: 0.0000632 seconds
2022-12-19T05:43:56.880+0000: 1.827: Total time for which application threads were stopped: 0.0003449 seconds, Stopping threads took: 0.0000354 seconds
2022-12-19T05:43:56.890+0000: 1.837: Total time for which application threads were stopped: 0.0003055 seconds, Stopping threads took: 0.0000346 seconds
2022-12-19T05:43:56.891+0000: 1.838: Total time for which application threads were stopped: 0.0002445 seconds, Stopping threads took: 0.0000247 seconds
2022-12-19T05:43:56.902+0000: 1.849: Total time for which application threads were stopped: 0.0002906 seconds, Stopping threads took: 0.0000395 seconds
2022-12-19T05:43:56.912+0000: 1.859: Total time for which application threads were stopped: 0.0003229 seconds, Stopping threads took: 0.0000804 seconds
2022-12-19T05:43:57.142+0000: 2.089: Total time for which application threads were stopped: 0.2134672 seconds, Stopping threads took: 0.2129169 seconds
2022-12-19T05:43:57.171+0000: 2.118: Total time for which application threads were stopped: 0.0005664 seconds, Stopping threads took: 0.0000943 seconds
2022-12-19T05:43:57.201+0000: 2.149: Total time for which application threads were stopped: 0.0005485 seconds, Stopping threads took: 0.0000584 seconds
2022-12-19T05:43:57.234+0000: 2.181: Total time for which application threads were stopped: 0.0005318 seconds, Stopping threads took: 0.0000569 seconds
2022-12-19T05:43:57.251+0000: 2.198: Total time for which application threads were stopped: 0.0003896 seconds, Stopping threads took: 0.0000662 seconds
2022-12-19T05:43:57.265+0000: 2.212: Total time for which application threads were stopped: 0.0006450 seconds, Stopping threads took: 0.0000689 seconds
2022-12-19T05:43:57.294+0000: 2.241: Total time for which application threads were stopped: 0.0003199 seconds, Stopping threads took: 0.0000436 seconds
2022-12-19T05:43:57.336+0000: 2.283: Total time for which application threads were stopped: 0.0004940 seconds, Stopping threads took: 0.0000638 seconds
2022-12-19T05:43:57.398+0000: 2.345: Total time for which application threads were stopped: 0.0005693 seconds, Stopping threads took: 0.0000585 seconds
2022-12-19T05:43:57.547+0000: 2.494: Total time for which application threads were stopped: 0.0006215 seconds, Stopping threads took: 0.0000727 seconds
2022-12-19T05:43:57.577+0000: 2.524: Total time for which application threads were stopped: 0.0005987 seconds, Stopping threads took: 0.0000806 seconds
2022-12-19T05:43:57.603+0000: 2.550: Total time for which application threads were stopped: 0.0005990 seconds, Stopping threads took: 0.0000743 seconds
2022-12-19T05:43:57.637+0000: 2.584: Total time for which application threads were stopped: 0.0004858 seconds, Stopping threads took: 0.0000885 seconds
2022-12-19T05:43:57.661+0000: 2.608: Total time for which application threads were stopped: 0.0004566 seconds, Stopping threads took: 0.0001180 seconds
2022-12-19T05:43:57.681+0000: 2.628: Total time for which application threads were stopped: 0.0005726 seconds, Stopping threads took: 0.0000652 seconds
2022-12-19T05:43:57.735+0000: 2.682: Total time for which application threads were stopped: 0.0013775 seconds, Stopping threads took: 0.0004998 seconds
{Heap before GC invocations=0 (full 0):
 par new generation   total 184320K, used 163840K [0x00000000e0000000, 0x00000000ec800000, 0x00000000ec800000)
  eden space 163840K, 100% used [0x00000000e0000000, 0x00000000ea000000, 0x00000000ea000000)
  from space 20480K,   0% used [0x00000000ea000000, 0x00000000ea000000, 0x00000000eb400000)
  to   space 20480K,   0% used [0x00000000eb400000, 0x00000000eb400000, 0x00000000ec800000)
 concurrent mark-sweep generation total 319488K, used 0K [0x00000000ec800000, 0x0000000100000000, 0x0000000100000000)
 Metaspace       used 28362K, capacity 28790K, committed 28932K, reserved 1075200K
  class space    used 3244K, capacity 3403K, committed 3448K, reserved 1048576K
2022-12-19T05:43:57.775+0000: 2.722: [GC (Allocation Failure) 2022-12-19T05:43:57.775+0000: 2.722: [ParNew
Desired survivor size 10485760 bytes, new threshold 1 (max 1)
- age   1:   19236320 bytes,   19236320 total
: 163840K->18920K(184320K), 0.0295860 secs] 163840K->18920K(503808K), 0.0297171 secs] [Times: user=0.21 sys=0.03, real=0.03 secs] 
Heap after GC invocations=1 (full 0):
 par new generation   total 184320K, used 18920K [0x00000000e0000000, 0x00000000ec800000, 0x00000000ec800000)
  eden space 163840K,   0% used [0x00000000e0000000, 0x00000000e0000000, 0x00000000ea000000)
  from space 20480K,  92% used [0x00000000eb400000, 0x00000000ec67a3d8, 0x00000000ec800000)
  to   space 20480K,   0% used [0x00000000ea000000, 0x00000000ea000000, 0x00000000eb400000)
 concurrent mark-sweep generation total 319488K, used 0K [0x00000000ec800000, 0x0000000100000000, 0x0000000100000000)
 Metaspace       used 28362K, capacity 28790K, committed 28932K, reserved 1075200K
  class space    used 3244K, capacity 3403K, committed 3448K, reserved 1048576K
}
2022-12-19T05:43:57.805+0000: 2.752: Total time for which application threads were stopped: 0.0302435 seconds, Stopping threads took: 0.0001453 seconds
2022-12-19T05:43:57.805+0000: 2.752: [GC (CMS Initial Mark) [1 CMS-initial-mark: 0K(319488K)] 18929K(503808K), 0.0028468 secs] [Times: user=0.03 sys=0.01, real=0.00 secs] 
2022-12-19T05:43:57.808+0000: 2.755: Total time for which application threads were stopped: 0.0030265 seconds, Stopping threads took: 0.0000805 seconds
2022-12-19T05:43:57.808+0000: 2.755: [CMS-concurrent-mark-start]
2022-12-19T05:43:57.808+0000: 2.755: [CMS-concurrent-mark: 0.000/0.000 secs] [Times: user=0.00 sys=0.00, real=0.00 secs] 
2022-12-19T05:43:57.808+0000: 2.755: [CMS-concurrent-preclean-start]
2022-12-19T05:43:57.809+0000: 2.756: [CMS-concurrent-preclean: 0.001/0.001 secs] [Times: user=0.00 sys=0.00, real=0.01 secs] 
2022-12-19T05:43:57.809+0000: 2.756: [CMS-concurrent-abortable-preclean-start]
2022-12-19T05:43:57.811+0000: 2.758: Total time for which application threads were stopped: 0.0003453 seconds, Stopping threads took: 0.0000936 seconds
2022-12-19T05:43:57.846+0000: 2.794: Total time for which application threads were stopped: 0.0002565 seconds, Stopping threads took: 0.0000881 seconds
2022-12-19T05:43:57.875+0000: 2.822: Total time for which application threads were stopped: 0.0006498 seconds, Stopping threads took: 0.0000655 seconds
2022-12-19T05:43:57.893+0000: 2.840: Total time for which application threads were stopped: 0.0002826 seconds, Stopping threads took: 0.0000620 seconds
2022-12-19T05:43:57.939+0000: 2.886: Total time for which application threads were stopped: 0.0002614 seconds, Stopping threads took: 0.0000318 seconds
2022-12-19T05:43:57.964+0000: 2.911: Total time for which application threads were stopped: 0.0003851 seconds, Stopping threads took: 0.0000912 seconds
2022-12-19T05:43:58.007+0000: 2.954: Total time for which application threads were stopped: 0.0004251 seconds, Stopping threads took: 0.0001177 seconds
2022-12-19T05:43:58.036+0000: 2.983: Total time for which application threads were stopped: 0.0002931 seconds, Stopping threads took: 0.0000605 seconds
2022-12-19T05:43:58.472+0000: 3.419: [CMS-concurrent-abortable-preclean: 0.319/0.663 secs] [Times: user=2.56 sys=0.12, real=0.66 secs] 
2022-12-19T05:43:58.473+0000: 3.420: [GC (CMS Final Remark) [YG occupancy: 160357 K (184320 K)]2022-12-19T05:43:58.473+0000: 3.420: [Rescan (parallel) , 0.0281205 secs]2022-12-19T05:43:58.501+0000: 3.448: [weak refs processing, 0.0000311 secs]2022-12-19T05:43:58.501+0000: 3.448: [class unloading, 0.0106204 secs]2022-12-19T05:43:58.512+0000: 3.459: [scrub symbol table, 0.0045668 secs]2022-12-19T05:43:58.516+0000: 3.463: [scrub string table, 0.0006000 secs][1 CMS-remark: 0K(319488K)] 160357K(503808K), 0.0449377 secs] [Times: user=0.73 sys=0.00, real=0.04 secs] 
2022-12-19T05:43:58.518+0000: 3.465: Total time for which application threads were stopped: 0.0452128 seconds, Stopping threads took: 0.0000770 seconds
2022-12-19T05:43:58.518+0000: 3.465: [CMS-concurrent-sweep-start]
2022-12-19T05:43:58.518+0000: 3.465: [CMS-concurrent-sweep: 0.000/0.000 secs] [Times: user=0.00 sys=0.00, real=0.00 secs] 
2022-12-19T05:43:58.518+0000: 3.465: [CMS-concurrent-reset-start]
2022-12-19T05:43:58.521+0000: 3.468: [CMS-concurrent-reset: 0.003/0.003 secs] [Times: user=0.01 sys=0.00, real=0.01 secs] 
{Heap before GC invocations=1 (full 1):
 par new generation   total 184320K, used 182760K [0x00000000e0000000, 0x00000000ec800000, 0x00000000ec800000)
  eden space 163840K, 100% used [0x00000000e0000000, 0x00000000ea000000, 0x00000000ea000000)
  from space 20480K,  92% used [0x00000000eb400000, 0x00000000ec67a3d8, 0x00000000ec800000)
  to   space 20480K,   0% used [0x00000000ea000000, 0x00000000ea000000, 0x00000000eb400000)
 concurrent mark-sweep generation total 319488K, used 0K [0x00000000ec800000, 0x0000000100000000, 0x0000000100000000)
 Metaspace       used 30307K, capacity 30957K, committed 31180K, reserved 1077248K
  class space    used 3510K, capacity 3697K, committed 3704K, reserved 1048576K
2022-12-19T05:43:58.572+0000: 3.519: [GC (Allocation Failure) 2022-12-19T05:43:58.572+0000: 3.519: [ParNew
Desired survivor size 10485760 bytes, new threshold 1 (max 1)
- age   1:   14549688 bytes,   14549688 total
: 182760K->18389K(184320K), 0.1053372 secs] 182760K->25711K(503808K), 0.1054845 secs] [Times: user=1.06 sys=0.10, real=0.10 secs] 
Heap after GC invocations=2 (full 1):
 par new generation   total 184320K, used 18389K [0x00000000e0000000, 0x00000000ec800000, 0x00000000ec800000)
  eden space 163840K,   0% used [0x00000000e0000000, 0x00000000e0000000, 0x00000000ea000000)
  from space 20480K,  89% used [0x00000000ea000000, 0x00000000eb1f5448, 0x00000000eb400000)
  to   space 20480K,   0% used [0x00000000eb400000, 0x00000000eb400000, 0x00000000ec800000)
 concurrent mark-sweep generation total 319488K, used 7322K [0x00000000ec800000, 0x0000000100000000, 0x0000000100000000)
 Metaspace       used 30307K, capacity 30957K, committed 31180K, reserved 1077248K
  class space    used 3510K, capacity 3697K, committed 3704K, reserved 1048576K
}
2022-12-19T05:43:58.677+0000: 3.624: Total time for which application threads were stopped: 0.1058424 seconds, Stopping threads took: 0.0000700 seconds
2022-12-19T05:43:58.826+0000: 3.774: Total time for which application threads were stopped: 0.0007257 seconds, Stopping threads took: 0.0000662 seconds
{Heap before GC invocations=2 (full 1):
 par new generation   total 184320K, used 182229K [0x00000000e0000000, 0x00000000ec800000, 0x00000000ec800000)
  eden space 163840K, 100% used [0x00000000e0000000, 0x00000000ea000000, 0x00000000ea000000)
  from space 20480K,  89% used [0x00000000ea000000, 0x00000000eb1f5448, 0x00000000eb400000)
  to   space 20480K,   0% used [0x00000000eb400000, 0x00000000eb400000, 0x00000000ec800000)
 concurrent mark-sweep generation total 319488K, used 7322K [0x00000000ec800000, 0x0000000100000000, 0x0000000100000000)
 Metaspace       used 31581K, capacity 32327K, committed 32460K, reserved 1077248K
  class space    used 3667K, capacity 3864K, committed 3960K, reserved 1048576K
2022-12-19T05:43:59.031+0000: 3.978: [GC (Allocation Failure) 2022-12-19T05:43:59.031+0000: 3.978: [ParNew
Desired survivor size 10485760 bytes, new threshold 1 (max 1)
- age   1:    6979144 bytes,    6979144 total
: 182229K->11832K(184320K), 0.0158214 secs] 189551K->19853K(503808K), 0.0159278 secs] [Times: user=0.36 sys=0.01, real=0.01 secs] 
Heap after GC invocations=3 (full 1):
 par new generation   total 184320K, used 11832K [0x00000000e0000000, 0x00000000ec800000, 0x00000000ec800000)
  eden space 163840K,   0% used [0x00000000e0000000, 0x00000000e0000000, 0x00000000ea000000)
  from space 20480K,  57% used [0x00000000eb400000, 0x00000000ebf8e0d0, 0x00000000ec800000)
  to   space 20480K,   0% used [0x00000000ea000000, 0x00000000ea000000, 0x00000000eb400000)
 concurrent mark-sweep generation total 319488K, used 8021K [0x00000000ec800000, 0x0000000100000000, 0x0000000100000000)
 Metaspace       used 31581K, capacity 32327K, committed 32460K, reserved 1077248K
  class space    used 3667K, capacity 3864K, committed 3960K, reserved 1048576K
}
2022-12-19T05:43:59.047+0000: 3.994: Total time for which application threads were stopped: 0.0162340 seconds, Stopping threads took: 0.0000597 seconds
2022-12-19T05:43:59.305+0000: 4.252: Total time for which application threads were stopped: 0.0008668 seconds, Stopping threads took: 0.0000683 seconds
2022-12-19T05:43:59.750+0000: 4.697: Total time for which application threads were stopped: 0.0005308 seconds, Stopping threads took: 0.0001403 seconds
2022-12-19T05:43:59.894+0000: 4.841: Total time for which application threads were stopped: 0.0013077 seconds, Stopping threads took: 0.0000875 seconds
2022-12-19T05:43:59.895+0000: 4.842: Total time for which application threads were stopped: 0.0007067 seconds, Stopping threads took: 0.0000601 seconds
2022-12-19T05:43:59.920+0000: 4.867: Total time for which application threads were stopped: 0.0010728 seconds, Stopping threads took: 0.0000890 seconds
2022-12-19T05:43:59.924+0000: 4.871: Total time for which application threads were stopped: 0.0008698 seconds, Stopping threads took: 0.0000706 seconds
2022-12-19T05:44:00.272+0000: 5.219: Total time for which application threads were stopped: 0.0010733 seconds, Stopping threads took: 0.0000746 seconds
2022-12-19T05:44:01.035+0000: 5.982: Total time for which application threads were stopped: 0.0012011 seconds, Stopping threads took: 0.0000580 seconds
2022-12-19T05:44:01.138+0000: 6.085: Total time for which application threads were stopped: 0.0010186 seconds, Stopping threads took: 0.0000697 seconds
2022-12-19T05:44:01.339+0000: 6.286: Total time for which application threads were stopped: 0.0009655 seconds, Stopping threads took: 0.0000601 seconds
2022-12-19T05:44:01.343+0000: 6.290: Total time for which application threads were stopped: 0.0008026 seconds, Stopping threads took: 0.0000562 seconds
2022-12-19T05:44:01.413+0000: 6.360: Total time for which application threads were stopped: 0.0010378 seconds, Stopping threads took: 0.0000893 seconds
2022-12-19T05:44:02.414+0000: 7.361: Total time for which application threads were stopped: 0.0006625 seconds, Stopping threads took: 0.0003578 seconds
2022-12-19T05:44:03.415+0000: 8.362: Total time for which application threads were stopped: 0.0003333 seconds, Stopping threads took: 0.0000906 seconds
{Heap before GC invocations=3 (full 1):
 par new generation   total 184320K, used 175672K [0x00000000e0000000, 0x00000000ec800000, 0x00000000ec800000)
  eden space 163840K, 100% used [0x00000000e0000000, 0x00000000ea000000, 0x00000000ea000000)
  from space 20480K,  57% used [0x00000000eb400000, 0x00000000ebf8e0d0, 0x00000000ec800000)
  to   space 20480K,   0% used [0x00000000ea000000, 0x00000000ea000000, 0x00000000eb400000)
 concurrent mark-sweep generation total 319488K, used 8021K [0x00000000ec800000, 0x0000000100000000, 0x0000000100000000)
 Metaspace       used 44417K, capacity 46205K, committed 46500K, reserved 1089536K
  class space    used 6135K, capacity 6583K, committed 6648K, reserved 1048576K
2022-12-19T05:44:03.924+0000: 8.871: [GC (Allocation Failure) 2022-12-19T05:44:03.924+0000: 8.871: [ParNew
Desired survivor size 10485760 bytes, new threshold 1 (max 1)
- age   1:   20950472 bytes,   20950472 total
: 175672K->20480K(184320K), 0.0462655 secs] 183693K->50001K(503808K), 0.0465144 secs] [Times: user=0.36 sys=0.14, real=0.05 secs] 
Heap after GC invocations=4 (full 1):
 par new generation   total 184320K, used 20480K [0x00000000e0000000, 0x00000000ec800000, 0x00000000ec800000)
  eden space 163840K,   0% used [0x00000000e0000000, 0x00000000e0000000, 0x00000000ea000000)
  from space 20480K, 100% used [0x00000000ea000000, 0x00000000eb400000, 0x00000000eb400000)
  to   space 20480K,   0% used [0x00000000eb400000, 0x00000000eb400000, 0x00000000ec800000)
 concurrent mark-sweep generation total 319488K, used 29521K [0x00000000ec800000, 0x0000000100000000, 0x0000000100000000)
 Metaspace       used 44417K, capacity 46205K, committed 46500K, reserved 1089536K
  class space    used 6135K, capacity 6583K, committed 6648K, reserved 1048576K
}
2022-12-19T05:44:03.971+0000: 8.918: Total time for which application threads were stopped: 0.0470973 seconds, Stopping threads took: 0.0000822 seconds
2022-12-19T05:44:04.971+0000: 9.918: Total time for which application threads were stopped: 0.0003226 seconds, Stopping threads took: 0.0000671 seconds
2022-12-19T05:44:05.972+0000: 10.919: Total time for which application threads were stopped: 0.0003797 seconds, Stopping threads took: 0.0001040 seconds
2022-12-19T05:44:06.972+0000: 11.919: Total time for which application threads were stopped: 0.0003599 seconds, Stopping threads took: 0.0000734 seconds
2022-12-19T05:44:07.972+0000: 12.919: Total time for which application threads were stopped: 0.0002672 seconds, Stopping threads took: 0.0000689 seconds
2022-12-19T05:44:08.973+0000: 13.920: Total time for which application threads were stopped: 0.0004802 seconds, Stopping threads took: 0.0000793 seconds
2022-12-19T05:44:09.974+0000: 14.921: Total time for which application threads were stopped: 0.0002916 seconds, Stopping threads took: 0.0000716 seconds
2022-12-19T05:44:11.974+0000: 16.921: Total time for which application threads were stopped: 0.0002885 seconds, Stopping threads took: 0.0000738 seconds
2022-12-19T05:44:14.975+0000: 19.922: Total time for which application threads were stopped: 0.0002874 seconds, Stopping threads took: 0.0000682 seconds
2022-12-19T05:44:17.976+0000: 22.923: Total time for which application threads were stopped: 0.0002888 seconds, Stopping threads took: 0.0000743 seconds
2022-12-19T05:44:19.976+0000: 24.923: Total time for which application threads were stopped: 0.0003084 seconds, Stopping threads took: 0.0000695 seconds
2022-12-19T05:44:20.977+0000: 25.924: Total time for which application threads were stopped: 0.0002761 seconds, Stopping threads took: 0.0000765 seconds
2022-12-19T05:44:22.978+0000: 27.925: Total time for which application threads were stopped: 0.0006922 seconds, Stopping threads took: 0.0003205 seconds
2022-12-19T05:44:24.978+0000: 29.925: Total time for which application threads were stopped: 0.0003592 seconds, Stopping threads took: 0.0001313 seconds
2022-12-19T05:44:25.979+0000: 30.926: Total time for which application threads were stopped: 0.0002619 seconds, Stopping threads took: 0.0000648 seconds
2022-12-19T05:44:26.979+0000: 31.926: Total time for which application threads were stopped: 0.0002529 seconds, Stopping threads took: 0.0000629 seconds
2022-12-19T05:44:27.980+0000: 32.927: Total time for which application threads were stopped: 0.0002504 seconds, Stopping threads took: 0.0000615 seconds
2022-12-19T05:44:30.980+0000: 35.927: Total time for which application threads were stopped: 0.0002963 seconds, Stopping threads took: 0.0000895 seconds
2022-12-19T05:44:31.981+0000: 36.928: Total time for which application threads were stopped: 0.0002897 seconds, Stopping threads took: 0.0000743 seconds
2022-12-19T05:44:33.982+0000: 38.929: Total time for which application threads were stopped: 0.0007572 seconds, Stopping threads took: 0.0001318 seconds
2022-12-19T05:44:39.983+0000: 44.930: Total time for which application threads were stopped: 0.0003258 seconds, Stopping threads took: 0.0000784 seconds
2022-12-19T05:44:40.984+0000: 45.931: Total time for which application threads were stopped: 0.0006438 seconds, Stopping threads took: 0.0002935 seconds
2022-12-19T05:44:41.984+0000: 46.932: Total time for which application threads were stopped: 0.0003618 seconds, Stopping threads took: 0.0000767 seconds
2022-12-19T05:44:42.985+0000: 47.932: Total time for which application threads were stopped: 0.0002854 seconds, Stopping threads took: 0.0000698 seconds
2022-12-19T05:44:43.985+0000: 48.932: Total time for which application threads were stopped: 0.0002524 seconds, Stopping threads took: 0.0000626 seconds
2022-12-19T05:44:44.986+0000: 49.933: Total time for which application threads were stopped: 0.0002613 seconds, Stopping threads took: 0.0000627 seconds
2022-12-19T05:44:46.986+0000: 51.933: Total time for which application threads were stopped: 0.0002860 seconds, Stopping threads took: 0.0000826 seconds
2022-12-19T05:44:47.987+0000: 52.934: Total time for which application threads were stopped: 0.0002647 seconds, Stopping threads took: 0.0000685 seconds
2022-12-19T05:44:51.987+0000: 56.934: Total time for which application threads were stopped: 0.0003353 seconds, Stopping threads took: 0.0000818 seconds
2022-12-19T05:44:52.507+0000: 57.454: Total time for which application threads were stopped: 0.0011112 seconds, Stopping threads took: 0.0001584 seconds
2022-12-19T05:44:53.507+0000: 58.455: Total time for which application threads were stopped: 0.0003364 seconds, Stopping threads took: 0.0000813 seconds
2022-12-19T05:44:54.508+0000: 59.455: Total time for which application threads were stopped: 0.0003486 seconds, Stopping threads took: 0.0000993 seconds
2022-12-19T05:44:55.056+0000: 60.003: Total time for which application threads were stopped: 0.0009824 seconds, Stopping threads took: 0.0004347 seconds
2022-12-19T05:44:56.056+0000: 61.003: Total time for which application threads were stopped: 0.0004212 seconds, Stopping threads took: 0.0000812 seconds
2022-12-19T05:44:57.057+0000: 62.004: Total time for which application threads were stopped: 0.0003083 seconds, Stopping threads took: 0.0000706 seconds
2022-12-19T05:44:58.057+0000: 63.004: Total time for which application threads were stopped: 0.0002984 seconds, Stopping threads took: 0.0000701 seconds
2022-12-19T05:44:59.058+0000: 64.005: Total time for which application threads were stopped: 0.0002815 seconds, Stopping threads took: 0.0000643 seconds
2022-12-19T05:45:00.058+0000: 65.005: Total time for which application threads were stopped: 0.0004236 seconds, Stopping threads took: 0.0001622 seconds
2022-12-19T05:45:01.059+0000: 66.006: Total time for which application threads were stopped: 0.0003088 seconds, Stopping threads took: 0.0000727 seconds
2022-12-19T05:45:02.059+0000: 67.006: Total time for which application threads were stopped: 0.0002970 seconds, Stopping threads took: 0.0000839 seconds
2022-12-19T05:45:03.060+0000: 68.007: Total time for which application threads were stopped: 0.0003679 seconds, Stopping threads took: 0.0000678 seconds
2022-12-19T05:45:04.060+0000: 69.007: Total time for which application threads were stopped: 0.0003140 seconds, Stopping threads took: 0.0000680 seconds
2022-12-19T05:45:06.061+0000: 71.008: Total time for which application threads were stopped: 0.0002720 seconds, Stopping threads took: 0.0000681 seconds
2022-12-19T05:45:08.061+0000: 73.009: Total time for which application threads were stopped: 0.0002739 seconds, Stopping threads took: 0.0000709 seconds
2022-12-19T05:45:09.062+0000: 74.009: Total time for which application threads were stopped: 0.0002590 seconds, Stopping threads took: 0.0000675 seconds
2022-12-19T05:45:11.062+0000: 76.009: Total time for which application threads were stopped: 0.0002734 seconds, Stopping threads took: 0.0000692 seconds
2022-12-19T05:45:12.063+0000: 77.010: Total time for which application threads were stopped: 0.0004378 seconds, Stopping threads took: 0.0000770 seconds
2022-12-19T05:45:13.063+0000: 78.011: Total time for which application threads were stopped: 0.0002796 seconds, Stopping threads took: 0.0000711 seconds
2022-12-19T05:45:14.064+0000: 79.011: Total time for which application threads were stopped: 0.0002769 seconds, Stopping threads took: 0.0000738 seconds
2022-12-19T05:45:15.064+0000: 80.012: Total time for which application threads were stopped: 0.0002847 seconds, Stopping threads took: 0.0000730 seconds
2022-12-19T05:45:16.065+0000: 81.012: Total time for which application threads were stopped: 0.0002714 seconds, Stopping threads took: 0.0000710 seconds
2022-12-19T05:45:18.065+0000: 83.012: Total time for which application threads were stopped: 0.0002700 seconds, Stopping threads took: 0.0000679 seconds
2022-12-19T05:45:19.066+0000: 84.013: Total time for which application threads were stopped: 0.0005749 seconds, Stopping threads took: 0.0000920 seconds
2022-12-19T05:45:21.067+0000: 86.014: Total time for which application threads were stopped: 0.0002698 seconds, Stopping threads took: 0.0000672 seconds
2022-12-19T05:45:22.067+0000: 87.014: Total time for which application threads were stopped: 0.0002701 seconds, Stopping threads took: 0.0000666 seconds
2022-12-19T05:45:23.068+0000: 88.015: Total time for which application threads were stopped: 0.0002617 seconds, Stopping threads took: 0.0000702 seconds
2022-12-19T05:45:24.068+0000: 89.015: Total time for which application threads were stopped: 0.0002595 seconds, Stopping threads took: 0.0000675 seconds
2022-12-19T05:45:28.069+0000: 93.016: Total time for which application threads were stopped: 0.0003103 seconds, Stopping threads took: 0.0000724 seconds
2022-12-19T05:45:29.069+0000: 94.016: Total time for which application threads were stopped: 0.0003250 seconds, Stopping threads took: 0.0000824 seconds
2022-12-19T05:45:30.070+0000: 95.017: Total time for which application threads were stopped: 0.0002771 seconds, Stopping threads took: 0.0000721 seconds
2022-12-19T05:45:32.070+0000: 97.017: Total time for which application threads were stopped: 0.0002845 seconds, Stopping threads took: 0.0000726 seconds
2022-12-19T05:45:34.071+0000: 99.018: Total time for which application threads were stopped: 0.0002847 seconds, Stopping threads took: 0.0000716 seconds
2022-12-19T05:45:38.072+0000: 103.019: Total time for which application threads were stopped: 0.0002677 seconds, Stopping threads took: 0.0000668 seconds
2022-12-19T05:45:41.772+0000: 106.719: Total time for which application threads were stopped: 0.0061250 seconds, Stopping threads took: 0.0002777 seconds
2022-12-19T05:45:42.772+0000: 107.719: Total time for which application threads were stopped: 0.0003786 seconds, Stopping threads took: 0.0000823 seconds
2022-12-19T05:45:43.773+0000: 108.720: Total time for which application threads were stopped: 0.0003376 seconds, Stopping threads took: 0.0000798 seconds
2022-12-19T05:45:44.773+0000: 109.720: Total time for which application threads were stopped: 0.0004464 seconds, Stopping threads took: 0.0000799 seconds
2022-12-19T05:45:47.774+0000: 112.721: Total time for which application threads were stopped: 0.0003194 seconds, Stopping threads took: 0.0000920 seconds
2022-12-19T05:45:48.775+0000: 113.722: Total time for which application threads were stopped: 0.0002813 seconds, Stopping threads took: 0.0000697 seconds
2022-12-19T05:45:49.775+0000: 114.722: Total time for which application threads were stopped: 0.0002870 seconds, Stopping threads took: 0.0000688 seconds
2022-12-19T05:45:52.727+0000: 117.674: Total time for which application threads were stopped: 0.0013814 seconds, Stopping threads took: 0.0000735 seconds
2022-12-19T05:45:53.728+0000: 118.675: Total time for which application threads were stopped: 0.0004276 seconds, Stopping threads took: 0.0000852 seconds
2022-12-19T05:45:54.728+0000: 119.675: Total time for which application threads were stopped: 0.0003261 seconds, Stopping threads took: 0.0000902 seconds
2022-12-19T05:45:55.729+0000: 120.676: Total time for which application threads were stopped: 0.0003208 seconds, Stopping threads took: 0.0000804 seconds
2022-12-19T05:45:56.729+0000: 121.676: Total time for which application threads were stopped: 0.0003334 seconds, Stopping threads took: 0.0000852 seconds
2022-12-19T05:45:57.730+0000: 122.677: Total time for which application threads were stopped: 0.0003274 seconds, Stopping threads took: 0.0000763 seconds
2022-12-19T05:45:58.730+0000: 123.677: Total time for which application threads were stopped: 0.0003206 seconds, Stopping threads took: 0.0000775 seconds
2022-12-19T05:46:00.731+0000: 125.678: Total time for which application threads were stopped: 0.0003244 seconds, Stopping threads took: 0.0000854 seconds
2022-12-19T05:46:01.732+0000: 126.679: Total time for which application threads were stopped: 0.0003505 seconds, Stopping threads took: 0.0000915 seconds
2022-12-19T05:46:02.732+0000: 127.679: Total time for which application threads were stopped: 0.0004334 seconds, Stopping threads took: 0.0000924 seconds
2022-12-19T05:46:03.733+0000: 128.680: Total time for which application threads were stopped: 0.0003304 seconds, Stopping threads took: 0.0000757 seconds
2022-12-19T05:46:04.733+0000: 129.680: Total time for which application threads were stopped: 0.0003190 seconds, Stopping threads took: 0.0000768 seconds
2022-12-19T05:46:06.734+0000: 131.681: Total time for which application threads were stopped: 0.0003359 seconds, Stopping threads took: 0.0000801 seconds
2022-12-19T05:46:08.734+0000: 133.681: Total time for which application threads were stopped: 0.0002956 seconds, Stopping threads took: 0.0000743 seconds
2022-12-19T05:46:11.735+0000: 136.682: Total time for which application threads were stopped: 0.0003399 seconds, Stopping threads took: 0.0000883 seconds
2022-12-19T05:46:12.736+0000: 137.683: Total time for which application threads were stopped: 0.0003686 seconds, Stopping threads took: 0.0000860 seconds
2022-12-19T05:46:13.736+0000: 138.683: Total time for which application threads were stopped: 0.0003561 seconds, Stopping threads took: 0.0000819 seconds
2022-12-19T05:46:14.737+0000: 139.684: Total time for which application threads were stopped: 0.0003198 seconds, Stopping threads took: 0.0000785 seconds
2022-12-19T05:46:15.737+0000: 140.684: Total time for which application threads were stopped: 0.0003166 seconds, Stopping threads took: 0.0000753 seconds
2022-12-19T05:46:17.738+0000: 142.685: Total time for which application threads were stopped: 0.0003352 seconds, Stopping threads took: 0.0000831 seconds
2022-12-19T05:46:22.739+0000: 147.686: Total time for which application threads were stopped: 0.0008011 seconds, Stopping threads took: 0.0001410 seconds
2022-12-19T05:46:23.740+0000: 148.687: Total time for which application threads were stopped: 0.0003412 seconds, Stopping threads took: 0.0000805 seconds
2022-12-19T05:46:27.740+0000: 152.687: Total time for which application threads were stopped: 0.0003164 seconds, Stopping threads took: 0.0000801 seconds
2022-12-19T05:46:28.741+0000: 153.688: Total time for which application threads were stopped: 0.0003056 seconds, Stopping threads took: 0.0000751 seconds
2022-12-19T05:46:31.742+0000: 156.689: Total time for which application threads were stopped: 0.0003415 seconds, Stopping threads took: 0.0000780 seconds
2022-12-19T05:46:32.742+0000: 157.689: Total time for which application threads were stopped: 0.0003162 seconds, Stopping threads took: 0.0000773 seconds
2022-12-19T05:46:33.743+0000: 158.690: Total time for which application threads were stopped: 0.0002937 seconds, Stopping threads took: 0.0000694 seconds
{Heap before GC invocations=4 (full 1):
 par new generation   total 184320K, used 184320K [0x00000000e0000000, 0x00000000ec800000, 0x00000000ec800000)
  eden space 163840K, 100% used [0x00000000e0000000, 0x00000000ea000000, 0x00000000ea000000)
  from space 20480K, 100% used [0x00000000ea000000, 0x00000000eb400000, 0x00000000eb400000)
  to   space 20480K,   0% used [0x00000000eb400000, 0x00000000eb400000, 0x00000000ec800000)
 concurrent mark-sweep generation total 319488K, used 29521K [0x00000000ec800000, 0x0000000100000000, 0x0000000100000000)
 Metaspace       used 49440K, capacity 51854K, committed 51968K, reserved 1093632K
  class space    used 6737K, capacity 7275K, committed 7288K, reserved 1048576K
2022-12-19T05:46:35.156+0000: 160.103: [GC (Allocation Failure) 2022-12-19T05:46:35.156+0000: 160.103: [ParNew
Desired survivor size 10485760 bytes, new threshold 1 (max 1)
- age   1:   16487344 bytes,   16487344 total
: 184320K->20480K(184320K), 0.0495445 secs] 213841K->61772K(503808K), 0.0499186 secs] [Times: user=0.33 sys=0.23, real=0.05 secs] 
Heap after GC invocations=5 (full 1):
 par new generation   total 184320K, used 20480K [0x00000000e0000000, 0x00000000ec800000, 0x00000000ec800000)
  eden space 163840K,   0% used [0x00000000e0000000, 0x00000000e0000000, 0x00000000ea000000)
  from space 20480K, 100% used [0x00000000eb400000, 0x00000000ec800000, 0x00000000ec800000)
  to   space 20480K,   0% used [0x00000000ea000000, 0x00000000ea000000, 0x00000000eb400000)
 concurrent mark-sweep generation total 319488K, used 41292K [0x00000000ec800000, 0x0000000100000000, 0x0000000100000000)
 Metaspace       used 49440K, capacity 51854K, committed 51968K, reserved 1093632K
  class space    used 6737K, capacity 7275K, committed 7288K, reserved 1048576K
}
2022-12-19T05:46:35.206+0000: 160.153: Total time for which application threads were stopped: 0.0504338 seconds, Stopping threads took: 0.0000816 seconds
2022-12-19T05:46:36.206+0000: 161.153: Total time for which application threads were stopped: 0.0003314 seconds, Stopping threads took: 0.0000821 seconds
2022-12-19T05:46:44.208+0000: 169.155: Total time for which application threads were stopped: 0.0006652 seconds, Stopping threads took: 0.0003106 seconds
2022-12-19T05:46:45.209+0000: 170.156: Total time for which application threads were stopped: 0.0002897 seconds, Stopping threads took: 0.0000743 seconds
2022-12-19T05:46:46.209+0000: 171.156: Total time for which application threads were stopped: 0.0002976 seconds, Stopping threads took: 0.0000741 seconds
2022-12-19T05:46:47.210+0000: 172.157: Total time for which application threads were stopped: 0.0003007 seconds, Stopping threads took: 0.0000761 seconds
2022-12-19T05:46:55.211+0000: 180.158: Total time for which application threads were stopped: 0.0004140 seconds, Stopping threads took: 0.0000912 seconds
2022-12-19T05:46:56.212+0000: 181.159: Total time for which application threads were stopped: 0.0002990 seconds, Stopping threads took: 0.0000713 seconds
2022-12-19T05:46:58.212+0000: 183.159: Total time for which application threads were stopped: 0.0003343 seconds, Stopping threads took: 0.0001169 seconds
2022-12-19T05:46:59.213+0000: 184.160: Total time for which application threads were stopped: 0.0002902 seconds, Stopping threads took: 0.0000781 seconds
2022-12-19T05:47:00.213+0000: 185.160: Total time for which application threads were stopped: 0.0003034 seconds, Stopping threads took: 0.0000751 seconds
2022-12-19T05:47:01.214+0000: 186.161: Total time for which application threads were stopped: 0.0002985 seconds, Stopping threads took: 0.0000795 seconds
2022-12-19T05:47:02.214+0000: 187.161: Total time for which application threads were stopped: 0.0002941 seconds, Stopping threads took: 0.0000770 seconds
2022-12-19T05:47:08.215+0000: 193.162: Total time for which application threads were stopped: 0.0003307 seconds, Stopping threads took: 0.0000771 seconds
2022-12-19T05:47:09.216+0000: 194.163: Total time for which application threads were stopped: 0.0002830 seconds, Stopping threads took: 0.0000757 seconds
2022-12-19T05:47:14.217+0000: 199.164: Total time for which application threads were stopped: 0.0003010 seconds, Stopping threads took: 0.0000830 seconds
2022-12-19T05:47:14.377+0000: 199.324: Total time for which application threads were stopped: 0.0010518 seconds, Stopping threads took: 0.0001469 seconds
2022-12-19T05:47:15.181+0000: 200.128: Total time for which application threads were stopped: 0.0016158 seconds, Stopping threads took: 0.0001113 seconds
2022-12-19T05:47:15.205+0000: 200.152: [GC (CMS Initial Mark) [1 CMS-initial-mark: 41292K(319488K)] 79309K(503808K), 0.0065617 secs] [Times: user=0.04 sys=0.03, real=0.01 secs] 
2022-12-19T05:47:15.211+0000: 200.158: Total time for which application threads were stopped: 0.0070399 seconds, Stopping threads took: 0.0000948 seconds
2022-12-19T05:47:15.211+0000: 200.158: [CMS-concurrent-mark-start]
2022-12-19T05:47:15.230+0000: 200.177: [CMS-concurrent-mark: 0.019/0.019 secs] [Times: user=0.14 sys=0.00, real=0.02 secs] 
2022-12-19T05:47:15.231+0000: 200.178: [CMS-concurrent-preclean-start]
2022-12-19T05:47:15.235+0000: 200.182: [CMS-concurrent-preclean: 0.004/0.004 secs] [Times: user=0.01 sys=0.00, real=0.00 secs] 
2022-12-19T05:47:15.235+0000: 200.182: [CMS-concurrent-abortable-preclean-start]
2022-12-19T05:47:16.212+0000: 201.159: Total time for which application threads were stopped: 0.0003408 seconds, Stopping threads took: 0.0000912 seconds
2022-12-19T05:47:17.212+0000: 202.159: Total time for which application threads were stopped: 0.0004279 seconds, Stopping threads took: 0.0001171 seconds
 CMS: abort preclean due to time 2022-12-19T05:47:20.284+0000: 205.231: [CMS-concurrent-abortable-preclean: 1.591/5.048 secs] [Times: user=2.12 sys=0.03, real=5.05 secs] 
2022-12-19T05:47:20.284+0000: 205.231: [GC (CMS Final Remark) [YG occupancy: 39819 K (184320 K)]2022-12-19T05:47:20.284+0000: 205.231: [Rescan (parallel) , 0.0297608 secs]2022-12-19T05:47:20.314+0000: 205.261: [weak refs processing, 0.0002729 secs]2022-12-19T05:47:20.314+0000: 205.261: [class unloading, 0.0180656 secs]2022-12-19T05:47:20.333+0000: 205.280: [scrub symbol table, 0.0079062 secs]2022-12-19T05:47:20.340+0000: 205.287: [scrub string table, 0.0012223 secs][1 CMS-remark: 41292K(319488K)] 81111K(503808K), 0.0577834 secs] [Times: user=0.62 sys=0.00, real=0.06 secs] 
2022-12-19T05:47:20.342+0000: 205.289: Total time for which application threads were stopped: 0.0581731 seconds, Stopping threads took: 0.0000819 seconds
2022-12-19T05:47:20.342+0000: 205.289: [CMS-concurrent-sweep-start]
2022-12-19T05:47:20.363+0000: 205.310: [CMS-concurrent-sweep: 0.021/0.021 secs] [Times: user=0.01 sys=0.00, real=0.02 secs] 
2022-12-19T05:47:20.363+0000: 205.310: [CMS-concurrent-reset-start]
2022-12-19T05:47:20.366+0000: 205.313: [CMS-concurrent-reset: 0.003/0.003 secs] [Times: user=0.01 sys=0.01, real=0.00 secs] 
2022-12-19T05:47:21.343+0000: 206.290: Total time for which application threads were stopped: 0.0003685 seconds, Stopping threads took: 0.0001037 seconds
2022-12-19T05:47:24.343+0000: 209.290: Total time for which application threads were stopped: 0.0003237 seconds, Stopping threads took: 0.0000810 seconds
2022-12-19T05:47:25.344+0000: 210.291: Total time for which application threads were stopped: 0.0003761 seconds, Stopping threads took: 0.0000913 seconds
2022-12-19T05:47:27.345+0000: 212.292: Total time for which application threads were stopped: 0.0007721 seconds, Stopping threads took: 0.0001521 seconds
2022-12-19T05:47:32.346+0000: 217.293: Total time for which application threads were stopped: 0.0003338 seconds, Stopping threads took: 0.0000812 seconds
2022-12-19T05:47:34.347+0000: 219.294: Total time for which application threads were stopped: 0.0003346 seconds, Stopping threads took: 0.0000828 seconds
2022-12-19T05:47:35.347+0000: 220.294: Total time for which application threads were stopped: 0.0003431 seconds, Stopping threads took: 0.0000864 seconds
2022-12-19T05:47:40.348+0000: 225.295: Total time for which application threads were stopped: 0.0003655 seconds, Stopping threads took: 0.0001111 seconds
2022-12-19T05:47:41.349+0000: 226.296: Total time for which application threads were stopped: 0.0003243 seconds, Stopping threads took: 0.0000778 seconds
2022-12-19T05:47:44.350+0000: 229.297: Total time for which application threads were stopped: 0.0003370 seconds, Stopping threads took: 0.0000854 seconds
2022-12-19T05:47:46.350+0000: 231.297: Total time for which application threads were stopped: 0.0003443 seconds, Stopping threads took: 0.0000877 seconds
2022-12-19T05:47:47.351+0000: 232.298: Total time for which application threads were stopped: 0.0003792 seconds, Stopping threads took: 0.0000848 seconds
2022-12-19T05:47:56.353+0000: 241.300: Total time for which application threads were stopped: 0.0008958 seconds, Stopping threads took: 0.0003891 seconds
2022-12-19T05:47:58.354+0000: 243.301: Total time for which application threads were stopped: 0.0003555 seconds, Stopping threads took: 0.0000908 seconds
2022-12-19T05:47:59.354+0000: 244.301: Total time for which application threads were stopped: 0.0003435 seconds, Stopping threads took: 0.0000760 seconds
2022-12-19T05:48:04.355+0000: 249.302: Total time for which application threads were stopped: 0.0003684 seconds, Stopping threads took: 0.0000792 seconds
2022-12-19T05:48:06.356+0000: 251.303: Total time for which application threads were stopped: 0.0003403 seconds, Stopping threads took: 0.0000852 seconds
2022-12-19T05:48:14.357+0000: 259.304: Total time for which application threads were stopped: 0.0003329 seconds, Stopping threads took: 0.0000861 seconds
2022-12-19T05:48:16.358+0000: 261.305: Total time for which application threads were stopped: 0.0003363 seconds, Stopping threads took: 0.0000874 seconds
2022-12-19T05:48:17.358+0000: 262.305: Total time for which application threads were stopped: 0.0003408 seconds, Stopping threads took: 0.0000775 seconds
2022-12-19T05:48:19.359+0000: 264.306: Total time for which application threads were stopped: 0.0003319 seconds, Stopping threads took: 0.0000834 seconds
2022-12-19T05:48:20.359+0000: 265.306: Total time for which application threads were stopped: 0.0003353 seconds, Stopping threads took: 0.0000809 seconds
2022-12-19T05:48:21.360+0000: 266.307: Total time for which application threads were stopped: 0.0003328 seconds, Stopping threads took: 0.0000804 seconds
2022-12-19T05:48:25.361+0000: 270.308: Total time for which application threads were stopped: 0.0003334 seconds, Stopping threads took: 0.0000858 seconds
2022-12-19T05:48:28.362+0000: 273.309: Total time for which application threads were stopped: 0.0003509 seconds, Stopping threads took: 0.0000807 seconds
2022-12-19T05:48:30.362+0000: 275.309: Total time for which application threads were stopped: 0.0003202 seconds, Stopping threads took: 0.0000808 seconds
2022-12-19T05:48:35.363+0000: 280.310: Total time for which application threads were stopped: 0.0003292 seconds, Stopping threads took: 0.0000844 seconds
2022-12-19T05:48:36.364+0000: 281.311: Total time for which application threads were stopped: 0.0003126 seconds, Stopping threads took: 0.0000785 seconds
2022-12-19T05:48:40.365+0000: 285.312: Total time for which application threads were stopped: 0.0003506 seconds, Stopping threads took: 0.0000878 seconds
2022-12-19T05:48:49.366+0000: 294.313: Total time for which application threads were stopped: 0.0003362 seconds, Stopping threads took: 0.0000883 seconds
2022-12-19T05:48:57.368+0000: 302.315: Total time for which application threads were stopped: 0.0004999 seconds, Stopping threads took: 0.0001175 seconds
2022-12-19T05:49:03.369+0000: 308.316: Total time for which application threads were stopped: 0.0003379 seconds, Stopping threads took: 0.0000859 seconds
2022-12-19T05:49:08.370+0000: 313.317: Total time for which application threads were stopped: 0.0003407 seconds, Stopping threads took: 0.0000888 seconds
2022-12-19T05:49:34.375+0000: 339.322: Total time for which application threads were stopped: 0.0008894 seconds, Stopping threads took: 0.0002036 seconds
2022-12-19T05:49:48.377+0000: 353.324: Total time for which application threads were stopped: 0.0003357 seconds, Stopping threads took: 0.0000844 seconds
2022-12-19T05:50:06.380+0000: 371.327: Total time for which application threads were stopped: 0.0006530 seconds, Stopping threads took: 0.0003306 seconds
2022-12-19T05:50:18.382+0000: 383.329: Total time for which application threads were stopped: 0.0003483 seconds, Stopping threads took: 0.0000856 seconds
2022-12-19T05:50:29.384+0000: 394.331: Total time for which application threads were stopped: 0.0003839 seconds, Stopping threads took: 0.0000953 seconds
2022-12-19T05:50:30.385+0000: 395.332: Total time for which application threads were stopped: 0.0003096 seconds, Stopping threads took: 0.0000748 seconds
2022-12-19T05:50:32.385+0000: 397.332: Total time for which application threads were stopped: 0.0003381 seconds, Stopping threads took: 0.0000831 seconds
2022-12-19T05:50:38.387+0000: 403.334: Total time for which application threads were stopped: 0.0003381 seconds, Stopping threads took: 0.0000896 seconds
2022-12-19T05:50:41.387+0000: 406.334: Total time for which application threads were stopped: 0.0003390 seconds, Stopping threads took: 0.0000854 seconds
2022-12-19T05:50:53.390+0000: 418.337: Total time for which application threads were stopped: 0.0004298 seconds, Stopping threads took: 0.0001042 seconds
2022-12-19T05:50:54.390+0000: 419.337: Total time for which application threads were stopped: 0.0003270 seconds, Stopping threads took: 0.0000772 seconds
2022-12-19T05:50:58.391+0000: 423.338: Total time for which application threads were stopped: 0.0004202 seconds, Stopping threads took: 0.0000943 seconds
2022-12-19T05:50:59.392+0000: 424.339: Total time for which application threads were stopped: 0.0003932 seconds, Stopping threads took: 0.0000853 seconds
2022-12-19T05:51:04.393+0000: 429.340: Total time for which application threads were stopped: 0.0004030 seconds, Stopping threads took: 0.0000979 seconds
2022-12-19T05:51:07.393+0000: 432.341: Total time for which application threads were stopped: 0.0004020 seconds, Stopping threads took: 0.0000957 seconds
2022-12-19T05:51:29.397+0000: 454.344: Total time for which application threads were stopped: 0.0003934 seconds, Stopping threads took: 0.0000934 seconds
2022-12-19T05:51:31.398+0000: 456.345: Total time for which application threads were stopped: 0.0003675 seconds, Stopping threads took: 0.0000840 seconds
2022-12-19T05:51:33.398+0000: 458.346: Total time for which application threads were stopped: 0.0004667 seconds, Stopping threads took: 0.0000878 seconds
2022-12-19T05:51:44.401+0000: 469.348: Total time for which application threads were stopped: 0.0003893 seconds, Stopping threads took: 0.0000876 seconds
2022-12-19T05:51:58.403+0000: 483.350: Total time for which application threads were stopped: 0.0003769 seconds, Stopping threads took: 0.0000835 seconds
2022-12-19T05:52:01.404+0000: 486.351: Total time for which application threads were stopped: 0.0004517 seconds, Stopping threads took: 0.0000839 seconds
2022-12-19T05:52:02.404+0000: 487.351: Total time for which application threads were stopped: 0.0003943 seconds, Stopping threads took: 0.0001092 seconds
2022-12-19T05:52:15.407+0000: 500.354: Total time for which application threads were stopped: 0.0009092 seconds, Stopping threads took: 0.0001843 seconds
2022-12-19T05:52:28.409+0000: 513.356: Total time for which application threads were stopped: 0.0003710 seconds, Stopping threads took: 0.0000878 seconds
2022-12-19T05:52:34.411+0000: 519.358: Total time for which application threads were stopped: 0.0009720 seconds, Stopping threads took: 0.0004509 seconds
2022-12-19T05:52:39.412+0000: 524.359: Total time for which application threads were stopped: 0.0003944 seconds, Stopping threads took: 0.0000841 seconds
2022-12-19T05:52:43.413+0000: 528.360: Total time for which application threads were stopped: 0.0003687 seconds, Stopping threads took: 0.0000824 seconds
2022-12-19T05:52:53.415+0000: 538.362: Total time for which application threads were stopped: 0.0003683 seconds, Stopping threads took: 0.0000865 seconds
2022-12-19T05:53:20.418+0000: 565.366: Total time for which application threads were stopped: 0.0003746 seconds, Stopping threads took: 0.0000852 seconds
2022-12-19T05:53:53.423+0000: 598.371: Total time for which application threads were stopped: 0.0003695 seconds, Stopping threads took: 0.0000848 seconds
2022-12-19T05:53:57.424+0000: 602.372: Total time for which application threads were stopped: 0.0003706 seconds, Stopping threads took: 0.0000848 seconds
2022-12-19T05:54:27.429+0000: 632.376: Total time for which application threads were stopped: 0.0003719 seconds, Stopping threads took: 0.0000822 seconds
2022-12-19T05:54:31.430+0000: 636.377: Total time for which application threads were stopped: 0.0004028 seconds, Stopping threads took: 0.0001044 seconds
2022-12-19T05:54:34.431+0000: 639.378: Total time for which application threads were stopped: 0.0003692 seconds, Stopping threads took: 0.0000807 seconds
2022-12-19T05:54:44.433+0000: 649.380: Total time for which application threads were stopped: 0.0003758 seconds, Stopping threads took: 0.0000808 seconds
2022-12-19T05:54:53.434+0000: 658.381: Total time for which application threads were stopped: 0.0003896 seconds, Stopping threads took: 0.0000864 seconds
2022-12-19T05:54:54.435+0000: 659.382: Total time for which application threads were stopped: 0.0004204 seconds, Stopping threads took: 0.0000761 seconds
2022-12-19T05:55:08.437+0000: 673.384: Total time for which application threads were stopped: 0.0003602 seconds, Stopping threads took: 0.0000815 seconds
2022-12-19T05:55:10.438+0000: 675.385: Total time for which application threads were stopped: 0.0003426 seconds, Stopping threads took: 0.0000793 seconds
2022-12-19T05:55:15.439+0000: 680.386: Total time for which application threads were stopped: 0.0003646 seconds, Stopping threads took: 0.0000870 seconds
2022-12-19T05:55:37.442+0000: 702.389: Total time for which application threads were stopped: 0.0003706 seconds, Stopping threads took: 0.0000875 seconds
2022-12-19T05:55:53.445+0000: 718.392: Total time for which application threads were stopped: 0.0003828 seconds, Stopping threads took: 0.0000908 seconds
2022-12-19T05:56:25.450+0000: 750.397: Total time for which application threads were stopped: 0.0003809 seconds, Stopping threads took: 0.0000848 seconds
2022-12-19T05:56:28.451+0000: 753.398: Total time for which application threads were stopped: 0.0004006 seconds, Stopping threads took: 0.0000997 seconds
2022-12-19T05:56:38.452+0000: 763.399: Total time for which application threads were stopped: 0.0004218 seconds, Stopping threads took: 0.0000863 seconds
2022-12-19T05:56:41.453+0000: 766.400: Total time for which application threads were stopped: 0.0003857 seconds, Stopping threads took: 0.0000920 seconds
2022-12-19T05:56:42.454+0000: 767.401: Total time for which application threads were stopped: 0.0003713 seconds, Stopping threads took: 0.0000866 seconds
2022-12-19T05:56:44.455+0000: 769.402: Total time for which application threads were stopped: 0.0004181 seconds, Stopping threads took: 0.0001311 seconds
2022-12-19T05:56:53.457+0000: 778.404: Total time for which application threads were stopped: 0.0009793 seconds, Stopping threads took: 0.0001836 seconds
2022-12-19T05:57:13.460+0000: 798.407: Total time for which application threads were stopped: 0.0003675 seconds, Stopping threads took: 0.0000833 seconds
2022-12-19T05:57:53.466+0000: 838.413: Total time for which application threads were stopped: 0.0006900 seconds, Stopping threads took: 0.0003137 seconds
2022-12-19T05:58:06.469+0000: 851.416: Total time for which application threads were stopped: 0.0009147 seconds, Stopping threads took: 0.0001823 seconds
2022-12-19T05:58:08.469+0000: 853.417: Total time for which application threads were stopped: 0.0004591 seconds, Stopping threads took: 0.0000847 seconds
2022-12-19T05:58:14.470+0000: 859.418: Total time for which application threads were stopped: 0.0003594 seconds, Stopping threads took: 0.0000850 seconds
2022-12-19T05:58:31.474+0000: 876.421: Total time for which application threads were stopped: 0.0008490 seconds, Stopping threads took: 0.0003742 seconds
2022-12-19T05:58:34.475+0000: 879.422: Total time for which application threads were stopped: 0.0003716 seconds, Stopping threads took: 0.0000892 seconds
2022-12-19T05:58:35.475+0000: 880.422: Total time for which application threads were stopped: 0.0003415 seconds, Stopping threads took: 0.0000764 seconds
2022-12-19T05:58:36.476+0000: 881.423: Total time for which application threads were stopped: 0.0003183 seconds, Stopping threads took: 0.0000688 seconds
2022-12-19T05:58:41.477+0000: 886.424: Total time for which application threads were stopped: 0.0003701 seconds, Stopping threads took: 0.0000870 seconds
2022-12-19T05:58:44.478+0000: 889.425: Total time for which application threads were stopped: 0.0003672 seconds, Stopping threads took: 0.0000876 seconds
2022-12-19T05:58:47.478+0000: 892.426: Total time for which application threads were stopped: 0.0003820 seconds, Stopping threads took: 0.0000941 seconds
2022-12-19T05:58:48.479+0000: 893.426: Total time for which application threads were stopped: 0.0003541 seconds, Stopping threads took: 0.0000793 seconds
2022-12-19T05:58:49.479+0000: 894.426: Total time for which application threads were stopped: 0.0003056 seconds, Stopping threads took: 0.0000734 seconds
2022-12-19T05:58:54.480+0000: 899.428: Total time for which application threads were stopped: 0.0003739 seconds, Stopping threads took: 0.0000943 seconds
2022-12-19T05:59:07.483+0000: 912.430: Total time for which application threads were stopped: 0.0003967 seconds, Stopping threads took: 0.0000956 seconds
2022-12-19T05:59:19.485+0000: 924.432: Total time for which application threads were stopped: 0.0003720 seconds, Stopping threads took: 0.0000878 seconds
2022-12-19T05:59:20.485+0000: 925.432: Total time for which application threads were stopped: 0.0003426 seconds, Stopping threads took: 0.0000782 seconds
2022-12-19T05:59:24.487+0000: 929.434: Total time for which application threads were stopped: 0.0009551 seconds, Stopping threads took: 0.0001931 seconds
2022-12-19T05:59:25.487+0000: 930.434: Total time for which application threads were stopped: 0.0003335 seconds, Stopping threads took: 0.0000749 seconds
2022-12-19T05:59:27.488+0000: 932.435: Total time for which application threads were stopped: 0.0003602 seconds, Stopping threads took: 0.0000820 seconds
{Heap before GC invocations=5 (full 2):
 par new generation   total 184320K, used 184320K [0x00000000e0000000, 0x00000000ec800000, 0x00000000ec800000)
  eden space 163840K, 100% used [0x00000000e0000000, 0x00000000ea000000, 0x00000000ea000000)
  from space 20480K, 100% used [0x00000000eb400000, 0x00000000ec800000, 0x00000000ec800000)
  to   space 20480K,   0% used [0x00000000ea000000, 0x00000000ea000000, 0x00000000eb400000)
 concurrent mark-sweep generation total 319488K, used 25209K [0x00000000ec800000, 0x0000000100000000, 0x0000000100000000)
 Metaspace       used 49851K, capacity 52344K, committed 52644K, reserved 1095680K
  class space    used 6768K, capacity 7328K, committed 7416K, reserved 1048576K
2022-12-19T05:59:37.998+0000: 942.945: [GC (Allocation Failure) 2022-12-19T05:59:37.998+0000: 942.945: [ParNew
Desired survivor size 10485760 bytes, new threshold 1 (max 1)
- age   1:     378176 bytes,     378176 total
: 184320K->8983K(184320K), 0.0432080 secs] 209529K->48537K(503808K), 0.0435120 secs] [Times: user=0.38 sys=0.04, real=0.05 secs] 
Heap after GC invocations=6 (full 2):
 par new generation   total 184320K, used 8983K [0x00000000e0000000, 0x00000000ec800000, 0x00000000ec800000)
  eden space 163840K,   0% used [0x00000000e0000000, 0x00000000e0000000, 0x00000000ea000000)
  from space 20480K,  43% used [0x00000000ea000000, 0x00000000ea8c5d60, 0x00000000eb400000)
  to   space 20480K,   0% used [0x00000000eb400000, 0x00000000eb400000, 0x00000000ec800000)
 concurrent mark-sweep generation total 319488K, used 39554K [0x00000000ec800000, 0x0000000100000000, 0x0000000100000000)
 Metaspace       used 49851K, capacity 52344K, committed 52644K, reserved 1095680K
  class space    used 6768K, capacity 7328K, committed 7416K, reserved 1048576K
}
2022-12-19T05:59:38.042+0000: 942.989: Total time for which application threads were stopped: 0.0443120 seconds, Stopping threads took: 0.0000972 seconds
2022-12-19T05:59:39.042+0000: 943.989: Total time for which application threads were stopped: 0.0003646 seconds, Stopping threads took: 0.0000812 seconds
2022-12-19T05:59:53.045+0000: 957.992: Total time for which application threads were stopped: 0.0007680 seconds, Stopping threads took: 0.0003759 seconds
2022-12-19T05:59:59.046+0000: 963.993: Total time for which application threads were stopped: 0.0003672 seconds, Stopping threads took: 0.0000864 seconds
2022-12-19T06:00:15.048+0000: 979.995: Total time for which application threads were stopped: 0.0003721 seconds, Stopping threads took: 0.0000889 seconds
2022-12-19T06:00:19.049+0000: 983.996: Total time for which application threads were stopped: 0.0003669 seconds, Stopping threads took: 0.0000876 seconds
2022-12-19T06:00:23.050+0000: 987.997: Total time for which application threads were stopped: 0.0003835 seconds, Stopping threads took: 0.0000898 seconds
2022-12-19T06:00:29.051+0000: 993.998: Total time for which application threads were stopped: 0.0003715 seconds, Stopping threads took: 0.0000838 seconds
2022-12-19T06:00:35.052+0000: 999.999: Total time for which application threads were stopped: 0.0004893 seconds, Stopping threads took: 0.0000842 seconds
2022-12-19T06:01:04.057+0000: 1029.004: Total time for which application threads were stopped: 0.0008761 seconds, Stopping threads took: 0.0001820 seconds
2022-12-19T06:01:06.058+0000: 1031.005: Total time for which application threads were stopped: 0.0003593 seconds, Stopping threads took: 0.0000842 seconds
2022-12-19T06:01:55.065+0000: 1080.012: Total time for which application threads were stopped: 0.0008074 seconds, Stopping threads took: 0.0003330 seconds
2022-12-19T06:02:29.070+0000: 1114.017: Total time for which application threads were stopped: 0.0003702 seconds, Stopping threads took: 0.0000825 seconds
2022-12-19T06:03:14.076+0000: 1159.023: Total time for which application threads were stopped: 0.0004084 seconds, Stopping threads took: 0.0001119 seconds
2022-12-19T06:03:34.080+0000: 1179.027: Total time for which application threads were stopped: 0.0009378 seconds, Stopping threads took: 0.0001958 seconds
2022-12-19T06:03:35.081+0000: 1180.028: Total time for which application threads were stopped: 0.0004068 seconds, Stopping threads took: 0.0001435 seconds
2022-12-19T06:03:53.084+0000: 1198.031: Total time for which application threads were stopped: 0.0008506 seconds, Stopping threads took: 0.0003587 seconds
2022-12-19T06:04:06.086+0000: 1211.034: Total time for which application threads were stopped: 0.0003707 seconds, Stopping threads took: 0.0000867 seconds
2022-12-19T06:04:53.093+0000: 1258.040: Total time for which application threads were stopped: 0.0003728 seconds, Stopping threads took: 0.0000921 seconds
2022-12-19T06:04:55.094+0000: 1260.041: Total time for which application threads were stopped: 0.0003611 seconds, Stopping threads took: 0.0000791 seconds
2022-12-19T06:04:59.095+0000: 1264.042: Total time for which application threads were stopped: 0.0003749 seconds, Stopping threads took: 0.0000919 seconds
2022-12-19T06:05:22.099+0000: 1287.046: Total time for which application threads were stopped: 0.0003683 seconds, Stopping threads took: 0.0000839 seconds
2022-12-19T06:05:25.100+0000: 1290.047: Total time for which application threads were stopped: 0.0003673 seconds, Stopping threads took: 0.0000845 seconds
2022-12-19T06:05:35.102+0000: 1300.049: Total time for which application threads were stopped: 0.0003619 seconds, Stopping threads took: 0.0000845 seconds
2022-12-19T06:05:45.103+0000: 1310.051: Total time for which application threads were stopped: 0.0003705 seconds, Stopping threads took: 0.0000820 seconds
2022-12-19T06:05:55.105+0000: 1320.052: Total time for which application threads were stopped: 0.0003735 seconds, Stopping threads took: 0.0000829 seconds
2022-12-19T06:05:56.106+0000: 1321.053: Total time for which application threads were stopped: 0.0003451 seconds, Stopping threads took: 0.0000799 seconds
2022-12-19T06:05:58.107+0000: 1323.054: Total time for which application threads were stopped: 0.0003197 seconds, Stopping threads took: 0.0000720 seconds
2022-12-19T06:06:07.108+0000: 1332.055: Total time for which application threads were stopped: 0.0004838 seconds, Stopping threads took: 0.0000842 seconds
2022-12-19T06:06:19.110+0000: 1344.058: Total time for which application threads were stopped: 0.0003658 seconds, Stopping threads took: 0.0000856 seconds
2022-12-19T06:06:24.112+0000: 1349.059: Total time for which application threads were stopped: 0.0003721 seconds, Stopping threads took: 0.0000887 seconds
2022-12-19T06:06:26.112+0000: 1351.059: Total time for which application threads were stopped: 0.0003886 seconds, Stopping threads took: 0.0000847 seconds
2022-12-19T06:06:58.117+0000: 1383.064: Total time for which application threads were stopped: 0.0003753 seconds, Stopping threads took: 0.0000846 seconds
2022-12-19T06:06:59.117+0000: 1384.064: Total time for which application threads were stopped: 0.0003286 seconds, Stopping threads took: 0.0000726 seconds
2022-12-19T06:07:06.119+0000: 1391.066: Total time for which application threads were stopped: 0.0003712 seconds, Stopping threads took: 0.0000839 seconds
2022-12-19T06:07:07.120+0000: 1392.067: Total time for which application threads were stopped: 0.0009521 seconds, Stopping threads took: 0.0002056 seconds
2022-12-19T06:07:53.127+0000: 1438.074: Total time for which application threads were stopped: 0.0008103 seconds, Stopping threads took: 0.0003560 seconds
2022-12-19T06:08:09.130+0000: 1454.077: Total time for which application threads were stopped: 0.0003707 seconds, Stopping threads took: 0.0000954 seconds
2022-12-19T06:08:22.132+0000: 1467.079: Total time for which application threads were stopped: 0.0003743 seconds, Stopping threads took: 0.0000897 seconds
2022-12-19T06:08:34.134+0000: 1479.081: Total time for which application threads were stopped: 0.0003674 seconds, Stopping threads took: 0.0000839 seconds
2022-12-19T06:08:53.137+0000: 1498.084: Total time for which application threads were stopped: 0.0003690 seconds, Stopping threads took: 0.0000849 seconds
2022-12-19T06:09:13.140+0000: 1518.088: Total time for which application threads were stopped: 0.0003762 seconds, Stopping threads took: 0.0000887 seconds
2022-12-19T06:09:14.141+0000: 1519.088: Total time for which application threads were stopped: 0.0003658 seconds, Stopping threads took: 0.0000838 seconds
2022-12-19T06:09:16.142+0000: 1521.089: Total time for which application threads were stopped: 0.0003792 seconds, Stopping threads took: 0.0000878 seconds
2022-12-19T06:09:17.142+0000: 1522.089: Total time for which application threads were stopped: 0.0003485 seconds, Stopping threads took: 0.0000866 seconds
2022-12-19T06:09:18.143+0000: 1523.090: Total time for which application threads were stopped: 0.0003136 seconds, Stopping threads took: 0.0000717 seconds
2022-12-19T06:09:19.143+0000: 1524.090: Total time for which application threads were stopped: 0.0003196 seconds, Stopping threads took: 0.0000741 seconds
2022-12-19T06:09:25.144+0000: 1530.092: Total time for which application threads were stopped: 0.0003666 seconds, Stopping threads took: 0.0000834 seconds
2022-12-19T06:09:30.146+0000: 1535.093: Total time for which application threads were stopped: 0.0004006 seconds, Stopping threads took: 0.0000876 seconds
2022-12-19T06:09:31.146+0000: 1536.093: Total time for which application threads were stopped: 0.0003794 seconds, Stopping threads took: 0.0000892 seconds
2022-12-19T06:09:34.147+0000: 1539.094: Total time for which application threads were stopped: 0.0004004 seconds, Stopping threads took: 0.0001063 seconds
2022-12-19T06:09:35.148+0000: 1540.095: Total time for which application threads were stopped: 0.0004875 seconds, Stopping threads took: 0.0000871 seconds
2022-12-19T06:09:36.148+0000: 1541.095: Total time for which application threads were stopped: 0.0003749 seconds, Stopping threads took: 0.0000804 seconds
2022-12-19T06:09:41.149+0000: 1546.097: Total time for which application threads were stopped: 0.0003869 seconds, Stopping threads took: 0.0000923 seconds
2022-12-19T06:09:48.151+0000: 1553.098: Total time for which application threads were stopped: 0.0003917 seconds, Stopping threads took: 0.0000962 seconds
2022-12-19T06:09:51.152+0000: 1556.099: Total time for which application threads were stopped: 0.0003958 seconds, Stopping threads took: 0.0000855 seconds
2022-12-19T06:09:52.152+0000: 1557.099: Total time for which application threads were stopped: 0.0003504 seconds, Stopping threads took: 0.0000745 seconds
2022-12-19T06:09:53.153+0000: 1558.100: Total time for which application threads were stopped: 0.0003373 seconds, Stopping threads took: 0.0000766 seconds
2022-12-19T06:09:55.153+0000: 1560.101: Total time for which application threads were stopped: 0.0003646 seconds, Stopping threads took: 0.0000777 seconds
2022-12-19T06:10:04.155+0000: 1569.102: Total time for which application threads were stopped: 0.0003788 seconds, Stopping threads took: 0.0000884 seconds
2022-12-19T06:11:15.165+0000: 1640.112: Total time for which application threads were stopped: 0.0003742 seconds, Stopping threads took: 0.0000903 seconds
2022-12-19T06:11:29.167+0000: 1654.114: Total time for which application threads were stopped: 0.0003913 seconds, Stopping threads took: 0.0000826 seconds
2022-12-19T06:12:34.176+0000: 1719.123: Total time for which application threads were stopped: 0.0003809 seconds, Stopping threads took: 0.0000885 seconds
2022-12-19T06:12:35.176+0000: 1720.123: Total time for which application threads were stopped: 0.0003528 seconds, Stopping threads took: 0.0000789 seconds
2022-12-19T06:13:01.181+0000: 1746.128: Total time for which application threads were stopped: 0.0009340 seconds, Stopping threads took: 0.0002087 seconds
2022-12-19T06:13:05.182+0000: 1750.129: Total time for which application threads were stopped: 0.0003867 seconds, Stopping threads took: 0.0000929 seconds
2022-12-19T06:13:09.183+0000: 1754.130: Total time for which application threads were stopped: 0.0003741 seconds, Stopping threads took: 0.0000975 seconds
2022-12-19T06:13:42.188+0000: 1787.135: Total time for which application threads were stopped: 0.0003798 seconds, Stopping threads took: 0.0000926 seconds
2022-12-19T06:13:53.190+0000: 1798.137: Total time for which application threads were stopped: 0.0008309 seconds, Stopping threads took: 0.0003694 seconds
2022-12-19T06:13:55.191+0000: 1800.138: Total time for which application threads were stopped: 0.0003395 seconds, Stopping threads took: 0.0000814 seconds
2022-12-19T06:13:58.191+0000: 1803.138: Total time for which application threads were stopped: 0.0003506 seconds, Stopping threads took: 0.0000825 seconds
2022-12-19T06:14:00.192+0000: 1805.139: Total time for which application threads were stopped: 0.0003479 seconds, Stopping threads took: 0.0000871 seconds
2022-12-19T06:14:01.193+0000: 1806.140: Total time for which application threads were stopped: 0.0003551 seconds, Stopping threads took: 0.0000994 seconds
2022-12-19T06:14:02.193+0000: 1807.140: Total time for which application threads were stopped: 0.0003283 seconds, Stopping threads took: 0.0000751 seconds
2022-12-19T06:14:04.194+0000: 1809.141: Total time for which application threads were stopped: 0.0003435 seconds, Stopping threads took: 0.0000842 seconds
2022-12-19T06:14:05.194+0000: 1810.141: Total time for which application threads were stopped: 0.0003289 seconds, Stopping threads took: 0.0000771 seconds
2022-12-19T06:14:09.195+0000: 1814.142: Total time for which application threads were stopped: 0.0003424 seconds, Stopping threads took: 0.0000771 seconds
2022-12-19T06:14:19.197+0000: 1824.144: Total time for which application threads were stopped: 0.0003870 seconds, Stopping threads took: 0.0001034 seconds
2022-12-19T06:14:25.198+0000: 1830.145: Total time for which application threads were stopped: 0.0003636 seconds, Stopping threads took: 0.0000842 seconds
2022-12-19T06:14:29.199+0000: 1834.146: Total time for which application threads were stopped: 0.0003507 seconds, Stopping threads took: 0.0000805 seconds
2022-12-19T06:14:31.200+0000: 1836.147: Total time for which application threads were stopped: 0.0004316 seconds, Stopping threads took: 0.0000840 seconds
2022-12-19T06:14:35.201+0000: 1840.148: Total time for which application threads were stopped: 0.0003678 seconds, Stopping threads took: 0.0000912 seconds
2022-12-19T06:14:36.201+0000: 1841.148: Total time for which application threads were stopped: 0.0003073 seconds, Stopping threads took: 0.0000709 seconds
2022-12-19T06:14:39.202+0000: 1844.149: Total time for which application threads were stopped: 0.0003564 seconds, Stopping threads took: 0.0000856 seconds
2022-12-19T06:14:47.203+0000: 1852.150: Total time for which application threads were stopped: 0.0003669 seconds, Stopping threads took: 0.0000874 seconds
{Heap before GC invocations=6 (full 2):
 par new generation   total 184320K, used 172823K [0x00000000e0000000, 0x00000000ec800000, 0x00000000ec800000)
  eden space 163840K, 100% used [0x00000000e0000000, 0x00000000ea000000, 0x00000000ea000000)
  from space 20480K,  43% used [0x00000000ea000000, 0x00000000ea8c5d60, 0x00000000eb400000)
  to   space 20480K,   0% used [0x00000000eb400000, 0x00000000eb400000, 0x00000000ec800000)
 concurrent mark-sweep generation total 319488K, used 39554K [0x00000000ec800000, 0x0000000100000000, 0x0000000100000000)
 Metaspace       used 49963K, capacity 52484K, committed 52644K, reserved 1095680K
  class space    used 6769K, capacity 7328K, committed 7416K, reserved 1048576K
2022-12-19T06:15:18.444+0000: 1883.391: [GC (Allocation Failure) 2022-12-19T06:15:18.445+0000: 1883.392: [ParNew
Desired survivor size 10485760 bytes, new threshold 1 (max 1)
- age   1:      32160 bytes,      32160 total
: 172823K->2108K(184320K), 0.0113285 secs] 212377K->41912K(503808K), 0.0115941 secs] [Times: user=0.16 sys=0.02, real=0.01 secs] 
Heap after GC invocations=7 (full 2):
 par new generation   total 184320K, used 2108K [0x00000000e0000000, 0x00000000ec800000, 0x00000000ec800000)
  eden space 163840K,   0% used [0x00000000e0000000, 0x00000000e0000000, 0x00000000ea000000)
  from space 20480K,  10% used [0x00000000eb400000, 0x00000000eb60f218, 0x00000000ec800000)
  to   space 20480K,   0% used [0x00000000ea000000, 0x00000000ea000000, 0x00000000eb400000)
 concurrent mark-sweep generation total 319488K, used 39803K [0x00000000ec800000, 0x0000000100000000, 0x0000000100000000)
 Metaspace       used 49963K, capacity 52484K, committed 52644K, reserved 1095680K
  class space    used 6769K, capacity 7328K, committed 7416K, reserved 1048576K
}
2022-12-19T06:15:18.456+0000: 1883.403: Total time for which application threads were stopped: 0.0123182 seconds, Stopping threads took: 0.0000878 seconds
2022-12-19T06:15:19.457+0000: 1884.404: Total time for which application threads were stopped: 0.0003361 seconds, Stopping threads took: 0.0000946 seconds
2022-12-19T06:16:19.465+0000: 1944.412: Total time for which application threads were stopped: 0.0003692 seconds, Stopping threads took: 0.0000849 seconds
2022-12-19T06:16:34.468+0000: 1959.415: Total time for which application threads were stopped: 0.0003593 seconds, Stopping threads took: 0.0000873 seconds
2022-12-19T06:16:53.471+0000: 1978.418: Total time for which application threads were stopped: 0.0003722 seconds, Stopping threads took: 0.0000833 seconds
2022-12-19T06:18:14.483+0000: 2059.430: Total time for which application threads were stopped: 0.0003776 seconds, Stopping threads took: 0.0000875 seconds
2022-12-19T06:18:46.488+0000: 2091.435: Total time for which application threads were stopped: 0.0003755 seconds, Stopping threads took: 0.0000841 seconds
2022-12-19T06:19:06.492+0000: 2111.439: Total time for which application threads were stopped: 0.0013159 seconds, Stopping threads took: 0.0004360 seconds
2022-12-19T06:19:15.493+0000: 2120.440: Total time for which application threads were stopped: 0.0003593 seconds, Stopping threads took: 0.0000840 seconds
2022-12-19T06:19:16.494+0000: 2121.441: Total time for which application threads were stopped: 0.0003168 seconds, Stopping threads took: 0.0000689 seconds
2022-12-19T06:19:24.495+0000: 2129.442: Total time for which application threads were stopped: 0.0003737 seconds, Stopping threads took: 0.0000828 seconds
2022-12-19T06:19:31.497+0000: 2136.444: Total time for which application threads were stopped: 0.0003906 seconds, Stopping threads took: 0.0000896 seconds
2022-12-19T06:19:32.497+0000: 2137.444: Total time for which application threads were stopped: 0.0003527 seconds, Stopping threads took: 0.0000813 seconds
2022-12-19T06:19:34.498+0000: 2139.445: Total time for which application threads were stopped: 0.0003509 seconds, Stopping threads took: 0.0000788 seconds
2022-12-19T06:19:53.501+0000: 2158.448: Total time for which application threads were stopped: 0.0003737 seconds, Stopping threads took: 0.0000861 seconds
2022-12-19T06:19:54.501+0000: 2159.449: Total time for which application threads were stopped: 0.0003231 seconds, Stopping threads took: 0.0000738 seconds
2022-12-19T06:20:15.505+0000: 2180.452: Total time for which application threads were stopped: 0.0004803 seconds, Stopping threads took: 0.0000915 seconds
2022-12-19T06:20:24.507+0000: 2189.454: Total time for which application threads were stopped: 0.0003712 seconds, Stopping threads took: 0.0000861 seconds
2022-12-19T06:20:27.508+0000: 2192.455: Total time for which application threads were stopped: 0.0003424 seconds, Stopping threads took: 0.0000796 seconds
2022-12-19T06:20:34.509+0000: 2199.456: Total time for which application threads were stopped: 0.0003545 seconds, Stopping threads took: 0.0000824 seconds
2022-12-19T06:20:53.512+0000: 2218.459: Total time for which application threads were stopped: 0.0003802 seconds, Stopping threads took: 0.0000848 seconds
2022-12-19T06:21:20.516+0000: 2245.463: Total time for which application threads were stopped: 0.0004083 seconds, Stopping threads took: 0.0000900 seconds
2022-12-19T06:21:53.521+0000: 2278.468: Total time for which application threads were stopped: 0.0003790 seconds, Stopping threads took: 0.0000893 seconds
2022-12-19T06:22:13.524+0000: 2298.471: Total time for which application threads were stopped: 0.0003932 seconds, Stopping threads took: 0.0001095 seconds
2022-12-19T06:23:57.539+0000: 2402.486: Total time for which application threads were stopped: 0.0003777 seconds, Stopping threads took: 0.0000949 seconds
2022-12-19T06:24:45.547+0000: 2450.494: Total time for which application threads were stopped: 0.0016854 seconds, Stopping threads took: 0.0006432 seconds
2022-12-19T06:24:46.548+0000: 2451.495: Total time for which application threads were stopped: 0.0003218 seconds, Stopping threads took: 0.0000676 seconds
2022-12-19T06:24:57.550+0000: 2462.497: Total time for which application threads were stopped: 0.0003726 seconds, Stopping threads took: 0.0000864 seconds
2022-12-19T06:26:30.564+0000: 2555.511: Total time for which application threads were stopped: 0.0008876 seconds, Stopping threads took: 0.0001586 seconds
2022-12-19T06:26:50.567+0000: 2575.514: Total time for which application threads were stopped: 0.0003810 seconds, Stopping threads took: 0.0000855 seconds
2022-12-19T06:26:51.567+0000: 2576.514: Total time for which application threads were stopped: 0.0003357 seconds, Stopping threads took: 0.0000791 seconds
2022-12-19T06:27:01.569+0000: 2586.516: Total time for which application threads were stopped: 0.0003725 seconds, Stopping threads took: 0.0000885 seconds
2022-12-19T06:27:03.569+0000: 2588.516: Total time for which application threads were stopped: 0.0003481 seconds, Stopping threads took: 0.0000800 seconds
2022-12-19T06:27:05.570+0000: 2590.517: Total time for which application threads were stopped: 0.0003481 seconds, Stopping threads took: 0.0000794 seconds
2022-12-19T06:27:57.577+0000: 2642.524: Total time for which application threads were stopped: 0.0003731 seconds, Stopping threads took: 0.0000889 seconds
2022-12-19T06:28:02.578+0000: 2647.525: Total time for which application threads were stopped: 0.0003788 seconds, Stopping threads took: 0.0000975 seconds
2022-12-19T06:28:39.583+0000: 2684.530: Total time for which application threads were stopped: 0.0004640 seconds, Stopping threads took: 0.0000865 seconds
2022-12-19T06:28:44.584+0000: 2689.531: Total time for which application threads were stopped: 0.0003663 seconds, Stopping threads took: 0.0000879 seconds
2022-12-19T06:28:50.585+0000: 2695.532: Total time for which application threads were stopped: 0.0004067 seconds, Stopping threads took: 0.0000936 seconds
2022-12-19T06:29:24.590+0000: 2729.537: Total time for which application threads were stopped: 0.0003708 seconds, Stopping threads took: 0.0000843 seconds
{Heap before GC invocations=7 (full 2):
 par new generation   total 184320K, used 165948K [0x00000000e0000000, 0x00000000ec800000, 0x00000000ec800000)
  eden space 163840K, 100% used [0x00000000e0000000, 0x00000000ea000000, 0x00000000ea000000)
  from space 20480K,  10% used [0x00000000eb400000, 0x00000000eb60f218, 0x00000000ec800000)
  to   space 20480K,   0% used [0x00000000ea000000, 0x00000000ea000000, 0x00000000eb400000)
 concurrent mark-sweep generation total 319488K, used 39803K [0x00000000ec800000, 0x0000000100000000, 0x0000000100000000)
 Metaspace       used 50052K, capacity 52548K, committed 52644K, reserved 1095680K
  class space    used 6769K, capacity 7328K, committed 7416K, reserved 1048576K
2022-12-19T06:30:49.327+0000: 2814.274: [GC (Allocation Failure) 2022-12-19T06:30:49.327+0000: 2814.274: [ParNew
Desired survivor size 10485760 bytes, new threshold 1 (max 1)
- age   1:      14872 bytes,      14872 total
: 165948K->429K(184320K), 0.0126391 secs] 205752K->40248K(503808K), 0.0128399 secs] [Times: user=0.19 sys=0.01, real=0.01 secs] 
Heap after GC invocations=8 (full 2):
 par new generation   total 184320K, used 429K [0x00000000e0000000, 0x00000000ec800000, 0x00000000ec800000)
  eden space 163840K,   0% used [0x00000000e0000000, 0x00000000e0000000, 0x00000000ea000000)
  from space 20480K,   2% used [0x00000000ea000000, 0x00000000ea06b4c0, 0x00000000eb400000)
  to   space 20480K,   0% used [0x00000000eb400000, 0x00000000eb400000, 0x00000000ec800000)
 concurrent mark-sweep generation total 319488K, used 39819K [0x00000000ec800000, 0x0000000100000000, 0x0000000100000000)
 Metaspace       used 50052K, capacity 52548K, committed 52644K, reserved 1095680K
  class space    used 6769K, capacity 7328K, committed 7416K, reserved 1048576K
}
2022-12-19T06:30:49.340+0000: 2814.287: Total time for which application threads were stopped: 0.0138904 seconds, Stopping threads took: 0.0003598 seconds
2022-12-19T06:30:53.341+0000: 2818.288: Total time for which application threads were stopped: 0.0003816 seconds, Stopping threads took: 0.0000961 seconds
2022-12-19T06:31:44.349+0000: 2869.296: Total time for which application threads were stopped: 0.0003811 seconds, Stopping threads took: 0.0000864 seconds
2022-12-19T06:32:34.356+0000: 2919.303: Total time for which application threads were stopped: 0.0003755 seconds, Stopping threads took: 0.0000873 seconds
2022-12-19T06:32:35.356+0000: 2920.303: Total time for which application threads were stopped: 0.0003172 seconds, Stopping threads took: 0.0000722 seconds
2022-12-19T06:32:53.359+0000: 2938.306: Total time for which application threads were stopped: 0.0003700 seconds, Stopping threads took: 0.0000833 seconds
2022-12-19T06:34:37.373+0000: 3042.320: Total time for which application threads were stopped: 0.0003733 seconds, Stopping threads took: 0.0000908 seconds
2022-12-19T06:34:41.374+0000: 3046.321: Total time for which application threads were stopped: 0.0003318 seconds, Stopping threads took: 0.0000760 seconds
2022-12-19T06:34:45.375+0000: 3050.322: Total time for which application threads were stopped: 0.0003348 seconds, Stopping threads took: 0.0000747 seconds
2022-12-19T06:34:53.376+0000: 3058.323: Total time for which application threads were stopped: 0.0003526 seconds, Stopping threads took: 0.0000780 seconds
2022-12-19T06:35:30.382+0000: 3095.329: Total time for which application threads were stopped: 0.0008851 seconds, Stopping threads took: 0.0001925 seconds
2022-12-19T06:36:00.387+0000: 3125.334: Total time for which application threads were stopped: 0.0008575 seconds, Stopping threads took: 0.0003454 seconds
2022-12-19T06:36:01.388+0000: 3126.335: Total time for which application threads were stopped: 0.0003331 seconds, Stopping threads took: 0.0000777 seconds
2022-12-19T06:36:02.388+0000: 3127.335: Total time for which application threads were stopped: 0.0002885 seconds, Stopping threads took: 0.0000657 seconds
2022-12-19T06:36:03.388+0000: 3128.336: Total time for which application threads were stopped: 0.0002938 seconds, Stopping threads took: 0.0000655 seconds
2022-12-19T06:36:44.395+0000: 3169.342: Total time for which application threads were stopped: 0.0003577 seconds, Stopping threads took: 0.0000807 seconds
2022-12-19T06:38:04.406+0000: 3249.353: Total time for which application threads were stopped: 0.0003685 seconds, Stopping threads took: 0.0000830 seconds
2022-12-19T06:38:05.406+0000: 3250.353: Total time for which application threads were stopped: 0.0003250 seconds, Stopping threads took: 0.0000797 seconds
2022-12-19T06:38:09.407+0000: 3254.354: Total time for which application threads were stopped: 0.0003401 seconds, Stopping threads took: 0.0000762 seconds
2022-12-19T06:39:54.422+0000: 3359.369: Total time for which application threads were stopped: 0.0003735 seconds, Stopping threads took: 0.0000831 seconds
2022-12-19T06:40:23.427+0000: 3388.374: Total time for which application threads were stopped: 0.0003761 seconds, Stopping threads took: 0.0000870 seconds
2022-12-19T06:40:25.428+0000: 3390.375: Total time for which application threads were stopped: 0.0003583 seconds, Stopping threads took: 0.0000791 seconds
2022-12-19T06:40:45.431+0000: 3410.378: Total time for which application threads were stopped: 0.0004979 seconds, Stopping threads took: 0.0000868 seconds
2022-12-19T06:40:55.433+0000: 3420.380: Total time for which application threads were stopped: 0.0009377 seconds, Stopping threads took: 0.0001903 seconds
2022-12-19T06:41:15.437+0000: 3440.384: Total time for which application threads were stopped: 0.0003805 seconds, Stopping threads took: 0.0000893 seconds
2022-12-19T06:41:25.439+0000: 3450.386: Total time for which application threads were stopped: 0.0008527 seconds, Stopping threads took: 0.0003627 seconds
2022-12-19T06:41:35.441+0000: 3460.388: Total time for which application threads were stopped: 0.0003742 seconds, Stopping threads took: 0.0000846 seconds
2022-12-19T06:42:25.448+0000: 3510.395: Total time for which application threads were stopped: 0.0004011 seconds, Stopping threads took: 0.0000869 seconds
2022-12-19T06:42:29.449+0000: 3514.396: Total time for which application threads were stopped: 0.0003335 seconds, Stopping threads took: 0.0000774 seconds
2022-12-19T06:43:54.461+0000: 3599.408: Total time for which application threads were stopped: 0.0003741 seconds, Stopping threads took: 0.0000871 seconds
2022-12-19T06:43:59.462+0000: 3604.409: Total time for which application threads were stopped: 0.0004912 seconds, Stopping threads took: 0.0000897 seconds
2022-12-19T06:44:00.462+0000: 3605.410: Total time for which application threads were stopped: 0.0004460 seconds, Stopping threads took: 0.0000924 seconds
2022-12-19T06:44:01.463+0000: 3606.410: Total time for which application threads were stopped: 0.0004356 seconds, Stopping threads took: 0.0000924 seconds
{Heap before GC invocations=8 (full 2):
 par new generation   total 184320K, used 164269K [0x00000000e0000000, 0x00000000ec800000, 0x00000000ec800000)
  eden space 163840K, 100% used [0x00000000e0000000, 0x00000000ea000000, 0x00000000ea000000)
  from space 20480K,   2% used [0x00000000ea000000, 0x00000000ea06b4c0, 0x00000000eb400000)
  to   space 20480K,   0% used [0x00000000eb400000, 0x00000000eb400000, 0x00000000ec800000)
 concurrent mark-sweep generation total 319488K, used 39819K [0x00000000ec800000, 0x0000000100000000, 0x0000000100000000)
 Metaspace       used 50126K, capacity 52622K, committed 52900K, reserved 1095680K
  class space    used 6772K, capacity 7329K, committed 7416K, reserved 1048576K
2022-12-19T06:44:56.946+0000: 3661.893: [GC (Allocation Failure) 2022-12-19T06:44:56.946+0000: 3661.893: [ParNew
Desired survivor size 10485760 bytes, new threshold 1 (max 1)
- age   1:     169352 bytes,     169352 total
: 164269K->231K(184320K), 0.0118425 secs] 204088K->40053K(503808K), 0.0120643 secs] [Times: user=0.19 sys=0.00, real=0.01 secs] 
Heap after GC invocations=9 (full 2):
 par new generation   total 184320K, used 231K [0x00000000e0000000, 0x00000000ec800000, 0x00000000ec800000)
  eden space 163840K,   0% used [0x00000000e0000000, 0x00000000e0000000, 0x00000000ea000000)
  from space 20480K,   1% used [0x00000000eb400000, 0x00000000eb439d08, 0x00000000ec800000)
  to   space 20480K,   0% used [0x00000000ea000000, 0x00000000ea000000, 0x00000000eb400000)
 concurrent mark-sweep generation total 319488K, used 39822K [0x00000000ec800000, 0x0000000100000000, 0x0000000100000000)
 Metaspace       used 50126K, capacity 52622K, committed 52900K, reserved 1095680K
  class space    used 6772K, capacity 7329K, committed 7416K, reserved 1048576K
}
2022-12-19T06:44:56.958+0000: 3661.905: Total time for which application threads were stopped: 0.0127408 seconds, Stopping threads took: 0.0000948 seconds
2022-12-19T06:44:57.959+0000: 3662.906: Total time for which application threads were stopped: 0.0003535 seconds, Stopping threads took: 0.0000732 seconds
2022-12-19T06:45:52.967+0000: 3717.914: Total time for which application threads were stopped: 0.0003705 seconds, Stopping threads took: 0.0000862 seconds
2022-12-19T06:46:43.976+0000: 3768.923: Total time for which application threads were stopped: 0.0015377 seconds, Stopping threads took: 0.0005688 seconds
2022-12-19T06:46:52.978+0000: 3777.925: Total time for which application threads were stopped: 0.0003663 seconds, Stopping threads took: 0.0000954 seconds
2022-12-19T06:47:52.987+0000: 3837.934: Total time for which application threads were stopped: 0.0008729 seconds, Stopping threads took: 0.0001743 seconds
2022-12-19T06:48:11.990+0000: 3856.937: Total time for which application threads were stopped: 0.0003660 seconds, Stopping threads took: 0.0000832 seconds
2022-12-19T06:48:34.994+0000: 3879.941: Total time for which application threads were stopped: 0.0003605 seconds, Stopping threads took: 0.0000827 seconds
2022-12-19T06:52:05.024+0000: 4089.971: Total time for which application threads were stopped: 0.0009417 seconds, Stopping threads took: 0.0003436 seconds
2022-12-19T06:53:54.039+0000: 4198.986: Total time for which application threads were stopped: 0.0003698 seconds, Stopping threads took: 0.0000865 seconds
2022-12-19T06:53:55.040+0000: 4199.987: Total time for which application threads were stopped: 0.0003213 seconds, Stopping threads took: 0.0000723 seconds
2022-12-19T06:54:01.041+0000: 4205.988: Total time for which application threads were stopped: 0.0003640 seconds, Stopping threads took: 0.0000846 seconds
2022-12-19T06:54:53.049+0000: 4257.996: Total time for which application threads were stopped: 0.0003656 seconds, Stopping threads took: 0.0000820 seconds
2022-12-19T06:55:16.052+0000: 4280.999: Total time for which application threads were stopped: 0.0003983 seconds, Stopping threads took: 0.0000835 seconds
2022-12-19T06:58:06.077+0000: 4451.024: Total time for which application threads were stopped: 0.0013194 seconds, Stopping threads took: 0.0004067 seconds
2022-12-19T06:59:15.086+0000: 4520.033: Total time for which application threads were stopped: 0.0003786 seconds, Stopping threads took: 0.0000945 seconds
{Heap before GC invocations=9 (full 2):
 par new generation   total 184320K, used 164071K [0x00000000e0000000, 0x00000000ec800000, 0x00000000ec800000)
  eden space 163840K, 100% used [0x00000000e0000000, 0x00000000ea000000, 0x00000000ea000000)
  from space 20480K,   1% used [0x00000000eb400000, 0x00000000eb439d08, 0x00000000ec800000)
  to   space 20480K,   0% used [0x00000000ea000000, 0x00000000ea000000, 0x00000000eb400000)
 concurrent mark-sweep generation total 319488K, used 39822K [0x00000000ec800000, 0x0000000100000000, 0x0000000100000000)
 Metaspace       used 50209K, capacity 52690K, committed 52900K, reserved 1095680K
  class space    used 6775K, capacity 7329K, committed 7416K, reserved 1048576K
2022-12-19T07:00:10.646+0000: 4575.593: [GC (Allocation Failure) 2022-12-19T07:00:10.646+0000: 4575.593: [ParNew
Desired survivor size 10485760 bytes, new threshold 1 (max 1)
- age   1:    4216632 bytes,    4216632 total
: 164071K->4221K(184320K), 0.0248344 secs] 203893K->44138K(503808K), 0.0250457 secs] [Times: user=0.47 sys=0.00, real=0.03 secs] 
Heap after GC invocations=10 (full 2):
 par new generation   total 184320K, used 4221K [0x00000000e0000000, 0x00000000ec800000, 0x00000000ec800000)
  eden space 163840K,   0% used [0x00000000e0000000, 0x00000000e0000000, 0x00000000ea000000)
  from space 20480K,  20% used [0x00000000ea000000, 0x00000000ea41f730, 0x00000000eb400000)
  to   space 20480K,   0% used [0x00000000eb400000, 0x00000000eb400000, 0x00000000ec800000)
 concurrent mark-sweep generation total 319488K, used 39916K [0x00000000ec800000, 0x0000000100000000, 0x0000000100000000)
 Metaspace       used 50209K, capacity 52690K, committed 52900K, reserved 1095680K
  class space    used 6775K, capacity 7329K, committed 7416K, reserved 1048576K
}
2022-12-19T07:00:10.671+0000: 4575.618: Total time for which application threads were stopped: 0.0255981 seconds, Stopping threads took: 0.0000937 seconds
2022-12-19T07:00:11.671+0000: 4576.618: Total time for which application threads were stopped: 0.0003495 seconds, Stopping threads took: 0.0000790 seconds
2022-12-19T07:01:44.684+0000: 4669.631: Total time for which application threads were stopped: 0.0009030 seconds, Stopping threads took: 0.0001941 seconds
2022-12-19T07:01:45.685+0000: 4670.632: Total time for which application threads were stopped: 0.0003807 seconds, Stopping threads took: 0.0000881 seconds
2022-12-19T07:03:25.699+0000: 4770.646: Total time for which application threads were stopped: 0.0008093 seconds, Stopping threads took: 0.0003329 seconds
2022-12-19T07:05:19.715+0000: 4884.662: Total time for which application threads were stopped: 0.0003657 seconds, Stopping threads took: 0.0000857 seconds
2022-12-19T07:06:44.726+0000: 4969.673: Total time for which application threads were stopped: 0.0003585 seconds, Stopping threads took: 0.0000852 seconds
2022-12-19T07:08:55.742+0000: 5100.689: Total time for which application threads were stopped: 0.0008361 seconds, Stopping threads took: 0.0001626 seconds
2022-12-19T07:09:14.745+0000: 5119.693: Total time for which application threads were stopped: 0.0007393 seconds, Stopping threads took: 0.0003458 seconds
2022-12-19T07:09:31.748+0000: 5136.695: Total time for which application threads were stopped: 0.0004303 seconds, Stopping threads took: 0.0000948 seconds
2022-12-19T07:10:55.760+0000: 5220.707: Total time for which application threads were stopped: 0.0003887 seconds, Stopping threads took: 0.0000893 seconds
2022-12-19T07:11:06.762+0000: 5231.709: Total time for which application threads were stopped: 0.0003632 seconds, Stopping threads took: 0.0000835 seconds
2022-12-19T07:11:21.764+0000: 5246.711: Total time for which application threads were stopped: 0.0003963 seconds, Stopping threads took: 0.0000927 seconds
2022-12-19T07:11:38.767+0000: 5263.714: Total time for which application threads were stopped: 0.0003887 seconds, Stopping threads took: 0.0000966 seconds
2022-12-19T07:11:44.768+0000: 5269.715: Total time for which application threads were stopped: 0.0004833 seconds, Stopping threads took: 0.0000819 seconds
2022-12-19T07:12:04.771+0000: 5289.718: Total time for which application threads were stopped: 0.0003712 seconds, Stopping threads took: 0.0000861 seconds
2022-12-19T07:13:16.781+0000: 5361.728: Total time for which application threads were stopped: 0.0003429 seconds, Stopping threads took: 0.0000831 seconds
2022-12-19T07:13:37.784+0000: 5382.731: Total time for which application threads were stopped: 0.0003829 seconds, Stopping threads took: 0.0000895 seconds
2022-12-19T07:13:50.786+0000: 5395.733: Total time for which application threads were stopped: 0.0003953 seconds, Stopping threads took: 0.0000846 seconds
2022-12-19T07:14:31.792+0000: 5436.739: Total time for which application threads were stopped: 0.0009351 seconds, Stopping threads took: 0.0002004 seconds
{Heap before GC invocations=10 (full 2):
 par new generation   total 184320K, used 168061K [0x00000000e0000000, 0x00000000ec800000, 0x00000000ec800000)
  eden space 163840K, 100% used [0x00000000e0000000, 0x00000000ea000000, 0x00000000ea000000)
  from space 20480K,  20% used [0x00000000ea000000, 0x00000000ea41f730, 0x00000000eb400000)
  to   space 20480K,   0% used [0x00000000eb400000, 0x00000000eb400000, 0x00000000ec800000)
 concurrent mark-sweep generation total 319488K, used 39916K [0x00000000ec800000, 0x0000000100000000, 0x0000000100000000)
 Metaspace       used 50227K, capacity 52698K, committed 52900K, reserved 1095680K
  class space    used 6776K, capacity 7329K, committed 7416K, reserved 1048576K
2022-12-19T07:15:13.232+0000: 5478.179: [GC (Allocation Failure) 2022-12-19T07:15:13.232+0000: 5478.179: [ParNew
Desired survivor size 10485760 bytes, new threshold 1 (max 1)
- age   1:      17704 bytes,      17704 total
: 168061K->44K(184320K), 0.0139427 secs] 207978K->40994K(503808K), 0.0141489 secs] [Times: user=0.26 sys=0.00, real=0.01 secs] 
Heap after GC invocations=11 (full 2):
 par new generation   total 184320K, used 44K [0x00000000e0000000, 0x00000000ec800000, 0x00000000ec800000)
  eden space 163840K,   0% used [0x00000000e0000000, 0x00000000e0000000, 0x00000000ea000000)
  from space 20480K,   0% used [0x00000000eb400000, 0x00000000eb40b3b8, 0x00000000ec800000)
  to   space 20480K,   0% used [0x00000000ea000000, 0x00000000ea000000, 0x00000000eb400000)
 concurrent mark-sweep generation total 319488K, used 40949K [0x00000000ec800000, 0x0000000100000000, 0x0000000100000000)
 Metaspace       used 50227K, capacity 52698K, committed 52900K, reserved 1095680K
  class space    used 6776K, capacity 7329K, committed 7416K, reserved 1048576K
}
2022-12-19T07:15:13.246+0000: 5478.193: Total time for which application threads were stopped: 0.0148539 seconds, Stopping threads took: 0.0000844 seconds
2022-12-19T07:15:40.251+0000: 5505.198: Total time for which application threads were stopped: 0.0008706 seconds, Stopping threads took: 0.0003751 seconds
2022-12-19T07:15:51.253+0000: 5516.200: Total time for which application threads were stopped: 0.0003677 seconds, Stopping threads took: 0.0000934 seconds
2022-12-19T07:16:44.260+0000: 5569.207: Total time for which application threads were stopped: 0.0004118 seconds, Stopping threads took: 0.0001368 seconds
2022-12-19T07:18:05.272+0000: 5650.219: Total time for which application threads were stopped: 0.0003605 seconds, Stopping threads took: 0.0000847 seconds
2022-12-19T07:25:15.331+0000: 6080.278: Total time for which application threads were stopped: 0.0012107 seconds, Stopping threads took: 0.0003918 seconds
2022-12-19T07:26:44.344+0000: 6169.291: Total time for which application threads were stopped: 0.0003633 seconds, Stopping threads took: 0.0000835 seconds
2022-12-19T07:29:06.363+0000: 6311.310: Total time for which application threads were stopped: 0.0008466 seconds, Stopping threads took: 0.0001843 seconds
{Heap before GC invocations=11 (full 2):
 par new generation   total 184320K, used 163884K [0x00000000e0000000, 0x00000000ec800000, 0x00000000ec800000)
  eden space 163840K, 100% used [0x00000000e0000000, 0x00000000ea000000, 0x00000000ea000000)
  from space 20480K,   0% used [0x00000000eb400000, 0x00000000eb40b3b8, 0x00000000ec800000)
  to   space 20480K,   0% used [0x00000000ea000000, 0x00000000ea000000, 0x00000000eb400000)
 concurrent mark-sweep generation total 319488K, used 40949K [0x00000000ec800000, 0x0000000100000000, 0x0000000100000000)
 Metaspace       used 50238K, capacity 52762K, committed 52900K, reserved 1095680K
  class space    used 6776K, capacity 7329K, committed 7416K, reserved 1048576K
2022-12-19T07:30:20.850+0000: 6385.797: [GC (Allocation Failure) 2022-12-19T07:30:20.850+0000: 6385.797: [ParNew
Desired survivor size 10485760 bytes, new threshold 1 (max 1)
- age   1:      17248 bytes,      17248 total
: 163884K->44K(184320K), 0.0179715 secs] 204834K->40997K(503808K), 0.0181934 secs] [Times: user=0.30 sys=0.02, real=0.02 secs] 
Heap after GC invocations=12 (full 2):
 par new generation   total 184320K, used 44K [0x00000000e0000000, 0x00000000ec800000, 0x00000000ec800000)
  eden space 163840K,   0% used [0x00000000e0000000, 0x00000000e0000000, 0x00000000ea000000)
  from space 20480K,   0% used [0x00000000ea000000, 0x00000000ea00b028, 0x00000000eb400000)
  to   space 20480K,   0% used [0x00000000eb400000, 0x00000000eb400000, 0x00000000ec800000)
 concurrent mark-sweep generation total 319488K, used 40953K [0x00000000ec800000, 0x0000000100000000, 0x0000000100000000)
 Metaspace       used 50238K, capacity 52762K, committed 52900K, reserved 1095680K
  class space    used 6776K, capacity 7329K, committed 7416K, reserved 1048576K
}
2022-12-19T07:30:20.869+0000: 6385.816: Total time for which application threads were stopped: 0.0192410 seconds, Stopping threads took: 0.0003447 seconds
2022-12-19T07:30:21.869+0000: 6386.816: Total time for which application threads were stopped: 0.0003423 seconds, Stopping threads took: 0.0000762 seconds
2022-12-19T07:31:40.880+0000: 6465.827: Total time for which application threads were stopped: 0.0003683 seconds, Stopping threads took: 0.0000860 seconds
2022-12-19T07:31:43.881+0000: 6468.828: Total time for which application threads were stopped: 0.0003785 seconds, Stopping threads took: 0.0000863 seconds
2022-12-19T07:36:43.922+0000: 6768.869: Total time for which application threads were stopped: 0.0013135 seconds, Stopping threads took: 0.0004396 seconds
2022-12-19T07:41:43.963+0000: 7068.910: Total time for which application threads were stopped: 0.0008834 seconds, Stopping threads took: 0.0001876 seconds
2022-12-19T07:43:52.982+0000: 7197.929: Total time for which application threads were stopped: 0.0009479 seconds, Stopping threads took: 0.0003522 seconds
2022-12-19T07:43:59.983+0000: 7204.930: Total time for which application threads were stopped: 0.0004697 seconds, Stopping threads took: 0.0000960 seconds
2022-12-19T07:44:01.984+0000: 7206.931: Total time for which application threads were stopped: 0.0004171 seconds, Stopping threads took: 0.0000837 seconds
2022-12-19T07:44:05.985+0000: 7210.932: Total time for which application threads were stopped: 0.0003679 seconds, Stopping threads took: 0.0000782 seconds
2022-12-19T07:44:15.987+0000: 7220.934: Total time for which application threads were stopped: 0.0003855 seconds, Stopping threads took: 0.0000818 seconds
2022-12-19T07:44:25.989+0000: 7230.936: Total time for which application threads were stopped: 0.0003804 seconds, Stopping threads took: 0.0000808 seconds
{Heap before GC invocations=12 (full 2):
 par new generation   total 184320K, used 163884K [0x00000000e0000000, 0x00000000ec800000, 0x00000000ec800000)
  eden space 163840K, 100% used [0x00000000e0000000, 0x00000000ea000000, 0x00000000ea000000)
  from space 20480K,   0% used [0x00000000ea000000, 0x00000000ea00b028, 0x00000000eb400000)
  to   space 20480K,   0% used [0x00000000eb400000, 0x00000000eb400000, 0x00000000ec800000)
 concurrent mark-sweep generation total 319488K, used 40953K [0x00000000ec800000, 0x0000000100000000, 0x0000000100000000)
 Metaspace       used 50281K, capacity 52768K, committed 52900K, reserved 1095680K
  class space    used 6778K, capacity 7330K, committed 7416K, reserved 1048576K
2022-12-19T07:44:33.427+0000: 7238.374: [GC (Allocation Failure) 2022-12-19T07:44:33.427+0000: 7238.374: [ParNew
Desired survivor size 10485760 bytes, new threshold 1 (max 1)
- age   1:      73928 bytes,      73928 total
: 163884K->87K(184320K), 0.0104390 secs] 204837K->41043K(503808K), 0.0106646 secs] [Times: user=0.17 sys=0.00, real=0.01 secs] 
Heap after GC invocations=13 (full 2):
 par new generation   total 184320K, used 87K [0x00000000e0000000, 0x00000000ec800000, 0x00000000ec800000)
  eden space 163840K,   0% used [0x00000000e0000000, 0x00000000e0000000, 0x00000000ea000000)
  from space 20480K,   0% used [0x00000000eb400000, 0x00000000eb415d98, 0x00000000ec800000)
  to   space 20480K,   0% used [0x00000000ea000000, 0x00000000ea000000, 0x00000000eb400000)
 concurrent mark-sweep generation total 319488K, used 40956K [0x00000000ec800000, 0x0000000100000000, 0x0000000100000000)
 Metaspace       used 50281K, capacity 52768K, committed 52900K, reserved 1095680K
  class space    used 6778K, capacity 7330K, committed 7416K, reserved 1048576K
}
2022-12-19T07:44:33.438+0000: 7238.385: Total time for which application threads were stopped: 0.0112822 seconds, Stopping threads took: 0.0000894 seconds
2022-12-19T07:44:59.442+0000: 7264.389: Total time for which application threads were stopped: 0.0003652 seconds, Stopping threads took: 0.0000823 seconds
2022-12-19T07:45:01.443+0000: 7266.390: Total time for which application threads were stopped: 0.0003433 seconds, Stopping threads took: 0.0000790 seconds
2022-12-19T07:45:53.450+0000: 7318.397: Total time for which application threads were stopped: 0.0003633 seconds, Stopping threads took: 0.0000834 seconds
2022-12-19T07:46:44.457+0000: 7369.404: Total time for which application threads were stopped: 0.0003863 seconds, Stopping threads took: 0.0001075 seconds
2022-12-19T07:46:53.459+0000: 7378.406: Total time for which application threads were stopped: 0.0003844 seconds, Stopping threads took: 0.0001060 seconds
2022-12-19T07:47:55.467+0000: 7440.414: Total time for which application threads were stopped: 0.0004113 seconds, Stopping threads took: 0.0000820 seconds
2022-12-19T07:48:53.475+0000: 7498.422: Total time for which application threads were stopped: 0.0003787 seconds, Stopping threads took: 0.0000954 seconds
2022-12-19T07:49:31.482+0000: 7536.429: Total time for which application threads were stopped: 0.0013012 seconds, Stopping threads took: 0.0004509 seconds
2022-12-19T07:51:44.501+0000: 7669.448: Total time for which application threads were stopped: 0.0003647 seconds, Stopping threads took: 0.0000839 seconds
2022-12-19T07:54:31.526+0000: 7836.473: Total time for which application threads were stopped: 0.0003742 seconds, Stopping threads took: 0.0000837 seconds
2022-12-19T07:54:53.530+0000: 7858.477: Total time for which application threads were stopped: 0.0008881 seconds, Stopping threads took: 0.0001943 seconds
2022-12-19T07:56:44.546+0000: 7969.493: Total time for which application threads were stopped: 0.0007357 seconds, Stopping threads took: 0.0003192 seconds
{Heap before GC invocations=13 (full 2):
 par new generation   total 184320K, used 163927K [0x00000000e0000000, 0x00000000ec800000, 0x00000000ec800000)
  eden space 163840K, 100% used [0x00000000e0000000, 0x00000000ea000000, 0x00000000ea000000)
  from space 20480K,   0% used [0x00000000eb400000, 0x00000000eb415d98, 0x00000000ec800000)
  to   space 20480K,   0% used [0x00000000ea000000, 0x00000000ea000000, 0x00000000eb400000)
 concurrent mark-sweep generation total 319488K, used 40956K [0x00000000ec800000, 0x0000000100000000, 0x0000000100000000)
 Metaspace       used 50308K, capacity 52768K, committed 52900K, reserved 1095680K
  class space    used 6778K, capacity 7330K, committed 7416K, reserved 1048576K
2022-12-19T07:59:45.440+0000: 8150.387: [GC (Allocation Failure) 2022-12-19T07:59:45.440+0000: 8150.387: [ParNew
Desired survivor size 10485760 bytes, new threshold 1 (max 1)
- age   1:    4215984 bytes,    4215984 total
: 163927K->4143K(184320K), 0.0130343 secs] 204883K->45126K(503808K), 0.0133118 secs] [Times: user=0.17 sys=0.03, real=0.02 secs] 
Heap after GC invocations=14 (full 2):
 par new generation   total 184320K, used 4143K [0x00000000e0000000, 0x00000000ec800000, 0x00000000ec800000)
  eden space 163840K,   0% used [0x00000000e0000000, 0x00000000e0000000, 0x00000000ea000000)
  from space 20480K,  20% used [0x00000000ea000000, 0x00000000ea40bdf8, 0x00000000eb400000)
  to   space 20480K,   0% used [0x00000000eb400000, 0x00000000eb400000, 0x00000000ec800000)
 concurrent mark-sweep generation total 319488K, used 40982K [0x00000000ec800000, 0x0000000100000000, 0x0000000100000000)
 Metaspace       used 50308K, capacity 52768K, committed 52900K, reserved 1095680K
  class space    used 6778K, capacity 7330K, committed 7416K, reserved 1048576K
}
2022-12-19T07:59:45.453+0000: 8150.401: Total time for which application threads were stopped: 0.0140390 seconds, Stopping threads took: 0.0000899 seconds
2022-12-19T08:02:53.480+0000: 8338.427: Total time for which application threads were stopped: 0.0013252 seconds, Stopping threads took: 0.0004274 seconds
2022-12-19T08:04:31.493+0000: 8436.440: Total time for which application threads were stopped: 0.0003802 seconds, Stopping threads took: 0.0000898 seconds
2022-12-19T08:04:53.496+0000: 8458.443: Total time for which application threads were stopped: 0.0003961 seconds, Stopping threads took: 0.0000870 seconds
2022-12-19T08:06:44.512+0000: 8569.459: Total time for which application threads were stopped: 0.0003848 seconds, Stopping threads took: 0.0000859 seconds
2022-12-19T08:13:15.566+0000: 8960.513: Total time for which application threads were stopped: 0.0012158 seconds, Stopping threads took: 0.0003796 seconds
2022-12-19T08:13:55.572+0000: 9000.519: Total time for which application threads were stopped: 0.0003915 seconds, Stopping threads took: 0.0000829 seconds
2022-12-19T08:14:05.574+0000: 9010.521: Total time for which application threads were stopped: 0.0003658 seconds, Stopping threads took: 0.0000826 seconds
{Heap before GC invocations=14 (full 2):
 par new generation   total 184320K, used 167983K [0x00000000e0000000, 0x00000000ec800000, 0x00000000ec800000)
  eden space 163840K, 100% used [0x00000000e0000000, 0x00000000ea000000, 0x00000000ea000000)
  from space 20480K,  20% used [0x00000000ea000000, 0x00000000ea40bdf8, 0x00000000eb400000)
  to   space 20480K,   0% used [0x00000000eb400000, 0x00000000eb400000, 0x00000000ec800000)
 concurrent mark-sweep generation total 319488K, used 40982K [0x00000000ec800000, 0x0000000100000000, 0x0000000100000000)
 Metaspace       used 50311K, capacity 52768K, committed 52900K, reserved 1095680K
  class space    used 6778K, capacity 7330K, committed 7416K, reserved 1048576K
2022-12-19T08:15:04.815+0000: 9069.762: [GC (Allocation Failure) 2022-12-19T08:15:04.815+0000: 9069.762: [ParNew
Desired survivor size 10485760 bytes, new threshold 1 (max 1)
- age   1:      45200 bytes,      45200 total
: 167983K->70K(184320K), 0.0136210 secs] 208966K->42083K(503808K), 0.0138393 secs] [Times: user=0.19 sys=0.03, real=0.02 secs] 
Heap after GC invocations=15 (full 2):
 par new generation   total 184320K, used 70K [0x00000000e0000000, 0x00000000ec800000, 0x00000000ec800000)
  eden space 163840K,   0% used [0x00000000e0000000, 0x00000000e0000000, 0x00000000ea000000)
  from space 20480K,   0% used [0x00000000eb400000, 0x00000000eb411818, 0x00000000ec800000)
  to   space 20480K,   0% used [0x00000000ea000000, 0x00000000ea000000, 0x00000000eb400000)
 concurrent mark-sweep generation total 319488K, used 42013K [0x00000000ec800000, 0x0000000100000000, 0x0000000100000000)
 Metaspace       used 50311K, capacity 52768K, committed 52900K, reserved 1095680K
  class space    used 6778K, capacity 7330K, committed 7416K, reserved 1048576K
}
2022-12-19T08:15:04.829+0000: 9069.776: Total time for which application threads were stopped: 0.0148833 seconds, Stopping threads took: 0.0001915 seconds
2022-12-19T08:19:15.863+0000: 9320.810: Total time for which application threads were stopped: 0.0007841 seconds, Stopping threads took: 0.0003082 seconds
{Heap before GC invocations=15 (full 2):
 par new generation   total 184320K, used 163910K [0x00000000e0000000, 0x00000000ec800000, 0x00000000ec800000)
  eden space 163840K, 100% used [0x00000000e0000000, 0x00000000ea000000, 0x00000000ea000000)
  from space 20480K,   0% used [0x00000000eb400000, 0x00000000eb411818, 0x00000000ec800000)
  to   space 20480K,   0% used [0x00000000ea000000, 0x00000000ea000000, 0x00000000eb400000)
 concurrent mark-sweep generation total 319488K, used 42013K [0x00000000ec800000, 0x0000000100000000, 0x0000000100000000)
 Metaspace       used 50311K, capacity 52768K, committed 52900K, reserved 1095680K
  class space    used 6778K, capacity 7330K, committed 7416K, reserved 1048576K
2022-12-19T08:29:52.686+0000: 9957.633: [GC (Allocation Failure) 2022-12-19T08:29:52.686+0000: 9957.633: [ParNew
Desired survivor size 10485760 bytes, new threshold 1 (max 1)
- age   1:      22608 bytes,      22608 total
: 163910K->59K(184320K), 0.0128347 secs] 205923K->42103K(503808K), 0.0130609 secs] [Times: user=0.21 sys=0.01, real=0.01 secs] 
Heap after GC invocations=16 (full 2):
 par new generation   total 184320K, used 59K [0x00000000e0000000, 0x00000000ec800000, 0x00000000ec800000)
  eden space 163840K,   0% used [0x00000000e0000000, 0x00000000e0000000, 0x00000000ea000000)
  from space 20480K,   0% used [0x00000000ea000000, 0x00000000ea00ede8, 0x00000000eb400000)
  to   space 20480K,   0% used [0x00000000eb400000, 0x00000000eb400000, 0x00000000ec800000)
 concurrent mark-sweep generation total 319488K, used 42044K [0x00000000ec800000, 0x0000000100000000, 0x0000000100000000)
 Metaspace       used 50311K, capacity 52768K, committed 52900K, reserved 1095680K
  class space    used 6778K, capacity 7330K, committed 7416K, reserved 1048576K
}
2022-12-19T08:29:52.699+0000: 9957.646: Total time for which application threads were stopped: 0.0147262 seconds, Stopping threads took: 0.0004543 seconds
2022-12-19T08:40:52.787+0000: 10617.734: Total time for which application threads were stopped: 0.0012307 seconds, Stopping threads took: 0.0003783 seconds
2022-12-19T08:42:25.801+0000: 10710.748: Total time for which application threads were stopped: 0.0012767 seconds, Stopping threads took: 0.0004297 seconds
2022-12-19T08:43:59.814+0000: 10804.761: Total time for which application threads were stopped: 0.0004080 seconds, Stopping threads took: 0.0000957 seconds
2022-12-19T08:44:01.815+0000: 10806.762: Total time for which application threads were stopped: 0.0004083 seconds, Stopping threads took: 0.0000873 seconds
{Heap before GC invocations=16 (full 2):
 par new generation   total 184320K, used 163899K [0x00000000e0000000, 0x00000000ec800000, 0x00000000ec800000)
  eden space 163840K, 100% used [0x00000000e0000000, 0x00000000ea000000, 0x00000000ea000000)
  from space 20480K,   0% used [0x00000000ea000000, 0x00000000ea00ede8, 0x00000000eb400000)
  to   space 20480K,   0% used [0x00000000eb400000, 0x00000000eb400000, 0x00000000ec800000)
 concurrent mark-sweep generation total 319488K, used 42044K [0x00000000ec800000, 0x0000000100000000, 0x0000000100000000)
 Metaspace       used 50334K, capacity 52832K, committed 53156K, reserved 1095680K
  class space    used 6778K, capacity 7330K, committed 7416K, reserved 1048576K
2022-12-19T08:44:26.795+0000: 10831.742: [GC (Allocation Failure) 2022-12-19T08:44:26.795+0000: 10831.742: [ParNew
Desired survivor size 10485760 bytes, new threshold 1 (max 1)
- age   1:      53312 bytes,      53312 total
: 163899K->74K(184320K), 0.0146468 secs] 205943K->42124K(503808K), 0.0149139 secs] [Times: user=0.26 sys=0.02, real=0.02 secs] 
Heap after GC invocations=17 (full 2):
 par new generation   total 184320K, used 74K [0x00000000e0000000, 0x00000000ec800000, 0x00000000ec800000)
  eden space 163840K,   0% used [0x00000000e0000000, 0x00000000e0000000, 0x00000000ea000000)
  from space 20480K,   0% used [0x00000000eb400000, 0x00000000eb412af8, 0x00000000ec800000)
  to   space 20480K,   0% used [0x00000000ea000000, 0x00000000ea000000, 0x00000000eb400000)
 concurrent mark-sweep generation total 319488K, used 42050K [0x00000000ec800000, 0x0000000100000000, 0x0000000100000000)
 Metaspace       used 50334K, capacity 52832K, committed 53156K, reserved 1095680K
  class space    used 6778K, capacity 7330K, committed 7416K, reserved 1048576K
}
2022-12-19T08:44:26.810+0000: 10831.757: Total time for which application threads were stopped: 0.0156005 seconds, Stopping threads took: 0.0000859 seconds
2022-12-19T08:45:52.823+0000: 10917.770: Total time for which application threads were stopped: 0.0006050 seconds, Stopping threads took: 0.0001160 seconds
2022-12-19T08:46:02.824+0000: 10927.771: Total time for which application threads were stopped: 0.0004133 seconds, Stopping threads took: 0.0001235 seconds
2022-12-19T08:47:46.838+0000: 11031.786: Total time for which application threads were stopped: 0.0015155 seconds, Stopping threads took: 0.0004589 seconds
2022-12-19T08:53:56.888+0000: 11401.835: Total time for which application threads were stopped: 0.0003710 seconds, Stopping threads took: 0.0000835 seconds
2022-12-19T08:57:55.921+0000: 11640.868: Total time for which application threads were stopped: 0.0012667 seconds, Stopping threads took: 0.0003877 seconds
{Heap before GC invocations=17 (full 2):
 par new generation   total 184320K, used 163914K [0x00000000e0000000, 0x00000000ec800000, 0x00000000ec800000)
  eden space 163840K, 100% used [0x00000000e0000000, 0x00000000ea000000, 0x00000000ea000000)
  from space 20480K,   0% used [0x00000000eb400000, 0x00000000eb412af8, 0x00000000ec800000)
  to   space 20480K,   0% used [0x00000000ea000000, 0x00000000ea000000, 0x00000000eb400000)
 concurrent mark-sweep generation total 319488K, used 42050K [0x00000000ec800000, 0x0000000100000000, 0x0000000100000000)
 Metaspace       used 50336K, capacity 52832K, committed 53156K, reserved 1095680K
  class space    used 6778K, capacity 7330K, committed 7416K, reserved 1048576K
2022-12-19T08:59:41.187+0000: 11746.134: [GC (Allocation Failure) 2022-12-19T08:59:41.187+0000: 11746.134: [ParNew
Desired survivor size 10485760 bytes, new threshold 1 (max 1)
- age   1:    4214992 bytes,    4214992 total
: 163914K->4148K(184320K), 0.0429562 secs] 205964K->46219K(503808K), 0.0431569 secs] [Times: user=0.81 sys=0.11, real=0.05 secs] 
Heap after GC invocations=18 (full 2):
 par new generation   total 184320K, used 4148K [0x00000000e0000000, 0x00000000ec800000, 0x00000000ec800000)
  eden space 163840K,   0% used [0x00000000e0000000, 0x00000000e0000000, 0x00000000ea000000)
  from space 20480K,  20% used [0x00000000ea000000, 0x00000000ea40d2b8, 0x00000000eb400000)
  to   space 20480K,   0% used [0x00000000eb400000, 0x00000000eb400000, 0x00000000ec800000)
 concurrent mark-sweep generation total 319488K, used 42071K [0x00000000ec800000, 0x0000000100000000, 0x0000000100000000)
 Metaspace       used 50336K, capacity 52832K, committed 53156K, reserved 1095680K
  class space    used 6778K, capacity 7330K, committed 7416K, reserved 1048576K
}
2022-12-19T08:59:41.230+0000: 11746.177: Total time for which application threads were stopped: 0.0437050 seconds, Stopping threads took: 0.0000909 seconds
2022-12-19T09:01:26.245+0000: 11851.192: Total time for which application threads were stopped: 0.0004041 seconds, Stopping threads took: 0.0001125 seconds
2022-12-19T09:01:44.249+0000: 11869.196: Total time for which application threads were stopped: 0.0014315 seconds, Stopping threads took: 0.0004679 seconds
2022-12-19T09:04:52.275+0000: 12057.222: Total time for which application threads were stopped: 0.0003613 seconds, Stopping threads took: 0.0000835 seconds
2022-12-19T09:09:00.310+0000: 12305.258: Total time for which application threads were stopped: 0.0012961 seconds, Stopping threads took: 0.0004298 seconds
2022-12-19T09:11:44.333+0000: 12469.280: Total time for which application threads were stopped: 0.0003617 seconds, Stopping threads took: 0.0000846 seconds
{Heap before GC invocations=18 (full 2):
 par new generation   total 184320K, used 167988K [0x00000000e0000000, 0x00000000ec800000, 0x00000000ec800000)
  eden space 163840K, 100% used [0x00000000e0000000, 0x00000000ea000000, 0x00000000ea000000)
  from space 20480K,  20% used [0x00000000ea000000, 0x00000000ea40d2b8, 0x00000000eb400000)
  to   space 20480K,   0% used [0x00000000eb400000, 0x00000000eb400000, 0x00000000ec800000)
 concurrent mark-sweep generation total 319488K, used 42071K [0x00000000ec800000, 0x0000000100000000, 0x0000000100000000)
 Metaspace       used 50343K, capacity 52832K, committed 53156K, reserved 1095680K
  class space    used 6778K, capacity 7330K, committed 7416K, reserved 1048576K
2022-12-19T09:14:32.091+0000: 12637.038: [GC (Allocation Failure) 2022-12-19T09:14:32.091+0000: 12637.038: [ParNew
Desired survivor size 10485760 bytes, new threshold 1 (max 1)
- age   1:      15200 bytes,      15200 total
: 167988K->42K(184320K), 0.0132518 secs] 210059K->43144K(503808K), 0.0134713 secs] [Times: user=0.20 sys=0.04, real=0.01 secs] 
Heap after GC invocations=19 (full 2):
 par new generation   total 184320K, used 42K [0x00000000e0000000, 0x00000000ec800000, 0x00000000ec800000)
  eden space 163840K,   0% used [0x00000000e0000000, 0x00000000e0000000, 0x00000000ea000000)
  from space 20480K,   0% used [0x00000000eb400000, 0x00000000eb40aba0, 0x00000000ec800000)
  to   space 20480K,   0% used [0x00000000ea000000, 0x00000000ea000000, 0x00000000eb400000)
 concurrent mark-sweep generation total 319488K, used 43101K [0x00000000ec800000, 0x0000000100000000, 0x0000000100000000)
 Metaspace       used 50343K, capacity 52832K, committed 53156K, reserved 1095680K
  class space    used 6778K, capacity 7330K, committed 7416K, reserved 1048576K
}
2022-12-19T09:14:32.104+0000: 12637.051: Total time for which application threads were stopped: 0.0140848 seconds, Stopping threads took: 0.0000856 seconds
{Heap before GC invocations=19 (full 2):
 par new generation   total 184320K, used 163882K [0x00000000e0000000, 0x00000000ec800000, 0x00000000ec800000)
  eden space 163840K, 100% used [0x00000000e0000000, 0x00000000ea000000, 0x00000000ea000000)
  from space 20480K,   0% used [0x00000000eb400000, 0x00000000eb40aba0, 0x00000000ec800000)
  to   space 20480K,   0% used [0x00000000ea000000, 0x00000000ea000000, 0x00000000eb400000)
 concurrent mark-sweep generation total 319488K, used 43101K [0x00000000ec800000, 0x0000000100000000, 0x0000000100000000)
 Metaspace       used 50348K, capacity 52832K, committed 53156K, reserved 1095680K
  class space    used 6778K, capacity 7330K, committed 7416K, reserved 1048576K
2022-12-19T09:29:22.546+0000: 13527.493: [GC (Allocation Failure) 2022-12-19T09:29:22.546+0000: 13527.493: [ParNew
Desired survivor size 10485760 bytes, new threshold 1 (max 1)
- age   1:      14616 bytes,      14616 total
: 163882K->48K(184320K), 0.0297410 secs] 206984K->43150K(503808K), 0.0299344 secs] [Times: user=0.55 sys=0.09, real=0.03 secs] 
Heap after GC invocations=20 (full 2):
 par new generation   total 184320K, used 48K [0x00000000e0000000, 0x00000000ec800000, 0x00000000ec800000)
  eden space 163840K,   0% used [0x00000000e0000000, 0x00000000e0000000, 0x00000000ea000000)
  from space 20480K,   0% used [0x00000000ea000000, 0x00000000ea00c270, 0x00000000eb400000)
  to   space 20480K,   0% used [0x00000000eb400000, 0x00000000eb400000, 0x00000000ec800000)
 concurrent mark-sweep generation total 319488K, used 43101K [0x00000000ec800000, 0x0000000100000000, 0x0000000100000000)
 Metaspace       used 50348K, capacity 52832K, committed 53156K, reserved 1095680K
  class space    used 6778K, capacity 7330K, committed 7416K, reserved 1048576K
}
2022-12-19T09:29:22.576+0000: 13527.523: Total time for which application threads were stopped: 0.0312858 seconds, Stopping threads took: 0.0003882 seconds
2022-12-19T09:34:31.618+0000: 13836.565: Total time for which application threads were stopped: 0.0012182 seconds, Stopping threads took: 0.0004052 seconds
2022-12-19T09:42:26.685+0000: 14311.632: Total time for which application threads were stopped: 0.0012399 seconds, Stopping threads took: 0.0004372 seconds
{Heap before GC invocations=20 (full 2):
 par new generation   total 184320K, used 163888K [0x00000000e0000000, 0x00000000ec800000, 0x00000000ec800000)
  eden space 163840K, 100% used [0x00000000e0000000, 0x00000000ea000000, 0x00000000ea000000)
  from space 20480K,   0% used [0x00000000ea000000, 0x00000000ea00c270, 0x00000000eb400000)
  to   space 20480K,   0% used [0x00000000eb400000, 0x00000000eb400000, 0x00000000ec800000)
 concurrent mark-sweep generation total 319488K, used 43101K [0x00000000ec800000, 0x0000000100000000, 0x0000000100000000)
 Metaspace       used 50350K, capacity 52896K, committed 53156K, reserved 1095680K
  class space    used 6778K, capacity 7330K, committed 7416K, reserved 1048576K
2022-12-19T09:43:54.244+0000: 14399.191: [GC (Allocation Failure) 2022-12-19T09:43:54.244+0000: 14399.191: [ParNew
Desired survivor size 10485760 bytes, new threshold 1 (max 1)
- age   1:      14880 bytes,      14880 total
: 163888K->40K(184320K), 0.0128973 secs] 206990K->43142K(503808K), 0.0130899 secs] [Times: user=0.14 sys=0.07, real=0.01 secs] 
Heap after GC invocations=21 (full 2):
 par new generation   total 184320K, used 40K [0x00000000e0000000, 0x00000000ec800000, 0x00000000ec800000)
  eden space 163840K,   0% used [0x00000000e0000000, 0x00000000e0000000, 0x00000000ea000000)
  from space 20480K,   0% used [0x00000000eb400000, 0x00000000eb40a238, 0x00000000ec800000)
  to   space 20480K,   0% used [0x00000000ea000000, 0x00000000ea000000, 0x00000000eb400000)
 concurrent mark-sweep generation total 319488K, used 43101K [0x00000000ec800000, 0x0000000100000000, 0x0000000100000000)
 Metaspace       used 50350K, capacity 52896K, committed 53156K, reserved 1095680K
  class space    used 6778K, capacity 7330K, committed 7416K, reserved 1048576K
}
2022-12-19T09:43:54.257+0000: 14399.204: Total time for which application threads were stopped: 0.0140870 seconds, Stopping threads took: 0.0003539 seconds
2022-12-19T09:44:00.259+0000: 14405.206: Total time for which application threads were stopped: 0.0006438 seconds, Stopping threads took: 0.0001270 seconds
2022-12-19T09:44:01.259+0000: 14406.206: Total time for which application threads were stopped: 0.0004002 seconds, Stopping threads took: 0.0000926 seconds
2022-12-19T09:44:06.260+0000: 14411.207: Total time for which application threads were stopped: 0.0004088 seconds, Stopping threads took: 0.0000872 seconds
2022-12-19T09:44:31.264+0000: 14436.211: Total time for which application threads were stopped: 0.0004129 seconds, Stopping threads took: 0.0000858 seconds
2022-12-19T09:45:53.274+0000: 14518.221: Total time for which application threads were stopped: 0.0003655 seconds, Stopping threads took: 0.0000869 seconds
2022-12-19T09:47:05.284+0000: 14590.231: Total time for which application threads were stopped: 0.0004314 seconds, Stopping threads took: 0.0000844 seconds
2022-12-19T09:49:06.302+0000: 14711.249: Total time for which application threads were stopped: 0.0008069 seconds, Stopping threads took: 0.0001848 seconds
2022-12-19T09:55:53.358+0000: 15118.305: Total time for which application threads were stopped: 0.0014997 seconds, Stopping threads took: 0.0004327 seconds
{Heap before GC invocations=21 (full 2):
 par new generation   total 184320K, used 163880K [0x00000000e0000000, 0x00000000ec800000, 0x00000000ec800000)
  eden space 163840K, 100% used [0x00000000e0000000, 0x00000000ea000000, 0x00000000ea000000)
  from space 20480K,   0% used [0x00000000eb400000, 0x00000000eb40a238, 0x00000000ec800000)
  to   space 20480K,   0% used [0x00000000ea000000, 0x00000000ea000000, 0x00000000eb400000)
 concurrent mark-sweep generation total 319488K, used 43101K [0x00000000ec800000, 0x0000000100000000, 0x0000000100000000)
 Metaspace       used 50418K, capacity 52976K, committed 53156K, reserved 1095680K
  class space    used 6782K, capacity 7332K, committed 7416K, reserved 1048576K
2022-12-19T09:57:35.688+0000: 15220.635: [GC (Allocation Failure) 2022-12-19T09:57:35.688+0000: 15220.635: [ParNew
Desired survivor size 10485760 bytes, new threshold 1 (max 1)
- age   1:   20001768 bytes,   20001768 total
: 163880K->19564K(184320K), 0.0208760 secs] 206982K->62666K(503808K), 0.0210993 secs] [Times: user=0.23 sys=0.16, real=0.03 secs] 
Heap after GC invocations=22 (full 2):
 par new generation   total 184320K, used 19564K [0x00000000e0000000, 0x00000000ec800000, 0x00000000ec800000)
  eden space 163840K,   0% used [0x00000000e0000000, 0x00000000e0000000, 0x00000000ea000000)
  from space 20480K,  95% used [0x00000000ea000000, 0x00000000eb31b338, 0x00000000eb400000)
  to   space 20480K,   0% used [0x00000000eb400000, 0x00000000eb400000, 0x00000000ec800000)
 concurrent mark-sweep generation total 319488K, used 43102K [0x00000000ec800000, 0x0000000100000000, 0x0000000100000000)
 Metaspace       used 50418K, capacity 52976K, committed 53156K, reserved 1095680K
  class space    used 6782K, capacity 7332K, committed 7416K, reserved 1048576K
}
2022-12-19T09:57:35.709+0000: 15220.656: Total time for which application threads were stopped: 0.0217376 seconds, Stopping threads took: 0.0000867 seconds
2022-12-19T09:59:31.725+0000: 15336.672: Total time for which application threads were stopped: 0.0003866 seconds, Stopping threads took: 0.0000865 seconds
{Heap before GC invocations=22 (full 2):
 par new generation   total 184320K, used 183404K [0x00000000e0000000, 0x00000000ec800000, 0x00000000ec800000)
  eden space 163840K, 100% used [0x00000000e0000000, 0x00000000ea000000, 0x00000000ea000000)
  from space 20480K,  95% used [0x00000000ea000000, 0x00000000eb31b338, 0x00000000eb400000)
  to   space 20480K,   0% used [0x00000000eb400000, 0x00000000eb400000, 0x00000000ec800000)
 concurrent mark-sweep generation total 319488K, used 43102K [0x00000000ec800000, 0x0000000100000000, 0x0000000100000000)
 Metaspace       used 50433K, capacity 52984K, committed 53156K, reserved 1095680K
  class space    used 6782K, capacity 7332K, committed 7416K, reserved 1048576K
2022-12-19T10:12:08.357+0000: 16093.304: [GC (Allocation Failure) 2022-12-19T10:12:08.357+0000: 16093.304: [ParNew
Desired survivor size 10485760 bytes, new threshold 1 (max 1)
- age   1:      14416 bytes,      14416 total
: 183404K->44K(184320K), 0.0138694 secs] 226506K->45244K(503808K), 0.0141028 secs] [Times: user=0.18 sys=0.06, real=0.02 secs] 
Heap after GC invocations=23 (full 2):
 par new generation   total 184320K, used 44K [0x00000000e0000000, 0x00000000ec800000, 0x00000000ec800000)
  eden space 163840K,   0% used [0x00000000e0000000, 0x00000000e0000000, 0x00000000ea000000)
  from space 20480K,   0% used [0x00000000eb400000, 0x00000000eb40b2e0, 0x00000000ec800000)
  to   space 20480K,   0% used [0x00000000ea000000, 0x00000000ea000000, 0x00000000eb400000)
 concurrent mark-sweep generation total 319488K, used 45200K [0x00000000ec800000, 0x0000000100000000, 0x0000000100000000)
 Metaspace       used 50433K, capacity 52984K, committed 53156K, reserved 1095680K
  class space    used 6782K, capacity 7332K, committed 7416K, reserved 1048576K
}
2022-12-19T10:12:08.371+0000: 16093.318: Total time for which application threads were stopped: 0.0155547 seconds, Stopping threads took: 0.0004091 seconds
2022-12-19T10:22:16.454+0000: 16701.401: Total time for which application threads were stopped: 0.0012886 seconds, Stopping threads took: 0.0003797 seconds
2022-12-19T10:22:24.455+0000: 16709.402: Total time for which application threads were stopped: 0.0003625 seconds, Stopping threads took: 0.0000825 seconds
2022-12-19T10:25:46.484+0000: 16911.432: Total time for which application threads were stopped: 0.0013198 seconds, Stopping threads took: 0.0004404 seconds
{Heap before GC invocations=23 (full 2):
 par new generation   total 184320K, used 163884K [0x00000000e0000000, 0x00000000ec800000, 0x00000000ec800000)
  eden space 163840K, 100% used [0x00000000e0000000, 0x00000000ea000000, 0x00000000ea000000)
  from space 20480K,   0% used [0x00000000eb400000, 0x00000000eb40b2e0, 0x00000000ec800000)
  to   space 20480K,   0% used [0x00000000ea000000, 0x00000000ea000000, 0x00000000eb400000)
 concurrent mark-sweep generation total 319488K, used 45200K [0x00000000ec800000, 0x0000000100000000, 0x0000000100000000)
 Metaspace       used 50435K, capacity 52984K, committed 53156K, reserved 1095680K
  class space    used 6782K, capacity 7332K, committed 7416K, reserved 1048576K
2022-12-19T10:26:55.687+0000: 16980.634: [GC (Allocation Failure) 2022-12-19T10:26:55.687+0000: 16980.634: [ParNew
Desired survivor size 10485760 bytes, new threshold 1 (max 1)
- age   1:      14240 bytes,      14240 total
: 163884K->44K(184320K), 0.0126980 secs] 209084K->45245K(503808K), 0.0129248 secs] [Times: user=0.16 sys=0.05, real=0.02 secs] 
Heap after GC invocations=24 (full 2):
 par new generation   total 184320K, used 44K [0x00000000e0000000, 0x00000000ec800000, 0x00000000ec800000)
  eden space 163840K,   0% used [0x00000000e0000000, 0x00000000e0000000, 0x00000000ea000000)
  from space 20480K,   0% used [0x00000000ea000000, 0x00000000ea00b2e0, 0x00000000eb400000)
  to   space 20480K,   0% used [0x00000000eb400000, 0x00000000eb400000, 0x00000000ec800000)
 concurrent mark-sweep generation total 319488K, used 45200K [0x00000000ec800000, 0x0000000100000000, 0x0000000100000000)
 Metaspace       used 50435K, capacity 52984K, committed 53156K, reserved 1095680K
  class space    used 6782K, capacity 7332K, committed 7416K, reserved 1048576K
}
2022-12-19T10:26:55.700+0000: 16980.647: Total time for which application threads were stopped: 0.0136047 seconds, Stopping threads took: 0.0000847 seconds
2022-12-19T10:30:16.731+0000: 17181.678: Total time for which application threads were stopped: 0.0005878 seconds, Stopping threads took: 0.0001333 seconds
2022-12-19T10:33:56.762+0000: 17401.709: Total time for which application threads were stopped: 0.0012276 seconds, Stopping threads took: 0.0004034 seconds
2022-12-19T10:34:16.766+0000: 17421.713: Total time for which application threads were stopped: 0.0003679 seconds, Stopping threads took: 0.0000848 seconds
{Heap before GC invocations=24 (full 2):
 par new generation   total 184320K, used 163884K [0x00000000e0000000, 0x00000000ec800000, 0x00000000ec800000)
  eden space 163840K, 100% used [0x00000000e0000000, 0x00000000ea000000, 0x00000000ea000000)
  from space 20480K,   0% used [0x00000000ea000000, 0x00000000ea00b2e0, 0x00000000eb400000)
  to   space 20480K,   0% used [0x00000000eb400000, 0x00000000eb400000, 0x00000000ec800000)
 concurrent mark-sweep generation total 319488K, used 45200K [0x00000000ec800000, 0x0000000100000000, 0x0000000100000000)
 Metaspace       used 50445K, capacity 52984K, committed 53156K, reserved 1095680K
  class space    used 6782K, capacity 7332K, committed 7416K, reserved 1048576K
2022-12-19T10:41:36.520+0000: 17861.467: [GC (Allocation Failure) 2022-12-19T10:41:36.520+0000: 17861.467: [ParNew
Desired survivor size 10485760 bytes, new threshold 1 (max 1)
- age   1:      15216 bytes,      15216 total
: 163884K->42K(184320K), 0.0120973 secs] 209085K->45244K(503808K), 0.0123295 secs] [Times: user=0.14 sys=0.05, real=0.02 secs] 
Heap after GC invocations=25 (full 2):
 par new generation   total 184320K, used 42K [0x00000000e0000000, 0x00000000ec800000, 0x00000000ec800000)
  eden space 163840K,   0% used [0x00000000e0000000, 0x00000000e0000000, 0x00000000ea000000)
  from space 20480K,   0% used [0x00000000eb400000, 0x00000000eb40aad0, 0x00000000ec800000)
  to   space 20480K,   0% used [0x00000000ea000000, 0x00000000ea000000, 0x00000000eb400000)
 concurrent mark-sweep generation total 319488K, used 45201K [0x00000000ec800000, 0x0000000100000000, 0x0000000100000000)
 Metaspace       used 50445K, capacity 52984K, committed 53156K, reserved 1095680K
  class space    used 6782K, capacity 7332K, committed 7416K, reserved 1048576K
}
2022-12-19T10:41:36.532+0000: 17861.479: Total time for which application threads were stopped: 0.0137231 seconds, Stopping threads took: 0.0003821 seconds
2022-12-19T10:41:53.535+0000: 17878.482: Total time for which application threads were stopped: 0.0003756 seconds, Stopping threads took: 0.0000910 seconds
2022-12-19T10:42:37.540+0000: 17922.487: Total time for which application threads were stopped: 0.0004079 seconds, Stopping threads took: 0.0001076 seconds
2022-12-19T10:42:41.541+0000: 17926.488: Total time for which application threads were stopped: 0.0003270 seconds, Stopping threads took: 0.0000765 seconds
2022-12-19T10:42:47.543+0000: 17932.490: Total time for which application threads were stopped: 0.0008252 seconds, Stopping threads took: 0.0001909 seconds
2022-12-19T10:43:27.549+0000: 17972.496: Total time for which application threads were stopped: 0.0009767 seconds, Stopping threads took: 0.0003974 seconds
2022-12-19T10:43:59.554+0000: 18004.501: Total time for which application threads were stopped: 0.0004740 seconds, Stopping threads took: 0.0000897 seconds
2022-12-19T10:44:00.555+0000: 18005.502: Total time for which application threads were stopped: 0.0004128 seconds, Stopping threads took: 0.0000920 seconds
2022-12-19T10:44:01.555+0000: 18006.502: Total time for which application threads were stopped: 0.0003980 seconds, Stopping threads took: 0.0000889 seconds
2022-12-19T10:45:44.569+0000: 18109.516: Total time for which application threads were stopped: 0.0003488 seconds, Stopping threads took: 0.0000789 seconds
2022-12-19T10:46:44.578+0000: 18169.525: Total time for which application threads were stopped: 0.0003574 seconds, Stopping threads took: 0.0000841 seconds
2022-12-19T10:48:53.596+0000: 18298.543: Total time for which application threads were stopped: 0.0003872 seconds, Stopping threads took: 0.0000857 seconds
2022-12-19T10:49:53.606+0000: 18358.553: Total time for which application threads were stopped: 0.0013390 seconds, Stopping threads took: 0.0004536 seconds
{Heap before GC invocations=25 (full 2):
 par new generation   total 184320K, used 163882K [0x00000000e0000000, 0x00000000ec800000, 0x00000000ec800000)
  eden space 163840K, 100% used [0x00000000e0000000, 0x00000000ea000000, 0x00000000ea000000)
  from space 20480K,   0% used [0x00000000eb400000, 0x00000000eb40aad0, 0x00000000ec800000)
  to   space 20480K,   0% used [0x00000000ea000000, 0x00000000ea000000, 0x00000000eb400000)
 concurrent mark-sweep generation total 319488K, used 45201K [0x00000000ec800000, 0x0000000100000000, 0x0000000100000000)
 Metaspace       used 50492K, capacity 52984K, committed 53156K, reserved 1095680K
  class space    used 6782K, capacity 7332K, committed 7416K, reserved 1048576K
2022-12-19T10:55:47.082+0000: 18712.029: [GC (Allocation Failure) 2022-12-19T10:55:47.082+0000: 18712.029: [ParNew
Desired survivor size 10485760 bytes, new threshold 1 (max 1)
- age   1:    4254464 bytes,    4254464 total
: 163882K->4170K(184320K), 0.0138001 secs] 209084K->49373K(503808K), 0.0140492 secs] [Times: user=0.17 sys=0.06, real=0.01 secs] 
Heap after GC invocations=26 (full 2):
 par new generation   total 184320K, used 4170K [0x00000000e0000000, 0x00000000ec800000, 0x00000000ec800000)
  eden space 163840K,   0% used [0x00000000e0000000, 0x00000000e0000000, 0x00000000ea000000)
  from space 20480K,  20% used [0x00000000ea000000, 0x00000000ea412be8, 0x00000000eb400000)
  to   space 20480K,   0% used [0x00000000eb400000, 0x00000000eb400000, 0x00000000ec800000)
 concurrent mark-sweep generation total 319488K, used 45202K [0x00000000ec800000, 0x0000000100000000, 0x0000000100000000)
 Metaspace       used 50492K, capacity 52984K, committed 53156K, reserved 1095680K
  class space    used 6782K, capacity 7332K, committed 7416K, reserved 1048576K
}
2022-12-19T10:55:47.096+0000: 18712.043: Total time for which application threads were stopped: 0.0151482 seconds, Stopping threads took: 0.0001999 seconds
2022-12-19T10:55:48.096+0000: 18713.043: Total time for which application threads were stopped: 0.0004085 seconds, Stopping threads took: 0.0001049 seconds
2022-12-19T11:04:31.166+0000: 19236.113: Total time for which application threads were stopped: 0.0014910 seconds, Stopping threads took: 0.0004463 seconds
2022-12-19T11:08:05.196+0000: 19450.143: Total time for which application threads were stopped: 0.0003680 seconds, Stopping threads took: 0.0000850 seconds
{Heap before GC invocations=26 (full 2):
 par new generation   total 184320K, used 168010K [0x00000000e0000000, 0x00000000ec800000, 0x00000000ec800000)
  eden space 163840K, 100% used [0x00000000e0000000, 0x00000000ea000000, 0x00000000ea000000)
  from space 20480K,  20% used [0x00000000ea000000, 0x00000000ea412be8, 0x00000000eb400000)
  to   space 20480K,   0% used [0x00000000eb400000, 0x00000000eb400000, 0x00000000ec800000)
 concurrent mark-sweep generation total 319488K, used 45202K [0x00000000ec800000, 0x0000000100000000, 0x0000000100000000)
 Metaspace       used 50494K, capacity 52984K, committed 53156K, reserved 1095680K
  class space    used 6782K, capacity 7332K, committed 7416K, reserved 1048576K
2022-12-19T11:11:05.515+0000: 19630.462: [GC (Allocation Failure) 2022-12-19T11:11:05.516+0000: 19630.463: [ParNew
Desired survivor size 10485760 bytes, new threshold 1 (max 1)
- age   1:      15816 bytes,      15816 total
: 168010K->47K(184320K), 0.0122674 secs] 213213K->46316K(503808K), 0.0124664 secs] [Times: user=0.14 sys=0.07, real=0.01 secs] 
Heap after GC invocations=27 (full 2):
 par new generation   total 184320K, used 47K [0x00000000e0000000, 0x00000000ec800000, 0x00000000ec800000)
  eden space 163840K,   0% used [0x00000000e0000000, 0x00000000e0000000, 0x00000000ea000000)
  from space 20480K,   0% used [0x00000000eb400000, 0x00000000eb40bda8, 0x00000000ec800000)
  to   space 20480K,   0% used [0x00000000ea000000, 0x00000000ea000000, 0x00000000eb400000)
 concurrent mark-sweep generation total 319488K, used 46268K [0x00000000ec800000, 0x0000000100000000, 0x0000000100000000)
 Metaspace       used 50494K, capacity 52984K, committed 53156K, reserved 1095680K
  class space    used 6782K, capacity 7332K, committed 7416K, reserved 1048576K
}
2022-12-19T11:11:05.528+0000: 19630.475: Total time for which application threads were stopped: 0.0130711 seconds, Stopping threads took: 0.0000872 seconds
2022-12-19T11:16:45.572+0000: 19970.519: Total time for which application threads were stopped: 0.0011888 seconds, Stopping threads took: 0.0003824 seconds
2022-12-19T11:16:54.573+0000: 19979.520: Total time for which application threads were stopped: 0.0003578 seconds, Stopping threads took: 0.0000837 seconds
{Heap before GC invocations=27 (full 2):
 par new generation   total 184320K, used 163887K [0x00000000e0000000, 0x00000000ec800000, 0x00000000ec800000)
  eden space 163840K, 100% used [0x00000000e0000000, 0x00000000ea000000, 0x00000000ea000000)
  from space 20480K,   0% used [0x00000000eb400000, 0x00000000eb40bda8, 0x00000000ec800000)
  to   space 20480K,   0% used [0x00000000ea000000, 0x00000000ea000000, 0x00000000eb400000)
 concurrent mark-sweep generation total 319488K, used 46268K [0x00000000ec800000, 0x0000000100000000, 0x0000000100000000)
 Metaspace       used 50502K, capacity 52984K, committed 53156K, reserved 1095680K
  class space    used 6782K, capacity 7332K, committed 7416K, reserved 1048576K
2022-12-19T11:25:55.688+0000: 20520.635: [GC (Allocation Failure) 2022-12-19T11:25:55.688+0000: 20520.635: [ParNew
Desired survivor size 10485760 bytes, new threshold 1 (max 1)
- age   1:      14680 bytes,      14680 total
: 163887K->45K(184320K), 0.0126435 secs] 210156K->46315K(503808K), 0.0128435 secs] [Times: user=0.14 sys=0.06, real=0.01 secs] 
Heap after GC invocations=28 (full 2):
 par new generation   total 184320K, used 45K [0x00000000e0000000, 0x00000000ec800000, 0x00000000ec800000)
  eden space 163840K,   0% used [0x00000000e0000000, 0x00000000e0000000, 0x00000000ea000000)
  from space 20480K,   0% used [0x00000000ea000000, 0x00000000ea00b710, 0x00000000eb400000)
  to   space 20480K,   0% used [0x00000000eb400000, 0x00000000eb400000, 0x00000000ec800000)
 concurrent mark-sweep generation total 319488K, used 46269K [0x00000000ec800000, 0x0000000100000000, 0x0000000100000000)
 Metaspace       used 50502K, capacity 52984K, committed 53156K, reserved 1095680K
  class space    used 6782K, capacity 7332K, committed 7416K, reserved 1048576K
}
2022-12-19T11:25:55.701+0000: 20520.648: Total time for which application threads were stopped: 0.0142958 seconds, Stopping threads took: 0.0003865 seconds
2022-12-19T11:25:56.702+0000: 20521.649: Total time for which application threads were stopped: 0.0003244 seconds, Stopping threads took: 0.0000711 seconds
{Heap before GC invocations=28 (full 2):
 par new generation   total 184320K, used 163885K [0x00000000e0000000, 0x00000000ec800000, 0x00000000ec800000)
  eden space 163840K, 100% used [0x00000000e0000000, 0x00000000ea000000, 0x00000000ea000000)
  from space 20480K,   0% used [0x00000000ea000000, 0x00000000ea00b710, 0x00000000eb400000)
  to   space 20480K,   0% used [0x00000000eb400000, 0x00000000eb400000, 0x00000000ec800000)
 concurrent mark-sweep generation total 319488K, used 46269K [0x00000000ec800000, 0x0000000100000000, 0x0000000100000000)
 Metaspace       used 50502K, capacity 52984K, committed 53156K, reserved 1095680K
  class space    used 6782K, capacity 7332K, committed 7416K, reserved 1048576K
2022-12-19T11:40:46.833+0000: 21411.780: [GC (Allocation Failure) 2022-12-19T11:40:46.833+0000: 21411.780: [ParNew
Desired survivor size 10485760 bytes, new threshold 1 (max 1)
- age   1:      14704 bytes,      14704 total
: 163885K->49K(184320K), 0.0129353 secs] 210155K->46319K(503808K), 0.0131404 secs] [Times: user=0.14 sys=0.07, real=0.01 secs] 
Heap after GC invocations=29 (full 2):
 par new generation   total 184320K, used 49K [0x00000000e0000000, 0x00000000ec800000, 0x00000000ec800000)
  eden space 163840K,   0% used [0x00000000e0000000, 0x00000000e0000000, 0x00000000ea000000)
  from space 20480K,   0% used [0x00000000eb400000, 0x00000000eb40c740, 0x00000000ec800000)
  to   space 20480K,   0% used [0x00000000ea000000, 0x00000000ea000000, 0x00000000eb400000)
 concurrent mark-sweep generation total 319488K, used 46269K [0x00000000ec800000, 0x0000000100000000, 0x0000000100000000)
 Metaspace       used 50502K, capacity 52984K, committed 53156K, reserved 1095680K
  class space    used 6782K, capacity 7332K, committed 7416K, reserved 1048576K
}
2022-12-19T11:40:46.846+0000: 21411.793: Total time for which application threads were stopped: 0.0147484 seconds, Stopping threads took: 0.0004255 seconds
2022-12-19T11:43:59.873+0000: 21604.820: Total time for which application threads were stopped: 0.0007721 seconds, Stopping threads took: 0.0003037 seconds
2022-12-19T11:44:01.874+0000: 21606.821: Total time for which application threads were stopped: 0.0004188 seconds, Stopping threads took: 0.0000890 seconds
{Heap before GC invocations=29 (full 2):
 par new generation   total 184320K, used 163889K [0x00000000e0000000, 0x00000000ec800000, 0x00000000ec800000)
  eden space 163840K, 100% used [0x00000000e0000000, 0x00000000ea000000, 0x00000000ea000000)
  from space 20480K,   0% used [0x00000000eb400000, 0x00000000eb40c740, 0x00000000ec800000)
  to   space 20480K,   0% used [0x00000000ea000000, 0x00000000ea000000, 0x00000000eb400000)
 concurrent mark-sweep generation total 319488K, used 46269K [0x00000000ec800000, 0x0000000100000000, 0x0000000100000000)
 Metaspace       used 50535K, capacity 53048K, committed 53156K, reserved 1095680K
  class space    used 6782K, capacity 7332K, committed 7416K, reserved 1048576K
2022-12-19T11:54:58.289+0000: 22263.236: [GC (Allocation Failure) 2022-12-19T11:54:58.289+0000: 22263.236: [ParNew
Desired survivor size 10485760 bytes, new threshold 1 (max 1)
- age   1:    4237608 bytes,    4237608 total
: 163889K->4169K(184320K), 0.0168825 secs] 210159K->50439K(503808K), 0.0171170 secs] [Times: user=0.21 sys=0.09, real=0.01 secs] 
Heap after GC invocations=30 (full 2):
 par new generation   total 184320K, used 4169K [0x00000000e0000000, 0x00000000ec800000, 0x00000000ec800000)
  eden space 163840K,   0% used [0x00000000e0000000, 0x00000000e0000000, 0x00000000ea000000)
  from space 20480K,  20% used [0x00000000ea000000, 0x00000000ea4124f0, 0x00000000eb400000)
  to   space 20480K,   0% used [0x00000000eb400000, 0x00000000eb400000, 0x00000000ec800000)
 concurrent mark-sweep generation total 319488K, used 46269K [0x00000000ec800000, 0x0000000100000000, 0x0000000100000000)
 Metaspace       used 50535K, capacity 53048K, committed 53156K, reserved 1095680K
  class space    used 6782K, capacity 7332K, committed 7416K, reserved 1048576K
}
2022-12-19T11:54:58.306+0000: 22263.253: Total time for which application threads were stopped: 0.0185719 seconds, Stopping threads took: 0.0003952 seconds
2022-12-19T12:05:53.394+0000: 22918.341: Total time for which application threads were stopped: 0.0012294 seconds, Stopping threads took: 0.0003998 seconds
2022-12-19T12:06:44.402+0000: 22969.349: Total time for which application threads were stopped: 0.0003610 seconds, Stopping threads took: 0.0000806 seconds
{Heap before GC invocations=30 (full 2):
 par new generation   total 184320K, used 168009K [0x00000000e0000000, 0x00000000ec800000, 0x00000000ec800000)
  eden space 163840K, 100% used [0x00000000e0000000, 0x00000000ea000000, 0x00000000ea000000)
  from space 20480K,  20% used [0x00000000ea000000, 0x00000000ea4124f0, 0x00000000eb400000)
  to   space 20480K,   0% used [0x00000000eb400000, 0x00000000eb400000, 0x00000000ec800000)
 concurrent mark-sweep generation total 319488K, used 46269K [0x00000000ec800000, 0x0000000100000000, 0x0000000100000000)
 Metaspace       used 50536K, capacity 53048K, committed 53156K, reserved 1095680K
  class space    used 6782K, capacity 7332K, committed 7416K, reserved 1048576K
2022-12-19T12:09:46.968+0000: 23151.915: [GC (Allocation Failure) 2022-12-19T12:09:46.968+0000: 23151.915: [ParNew
Desired survivor size 10485760 bytes, new threshold 1 (max 1)
- age   1:      15560 bytes,      15560 total
: 168009K->47K(184320K), 0.0130229 secs] 214279K->47367K(503808K), 0.0132254 secs] [Times: user=0.15 sys=0.07, real=0.02 secs] 
Heap after GC invocations=31 (full 2):
 par new generation   total 184320K, used 47K [0x00000000e0000000, 0x00000000ec800000, 0x00000000ec800000)
  eden space 163840K,   0% used [0x00000000e0000000, 0x00000000e0000000, 0x00000000ea000000)
  from space 20480K,   0% used [0x00000000eb400000, 0x00000000eb40be38, 0x00000000ec800000)
  to   space 20480K,   0% used [0x00000000ea000000, 0x00000000ea000000, 0x00000000eb400000)
 concurrent mark-sweep generation total 319488K, used 47320K [0x00000000ec800000, 0x0000000100000000, 0x0000000100000000)
 Metaspace       used 50536K, capacity 53048K, committed 53156K, reserved 1095680K
  class space    used 6782K, capacity 7332K, committed 7416K, reserved 1048576K
}
2022-12-19T12:09:46.981+0000: 23151.928: Total time for which application threads were stopped: 0.0138485 seconds, Stopping threads took: 0.0000851 seconds
2022-12-19T12:11:17.993+0000: 23242.940: Total time for which application threads were stopped: 0.0003662 seconds, Stopping threads took: 0.0000871 seconds
2022-12-19T12:11:43.996+0000: 23268.944: Total time for which application threads were stopped: 0.0003664 seconds, Stopping threads took: 0.0000861 seconds
2022-12-19T12:14:32.018+0000: 23436.965: Total time for which application threads were stopped: 0.0008627 seconds, Stopping threads took: 0.0002040 seconds
2022-12-19T12:17:28.041+0000: 23612.988: Total time for which application threads were stopped: 0.0003727 seconds, Stopping threads took: 0.0000857 seconds
{Heap before GC invocations=31 (full 2):
 par new generation   total 184320K, used 163887K [0x00000000e0000000, 0x00000000ec800000, 0x00000000ec800000)
  eden space 163840K, 100% used [0x00000000e0000000, 0x00000000ea000000, 0x00000000ea000000)
  from space 20480K,   0% used [0x00000000eb400000, 0x00000000eb40be38, 0x00000000ec800000)
  to   space 20480K,   0% used [0x00000000ea000000, 0x00000000ea000000, 0x00000000eb400000)
 concurrent mark-sweep generation total 319488K, used 47320K [0x00000000ec800000, 0x0000000100000000, 0x0000000100000000)
 Metaspace       used 50539K, capacity 53048K, committed 53156K, reserved 1095680K
  class space    used 6783K, capacity 7332K, committed 7416K, reserved 1048576K
2022-12-19T12:24:34.557+0000: 24039.504: [GC (Allocation Failure) 2022-12-19T12:24:34.557+0000: 24039.504: [ParNew
Desired survivor size 10485760 bytes, new threshold 1 (max 1)
- age   1:      17888 bytes,      17888 total
: 163887K->44K(184320K), 0.0131557 secs] 211207K->47365K(503808K), 0.0133607 secs] [Times: user=0.13 sys=0.08, real=0.02 secs] 
Heap after GC invocations=32 (full 2):
 par new generation   total 184320K, used 44K [0x00000000e0000000, 0x00000000ec800000, 0x00000000ec800000)
  eden space 163840K,   0% used [0x00000000e0000000, 0x00000000e0000000, 0x00000000ea000000)
  from space 20480K,   0% used [0x00000000ea000000, 0x00000000ea00b3e8, 0x00000000eb400000)
  to   space 20480K,   0% used [0x00000000eb400000, 0x00000000eb400000, 0x00000000ec800000)
 concurrent mark-sweep generation total 319488K, used 47320K [0x00000000ec800000, 0x0000000100000000, 0x0000000100000000)
 Metaspace       used 50539K, capacity 53048K, committed 53156K, reserved 1095680K
  class space    used 6783K, capacity 7332K, committed 7416K, reserved 1048576K
}
2022-12-19T12:24:34.570+0000: 24039.517: Total time for which application threads were stopped: 0.0144137 seconds, Stopping threads took: 0.0003538 seconds
2022-12-19T12:25:57.582+0000: 24122.529: Total time for which application threads were stopped: 0.0003697 seconds, Stopping threads took: 0.0000900 seconds
2022-12-19T12:34:31.650+0000: 24636.598: Total time for which application threads were stopped: 0.0011999 seconds, Stopping threads took: 0.0004146 seconds
2022-12-19T12:38:37.681+0000: 24882.628: Total time for which application threads were stopped: 0.0003580 seconds, Stopping threads took: 0.0000838 seconds
{Heap before GC invocations=32 (full 2):
 par new generation   total 184320K, used 163884K [0x00000000e0000000, 0x00000000ec800000, 0x00000000ec800000)
  eden space 163840K, 100% used [0x00000000e0000000, 0x00000000ea000000, 0x00000000ea000000)
  from space 20480K,   0% used [0x00000000ea000000, 0x00000000ea00b3e8, 0x00000000eb400000)
  to   space 20480K,   0% used [0x00000000eb400000, 0x00000000eb400000, 0x00000000ec800000)
 concurrent mark-sweep generation total 319488K, used 47320K [0x00000000ec800000, 0x0000000100000000, 0x0000000100000000)
 Metaspace       used 50545K, capacity 53048K, committed 53156K, reserved 1095680K
  class space    used 6783K, capacity 7332K, committed 7416K, reserved 1048576K
2022-12-19T12:39:09.118+0000: 24914.065: [GC (Allocation Failure) 2022-12-19T12:39:09.118+0000: 24914.065: [ParNew
Desired survivor size 10485760 bytes, new threshold 1 (max 1)
- age   1:      15792 bytes,      15792 total
: 163884K->42K(184320K), 0.0123919 secs] 211205K->47362K(503808K), 0.0125996 secs] [Times: user=0.15 sys=0.05, real=0.02 secs] 
Heap after GC invocations=33 (full 2):
 par new generation   total 184320K, used 42K [0x00000000e0000000, 0x00000000ec800000, 0x00000000ec800000)
  eden space 163840K,   0% used [0x00000000e0000000, 0x00000000e0000000, 0x00000000ea000000)
  from space 20480K,   0% used [0x00000000eb400000, 0x00000000eb40a890, 0x00000000ec800000)
  to   space 20480K,   0% used [0x00000000ea000000, 0x00000000ea000000, 0x00000000eb400000)
 concurrent mark-sweep generation total 319488K, used 47320K [0x00000000ec800000, 0x0000000100000000, 0x0000000100000000)
 Metaspace       used 50545K, capacity 53048K, committed 53156K, reserved 1095680K
  class space    used 6783K, capacity 7332K, committed 7416K, reserved 1048576K
}
2022-12-19T12:39:09.131+0000: 24914.078: Total time for which application threads were stopped: 0.0132147 seconds, Stopping threads took: 0.0000865 seconds
2022-12-19T12:39:31.134+0000: 24936.081: Total time for which application threads were stopped: 0.0003572 seconds, Stopping threads took: 0.0000823 seconds
2022-12-19T12:43:59.170+0000: 25204.117: Total time for which application threads were stopped: 0.0005084 seconds, Stopping threads took: 0.0000861 seconds
2022-12-19T12:44:00.171+0000: 25205.118: Total time for which application threads were stopped: 0.0005008 seconds, Stopping threads took: 0.0000911 seconds
2022-12-19T12:44:01.171+0000: 25206.118: Total time for which application threads were stopped: 0.0004050 seconds, Stopping threads took: 0.0000946 seconds
2022-12-19T12:47:38.202+0000: 25423.149: Total time for which application threads were stopped: 0.0007735 seconds, Stopping threads took: 0.0001798 seconds
2022-12-19T12:50:38.226+0000: 25603.173: Total time for which application threads were stopped: 0.0008496 seconds, Stopping threads took: 0.0003373 seconds
{Heap before GC invocations=33 (full 2):
 par new generation   total 184320K, used 163882K [0x00000000e0000000, 0x00000000ec800000, 0x00000000ec800000)
  eden space 163840K, 100% used [0x00000000e0000000, 0x00000000ea000000, 0x00000000ea000000)
  from space 20480K,   0% used [0x00000000eb400000, 0x00000000eb40a890, 0x00000000ec800000)
  to   space 20480K,   0% used [0x00000000ea000000, 0x00000000ea000000, 0x00000000eb400000)
 concurrent mark-sweep generation total 319488K, used 47320K [0x00000000ec800000, 0x0000000100000000, 0x0000000100000000)
 Metaspace       used 50559K, capacity 53048K, committed 53156K, reserved 1095680K
  class space    used 6783K, capacity 7332K, committed 7416K, reserved 1048576K
2022-12-19T12:52:57.365+0000: 25742.312: [GC (Allocation Failure) 2022-12-19T12:52:57.365+0000: 25742.312: [ParNew
Desired survivor size 10485760 bytes, new threshold 1 (max 1)
- age   1:   19977080 bytes,   19977080 total
: 163882K->19532K(184320K), 0.0151013 secs] 211202K->66853K(503808K), 0.0152844 secs] [Times: user=0.14 sys=0.12, real=0.02 secs] 
Heap after GC invocations=34 (full 2):
 par new generation   total 184320K, used 19532K [0x00000000e0000000, 0x00000000ec800000, 0x00000000ec800000)
  eden space 163840K,   0% used [0x00000000e0000000, 0x00000000e0000000, 0x00000000ea000000)
  from space 20480K,  95% used [0x00000000ea000000, 0x00000000eb3131c0, 0x00000000eb400000)
  to   space 20480K,   0% used [0x00000000eb400000, 0x00000000eb400000, 0x00000000ec800000)
 concurrent mark-sweep generation total 319488K, used 47320K [0x00000000ec800000, 0x0000000100000000, 0x0000000100000000)
 Metaspace       used 50559K, capacity 53048K, committed 53156K, reserved 1095680K
  class space    used 6783K, capacity 7332K, committed 7416K, reserved 1048576K
}
2022-12-19T12:52:57.380+0000: 25742.327: Total time for which application threads were stopped: 0.0158619 seconds, Stopping threads took: 0.0000874 seconds
2022-12-19T12:56:44.411+0000: 25969.358: Total time for which application threads were stopped: 0.0003648 seconds, Stopping threads took: 0.0000861 seconds
2022-12-19T13:00:47.445+0000: 26212.392: Total time for which application threads were stopped: 0.0003972 seconds, Stopping threads took: 0.0001028 seconds
2022-12-19T13:01:44.454+0000: 26269.401: Total time for which application threads were stopped: 0.0007929 seconds, Stopping threads took: 0.0001822 seconds
2022-12-19T13:02:17.458+0000: 26302.405: Total time for which application threads were stopped: 0.0003648 seconds, Stopping threads took: 0.0000848 seconds
2022-12-19T13:03:07.465+0000: 26352.412: Total time for which application threads were stopped: 0.0003545 seconds, Stopping threads took: 0.0000837 seconds
2022-12-19T13:06:44.495+0000: 26569.442: Total time for which application threads were stopped: 0.0008135 seconds, Stopping threads took: 0.0003112 seconds
{Heap before GC invocations=34 (full 2):
 par new generation   total 184320K, used 183372K [0x00000000e0000000, 0x00000000ec800000, 0x00000000ec800000)
  eden space 163840K, 100% used [0x00000000e0000000, 0x00000000ea000000, 0x00000000ea000000)
  from space 20480K,  95% used [0x00000000ea000000, 0x00000000eb3131c0, 0x00000000eb400000)
  to   space 20480K,   0% used [0x00000000eb400000, 0x00000000eb400000, 0x00000000ec800000)
 concurrent mark-sweep generation total 319488K, used 47320K [0x00000000ec800000, 0x0000000100000000, 0x0000000100000000)
 Metaspace       used 50566K, capacity 53048K, committed 53156K, reserved 1095680K
  class space    used 6783K, capacity 7332K, committed 7416K, reserved 1048576K
2022-12-19T13:07:48.241+0000: 26633.188: [GC (Allocation Failure) 2022-12-19T13:07:48.241+0000: 26633.188: [ParNew
Desired survivor size 10485760 bytes, new threshold 1 (max 1)
- age   1:      18960 bytes,      18960 total
: 183372K->50K(184320K), 0.0139332 secs] 230693K->49454K(503808K), 0.0141424 secs] [Times: user=0.14 sys=0.08, real=0.01 secs] 
Heap after GC invocations=35 (full 2):
 par new generation   total 184320K, used 50K [0x00000000e0000000, 0x00000000ec800000, 0x00000000ec800000)
  eden space 163840K,   0% used [0x00000000e0000000, 0x00000000e0000000, 0x00000000ea000000)
  from space 20480K,   0% used [0x00000000eb400000, 0x00000000eb40c850, 0x00000000ec800000)
  to   space 20480K,   0% used [0x00000000ea000000, 0x00000000ea000000, 0x00000000eb400000)
 concurrent mark-sweep generation total 319488K, used 49404K [0x00000000ec800000, 0x0000000100000000, 0x0000000100000000)
 Metaspace       used 50566K, capacity 53048K, committed 53156K, reserved 1095680K
  class space    used 6783K, capacity 7332K, committed 7416K, reserved 1048576K
}
2022-12-19T13:07:48.255+0000: 26633.202: Total time for which application threads were stopped: 0.0147843 seconds, Stopping threads took: 0.0001149 seconds
2022-12-19T13:08:38.262+0000: 26683.209: Total time for which application threads were stopped: 0.0003669 seconds, Stopping threads took: 0.0000830 seconds
2022-12-19T13:11:48.289+0000: 26873.236: Total time for which application threads were stopped: 0.0003688 seconds, Stopping threads took: 0.0000913 seconds
2022-12-19T13:12:18.293+0000: 26903.240: Total time for which application threads were stopped: 0.0003581 seconds, Stopping threads took: 0.0000828 seconds
2022-12-19T13:14:31.311+0000: 27036.258: Total time for which application threads were stopped: 0.0003663 seconds, Stopping threads took: 0.0000820 seconds
2022-12-19T13:16:44.329+0000: 27169.276: Total time for which application threads were stopped: 0.0003601 seconds, Stopping threads took: 0.0000866 seconds
2022-12-19T13:21:44.371+0000: 27469.318: Total time for which application threads were stopped: 0.0011843 seconds, Stopping threads took: 0.0003986 seconds
{Heap before GC invocations=35 (full 2):
 par new generation   total 184320K, used 163890K [0x00000000e0000000, 0x00000000ec800000, 0x00000000ec800000)
  eden space 163840K, 100% used [0x00000000e0000000, 0x00000000ea000000, 0x00000000ea000000)
  from space 20480K,   0% used [0x00000000eb400000, 0x00000000eb40c850, 0x00000000ec800000)
  to   space 20480K,   0% used [0x00000000ea000000, 0x00000000ea000000, 0x00000000eb400000)
 concurrent mark-sweep generation total 319488K, used 49404K [0x00000000ec800000, 0x0000000100000000, 0x0000000100000000)
 Metaspace       used 50567K, capacity 53048K, committed 53156K, reserved 1095680K
  class space    used 6783K, capacity 7332K, committed 7416K, reserved 1048576K
2022-12-19T13:22:39.833+0000: 27524.780: [GC (Allocation Failure) 2022-12-19T13:22:39.833+0000: 27524.780: [ParNew
Desired survivor size 10485760 bytes, new threshold 1 (max 1)
- age   1:      17360 bytes,      17360 total
: 163890K->41K(184320K), 0.0125743 secs] 213294K->49449K(503808K), 0.0127893 secs] [Times: user=0.15 sys=0.07, real=0.01 secs] 
Heap after GC invocations=36 (full 2):
 par new generation   total 184320K, used 41K [0x00000000e0000000, 0x00000000ec800000, 0x00000000ec800000)
  eden space 163840K,   0% used [0x00000000e0000000, 0x00000000e0000000, 0x00000000ea000000)
  from space 20480K,   0% used [0x00000000ea000000, 0x00000000ea00a460, 0x00000000eb400000)
  to   space 20480K,   0% used [0x00000000eb400000, 0x00000000eb400000, 0x00000000ec800000)
 concurrent mark-sweep generation total 319488K, used 49408K [0x00000000ec800000, 0x0000000100000000, 0x0000000100000000)
 Metaspace       used 50567K, capacity 53048K, committed 53156K, reserved 1095680K
  class space    used 6783K, capacity 7332K, committed 7416K, reserved 1048576K
}
2022-12-19T13:22:39.846+0000: 27524.793: Total time for which application threads were stopped: 0.0134180 seconds, Stopping threads took: 0.0000897 seconds
2022-12-19T13:22:40.846+0000: 27525.793: Total time for which application threads were stopped: 0.0003144 seconds, Stopping threads took: 0.0000806 seconds
2022-12-19T13:23:17.852+0000: 27562.799: Total time for which application threads were stopped: 0.0003720 seconds, Stopping threads took: 0.0000956 seconds
{Heap before GC invocations=36 (full 2):
 par new generation   total 184320K, used 163881K [0x00000000e0000000, 0x00000000ec800000, 0x00000000ec800000)
  eden space 163840K, 100% used [0x00000000e0000000, 0x00000000ea000000, 0x00000000ea000000)
  from space 20480K,   0% used [0x00000000ea000000, 0x00000000ea00a460, 0x00000000eb400000)
  to   space 20480K,   0% used [0x00000000eb400000, 0x00000000eb400000, 0x00000000ec800000)
 concurrent mark-sweep generation total 319488K, used 49408K [0x00000000ec800000, 0x0000000100000000, 0x0000000100000000)
 Metaspace       used 50568K, capacity 53048K, committed 53156K, reserved 1095680K
  class space    used 6783K, capacity 7332K, committed 7416K, reserved 1048576K
2022-12-19T13:37:17.677+0000: 28402.624: [GC (Allocation Failure) 2022-12-19T13:37:17.677+0000: 28402.624: [ParNew
Desired survivor size 10485760 bytes, new threshold 1 (max 1)
- age   1:      16480 bytes,      16480 total
: 163881K->50K(184320K), 0.0136022 secs] 213289K->49461K(503808K), 0.0137681 secs] [Times: user=0.21 sys=0.07, real=0.02 secs] 
Heap after GC invocations=37 (full 2):
 par new generation   total 184320K, used 50K [0x00000000e0000000, 0x00000000ec800000, 0x00000000ec800000)
  eden space 163840K,   0% used [0x00000000e0000000, 0x00000000e0000000, 0x00000000ea000000)
  from space 20480K,   0% used [0x00000000eb400000, 0x00000000eb40c8c8, 0x00000000ec800000)
  to   space 20480K,   0% used [0x00000000ea000000, 0x00000000ea000000, 0x00000000eb400000)
 concurrent mark-sweep generation total 319488K, used 49411K [0x00000000ec800000, 0x0000000100000000, 0x0000000100000000)
 Metaspace       used 50568K, capacity 53048K, committed 53156K, reserved 1095680K
  class space    used 6783K, capacity 7332K, committed 7416K, reserved 1048576K
}
2022-12-19T13:37:17.691+0000: 28402.638: Total time for which application threads were stopped: 0.0148313 seconds, Stopping threads took: 0.0001496 seconds
2022-12-19T13:41:53.729+0000: 28678.676: Total time for which application threads were stopped: 0.0007951 seconds, Stopping threads took: 0.0003105 seconds
2022-12-19T13:43:59.745+0000: 28804.692: Total time for which application threads were stopped: 0.0004319 seconds, Stopping threads took: 0.0001060 seconds
2022-12-19T13:44:01.746+0000: 28806.693: Total time for which application threads were stopped: 0.0004000 seconds, Stopping threads took: 0.0000843 seconds
{Heap before GC invocations=37 (full 2):
 par new generation   total 184320K, used 163890K [0x00000000e0000000, 0x00000000ec800000, 0x00000000ec800000)
  eden space 163840K, 100% used [0x00000000e0000000, 0x00000000ea000000, 0x00000000ea000000)
  from space 20480K,   0% used [0x00000000eb400000, 0x00000000eb40c8c8, 0x00000000ec800000)
  to   space 20480K,   0% used [0x00000000ea000000, 0x00000000ea000000, 0x00000000eb400000)
 concurrent mark-sweep generation total 319488K, used 49411K [0x00000000ec800000, 0x0000000100000000, 0x0000000100000000)
 Metaspace       used 50584K, capacity 53048K, committed 53156K, reserved 1095680K
  class space    used 6783K, capacity 7332K, committed 7416K, reserved 1048576K
2022-12-19T13:51:15.959+0000: 29240.906: [GC (Allocation Failure) 2022-12-19T13:51:15.959+0000: 29240.906: [ParNew
Desired survivor size 10485760 bytes, new threshold 1 (max 1)
- age   1:    4254496 bytes,    4254496 total
: 163890K->4176K(184320K), 0.0264136 secs] 213301K->53587K(503808K), 0.0266067 secs] [Times: user=0.37 sys=0.12, real=0.03 secs] 
Heap after GC invocations=38 (full 2):
 par new generation   total 184320K, used 4176K [0x00000000e0000000, 0x00000000ec800000, 0x00000000ec800000)
  eden space 163840K,   0% used [0x00000000e0000000, 0x00000000e0000000, 0x00000000ea000000)
  from space 20480K,  20% used [0x00000000ea000000, 0x00000000ea4140f0, 0x00000000eb400000)
  to   space 20480K,   0% used [0x00000000eb400000, 0x00000000eb400000, 0x00000000ec800000)
 concurrent mark-sweep generation total 319488K, used 49411K [0x00000000ec800000, 0x0000000100000000, 0x0000000100000000)
 Metaspace       used 50584K, capacity 53048K, committed 53156K, reserved 1095680K
  class space    used 6783K, capacity 7332K, committed 7416K, reserved 1048576K
}
2022-12-19T13:51:15.986+0000: 29240.933: Total time for which application threads were stopped: 0.0280463 seconds, Stopping threads took: 0.0004336 seconds
2022-12-19T13:59:32.051+0000: 29736.998: Total time for which application threads were stopped: 0.0003704 seconds, Stopping threads took: 0.0000839 seconds
{Heap before GC invocations=38 (full 2):
 par new generation   total 184320K, used 168016K [0x00000000e0000000, 0x00000000ec800000, 0x00000000ec800000)
  eden space 163840K, 100% used [0x00000000e0000000, 0x00000000ea000000, 0x00000000ea000000)
  from space 20480K,  20% used [0x00000000ea000000, 0x00000000ea4140f0, 0x00000000eb400000)
  to   space 20480K,   0% used [0x00000000eb400000, 0x00000000eb400000, 0x00000000ec800000)
 concurrent mark-sweep generation total 319488K, used 49411K [0x00000000ec800000, 0x0000000100000000, 0x0000000100000000)
 Metaspace       used 50591K, capacity 53048K, committed 53156K, reserved 1095680K
  class space    used 6783K, capacity 7332K, committed 7416K, reserved 1048576K
2022-12-19T14:05:52.780+0000: 30117.727: [GC (Allocation Failure) 2022-12-19T14:05:52.780+0000: 30117.727: [ParNew
Desired survivor size 10485760 bytes, new threshold 1 (max 1)
- age   1:      23208 bytes,      23208 total
: 168016K->50K(184320K), 0.0128940 secs] 217427K->50526K(503808K), 0.0130731 secs] [Times: user=0.13 sys=0.09, real=0.02 secs] 
Heap after GC invocations=39 (full 2):
 par new generation   total 184320K, used 50K [0x00000000e0000000, 0x00000000ec800000, 0x00000000ec800000)
  eden space 163840K,   0% used [0x00000000e0000000, 0x00000000e0000000, 0x00000000ea000000)
  from space 20480K,   0% used [0x00000000eb400000, 0x00000000eb40c800, 0x00000000ec800000)
  to   space 20480K,   0% used [0x00000000ea000000, 0x00000000ea000000, 0x00000000eb400000)
 concurrent mark-sweep generation total 319488K, used 50476K [0x00000000ec800000, 0x0000000100000000, 0x0000000100000000)
 Metaspace       used 50591K, capacity 53048K, committed 53156K, reserved 1095680K
  class space    used 6783K, capacity 7332K, committed 7416K, reserved 1048576K
}
2022-12-19T14:05:52.793+0000: 30117.740: Total time for which application threads were stopped: 0.0145573 seconds, Stopping threads took: 0.0004108 seconds
{Heap before GC invocations=39 (full 2):
 par new generation   total 184320K, used 163890K [0x00000000e0000000, 0x00000000ec800000, 0x00000000ec800000)
  eden space 163840K, 100% used [0x00000000e0000000, 0x00000000ea000000, 0x00000000ea000000)
  from space 20480K,   0% used [0x00000000eb400000, 0x00000000eb40c800, 0x00000000ec800000)
  to   space 20480K,   0% used [0x00000000ea000000, 0x00000000ea000000, 0x00000000eb400000)
 concurrent mark-sweep generation total 319488K, used 50476K [0x00000000ec800000, 0x0000000100000000, 0x0000000100000000)
 Metaspace       used 50591K, capacity 53048K, committed 53156K, reserved 1095680K
  class space    used 6783K, capacity 7332K, committed 7416K, reserved 1048576K
2022-12-19T14:20:27.115+0000: 30992.062: [GC (Allocation Failure) 2022-12-19T14:20:27.115+0000: 30992.062: [ParNew
Desired survivor size 10485760 bytes, new threshold 1 (max 1)
- age   1:      15472 bytes,      15472 total
: 163890K->48K(184320K), 0.0126604 secs] 214366K->50524K(503808K), 0.0128733 secs] [Times: user=0.13 sys=0.07, real=0.01 secs] 
Heap after GC invocations=40 (full 2):
 par new generation   total 184320K, used 48K [0x00000000e0000000, 0x00000000ec800000, 0x00000000ec800000)
  eden space 163840K,   0% used [0x00000000e0000000, 0x00000000e0000000, 0x00000000ea000000)
  from space 20480K,   0% used [0x00000000ea000000, 0x00000000ea00c008, 0x00000000eb400000)
  to   space 20480K,   0% used [0x00000000eb400000, 0x00000000eb400000, 0x00000000ec800000)
 concurrent mark-sweep generation total 319488K, used 50476K [0x00000000ec800000, 0x0000000100000000, 0x0000000100000000)
 Metaspace       used 50591K, capacity 53048K, committed 53156K, reserved 1095680K
  class space    used 6783K, capacity 7332K, committed 7416K, reserved 1048576K
}
2022-12-19T14:20:27.128+0000: 30992.075: Total time for which application threads were stopped: 0.0143293 seconds, Stopping threads took: 0.0003762 seconds
2022-12-19T14:23:53.156+0000: 31198.103: Total time for which application threads were stopped: 0.0003678 seconds, Stopping threads took: 0.0000860 seconds
2022-12-19T14:26:44.179+0000: 31369.126: Total time for which application threads were stopped: 0.0003749 seconds, Stopping threads took: 0.0000871 seconds
2022-12-19T14:31:44.220+0000: 31669.167: Total time for which application threads were stopped: 0.0008436 seconds, Stopping threads took: 0.0001883 seconds
{Heap before GC invocations=40 (full 2):
 par new generation   total 184320K, used 163888K [0x00000000e0000000, 0x00000000ec800000, 0x00000000ec800000)
  eden space 163840K, 100% used [0x00000000e0000000, 0x00000000ea000000, 0x00000000ea000000)
  from space 20480K,   0% used [0x00000000ea000000, 0x00000000ea00c008, 0x00000000eb400000)
  to   space 20480K,   0% used [0x00000000eb400000, 0x00000000eb400000, 0x00000000ec800000)
 concurrent mark-sweep generation total 319488K, used 50476K [0x00000000ec800000, 0x0000000100000000, 0x0000000100000000)
 Metaspace       used 50592K, capacity 53048K, committed 53156K, reserved 1095680K
  class space    used 6783K, capacity 7332K, committed 7416K, reserved 1048576K
2022-12-19T14:34:44.916+0000: 31849.863: [GC (Allocation Failure) 2022-12-19T14:34:44.916+0000: 31849.863: [ParNew
Desired survivor size 10485760 bytes, new threshold 1 (max 1)
- age   1:      17368 bytes,      17368 total
: 163888K->40K(184320K), 0.0108253 secs] 214364K->50517K(503808K), 0.0110615 secs] [Times: user=0.13 sys=0.05, real=0.01 secs] 
Heap after GC invocations=41 (full 2):
 par new generation   total 184320K, used 40K [0x00000000e0000000, 0x00000000ec800000, 0x00000000ec800000)
  eden space 163840K,   0% used [0x00000000e0000000, 0x00000000e0000000, 0x00000000ea000000)
  from space 20480K,   0% used [0x00000000eb400000, 0x00000000eb40a398, 0x00000000ec800000)
  to   space 20480K,   0% used [0x00000000ea000000, 0x00000000ea000000, 0x00000000eb400000)
 concurrent mark-sweep generation total 319488K, used 50477K [0x00000000ec800000, 0x0000000100000000, 0x0000000100000000)
 Metaspace       used 50592K, capacity 53048K, committed 53156K, reserved 1095680K
  class space    used 6783K, capacity 7332K, committed 7416K, reserved 1048576K
}
2022-12-19T14:34:44.927+0000: 31849.874: Total time for which application threads were stopped: 0.0116971 seconds, Stopping threads took: 0.0000837 seconds
2022-12-19T14:34:45.928+0000: 31850.875: Total time for which application threads were stopped: 0.0003261 seconds, Stopping threads took: 0.0000731 seconds
2022-12-19T14:37:08.947+0000: 31993.894: Total time for which application threads were stopped: 0.0008232 seconds, Stopping threads took: 0.0003124 seconds
2022-12-19T14:44:00.004+0000: 32404.951: Total time for which application threads were stopped: 0.0004131 seconds, Stopping threads took: 0.0000994 seconds
2022-12-19T14:44:02.005+0000: 32406.952: Total time for which application threads were stopped: 0.0003973 seconds, Stopping threads took: 0.0000946 seconds
{Heap before GC invocations=41 (full 2):
 par new generation   total 184320K, used 163880K [0x00000000e0000000, 0x00000000ec800000, 0x00000000ec800000)
  eden space 163840K, 100% used [0x00000000e0000000, 0x00000000ea000000, 0x00000000ea000000)
  from space 20480K,   0% used [0x00000000eb400000, 0x00000000eb40a398, 0x00000000ec800000)
  to   space 20480K,   0% used [0x00000000ea000000, 0x00000000ea000000, 0x00000000eb400000)
 concurrent mark-sweep generation total 319488K, used 50477K [0x00000000ec800000, 0x0000000100000000, 0x0000000100000000)
 Metaspace       used 50606K, capacity 53112K, committed 53412K, reserved 1095680K
  class space    used 6783K, capacity 7332K, committed 7416K, reserved 1048576K
2022-12-19T14:48:39.233+0000: 32684.180: [GC (Allocation Failure) 2022-12-19T14:48:39.233+0000: 32684.180: [ParNew
Desired survivor size 10485760 bytes, new threshold 1 (max 1)
- age   1:    4241248 bytes,    4241248 total
: 163880K->4161K(184320K), 0.0121100 secs] 214357K->54639K(503808K), 0.0123956 secs] [Times: user=0.09 sys=0.10, real=0.01 secs] 
Heap after GC invocations=42 (full 2):
 par new generation   total 184320K, used 4161K [0x00000000e0000000, 0x00000000ec800000, 0x00000000ec800000)
  eden space 163840K,   0% used [0x00000000e0000000, 0x00000000e0000000, 0x00000000ea000000)
  from space 20480K,  20% used [0x00000000ea000000, 0x00000000ea410698, 0x00000000eb400000)
  to   space 20480K,   0% used [0x00000000eb400000, 0x00000000eb400000, 0x00000000ec800000)
 concurrent mark-sweep generation total 319488K, used 50477K [0x00000000ec800000, 0x0000000100000000, 0x0000000100000000)
 Metaspace       used 50606K, capacity 53112K, committed 53412K, reserved 1095680K
  class space    used 6783K, capacity 7332K, committed 7416K, reserved 1048576K
}
2022-12-19T14:48:39.245+0000: 32684.192: Total time for which application threads were stopped: 0.0134920 seconds, Stopping threads took: 0.0001715 seconds
{Heap before GC invocations=42 (full 2):
 par new generation   total 184320K, used 168001K [0x00000000e0000000, 0x00000000ec800000, 0x00000000ec800000)
  eden space 163840K, 100% used [0x00000000e0000000, 0x00000000ea000000, 0x00000000ea000000)
  from space 20480K,  20% used [0x00000000ea000000, 0x00000000ea410698, 0x00000000eb400000)
  to   space 20480K,   0% used [0x00000000eb400000, 0x00000000eb400000, 0x00000000ec800000)
 concurrent mark-sweep generation total 319488K, used 50477K [0x00000000ec800000, 0x0000000100000000, 0x0000000100000000)
 Metaspace       used 50606K, capacity 53112K, committed 53412K, reserved 1095680K
  class space    used 6783K, capacity 7332K, committed 7416K, reserved 1048576K
2022-12-19T15:03:13.821+0000: 33558.769: [GC (Allocation Failure) 2022-12-19T15:03:13.822+0000: 33558.769: [ParNew
Desired survivor size 10485760 bytes, new threshold 1 (max 1)
- age   1:      15816 bytes,      15816 total
: 168001K->44K(184320K), 0.0126083 secs] 218479K->51571K(503808K), 0.0128117 secs] [Times: user=0.13 sys=0.07, real=0.01 secs] 
Heap after GC invocations=43 (full 2):
 par new generation   total 184320K, used 44K [0x00000000e0000000, 0x00000000ec800000, 0x00000000ec800000)
  eden space 163840K,   0% used [0x00000000e0000000, 0x00000000e0000000, 0x00000000ea000000)
  from space 20480K,   0% used [0x00000000eb400000, 0x00000000eb40b238, 0x00000000ec800000)
  to   space 20480K,   0% used [0x00000000ea000000, 0x00000000ea000000, 0x00000000eb400000)
 concurrent mark-sweep generation total 319488K, used 51526K [0x00000000ec800000, 0x0000000100000000, 0x0000000100000000)
 Metaspace       used 50606K, capacity 53112K, committed 53412K, reserved 1095680K
  class space    used 6783K, capacity 7332K, committed 7416K, reserved 1048576K
}
2022-12-19T15:03:13.834+0000: 33558.781: Total time for which application threads were stopped: 0.0144368 seconds, Stopping threads took: 0.0004549 seconds
2022-12-19T15:16:43.944+0000: 34368.891: Total time for which application threads were stopped: 0.0004378 seconds, Stopping threads took: 0.0000944 seconds
{Heap before GC invocations=43 (full 2):
 par new generation   total 184320K, used 163884K [0x00000000e0000000, 0x00000000ec800000, 0x00000000ec800000)
  eden space 163840K, 100% used [0x00000000e0000000, 0x00000000ea000000, 0x00000000ea000000)
  from space 20480K,   0% used [0x00000000eb400000, 0x00000000eb40b238, 0x00000000ec800000)
  to   space 20480K,   0% used [0x00000000ea000000, 0x00000000ea000000, 0x00000000eb400000)
 concurrent mark-sweep generation total 319488K, used 51526K [0x00000000ec800000, 0x0000000100000000, 0x0000000100000000)
 Metaspace       used 50606K, capacity 53112K, committed 53412K, reserved 1095680K
  class space    used 6783K, capacity 7332K, committed 7416K, reserved 1048576K
2022-12-19T15:17:49.398+0000: 34434.345: [GC (Allocation Failure) 2022-12-19T15:17:49.398+0000: 34434.346: [ParNew
Desired survivor size 10485760 bytes, new threshold 1 (max 1)
- age   1:      16520 bytes,      16520 total
: 163884K->43K(184320K), 0.0084842 secs] 215411K->51570K(503808K), 0.0087296 secs] [Times: user=0.09 sys=0.04, real=0.01 secs] 
Heap after GC invocations=44 (full 2):
 par new generation   total 184320K, used 43K [0x00000000e0000000, 0x00000000ec800000, 0x00000000ec800000)
  eden space 163840K,   0% used [0x00000000e0000000, 0x00000000e0000000, 0x00000000ea000000)
  from space 20480K,   0% used [0x00000000ea000000, 0x00000000ea00af00, 0x00000000eb400000)
  to   space 20480K,   0% used [0x00000000eb400000, 0x00000000eb400000, 0x00000000ec800000)
 concurrent mark-sweep generation total 319488K, used 51526K [0x00000000ec800000, 0x0000000100000000, 0x0000000100000000)
 Metaspace       used 50606K, capacity 53112K, committed 53412K, reserved 1095680K
  class space    used 6783K, capacity 7332K, committed 7416K, reserved 1048576K
}
2022-12-19T15:17:49.407+0000: 34434.354: Total time for which application threads were stopped: 0.0093381 seconds, Stopping threads took: 0.0000941 seconds
2022-12-19T15:17:50.408+0000: 34435.355: Total time for which application threads were stopped: 0.0004605 seconds, Stopping threads took: 0.0000725 seconds
{Heap before GC invocations=44 (full 2):
 par new generation   total 184320K, used 163883K [0x00000000e0000000, 0x00000000ec800000, 0x00000000ec800000)
  eden space 163840K, 100% used [0x00000000e0000000, 0x00000000ea000000, 0x00000000ea000000)
  from space 20480K,   0% used [0x00000000ea000000, 0x00000000ea00af00, 0x00000000eb400000)
  to   space 20480K,   0% used [0x00000000eb400000, 0x00000000eb400000, 0x00000000ec800000)
 concurrent mark-sweep generation total 319488K, used 51526K [0x00000000ec800000, 0x0000000100000000, 0x0000000100000000)
 Metaspace       used 50606K, capacity 53112K, committed 53412K, reserved 1095680K
  class space    used 6783K, capacity 7332K, committed 7416K, reserved 1048576K
2022-12-19T15:32:23.973+0000: 35308.920: [GC (Allocation Failure) 2022-12-19T15:32:23.973+0000: 35308.920: [ParNew
Desired survivor size 10485760 bytes, new threshold 1 (max 1)
- age   1:      15992 bytes,      15992 total
: 163883K->47K(184320K), 0.0127481 secs] 215410K->51574K(503808K), 0.0129418 secs] [Times: user=0.14 sys=0.07, real=0.01 secs] 
Heap after GC invocations=45 (full 2):
 par new generation   total 184320K, used 47K [0x00000000e0000000, 0x00000000ec800000, 0x00000000ec800000)
  eden space 163840K,   0% used [0x00000000e0000000, 0x00000000e0000000, 0x00000000ea000000)
  from space 20480K,   0% used [0x00000000eb400000, 0x00000000eb40bc18, 0x00000000ec800000)
  to   space 20480K,   0% used [0x00000000ea000000, 0x00000000ea000000, 0x00000000eb400000)
 concurrent mark-sweep generation total 319488K, used 51527K [0x00000000ec800000, 0x0000000100000000, 0x0000000100000000)
 Metaspace       used 50606K, capacity 53112K, committed 53412K, reserved 1095680K
  class space    used 6783K, capacity 7332K, committed 7416K, reserved 1048576K
}
2022-12-19T15:32:23.986+0000: 35308.933: Total time for which application threads were stopped: 0.0142995 seconds, Stopping threads took: 0.0003655 seconds
2022-12-19T15:43:59.086+0000: 36004.033: Total time for which application threads were stopped: 0.0008521 seconds, Stopping threads took: 0.0001831 seconds
2022-12-19T15:44:00.086+0000: 36005.033: Total time for which application threads were stopped: 0.0004777 seconds, Stopping threads took: 0.0000904 seconds
2022-12-19T15:44:02.087+0000: 36007.034: Total time for which application threads were stopped: 0.0004230 seconds, Stopping threads took: 0.0001094 seconds
2022-12-19T15:45:00.095+0000: 36065.042: Total time for which application threads were stopped: 0.0003709 seconds, Stopping threads took: 0.0000865 seconds
{Heap before GC invocations=45 (full 2):
 par new generation   total 184320K, used 163887K [0x00000000e0000000, 0x00000000ec800000, 0x00000000ec800000)
  eden space 163840K, 100% used [0x00000000e0000000, 0x00000000ea000000, 0x00000000ea000000)
  from space 20480K,   0% used [0x00000000eb400000, 0x00000000eb40bc18, 0x00000000ec800000)
  to   space 20480K,   0% used [0x00000000ea000000, 0x00000000ea000000, 0x00000000eb400000)
 concurrent mark-sweep generation total 319488K, used 51527K [0x00000000ec800000, 0x0000000100000000, 0x0000000100000000)
 Metaspace       used 50618K, capacity 53176K, committed 53412K, reserved 1095680K
  class space    used 6783K, capacity 7332K, committed 7416K, reserved 1048576K
2022-12-19T15:45:55.509+0000: 36120.456: [GC (Allocation Failure) 2022-12-19T15:45:55.509+0000: 36120.456: [ParNew
Desired survivor size 10485760 bytes, new threshold 1 (max 1)
- age   1:   16830600 bytes,   16830600 total
: 163887K->16454K(184320K), 0.0118328 secs] 215414K->67981K(503808K), 0.0120520 secs] [Times: user=0.11 sys=0.09, real=0.01 secs] 
Heap after GC invocations=46 (full 2):
 par new generation   total 184320K, used 16454K [0x00000000e0000000, 0x00000000ec800000, 0x00000000ec800000)
  eden space 163840K,   0% used [0x00000000e0000000, 0x00000000e0000000, 0x00000000ea000000)
  from space 20480K,  80% used [0x00000000ea000000, 0x00000000eb011958, 0x00000000eb400000)
  to   space 20480K,   0% used [0x00000000eb400000, 0x00000000eb400000, 0x00000000ec800000)
 concurrent mark-sweep generation total 319488K, used 51527K [0x00000000ec800000, 0x0000000100000000, 0x0000000100000000)
 Metaspace       used 50618K, capacity 53176K, committed 53412K, reserved 1095680K
  class space    used 6783K, capacity 7332K, committed 7416K, reserved 1048576K
}
2022-12-19T15:45:55.521+0000: 36120.468: Total time for which application threads were stopped: 0.0126279 seconds, Stopping threads took: 0.0000886 seconds
{Heap before GC invocations=46 (full 2):
 par new generation   total 184320K, used 180294K [0x00000000e0000000, 0x00000000ec800000, 0x00000000ec800000)
  eden space 163840K, 100% used [0x00000000e0000000, 0x00000000ea000000, 0x00000000ea000000)
  from space 20480K,  80% used [0x00000000ea000000, 0x00000000eb011958, 0x00000000eb400000)
  to   space 20480K,   0% used [0x00000000eb400000, 0x00000000eb400000, 0x00000000ec800000)
 concurrent mark-sweep generation total 319488K, used 51527K [0x00000000ec800000, 0x0000000100000000, 0x0000000100000000)
 Metaspace       used 50622K, capacity 53176K, committed 53412K, reserved 1095680K
  class space    used 6783K, capacity 7332K, committed 7416K, reserved 1048576K
2022-12-19T16:00:31.855+0000: 36996.802: [GC (Allocation Failure) 2022-12-19T16:00:31.855+0000: 36996.802: [ParNew
Desired survivor size 10485760 bytes, new threshold 1 (max 1)
- age   1:      14744 bytes,      14744 total
: 180294K->42K(184320K), 0.0109530 secs] 231821K->53652K(503808K), 0.0112068 secs] [Times: user=0.13 sys=0.04, real=0.01 secs] 
Heap after GC invocations=47 (full 2):
 par new generation   total 184320K, used 42K [0x00000000e0000000, 0x00000000ec800000, 0x00000000ec800000)
  eden space 163840K,   0% used [0x00000000e0000000, 0x00000000e0000000, 0x00000000ea000000)
  from space 20480K,   0% used [0x00000000eb400000, 0x00000000eb40aad0, 0x00000000ec800000)
  to   space 20480K,   0% used [0x00000000ea000000, 0x00000000ea000000, 0x00000000eb400000)
 concurrent mark-sweep generation total 319488K, used 53610K [0x00000000ec800000, 0x0000000100000000, 0x0000000100000000)
 Metaspace       used 50622K, capacity 53176K, committed 53412K, reserved 1095680K
  class space    used 6783K, capacity 7332K, committed 7416K, reserved 1048576K
}
2022-12-19T16:00:31.866+0000: 36996.813: Total time for which application threads were stopped: 0.0123103 seconds, Stopping threads took: 0.0003080 seconds
2022-12-19T16:03:56.894+0000: 37201.841: Total time for which application threads were stopped: 0.0003757 seconds, Stopping threads took: 0.0000884 seconds
2022-12-19T16:12:59.968+0000: 37744.915: Total time for which application threads were stopped: 0.0011920 seconds, Stopping threads took: 0.0003702 seconds
{Heap before GC invocations=47 (full 2):
 par new generation   total 184320K, used 163882K [0x00000000e0000000, 0x00000000ec800000, 0x00000000ec800000)
  eden space 163840K, 100% used [0x00000000e0000000, 0x00000000ea000000, 0x00000000ea000000)
  from space 20480K,   0% used [0x00000000eb400000, 0x00000000eb40aad0, 0x00000000ec800000)
  to   space 20480K,   0% used [0x00000000ea000000, 0x00000000ea000000, 0x00000000eb400000)
 concurrent mark-sweep generation total 319488K, used 53610K [0x00000000ec800000, 0x0000000100000000, 0x0000000100000000)
 Metaspace       used 50632K, capacity 53176K, committed 53412K, reserved 1095680K
  class space    used 6783K, capacity 7332K, committed 7416K, reserved 1048576K
2022-12-19T16:15:07.645+0000: 37872.592: [GC (Allocation Failure) 2022-12-19T16:15:07.645+0000: 37872.592: [ParNew
Desired survivor size 10485760 bytes, new threshold 1 (max 1)
- age   1:      14800 bytes,      14800 total
: 163882K->45K(184320K), 0.0120383 secs] 217492K->53656K(503808K), 0.0122257 secs] [Times: user=0.13 sys=0.07, real=0.01 secs] 
Heap after GC invocations=48 (full 2):
 par new generation   total 184320K, used 45K [0x00000000e0000000, 0x00000000ec800000, 0x00000000ec800000)
  eden space 163840K,   0% used [0x00000000e0000000, 0x00000000e0000000, 0x00000000ea000000)
  from space 20480K,   0% used [0x00000000ea000000, 0x00000000ea00b648, 0x00000000eb400000)
  to   space 20480K,   0% used [0x00000000eb400000, 0x00000000eb400000, 0x00000000ec800000)
 concurrent mark-sweep generation total 319488K, used 53610K [0x00000000ec800000, 0x0000000100000000, 0x0000000100000000)
 Metaspace       used 50632K, capacity 53176K, committed 53412K, reserved 1095680K
  class space    used 6783K, capacity 7332K, committed 7416K, reserved 1048576K
}
2022-12-19T16:15:07.658+0000: 37872.605: Total time for which application threads were stopped: 0.0128140 seconds, Stopping threads took: 0.0000886 seconds
2022-12-19T16:15:49.664+0000: 37914.611: Total time for which application threads were stopped: 0.0003731 seconds, Stopping threads took: 0.0000901 seconds
2022-12-19T16:16:44.671+0000: 37969.619: Total time for which application threads were stopped: 0.0003670 seconds, Stopping threads took: 0.0000916 seconds
{Heap before GC invocations=48 (full 2):
 par new generation   total 184320K, used 163885K [0x00000000e0000000, 0x00000000ec800000, 0x00000000ec800000)
  eden space 163840K, 100% used [0x00000000e0000000, 0x00000000ea000000, 0x00000000ea000000)
  from space 20480K,   0% used [0x00000000ea000000, 0x00000000ea00b648, 0x00000000eb400000)
  to   space 20480K,   0% used [0x00000000eb400000, 0x00000000eb400000, 0x00000000ec800000)
 concurrent mark-sweep generation total 319488K, used 53610K [0x00000000ec800000, 0x0000000100000000, 0x0000000100000000)
 Metaspace       used 50633K, capacity 53176K, committed 53412K, reserved 1095680K
  class space    used 6783K, capacity 7332K, committed 7416K, reserved 1048576K
2022-12-19T16:29:44.226+0000: 38749.173: [GC (Allocation Failure) 2022-12-19T16:29:44.226+0000: 38749.173: [ParNew
Desired survivor size 10485760 bytes, new threshold 1 (max 1)
- age   1:      14896 bytes,      14896 total
: 163885K->40K(184320K), 0.0126490 secs] 217496K->53651K(503808K), 0.0128881 secs] [Times: user=0.13 sys=0.08, real=0.01 secs] 
Heap after GC invocations=49 (full 2):
 par new generation   total 184320K, used 40K [0x00000000e0000000, 0x00000000ec800000, 0x00000000ec800000)
  eden space 163840K,   0% used [0x00000000e0000000, 0x00000000e0000000, 0x00000000ea000000)
  from space 20480K,   0% used [0x00000000eb400000, 0x00000000eb40a3a0, 0x00000000ec800000)
  to   space 20480K,   0% used [0x00000000ea000000, 0x00000000ea000000, 0x00000000eb400000)
 concurrent mark-sweep generation total 319488K, used 53610K [0x00000000ec800000, 0x0000000100000000, 0x0000000100000000)
 Metaspace       used 50633K, capacity 53176K, committed 53412K, reserved 1095680K
  class space    used 6783K, capacity 7332K, committed 7416K, reserved 1048576K
}
2022-12-19T16:29:44.239+0000: 38749.186: Total time for which application threads were stopped: 0.0143005 seconds, Stopping threads took: 0.0003772 seconds
2022-12-19T16:43:53.351+0000: 39598.298: Total time for which application threads were stopped: 0.0010784 seconds, Stopping threads took: 0.0003522 seconds
{Heap before GC invocations=49 (full 2):
 par new generation   total 184320K, used 163241K [0x00000000e0000000, 0x00000000ec800000, 0x00000000ec800000)
  eden space 163840K,  99% used [0x00000000e0000000, 0x00000000e9f60378, 0x00000000ea000000)
  from space 20480K,   0% used [0x00000000eb400000, 0x00000000eb40a3a0, 0x00000000ec800000)
  to   space 20480K,   0% used [0x00000000ea000000, 0x00000000ea000000, 0x00000000eb400000)
 concurrent mark-sweep generation total 319488K, used 53610K [0x00000000ec800000, 0x0000000100000000, 0x0000000100000000)
 Metaspace       used 50635K, capacity 53176K, committed 53412K, reserved 1095680K
  class space    used 6783K, capacity 7332K, committed 7416K, reserved 1048576K
2022-12-19T16:43:59.001+0000: 39603.948: [GC (Allocation Failure) 2022-12-19T16:43:59.001+0000: 39603.948: [ParNew
Desired survivor size 10485760 bytes, new threshold 1 (max 1)
- age   1:    2181224 bytes,    2181224 total
: 163241K->2156K(184320K), 0.0124673 secs] 216852K->55766K(503808K), 0.0126518 secs] [Times: user=0.13 sys=0.07, real=0.01 secs] 
Heap after GC invocations=50 (full 2):
 par new generation   total 184320K, used 2156K [0x00000000e0000000, 0x00000000ec800000, 0x00000000ec800000)
  eden space 163840K,   0% used [0x00000000e0000000, 0x00000000e0000000, 0x00000000ea000000)
  from space 20480K,  10% used [0x00000000ea000000, 0x00000000ea21b130, 0x00000000eb400000)
  to   space 20480K,   0% used [0x00000000eb400000, 0x00000000eb400000, 0x00000000ec800000)
 concurrent mark-sweep generation total 319488K, used 53610K [0x00000000ec800000, 0x0000000100000000, 0x0000000100000000)
 Metaspace       used 50635K, capacity 53176K, committed 53412K, reserved 1095680K
  class space    used 6783K, capacity 7332K, committed 7416K, reserved 1048576K
}
2022-12-19T16:43:59.014+0000: 39603.961: Total time for which application threads were stopped: 0.0132490 seconds, Stopping threads took: 0.0000779 seconds
2022-12-19T16:44:00.014+0000: 39604.961: Total time for which application threads were stopped: 0.0004516 seconds, Stopping threads took: 0.0000908 seconds
{Heap before GC invocations=50 (full 2):
 par new generation   total 184320K, used 165996K [0x00000000e0000000, 0x00000000ec800000, 0x00000000ec800000)
  eden space 163840K, 100% used [0x00000000e0000000, 0x00000000ea000000, 0x00000000ea000000)
  from space 20480K,  10% used [0x00000000ea000000, 0x00000000ea21b130, 0x00000000eb400000)
  to   space 20480K,   0% used [0x00000000eb400000, 0x00000000eb400000, 0x00000000ec800000)
 concurrent mark-sweep generation total 319488K, used 53610K [0x00000000ec800000, 0x0000000100000000, 0x0000000100000000)
 Metaspace       used 50645K, capacity 53184K, committed 53412K, reserved 1095680K
  class space    used 6783K, capacity 7332K, committed 7416K, reserved 1048576K
2022-12-19T16:58:04.958+0000: 40449.905: [GC (Allocation Failure) 2022-12-19T16:58:04.958+0000: 40449.905: [ParNew
Desired survivor size 10485760 bytes, new threshold 1 (max 1)
- age   1:    8455072 bytes,    8455072 total
: 165996K->8281K(184320K), 0.0145086 secs] 219606K->61904K(503808K), 0.0147631 secs] [Times: user=0.14 sys=0.10, real=0.02 secs] 
Heap after GC invocations=51 (full 2):
 par new generation   total 184320K, used 8281K [0x00000000e0000000, 0x00000000ec800000, 0x00000000ec800000)
  eden space 163840K,   0% used [0x00000000e0000000, 0x00000000e0000000, 0x00000000ea000000)
  from space 20480K,  40% used [0x00000000eb400000, 0x00000000ebc165f0, 0x00000000ec800000)
  to   space 20480K,   0% used [0x00000000ea000000, 0x00000000ea000000, 0x00000000eb400000)
 concurrent mark-sweep generation total 319488K, used 53623K [0x00000000ec800000, 0x0000000100000000, 0x0000000100000000)
 Metaspace       used 50645K, capacity 53184K, committed 53412K, reserved 1095680K
  class space    used 6783K, capacity 7332K, committed 7416K, reserved 1048576K
}
2022-12-19T16:58:04.973+0000: 40449.920: Total time for which application threads were stopped: 0.0162786 seconds, Stopping threads took: 0.0003785 seconds
{Heap before GC invocations=51 (full 2):
 par new generation   total 184320K, used 172121K [0x00000000e0000000, 0x00000000ec800000, 0x00000000ec800000)
  eden space 163840K, 100% used [0x00000000e0000000, 0x00000000ea000000, 0x00000000ea000000)
  from space 20480K,  40% used [0x00000000eb400000, 0x00000000ebc165f0, 0x00000000ec800000)
  to   space 20480K,   0% used [0x00000000ea000000, 0x00000000ea000000, 0x00000000eb400000)
 concurrent mark-sweep generation total 319488K, used 53623K [0x00000000ec800000, 0x0000000100000000, 0x0000000100000000)
 Metaspace       used 50646K, capacity 53184K, committed 53412K, reserved 1095680K
  class space    used 6783K, capacity 7332K, committed 7416K, reserved 1048576K
2022-12-19T17:12:55.688+0000: 41340.635: [GC (Allocation Failure) 2022-12-19T17:12:55.688+0000: 41340.635: [ParNew
Desired survivor size 10485760 bytes, new threshold 1 (max 1)
- age   1:      14392 bytes,      14392 total
: 172121K->44K(184320K), 0.0123666 secs] 225744K->54737K(503808K), 0.0125616 secs] [Times: user=0.11 sys=0.08, real=0.01 secs] 
Heap after GC invocations=52 (full 2):
 par new generation   total 184320K, used 44K [0x00000000e0000000, 0x00000000ec800000, 0x00000000ec800000)
  eden space 163840K,   0% used [0x00000000e0000000, 0x00000000e0000000, 0x00000000ea000000)
  from space 20480K,   0% used [0x00000000ea000000, 0x00000000ea00b0b0, 0x00000000eb400000)
  to   space 20480K,   0% used [0x00000000eb400000, 0x00000000eb400000, 0x00000000ec800000)
 concurrent mark-sweep generation total 319488K, used 54693K [0x00000000ec800000, 0x0000000100000000, 0x0000000100000000)
 Metaspace       used 50646K, capacity 53184K, committed 53412K, reserved 1095680K
  class space    used 6783K, capacity 7332K, committed 7416K, reserved 1048576K
}
2022-12-19T17:12:55.701+0000: 41340.648: Total time for which application threads were stopped: 0.0140101 seconds, Stopping threads took: 0.0003747 seconds
2022-12-19T17:21:44.766+0000: 41869.713: Total time for which application threads were stopped: 0.0003720 seconds, Stopping threads took: 0.0000842 seconds
{Heap before GC invocations=52 (full 2):
 par new generation   total 184320K, used 163884K [0x00000000e0000000, 0x00000000ec800000, 0x00000000ec800000)
  eden space 163840K, 100% used [0x00000000e0000000, 0x00000000ea000000, 0x00000000ea000000)
  from space 20480K,   0% used [0x00000000ea000000, 0x00000000ea00b0b0, 0x00000000eb400000)
  to   space 20480K,   0% used [0x00000000eb400000, 0x00000000eb400000, 0x00000000ec800000)
 concurrent mark-sweep generation total 319488K, used 54693K [0x00000000ec800000, 0x0000000100000000, 0x0000000100000000)
 Metaspace       used 50650K, capacity 53184K, committed 53412K, reserved 1095680K
  class space    used 6783K, capacity 7332K, committed 7416K, reserved 1048576K
2022-12-19T17:27:30.694+0000: 42215.641: [GC (Allocation Failure) 2022-12-19T17:27:30.694+0000: 42215.641: [ParNew
Desired survivor size 10485760 bytes, new threshold 1 (max 1)
- age   1:      14040 bytes,      14040 total
: 163884K->47K(184320K), 0.0124773 secs] 218577K->54741K(503808K), 0.0127021 secs] [Times: user=0.14 sys=0.07, real=0.01 secs] 
Heap after GC invocations=53 (full 2):
 par new generation   total 184320K, used 47K [0x00000000e0000000, 0x00000000ec800000, 0x00000000ec800000)
  eden space 163840K,   0% used [0x00000000e0000000, 0x00000000e0000000, 0x00000000ea000000)
  from space 20480K,   0% used [0x00000000eb400000, 0x00000000eb40bd78, 0x00000000ec800000)
  to   space 20480K,   0% used [0x00000000ea000000, 0x00000000ea000000, 0x00000000eb400000)
 concurrent mark-sweep generation total 319488K, used 54693K [0x00000000ec800000, 0x0000000100000000, 0x0000000100000000)
 Metaspace       used 50650K, capacity 53184K, committed 53412K, reserved 1095680K
  class space    used 6783K, capacity 7332K, committed 7416K, reserved 1048576K
}
2022-12-19T17:27:30.707+0000: 42215.654: Total time for which application threads were stopped: 0.0142040 seconds, Stopping threads took: 0.0004332 seconds
2022-12-19T17:40:30.807+0000: 42995.754: Total time for which application threads were stopped: 0.0007915 seconds, Stopping threads took: 0.0001767 seconds
{Heap before GC invocations=53 (full 2):
 par new generation   total 184320K, used 163887K [0x00000000e0000000, 0x00000000ec800000, 0x00000000ec800000)
  eden space 163840K, 100% used [0x00000000e0000000, 0x00000000ea000000, 0x00000000ea000000)
  from space 20480K,   0% used [0x00000000eb400000, 0x00000000eb40bd78, 0x00000000ec800000)
  to   space 20480K,   0% used [0x00000000ea000000, 0x00000000ea000000, 0x00000000eb400000)
 concurrent mark-sweep generation total 319488K, used 54693K [0x00000000ec800000, 0x0000000100000000, 0x0000000100000000)
 Metaspace       used 50652K, capacity 53184K, committed 53412K, reserved 1095680K
  class space    used 6783K, capacity 7332K, committed 7416K, reserved 1048576K
2022-12-19T17:42:04.363+0000: 43089.310: [GC (Allocation Failure) 2022-12-19T17:42:04.363+0000: 43089.310: [ParNew
Desired survivor size 10485760 bytes, new threshold 1 (max 1)
- age   1:      13968 bytes,      13968 total
: 163887K->48K(184320K), 0.0125932 secs] 218581K->54742K(503808K), 0.0128182 secs] [Times: user=0.13 sys=0.08, real=0.01 secs] 
Heap after GC invocations=54 (full 2):
 par new generation   total 184320K, used 48K [0x00000000e0000000, 0x00000000ec800000, 0x00000000ec800000)
  eden space 163840K,   0% used [0x00000000e0000000, 0x00000000e0000000, 0x00000000ea000000)
  from space 20480K,   0% used [0x00000000ea000000, 0x00000000ea00c328, 0x00000000eb400000)
  to   space 20480K,   0% used [0x00000000eb400000, 0x00000000eb400000, 0x00000000ec800000)
 concurrent mark-sweep generation total 319488K, used 54693K [0x00000000ec800000, 0x0000000100000000, 0x0000000100000000)
 Metaspace       used 50652K, capacity 53184K, committed 53412K, reserved 1095680K
  class space    used 6783K, capacity 7332K, committed 7416K, reserved 1048576K
}
2022-12-19T17:42:04.376+0000: 43089.323: Total time for which application threads were stopped: 0.0139067 seconds, Stopping threads took: 0.0003440 seconds
2022-12-19T17:43:59.391+0000: 43204.338: Total time for which application threads were stopped: 0.0003827 seconds, Stopping threads took: 0.0000861 seconds
2022-12-19T17:44:00.392+0000: 43205.339: Total time for which application threads were stopped: 0.0003896 seconds, Stopping threads took: 0.0000897 seconds
2022-12-19T17:48:20.424+0000: 43465.371: Total time for which application threads were stopped: 0.0003821 seconds, Stopping threads took: 0.0000826 seconds
{Heap before GC invocations=54 (full 2):
 par new generation   total 184320K, used 163888K [0x00000000e0000000, 0x00000000ec800000, 0x00000000ec800000)
  eden space 163840K, 100% used [0x00000000e0000000, 0x00000000ea000000, 0x00000000ea000000)
  from space 20480K,   0% used [0x00000000ea000000, 0x00000000ea00c328, 0x00000000eb400000)
  to   space 20480K,   0% used [0x00000000eb400000, 0x00000000eb400000, 0x00000000ec800000)
 concurrent mark-sweep generation total 319488K, used 54693K [0x00000000ec800000, 0x0000000100000000, 0x0000000100000000)
 Metaspace       used 50652K, capacity 53184K, committed 53412K, reserved 1095680K
  class space    used 6783K, capacity 7332K, committed 7416K, reserved 1048576K
2022-12-19T17:56:00.593+0000: 43925.540: [GC (Allocation Failure) 2022-12-19T17:56:00.593+0000: 43925.540: [ParNew
Desired survivor size 10485760 bytes, new threshold 1 (max 1)
- age   1:    4234824 bytes,    4234824 total
: 163888K->4167K(184320K), 0.0088076 secs] 218582K->58861K(503808K), 0.0090677 secs] [Times: user=0.11 sys=0.05, real=0.01 secs] 
Heap after GC invocations=55 (full 2):
 par new generation   total 184320K, used 4167K [0x00000000e0000000, 0x00000000ec800000, 0x00000000ec800000)
  eden space 163840K,   0% used [0x00000000e0000000, 0x00000000e0000000, 0x00000000ea000000)
  from space 20480K,  20% used [0x00000000eb400000, 0x00000000eb811e40, 0x00000000ec800000)
  to   space 20480K,   0% used [0x00000000ea000000, 0x00000000ea000000, 0x00000000eb400000)
 concurrent mark-sweep generation total 319488K, used 54694K [0x00000000ec800000, 0x0000000100000000, 0x0000000100000000)
 Metaspace       used 50652K, capacity 53184K, committed 53412K, reserved 1095680K
  class space    used 6783K, capacity 7332K, committed 7416K, reserved 1048576K
}
2022-12-19T17:56:00.602+0000: 43925.549: Total time for which application threads were stopped: 0.0097347 seconds, Stopping threads took: 0.0001117 seconds
2022-12-19T18:07:40.697+0000: 44625.644: Total time for which application threads were stopped: 0.0012088 seconds, Stopping threads took: 0.0003564 seconds
{Heap before GC invocations=55 (full 2):
 par new generation   total 184320K, used 168007K [0x00000000e0000000, 0x00000000ec800000, 0x00000000ec800000)
  eden space 163840K, 100% used [0x00000000e0000000, 0x00000000ea000000, 0x00000000ea000000)
  from space 20480K,  20% used [0x00000000eb400000, 0x00000000eb811e40, 0x00000000ec800000)
  to   space 20480K,   0% used [0x00000000ea000000, 0x00000000ea000000, 0x00000000eb400000)
 concurrent mark-sweep generation total 319488K, used 54694K [0x00000000ec800000, 0x0000000100000000, 0x0000000100000000)
 Metaspace       used 50658K, capacity 53184K, committed 53412K, reserved 1095680K
  class space    used 6783K, capacity 7332K, committed 7416K, reserved 1048576K
2022-12-19T18:10:39.759+0000: 44804.706: [GC (Allocation Failure) 2022-12-19T18:10:39.759+0000: 44804.706: [ParNew
Desired survivor size 10485760 bytes, new threshold 1 (max 1)
- age   1:      14880 bytes,      14880 total
: 168007K->47K(184320K), 0.0137675 secs] 222701K->55790K(503808K), 0.0139685 secs] [Times: user=0.17 sys=0.07, real=0.02 secs] 
Heap after GC invocations=56 (full 2):
 par new generation   total 184320K, used 47K [0x00000000e0000000, 0x00000000ec800000, 0x00000000ec800000)
  eden space 163840K,   0% used [0x00000000e0000000, 0x00000000e0000000, 0x00000000ea000000)
  from space 20480K,   0% used [0x00000000ea000000, 0x00000000ea00bf20, 0x00000000eb400000)
  to   space 20480K,   0% used [0x00000000eb400000, 0x00000000eb400000, 0x00000000ec800000)
 concurrent mark-sweep generation total 319488K, used 55742K [0x00000000ec800000, 0x0000000100000000, 0x0000000100000000)
 Metaspace       used 50658K, capacity 53184K, committed 53412K, reserved 1095680K
  class space    used 6783K, capacity 7332K, committed 7416K, reserved 1048576K
}
2022-12-19T18:10:39.773+0000: 44804.720: Total time for which application threads were stopped: 0.0145678 seconds, Stopping threads took: 0.0000848 seconds
{Heap before GC invocations=56 (full 2):
 par new generation   total 184320K, used 163887K [0x00000000e0000000, 0x00000000ec800000, 0x00000000ec800000)
  eden space 163840K, 100% used [0x00000000e0000000, 0x00000000ea000000, 0x00000000ea000000)
  from space 20480K,   0% used [0x00000000ea000000, 0x00000000ea00bf20, 0x00000000eb400000)
  to   space 20480K,   0% used [0x00000000eb400000, 0x00000000eb400000, 0x00000000ec800000)
 concurrent mark-sweep generation total 319488K, used 55742K [0x00000000ec800000, 0x0000000100000000, 0x0000000100000000)
 Metaspace       used 50671K, capacity 53184K, committed 53412K, reserved 1095680K
  class space    used 6783K, capacity 7332K, committed 7416K, reserved 1048576K
2022-12-19T18:25:12.725+0000: 45677.672: [GC (Allocation Failure) 2022-12-19T18:25:12.725+0000: 45677.672: [ParNew
Desired survivor size 10485760 bytes, new threshold 1 (max 1)
- age   1:      15672 bytes,      15672 total
: 163887K->47K(184320K), 0.0118551 secs] 219630K->55789K(503808K), 0.0120684 secs] [Times: user=0.13 sys=0.07, real=0.01 secs] 
Heap after GC invocations=57 (full 2):
 par new generation   total 184320K, used 47K [0x00000000e0000000, 0x00000000ec800000, 0x00000000ec800000)
  eden space 163840K,   0% used [0x00000000e0000000, 0x00000000e0000000, 0x00000000ea000000)
  from space 20480K,   0% used [0x00000000eb400000, 0x00000000eb40bc18, 0x00000000ec800000)
  to   space 20480K,   0% used [0x00000000ea000000, 0x00000000ea000000, 0x00000000eb400000)
 concurrent mark-sweep generation total 319488K, used 55742K [0x00000000ec800000, 0x0000000100000000, 0x0000000100000000)
 Metaspace       used 50671K, capacity 53184K, committed 53412K, reserved 1095680K
  class space    used 6783K, capacity 7332K, committed 7416K, reserved 1048576K
}
2022-12-19T18:25:12.737+0000: 45677.685: Total time for which application threads were stopped: 0.0135381 seconds, Stopping threads took: 0.0004450 seconds
2022-12-19T18:31:44.791+0000: 46069.738: Total time for which application threads were stopped: 0.0003790 seconds, Stopping threads took: 0.0001001 seconds
{Heap before GC invocations=57 (full 2):
 par new generation   total 184320K, used 163887K [0x00000000e0000000, 0x00000000ec800000, 0x00000000ec800000)
  eden space 163840K, 100% used [0x00000000e0000000, 0x00000000ea000000, 0x00000000ea000000)
  from space 20480K,   0% used [0x00000000eb400000, 0x00000000eb40bc18, 0x00000000ec800000)
  to   space 20480K,   0% used [0x00000000ea000000, 0x00000000ea000000, 0x00000000eb400000)
 concurrent mark-sweep generation total 319488K, used 55742K [0x00000000ec800000, 0x0000000100000000, 0x0000000100000000)
 Metaspace       used 50672K, capacity 53184K, committed 53412K, reserved 1095680K
  class space    used 6783K, capacity 7332K, committed 7416K, reserved 1048576K
2022-12-19T18:39:29.288+0000: 46534.236: [GC (Allocation Failure) 2022-12-19T18:39:29.289+0000: 46534.236: [ParNew
Desired survivor size 10485760 bytes, new threshold 1 (max 1)
- age   1:      14832 bytes,      14832 total
: 163887K->39K(184320K), 0.0101749 secs] 219629K->55782K(503808K), 0.0103870 secs] [Times: user=0.12 sys=0.04, real=0.00 secs] 
Heap after GC invocations=58 (full 2):
 par new generation   total 184320K, used 39K [0x00000000e0000000, 0x00000000ec800000, 0x00000000ec800000)
  eden space 163840K,   0% used [0x00000000e0000000, 0x00000000e0000000, 0x00000000ea000000)
  from space 20480K,   0% used [0x00000000ea000000, 0x00000000ea009d30, 0x00000000eb400000)
  to   space 20480K,   0% used [0x00000000eb400000, 0x00000000eb400000, 0x00000000ec800000)
 concurrent mark-sweep generation total 319488K, used 55743K [0x00000000ec800000, 0x0000000100000000, 0x0000000100000000)
 Metaspace       used 50672K, capacity 53184K, committed 53412K, reserved 1095680K
  class space    used 6783K, capacity 7332K, committed 7416K, reserved 1048576K
}
2022-12-19T18:39:29.299+0000: 46534.246: Total time for which application threads were stopped: 0.0114915 seconds, Stopping threads took: 0.0001835 seconds
2022-12-19T18:43:59.336+0000: 46804.283: Total time for which application threads were stopped: 0.0008444 seconds, Stopping threads took: 0.0003227 seconds
2022-12-19T18:44:00.336+0000: 46805.283: Total time for which application threads were stopped: 0.0005286 seconds, Stopping threads took: 0.0000965 seconds
2022-12-19T18:44:01.337+0000: 46806.284: Total time for which application threads were stopped: 0.0004020 seconds, Stopping threads took: 0.0000986 seconds
2022-12-19T18:46:44.360+0000: 46969.307: Total time for which application threads were stopped: 0.0003643 seconds, Stopping threads took: 0.0000873 seconds
2022-12-19T18:49:41.383+0000: 47146.330: Total time for which application threads were stopped: 0.0003687 seconds, Stopping threads took: 0.0000881 seconds
2022-12-19T18:51:44.401+0000: 47269.348: Total time for which application threads were stopped: 0.0003673 seconds, Stopping threads took: 0.0000829 seconds
2022-12-19T18:52:21.407+0000: 47306.354: Total time for which application threads were stopped: 0.0003675 seconds, Stopping threads took: 0.0000848 seconds
{Heap before GC invocations=58 (full 2):
 par new generation   total 184320K, used 163879K [0x00000000e0000000, 0x00000000ec800000, 0x00000000ec800000)
  eden space 163840K, 100% used [0x00000000e0000000, 0x00000000ea000000, 0x00000000ea000000)
  from space 20480K,   0% used [0x00000000ea000000, 0x00000000ea009d30, 0x00000000eb400000)
  to   space 20480K,   0% used [0x00000000eb400000, 0x00000000eb400000, 0x00000000ec800000)
 concurrent mark-sweep generation total 319488K, used 55743K [0x00000000ec800000, 0x0000000100000000, 0x0000000100000000)
 Metaspace       used 50696K, capacity 53248K, committed 53412K, reserved 1095680K
  class space    used 6783K, capacity 7332K, committed 7416K, reserved 1048576K
2022-12-19T18:53:00.820+0000: 47345.767: [GC (Allocation Failure) 2022-12-19T18:53:00.820+0000: 47345.767: [ParNew
Desired survivor size 10485760 bytes, new threshold 1 (max 1)
- age   1:   19977104 bytes,   19977104 total
: 163879K->19524K(184320K), 0.0145728 secs] 219622K->75267K(503808K), 0.0148073 secs] [Times: user=0.13 sys=0.12, real=0.01 secs] 
Heap after GC invocations=59 (full 2):
 par new generation   total 184320K, used 19524K [0x00000000e0000000, 0x00000000ec800000, 0x00000000ec800000)
  eden space 163840K,   0% used [0x00000000e0000000, 0x00000000e0000000, 0x00000000ea000000)
  from space 20480K,  95% used [0x00000000eb400000, 0x00000000ec711230, 0x00000000ec800000)
  to   space 20480K,   0% used [0x00000000ea000000, 0x00000000ea000000, 0x00000000eb400000)
 concurrent mark-sweep generation total 319488K, used 55743K [0x00000000ec800000, 0x0000000100000000, 0x0000000100000000)
 Metaspace       used 50696K, capacity 53248K, committed 53412K, reserved 1095680K
  class space    used 6783K, capacity 7332K, committed 7416K, reserved 1048576K
}
2022-12-19T18:53:00.835+0000: 47345.782: Total time for which application threads were stopped: 0.0154004 seconds, Stopping threads took: 0.0000874 seconds
2022-12-19T18:54:04.845+0000: 47409.792: Total time for which application threads were stopped: 0.0013589 seconds, Stopping threads took: 0.0004621 seconds
2022-12-19T19:06:10.942+0000: 48135.889: Total time for which application threads were stopped: 0.0012395 seconds, Stopping threads took: 0.0004155 seconds
{Heap before GC invocations=59 (full 2):
 par new generation   total 184320K, used 183364K [0x00000000e0000000, 0x00000000ec800000, 0x00000000ec800000)
  eden space 163840K, 100% used [0x00000000e0000000, 0x00000000ea000000, 0x00000000ea000000)
  from space 20480K,  95% used [0x00000000eb400000, 0x00000000ec711230, 0x00000000ec800000)
  to   space 20480K,   0% used [0x00000000ea000000, 0x00000000ea000000, 0x00000000eb400000)
 concurrent mark-sweep generation total 319488K, used 55743K [0x00000000ec800000, 0x0000000100000000, 0x0000000100000000)
 Metaspace       used 50714K, capacity 53248K, committed 53412K, reserved 1095680K
  class space    used 6783K, capacity 7332K, committed 7416K, reserved 1048576K
2022-12-19T19:07:54.418+0000: 48239.365: [GC (Allocation Failure) 2022-12-19T19:07:54.419+0000: 48239.366: [ParNew
Desired survivor size 10485760 bytes, new threshold 1 (max 1)
- age   1:      13912 bytes,      13912 total
: 183364K->43K(184320K), 0.0133676 secs] 239107K->57870K(503808K), 0.0135870 secs] [Times: user=0.15 sys=0.07, real=0.02 secs] 
Heap after GC invocations=60 (full 2):
 par new generation   total 184320K, used 43K [0x00000000e0000000, 0x00000000ec800000, 0x00000000ec800000)
  eden space 163840K,   0% used [0x00000000e0000000, 0x00000000e0000000, 0x00000000ea000000)
  from space 20480K,   0% used [0x00000000ea000000, 0x00000000ea00ac80, 0x00000000eb400000)
  to   space 20480K,   0% used [0x00000000eb400000, 0x00000000eb400000, 0x00000000ec800000)
 concurrent mark-sweep generation total 319488K, used 57827K [0x00000000ec800000, 0x0000000100000000, 0x0000000100000000)
 Metaspace       used 50714K, capacity 53248K, committed 53412K, reserved 1095680K
  class space    used 6783K, capacity 7332K, committed 7416K, reserved 1048576K
}
2022-12-19T19:07:54.432+0000: 48239.379: Total time for which application threads were stopped: 0.0142322 seconds, Stopping threads took: 0.0000845 seconds
2022-12-19T19:16:44.504+0000: 48769.452: Total time for which application threads were stopped: 0.0013436 seconds, Stopping threads took: 0.0004340 seconds
{Heap before GC invocations=60 (full 2):
 par new generation   total 184320K, used 163883K [0x00000000e0000000, 0x00000000ec800000, 0x00000000ec800000)
  eden space 163840K, 100% used [0x00000000e0000000, 0x00000000ea000000, 0x00000000ea000000)
  from space 20480K,   0% used [0x00000000ea000000, 0x00000000ea00ac80, 0x00000000eb400000)
  to   space 20480K,   0% used [0x00000000eb400000, 0x00000000eb400000, 0x00000000ec800000)
 concurrent mark-sweep generation total 319488K, used 57827K [0x00000000ec800000, 0x0000000100000000, 0x0000000100000000)
 Metaspace       used 50715K, capacity 53248K, committed 53412K, reserved 1095680K
  class space    used 6783K, capacity 7332K, committed 7416K, reserved 1048576K
2022-12-19T19:22:49.022+0000: 49133.969: [GC (Allocation Failure) 2022-12-19T19:22:49.022+0000: 49133.969: [ParNew
Desired survivor size 10485760 bytes, new threshold 1 (max 1)
- age   1:      13648 bytes,      13648 total
: 163883K->43K(184320K), 0.0139232 secs] 221710K->57871K(503808K), 0.0142099 secs] [Times: user=0.16 sys=0.07, real=0.01 secs] 
Heap after GC invocations=61 (full 2):
 par new generation   total 184320K, used 43K [0x00000000e0000000, 0x00000000ec800000, 0x00000000ec800000)
  eden space 163840K,   0% used [0x00000000e0000000, 0x00000000e0000000, 0x00000000ea000000)
  from space 20480K,   0% used [0x00000000eb400000, 0x00000000eb40aef0, 0x00000000ec800000)
  to   space 20480K,   0% used [0x00000000ea000000, 0x00000000ea000000, 0x00000000eb400000)
 concurrent mark-sweep generation total 319488K, used 57827K [0x00000000ec800000, 0x0000000100000000, 0x0000000100000000)
 Metaspace       used 50715K, capacity 53248K, committed 53412K, reserved 1095680K
  class space    used 6783K, capacity 7332K, committed 7416K, reserved 1048576K
}
2022-12-19T19:22:49.036+0000: 49133.983: Total time for which application threads were stopped: 0.0159797 seconds, Stopping threads took: 0.0004915 seconds
2022-12-19T19:29:32.092+0000: 49537.039: Total time for which application threads were stopped: 0.0008345 seconds, Stopping threads took: 0.0001921 seconds
2022-12-19T19:29:41.093+0000: 49546.040: Total time for which application threads were stopped: 0.0003570 seconds, Stopping threads took: 0.0000829 seconds
{Heap before GC invocations=61 (full 2):
 par new generation   total 184320K, used 163883K [0x00000000e0000000, 0x00000000ec800000, 0x00000000ec800000)
  eden space 163840K, 100% used [0x00000000e0000000, 0x00000000ea000000, 0x00000000ea000000)
  from space 20480K,   0% used [0x00000000eb400000, 0x00000000eb40aef0, 0x00000000ec800000)
  to   space 20480K,   0% used [0x00000000ea000000, 0x00000000ea000000, 0x00000000eb400000)
 concurrent mark-sweep generation total 319488K, used 57827K [0x00000000ec800000, 0x0000000100000000, 0x0000000100000000)
 Metaspace       used 50716K, capacity 53248K, committed 53412K, reserved 1095680K
  class space    used 6783K, capacity 7332K, committed 7416K, reserved 1048576K
2022-12-19T19:37:23.610+0000: 50008.557: [GC (Allocation Failure) 2022-12-19T19:37:23.610+0000: 50008.557: [ParNew
Desired survivor size 10485760 bytes, new threshold 1 (max 1)
- age   1:      16424 bytes,      16424 total
: 163883K->45K(184320K), 0.0117796 secs] 221711K->57873K(503808K), 0.0120325 secs] [Times: user=0.15 sys=0.05, real=0.01 secs] 
Heap after GC invocations=62 (full 2):
 par new generation   total 184320K, used 45K [0x00000000e0000000, 0x00000000ec800000, 0x00000000ec800000)
  eden space 163840K,   0% used [0x00000000e0000000, 0x00000000e0000000, 0x00000000ea000000)
  from space 20480K,   0% used [0x00000000ea000000, 0x00000000ea00b718, 0x00000000eb400000)
  to   space 20480K,   0% used [0x00000000eb400000, 0x00000000eb400000, 0x00000000ec800000)
 concurrent mark-sweep generation total 319488K, used 57827K [0x00000000ec800000, 0x0000000100000000, 0x0000000100000000)
 Metaspace       used 50716K, capacity 53248K, committed 53412K, reserved 1095680K
  class space    used 6783K, capacity 7332K, committed 7416K, reserved 1048576K
}
2022-12-19T19:37:23.622+0000: 50008.569: Total time for which application threads were stopped: 0.0129748 seconds, Stopping threads took: 0.0003045 seconds
2022-12-19T19:37:24.622+0000: 50009.570: Total time for which application threads were stopped: 0.0003528 seconds, Stopping threads took: 0.0000809 seconds
2022-12-19T19:41:44.655+0000: 50269.602: Total time for which application threads were stopped: 0.0004033 seconds, Stopping threads took: 0.0000978 seconds
2022-12-19T19:43:59.672+0000: 50404.619: Total time for which application threads were stopped: 0.0004596 seconds, Stopping threads took: 0.0000908 seconds
2022-12-19T19:44:01.673+0000: 50406.620: Total time for which application threads were stopped: 0.0004166 seconds, Stopping threads took: 0.0001168 seconds
2022-12-19T19:47:01.698+0000: 50586.645: Total time for which application threads were stopped: 0.0007942 seconds, Stopping threads took: 0.0001714 seconds
2022-12-19T19:50:51.728+0000: 50816.675: Total time for which application threads were stopped: 0.0007883 seconds, Stopping threads took: 0.0003308 seconds
{Heap before GC invocations=62 (full 2):
 par new generation   total 184320K, used 163885K [0x00000000e0000000, 0x00000000ec800000, 0x00000000ec800000)
  eden space 163840K, 100% used [0x00000000e0000000, 0x00000000ea000000, 0x00000000ea000000)
  from space 20480K,   0% used [0x00000000ea000000, 0x00000000ea00b718, 0x00000000eb400000)
  to   space 20480K,   0% used [0x00000000eb400000, 0x00000000eb400000, 0x00000000ec800000)
 concurrent mark-sweep generation total 319488K, used 57827K [0x00000000ec800000, 0x0000000100000000, 0x0000000100000000)
 Metaspace       used 50719K, capacity 53248K, committed 53412K, reserved 1095680K
  class space    used 6783K, capacity 7332K, committed 7416K, reserved 1048576K
2022-12-19T19:51:23.171+0000: 50848.118: [GC (Allocation Failure) 2022-12-19T19:51:23.171+0000: 50848.118: [ParNew
Desired survivor size 10485760 bytes, new threshold 1 (max 1)
- age   1:    4259064 bytes,    4259064 total
: 163885K->4178K(184320K), 0.0124811 secs] 221713K->62008K(503808K), 0.0126921 secs] [Times: user=0.13 sys=0.07, real=0.01 secs] 
Heap after GC invocations=63 (full 2):
 par new generation   total 184320K, used 4178K [0x00000000e0000000, 0x00000000ec800000, 0x00000000ec800000)
  eden space 163840K,   0% used [0x00000000e0000000, 0x00000000e0000000, 0x00000000ea000000)
  from space 20480K,  20% used [0x00000000eb400000, 0x00000000eb814858, 0x00000000ec800000)
  to   space 20480K,   0% used [0x00000000ea000000, 0x00000000ea000000, 0x00000000eb400000)
 concurrent mark-sweep generation total 319488K, used 57830K [0x00000000ec800000, 0x0000000100000000, 0x0000000100000000)
 Metaspace       used 50719K, capacity 53248K, committed 53412K, reserved 1095680K
  class space    used 6783K, capacity 7332K, committed 7416K, reserved 1048576K
}
2022-12-19T19:51:23.184+0000: 50848.131: Total time for which application threads were stopped: 0.0134465 seconds, Stopping threads took: 0.0001498 seconds
2022-12-19T20:02:21.274+0000: 51506.221: Total time for which application threads were stopped: 0.0013664 seconds, Stopping threads took: 0.0004181 seconds
2022-12-19T20:04:31.291+0000: 51636.238: Total time for which application threads were stopped: 0.0003651 seconds, Stopping threads took: 0.0000844 seconds
{Heap before GC invocations=63 (full 2):
 par new generation   total 184320K, used 168018K [0x00000000e0000000, 0x00000000ec800000, 0x00000000ec800000)
  eden space 163840K, 100% used [0x00000000e0000000, 0x00000000ea000000, 0x00000000ea000000)
  from space 20480K,  20% used [0x00000000eb400000, 0x00000000eb814858, 0x00000000ec800000)
  to   space 20480K,   0% used [0x00000000ea000000, 0x00000000ea000000, 0x00000000eb400000)
 concurrent mark-sweep generation total 319488K, used 57830K [0x00000000ec800000, 0x0000000100000000, 0x0000000100000000)
 Metaspace       used 50719K, capacity 53248K, committed 53412K, reserved 1095680K
  class space    used 6783K, capacity 7332K, committed 7416K, reserved 1048576K
2022-12-19T20:05:59.742+0000: 51724.689: [GC (Allocation Failure) 2022-12-19T20:05:59.742+0000: 51724.689: [ParNew
Desired survivor size 10485760 bytes, new threshold 1 (max 1)
- age   1:      22032 bytes,      22032 total
: 168018K->48K(184320K), 0.0129489 secs] 225848K->58946K(503808K), 0.0131925 secs] [Times: user=0.15 sys=0.06, real=0.01 secs] 
Heap after GC invocations=64 (full 2):
 par new generation   total 184320K, used 48K [0x00000000e0000000, 0x00000000ec800000, 0x00000000ec800000)
  eden space 163840K,   0% used [0x00000000e0000000, 0x00000000e0000000, 0x00000000ea000000)
  from space 20480K,   0% used [0x00000000ea000000, 0x00000000ea00c3d8, 0x00000000eb400000)
  to   space 20480K,   0% used [0x00000000eb400000, 0x00000000eb400000, 0x00000000ec800000)
 concurrent mark-sweep generation total 319488K, used 58897K [0x00000000ec800000, 0x0000000100000000, 0x0000000100000000)
 Metaspace       used 50719K, capacity 53248K, committed 53412K, reserved 1095680K
  class space    used 6783K, capacity 7332K, committed 7416K, reserved 1048576K
}
2022-12-19T20:05:59.756+0000: 51724.703: Total time for which application threads were stopped: 0.0138098 seconds, Stopping threads took: 0.0000866 seconds
2022-12-19T20:15:51.838+0000: 52316.785: Total time for which application threads were stopped: 0.0007949 seconds, Stopping threads took: 0.0001703 seconds
{Heap before GC invocations=64 (full 2):
 par new generation   total 184320K, used 163888K [0x00000000e0000000, 0x00000000ec800000, 0x00000000ec800000)
  eden space 163840K, 100% used [0x00000000e0000000, 0x00000000ea000000, 0x00000000ea000000)
  from space 20480K,   0% used [0x00000000ea000000, 0x00000000ea00c3d8, 0x00000000eb400000)
  to   space 20480K,   0% used [0x00000000eb400000, 0x00000000eb400000, 0x00000000ec800000)
 concurrent mark-sweep generation total 319488K, used 58897K [0x00000000ec800000, 0x0000000100000000, 0x0000000100000000)
 Metaspace       used 50731K, capacity 53248K, committed 53412K, reserved 1095680K
  class space    used 6784K, capacity 7332K, committed 7416K, reserved 1048576K
2022-12-19T20:20:35.127+0000: 52600.074: [GC (Allocation Failure) 2022-12-19T20:20:35.127+0000: 52600.074: [ParNew
Desired survivor size 10485760 bytes, new threshold 1 (max 1)
- age   1:      28128 bytes,      28128 total
: 163888K->56K(184320K), 0.0118984 secs] 222786K->58961K(503808K), 0.0121153 secs] [Times: user=0.14 sys=0.06, real=0.01 secs] 
Heap after GC invocations=65 (full 2):
 par new generation   total 184320K, used 56K [0x00000000e0000000, 0x00000000ec800000, 0x00000000ec800000)
  eden space 163840K,   0% used [0x00000000e0000000, 0x00000000e0000000, 0x00000000ea000000)
  from space 20480K,   0% used [0x00000000eb400000, 0x00000000eb40e250, 0x00000000ec800000)
  to   space 20480K,   0% used [0x00000000ea000000, 0x00000000ea000000, 0x00000000eb400000)
 concurrent mark-sweep generation total 319488K, used 58904K [0x00000000ec800000, 0x0000000100000000, 0x0000000100000000)
 Metaspace       used 50731K, capacity 53248K, committed 53412K, reserved 1095680K
  class space    used 6784K, capacity 7332K, committed 7416K, reserved 1048576K
}
2022-12-19T20:20:35.139+0000: 52600.086: Total time for which application threads were stopped: 0.0131858 seconds, Stopping threads took: 0.0002988 seconds
2022-12-19T20:30:02.216+0000: 53167.163: Total time for which application threads were stopped: 0.0004035 seconds, Stopping threads took: 0.0000854 seconds
2022-12-19T20:31:32.230+0000: 53257.177: Total time for which application threads were stopped: 0.0013348 seconds, Stopping threads took: 0.0004330 seconds
2022-12-19T20:33:22.245+0000: 53367.192: Total time for which application threads were stopped: 0.0003595 seconds, Stopping threads took: 0.0000848 seconds
{Heap before GC invocations=65 (full 2):
 par new generation   total 184320K, used 163896K [0x00000000e0000000, 0x00000000ec800000, 0x00000000ec800000)
  eden space 163840K, 100% used [0x00000000e0000000, 0x00000000ea000000, 0x00000000ea000000)
  from space 20480K,   0% used [0x00000000eb400000, 0x00000000eb40e250, 0x00000000ec800000)
  to   space 20480K,   0% used [0x00000000ea000000, 0x00000000ea000000, 0x00000000eb400000)
 concurrent mark-sweep generation total 319488K, used 58904K [0x00000000ec800000, 0x0000000100000000, 0x0000000100000000)
 Metaspace       used 50731K, capacity 53248K, committed 53412K, reserved 1095680K
  class space    used 6784K, capacity 7332K, committed 7416K, reserved 1048576K
2022-12-19T20:34:52.885+0000: 53457.832: [GC (Allocation Failure) 2022-12-19T20:34:52.885+0000: 53457.832: [ParNew
Desired survivor size 10485760 bytes, new threshold 1 (max 1)
- age   1:      18208 bytes,      18208 total
: 163896K->44K(184320K), 0.0136642 secs] 222801K->58950K(503808K), 0.0138923 secs] [Times: user=0.15 sys=0.10, real=0.01 secs] 
Heap after GC invocations=66 (full 2):
 par new generation   total 184320K, used 44K [0x00000000e0000000, 0x00000000ec800000, 0x00000000ec800000)
  eden space 163840K,   0% used [0x00000000e0000000, 0x00000000e0000000, 0x00000000ea000000)
  from space 20480K,   0% used [0x00000000ea000000, 0x00000000ea00b230, 0x00000000eb400000)
  to   space 20480K,   0% used [0x00000000eb400000, 0x00000000eb400000, 0x00000000ec800000)
 concurrent mark-sweep generation total 319488K, used 58906K [0x00000000ec800000, 0x0000000100000000, 0x0000000100000000)
 Metaspace       used 50731K, capacity 53248K, committed 53412K, reserved 1095680K
  class space    used 6784K, capacity 7332K, committed 7416K, reserved 1048576K
}
2022-12-19T20:34:52.899+0000: 53457.846: Total time for which application threads were stopped: 0.0145368 seconds, Stopping threads took: 0.0001102 seconds
2022-12-19T20:39:41.939+0000: 53746.886: Total time for which application threads were stopped: 0.0003781 seconds, Stopping threads took: 0.0000877 seconds
2022-12-19T20:39:57.941+0000: 53762.888: Total time for which application threads were stopped: 0.0003446 seconds, Stopping threads took: 0.0000802 seconds
2022-12-19T20:40:01.942+0000: 53766.889: Total time for which application threads were stopped: 0.0003602 seconds, Stopping threads took: 0.0000808 seconds
2022-12-19T20:40:41.947+0000: 53806.894: Total time for which application threads were stopped: 0.0003637 seconds, Stopping threads took: 0.0000829 seconds
2022-12-19T20:43:59.975+0000: 54004.922: Total time for which application threads were stopped: 0.0008335 seconds, Stopping threads took: 0.0001756 seconds
{Heap before GC invocations=66 (full 2):
 par new generation   total 184320K, used 163884K [0x00000000e0000000, 0x00000000ec800000, 0x00000000ec800000)
  eden space 163840K, 100% used [0x00000000e0000000, 0x00000000ea000000, 0x00000000ea000000)
  from space 20480K,   0% used [0x00000000ea000000, 0x00000000ea00b230, 0x00000000eb400000)
  to   space 20480K,   0% used [0x00000000eb400000, 0x00000000eb400000, 0x00000000ec800000)
 concurrent mark-sweep generation total 319488K, used 58906K [0x00000000ec800000, 0x0000000100000000, 0x0000000100000000)
 Metaspace       used 50735K, capacity 53248K, committed 53412K, reserved 1095680K
  class space    used 6784K, capacity 7332K, committed 7416K, reserved 1048576K
2022-12-19T20:48:45.445+0000: 54290.392: [GC (Allocation Failure) 2022-12-19T20:48:45.445+0000: 54290.392: [ParNew
Desired survivor size 10485760 bytes, new threshold 1 (max 1)
- age   1:    4236776 bytes,    4236776 total
: 163884K->4175K(184320K), 0.0120157 secs] 222790K->63081K(503808K), 0.0122347 secs] [Times: user=0.12 sys=0.08, real=0.01 secs] 
Heap after GC invocations=67 (full 2):
 par new generation   total 184320K, used 4175K [0x00000000e0000000, 0x00000000ec800000, 0x00000000ec800000)
  eden space 163840K,   0% used [0x00000000e0000000, 0x00000000e0000000, 0x00000000ea000000)
  from space 20480K,  20% used [0x00000000eb400000, 0x00000000eb813ee8, 0x00000000ec800000)
  to   space 20480K,   0% used [0x00000000ea000000, 0x00000000ea000000, 0x00000000eb400000)
 concurrent mark-sweep generation total 319488K, used 58906K [0x00000000ec800000, 0x0000000100000000, 0x0000000100000000)
 Metaspace       used 50735K, capacity 53248K, committed 53412K, reserved 1095680K
  class space    used 6784K, capacity 7332K, committed 7416K, reserved 1048576K
}
2022-12-19T20:48:45.457+0000: 54290.404: Total time for which application threads were stopped: 0.0135160 seconds, Stopping threads took: 0.0003488 seconds
2022-12-19T20:50:53.474+0000: 54418.421: Total time for which application threads were stopped: 0.0003723 seconds, Stopping threads took: 0.0000882 seconds
2022-12-19T21:01:02.557+0000: 55027.504: Total time for which application threads were stopped: 0.0007930 seconds, Stopping threads took: 0.0001704 seconds
2022-12-19T21:01:32.561+0000: 55057.508: Total time for which application threads were stopped: 0.0003924 seconds, Stopping threads took: 0.0000905 seconds
{Heap before GC invocations=67 (full 2):
 par new generation   total 184320K, used 168015K [0x00000000e0000000, 0x00000000ec800000, 0x00000000ec800000)
  eden space 163840K, 100% used [0x00000000e0000000, 0x00000000ea000000, 0x00000000ea000000)
  from space 20480K,  20% used [0x00000000eb400000, 0x00000000eb813ee8, 0x00000000ec800000)
  to   space 20480K,   0% used [0x00000000ea000000, 0x00000000ea000000, 0x00000000eb400000)
 concurrent mark-sweep generation total 319488K, used 58906K [0x00000000ec800000, 0x0000000100000000, 0x0000000100000000)
 Metaspace       used 50736K, capacity 53248K, committed 53412K, reserved 1095680K
  class space    used 6785K, capacity 7332K, committed 7416K, reserved 1048576K
2022-12-19T21:03:03.998+0000: 55148.945: [GC (Allocation Failure) 2022-12-19T21:03:03.998+0000: 55148.945: [ParNew
Desired survivor size 10485760 bytes, new threshold 1 (max 1)
- age   1:      18568 bytes,      18568 total
: 168015K->44K(184320K), 0.0136466 secs] 226921K->59999K(503808K), 0.0138621 secs] [Times: user=0.14 sys=0.07, real=0.02 secs] 
Heap after GC invocations=68 (full 2):
 par new generation   total 184320K, used 44K [0x00000000e0000000, 0x00000000ec800000, 0x00000000ec800000)
  eden space 163840K,   0% used [0x00000000e0000000, 0x00000000e0000000, 0x00000000ea000000)
  from space 20480K,   0% used [0x00000000ea000000, 0x00000000ea00b2e0, 0x00000000eb400000)
  to   space 20480K,   0% used [0x00000000eb400000, 0x00000000eb400000, 0x00000000ec800000)
 concurrent mark-sweep generation total 319488K, used 59954K [0x00000000ec800000, 0x0000000100000000, 0x0000000100000000)
 Metaspace       used 50736K, capacity 53248K, committed 53412K, reserved 1095680K
  class space    used 6785K, capacity 7332K, committed 7416K, reserved 1048576K
}
2022-12-19T21:03:04.012+0000: 55148.959: Total time for which application threads were stopped: 0.0149845 seconds, Stopping threads took: 0.0003440 seconds
{Heap before GC invocations=68 (full 2):
 par new generation   total 184320K, used 163884K [0x00000000e0000000, 0x00000000ec800000, 0x00000000ec800000)
  eden space 163840K, 100% used [0x00000000e0000000, 0x00000000ea000000, 0x00000000ea000000)
  from space 20480K,   0% used [0x00000000ea000000, 0x00000000ea00b2e0, 0x00000000eb400000)
  to   space 20480K,   0% used [0x00000000eb400000, 0x00000000eb400000, 0x00000000ec800000)
 concurrent mark-sweep generation total 319488K, used 59954K [0x00000000ec800000, 0x0000000100000000, 0x0000000100000000)
 Metaspace       used 50737K, capacity 53248K, committed 53412K, reserved 1095680K
  class space    used 6785K, capacity 7332K, committed 7416K, reserved 1048576K
2022-12-19T21:17:24.573+0000: 56009.520: [GC (Allocation Failure) 2022-12-19T21:17:24.573+0000: 56009.520: [ParNew
Desired survivor size 10485760 bytes, new threshold 1 (max 1)
- age   1:      15712 bytes,      15712 total
: 163884K->44K(184320K), 0.0127499 secs] 223839K->59999K(503808K), 0.0130475 secs] [Times: user=0.13 sys=0.07, real=0.01 secs] 
Heap after GC invocations=69 (full 2):
 par new generation   total 184320K, used 44K [0x00000000e0000000, 0x00000000ec800000, 0x00000000ec800000)
  eden space 163840K,   0% used [0x00000000e0000000, 0x00000000e0000000, 0x00000000ea000000)
  from space 20480K,   0% used [0x00000000eb400000, 0x00000000eb40b190, 0x00000000ec800000)
  to   space 20480K,   0% used [0x00000000ea000000, 0x00000000ea000000, 0x00000000eb400000)
 concurrent mark-sweep generation total 319488K, used 59955K [0x00000000ec800000, 0x0000000100000000, 0x0000000100000000)
 Metaspace       used 50737K, capacity 53248K, committed 53412K, reserved 1095680K
  class space    used 6785K, capacity 7332K, committed 7416K, reserved 1048576K
}
2022-12-19T21:17:24.586+0000: 56009.533: Total time for which application threads were stopped: 0.0144665 seconds, Stopping threads took: 0.0003988 seconds
2022-12-19T21:27:48.679+0000: 56633.627: Total time for which application threads were stopped: 0.0005961 seconds, Stopping threads took: 0.0001382 seconds
{Heap before GC invocations=69 (full 2):
 par new generation   total 184320K, used 163884K [0x00000000e0000000, 0x00000000ec800000, 0x00000000ec800000)
  eden space 163840K, 100% used [0x00000000e0000000, 0x00000000ea000000, 0x00000000ea000000)
  from space 20480K,   0% used [0x00000000eb400000, 0x00000000eb40b190, 0x00000000ec800000)
  to   space 20480K,   0% used [0x00000000ea000000, 0x00000000ea000000, 0x00000000eb400000)
 concurrent mark-sweep generation total 319488K, used 59955K [0x00000000ec800000, 0x0000000100000000, 0x0000000100000000)
 Metaspace       used 50737K, capacity 53248K, committed 53412K, reserved 1095680K
  class space    used 6785K, capacity 7332K, committed 7416K, reserved 1048576K
2022-12-19T21:31:44.488+0000: 56869.435: [GC (Allocation Failure) 2022-12-19T21:31:44.488+0000: 56869.435: [ParNew
Desired survivor size 10485760 bytes, new threshold 1 (max 1)
- age   1:      15888 bytes,      15888 total
: 163884K->43K(184320K), 0.0172578 secs] 223839K->59999K(503808K), 0.0174605 secs] [Times: user=0.25 sys=0.10, real=0.02 secs] 
Heap after GC invocations=70 (full 2):
 par new generation   total 184320K, used 43K [0x00000000e0000000, 0x00000000ec800000, 0x00000000ec800000)
  eden space 163840K,   0% used [0x00000000e0000000, 0x00000000e0000000, 0x00000000ea000000)
  from space 20480K,   0% used [0x00000000ea000000, 0x00000000ea00af00, 0x00000000eb400000)
  to   space 20480K,   0% used [0x00000000eb400000, 0x00000000eb400000, 0x00000000ec800000)
 concurrent mark-sweep generation total 319488K, used 59955K [0x00000000ec800000, 0x0000000100000000, 0x0000000100000000)
 Metaspace       used 50737K, capacity 53248K, committed 53412K, reserved 1095680K
  class space    used 6785K, capacity 7332K, committed 7416K, reserved 1048576K
}
2022-12-19T21:31:44.505+0000: 56869.453: Total time for which application threads were stopped: 0.0186007 seconds, Stopping threads took: 0.0001855 seconds
2022-12-19T21:43:59.604+0000: 57604.551: Total time for which application threads were stopped: 0.0011974 seconds, Stopping threads took: 0.0003456 seconds
2022-12-19T21:44:00.605+0000: 57605.552: Total time for which application threads were stopped: 0.0004346 seconds, Stopping threads took: 0.0000996 seconds
2022-12-19T21:44:01.605+0000: 57606.553: Total time for which application threads were stopped: 0.0004148 seconds, Stopping threads took: 0.0000972 seconds
{Heap before GC invocations=70 (full 2):
 par new generation   total 184320K, used 163883K [0x00000000e0000000, 0x00000000ec800000, 0x00000000ec800000)
  eden space 163840K, 100% used [0x00000000e0000000, 0x00000000ea000000, 0x00000000ea000000)
  from space 20480K,   0% used [0x00000000ea000000, 0x00000000ea00af00, 0x00000000eb400000)
  to   space 20480K,   0% used [0x00000000eb400000, 0x00000000eb400000, 0x00000000ec800000)
 concurrent mark-sweep generation total 319488K, used 59955K [0x00000000ec800000, 0x0000000100000000, 0x0000000100000000)
 Metaspace       used 50766K, capacity 53264K, committed 53412K, reserved 1095680K
  class space    used 6785K, capacity 7332K, committed 7416K, reserved 1048576K
2022-12-19T21:45:14.675+0000: 57679.622: [GC (Allocation Failure) 2022-12-19T21:45:14.675+0000: 57679.622: [ParNew
Desired survivor size 10485760 bytes, new threshold 1 (max 1)
- age   1:   16837944 bytes,   16837944 total
: 163883K->16463K(184320K), 0.0177483 secs] 223839K->76419K(503808K), 0.0180149 secs] [Times: user=0.19 sys=0.14, real=0.02 secs] 
Heap after GC invocations=71 (full 2):
 par new generation   total 184320K, used 16463K [0x00000000e0000000, 0x00000000ec800000, 0x00000000ec800000)
  eden space 163840K,   0% used [0x00000000e0000000, 0x00000000e0000000, 0x00000000ea000000)
  from space 20480K,  80% used [0x00000000eb400000, 0x00000000ec413f48, 0x00000000ec800000)
  to   space 20480K,   0% used [0x00000000ea000000, 0x00000000ea000000, 0x00000000eb400000)
 concurrent mark-sweep generation total 319488K, used 59955K [0x00000000ec800000, 0x0000000100000000, 0x0000000100000000)
 Metaspace       used 50766K, capacity 53264K, committed 53412K, reserved 1095680K
  class space    used 6785K, capacity 7332K, committed 7416K, reserved 1048576K
}
2022-12-19T21:45:14.693+0000: 57679.640: Total time for which application threads were stopped: 0.0186164 seconds, Stopping threads took: 0.0000983 seconds
2022-12-19T21:56:53.788+0000: 58378.735: Total time for which application threads were stopped: 0.0012273 seconds, Stopping threads took: 0.0003930 seconds
{Heap before GC invocations=71 (full 2):
 par new generation   total 184320K, used 180303K [0x00000000e0000000, 0x00000000ec800000, 0x00000000ec800000)
  eden space 163840K, 100% used [0x00000000e0000000, 0x00000000ea000000, 0x00000000ea000000)
  from space 20480K,  80% used [0x00000000eb400000, 0x00000000ec413f48, 0x00000000ec800000)
  to   space 20480K,   0% used [0x00000000ea000000, 0x00000000ea000000, 0x00000000eb400000)
 concurrent mark-sweep generation total 319488K, used 59955K [0x00000000ec800000, 0x0000000100000000, 0x0000000100000000)
 Metaspace       used 50766K, capacity 53264K, committed 53412K, reserved 1095680K
  class space    used 6785K, capacity 7332K, committed 7416K, reserved 1048576K
2022-12-19T22:00:07.276+0000: 58572.223: [GC (Allocation Failure) 2022-12-19T22:00:07.276+0000: 58572.223: [ParNew
Desired survivor size 10485760 bytes, new threshold 1 (max 1)
- age   1:      17272 bytes,      17272 total
: 180303K->48K(184320K), 0.0140760 secs] 240259K->62092K(503808K), 0.0142920 secs] [Times: user=0.15 sys=0.07, real=0.02 secs] 
Heap after GC invocations=72 (full 2):
 par new generation   total 184320K, used 48K [0x00000000e0000000, 0x00000000ec800000, 0x00000000ec800000)
  eden space 163840K,   0% used [0x00000000e0000000, 0x00000000e0000000, 0x00000000ea000000)
  from space 20480K,   0% used [0x00000000ea000000, 0x00000000ea00c250, 0x00000000eb400000)
  to   space 20480K,   0% used [0x00000000eb400000, 0x00000000eb400000, 0x00000000ec800000)
 concurrent mark-sweep generation total 319488K, used 62043K [0x00000000ec800000, 0x0000000100000000, 0x0000000100000000)
 Metaspace       used 50766K, capacity 53264K, committed 53412K, reserved 1095680K
  class space    used 6785K, capacity 7332K, committed 7416K, reserved 1048576K
}
2022-12-19T22:00:07.291+0000: 58572.238: Total time for which application threads were stopped: 0.0158763 seconds, Stopping threads took: 0.0004375 seconds
{Heap before GC invocations=72 (full 2):
 par new generation   total 184320K, used 163888K [0x00000000e0000000, 0x00000000ec800000, 0x00000000ec800000)
  eden space 163840K, 100% used [0x00000000e0000000, 0x00000000ea000000, 0x00000000ea000000)
  from space 20480K,   0% used [0x00000000ea000000, 0x00000000ea00c250, 0x00000000eb400000)
  to   space 20480K,   0% used [0x00000000eb400000, 0x00000000eb400000, 0x00000000ec800000)
 concurrent mark-sweep generation total 319488K, used 62043K [0x00000000ec800000, 0x0000000100000000, 0x0000000100000000)
 Metaspace       used 50766K, capacity 53264K, committed 53412K, reserved 1095680K
  class space    used 6785K, capacity 7332K, committed 7416K, reserved 1048576K
2022-12-19T22:14:42.098+0000: 59447.045: [GC (Allocation Failure) 2022-12-19T22:14:42.098+0000: 59447.045: [ParNew
Desired survivor size 10485760 bytes, new threshold 1 (max 1)
- age   1:      14656 bytes,      14656 total
: 163888K->42K(184320K), 0.0109459 secs] 225932K->62089K(503808K), 0.0111799 secs] [Times: user=0.12 sys=0.07, real=0.02 secs] 
Heap after GC invocations=73 (full 2):
 par new generation   total 184320K, used 42K [0x00000000e0000000, 0x00000000ec800000, 0x00000000ec800000)
  eden space 163840K,   0% used [0x00000000e0000000, 0x00000000e0000000, 0x00000000ea000000)
  from space 20480K,   0% used [0x00000000eb400000, 0x00000000eb40abd8, 0x00000000ec800000)
  to   space 20480K,   0% used [0x00000000ea000000, 0x00000000ea000000, 0x00000000eb400000)
 concurrent mark-sweep generation total 319488K, used 62047K [0x00000000ec800000, 0x0000000100000000, 0x0000000100000000)
 Metaspace       used 50766K, capacity 53264K, committed 53412K, reserved 1095680K
  class space    used 6785K, capacity 7332K, committed 7416K, reserved 1048576K
}
2022-12-19T22:14:42.109+0000: 59447.056: Total time for which application threads were stopped: 0.0123125 seconds, Stopping threads took: 0.0001895 seconds
{Heap before GC invocations=73 (full 2):
 par new generation   total 184320K, used 163882K [0x00000000e0000000, 0x00000000ec800000, 0x00000000ec800000)
  eden space 163840K, 100% used [0x00000000e0000000, 0x00000000ea000000, 0x00000000ea000000)
  from space 20480K,   0% used [0x00000000eb400000, 0x00000000eb40abd8, 0x00000000ec800000)
  to   space 20480K,   0% used [0x00000000ea000000, 0x00000000ea000000, 0x00000000eb400000)
 concurrent mark-sweep generation total 319488K, used 62047K [0x00000000ec800000, 0x0000000100000000, 0x0000000100000000)
 Metaspace       used 50768K, capacity 53264K, committed 53412K, reserved 1095680K
  class space    used 6785K, capacity 7332K, committed 7416K, reserved 1048576K
2022-12-19T22:29:18.423+0000: 60323.370: [GC (Allocation Failure) 2022-12-19T22:29:18.423+0000: 60323.370: [ParNew
Desired survivor size 10485760 bytes, new threshold 1 (max 1)
- age   1:      14240 bytes,      14240 total
: 163882K->39K(184320K), 0.0103880 secs] 225929K->62086K(503808K), 0.0106144 secs] [Times: user=0.11 sys=0.04, real=0.01 secs] 
Heap after GC invocations=74 (full 2):
 par new generation   total 184320K, used 39K [0x00000000e0000000, 0x00000000ec800000, 0x00000000ec800000)
  eden space 163840K,   0% used [0x00000000e0000000, 0x00000000e0000000, 0x00000000ea000000)
  from space 20480K,   0% used [0x00000000ea000000, 0x00000000ea009ee0, 0x00000000eb400000)
  to   space 20480K,   0% used [0x00000000eb400000, 0x00000000eb400000, 0x00000000ec800000)
 concurrent mark-sweep generation total 319488K, used 62047K [0x00000000ec800000, 0x0000000100000000, 0x0000000100000000)
 Metaspace       used 50768K, capacity 53264K, committed 53412K, reserved 1095680K
  class space    used 6785K, capacity 7332K, committed 7416K, reserved 1048576K
}
2022-12-19T22:29:18.434+0000: 60323.381: Total time for which application threads were stopped: 0.0116858 seconds, Stopping threads took: 0.0003220 seconds
{Heap before GC invocations=74 (full 2):
 par new generation   total 184320K, used 163879K [0x00000000e0000000, 0x00000000ec800000, 0x00000000ec800000)
  eden space 163840K, 100% used [0x00000000e0000000, 0x00000000ea000000, 0x00000000ea000000)
  from space 20480K,   0% used [0x00000000ea000000, 0x00000000ea009ee0, 0x00000000eb400000)
  to   space 20480K,   0% used [0x00000000eb400000, 0x00000000eb400000, 0x00000000ec800000)
 concurrent mark-sweep generation total 319488K, used 62047K [0x00000000ec800000, 0x0000000100000000, 0x0000000100000000)
 Metaspace       used 50768K, capacity 53264K, committed 53412K, reserved 1095680K
  class space    used 6785K, capacity 7332K, committed 7416K, reserved 1048576K
2022-12-19T22:43:52.918+0000: 61197.865: [GC (Allocation Failure) 2022-12-19T22:43:52.918+0000: 61197.865: [ParNew
Desired survivor size 10485760 bytes, new threshold 1 (max 1)
- age   1:      21056 bytes,      21056 total
: 163879K->53K(184320K), 0.0122363 secs] 225926K->62100K(503808K), 0.0124555 secs] [Times: user=0.15 sys=0.05, real=0.02 secs] 
Heap after GC invocations=75 (full 2):
 par new generation   total 184320K, used 53K [0x00000000e0000000, 0x00000000ec800000, 0x00000000ec800000)
  eden space 163840K,   0% used [0x00000000e0000000, 0x00000000e0000000, 0x00000000ea000000)
  from space 20480K,   0% used [0x00000000eb400000, 0x00000000eb40d5c0, 0x00000000ec800000)
  to   space 20480K,   0% used [0x00000000ea000000, 0x00000000ea000000, 0x00000000eb400000)
 concurrent mark-sweep generation total 319488K, used 62047K [0x00000000ec800000, 0x0000000100000000, 0x0000000100000000)
 Metaspace       used 50768K, capacity 53264K, committed 53412K, reserved 1095680K
  class space    used 6785K, capacity 7332K, committed 7416K, reserved 1048576K
}
2022-12-19T22:43:52.931+0000: 61197.878: Total time for which application threads were stopped: 0.0139370 seconds, Stopping threads took: 0.0003849 seconds
2022-12-19T22:43:59.932+0000: 61204.879: Total time for which application threads were stopped: 0.0003908 seconds, Stopping threads took: 0.0000895 seconds
2022-12-19T22:54:53.021+0000: 61857.968: Total time for which application threads were stopped: 0.0011026 seconds, Stopping threads took: 0.0003399 seconds
{Heap before GC invocations=75 (full 2):
 par new generation   total 184320K, used 163893K [0x00000000e0000000, 0x00000000ec800000, 0x00000000ec800000)
  eden space 163840K, 100% used [0x00000000e0000000, 0x00000000ea000000, 0x00000000ea000000)
  from space 20480K,   0% used [0x00000000eb400000, 0x00000000eb40d5c0, 0x00000000ec800000)
  to   space 20480K,   0% used [0x00000000ea000000, 0x00000000ea000000, 0x00000000eb400000)
 concurrent mark-sweep generation total 319488K, used 62047K [0x00000000ec800000, 0x0000000100000000, 0x0000000100000000)
 Metaspace       used 50776K, capacity 53264K, committed 53412K, reserved 1095680K
  class space    used 6785K, capacity 7332K, committed 7416K, reserved 1048576K
2022-12-19T22:57:31.927+0000: 62016.874: [GC (Allocation Failure) 2022-12-19T22:57:31.927+0000: 62016.874: [ParNew
Desired survivor size 10485760 bytes, new threshold 1 (max 1)
- age   1:    4253400 bytes,    4253400 total
: 163893K->4173K(184320K), 0.0127826 secs] 225940K->66220K(503808K), 0.0130359 secs] [Times: user=0.12 sys=0.08, real=0.02 secs] 
Heap after GC invocations=76 (full 2):
 par new generation   total 184320K, used 4173K [0x00000000e0000000, 0x00000000ec800000, 0x00000000ec800000)
  eden space 163840K,   0% used [0x00000000e0000000, 0x00000000e0000000, 0x00000000ea000000)
  from space 20480K,  20% used [0x00000000ea000000, 0x00000000ea4134c0, 0x00000000eb400000)
  to   space 20480K,   0% used [0x00000000eb400000, 0x00000000eb400000, 0x00000000ec800000)
 concurrent mark-sweep generation total 319488K, used 62047K [0x00000000ec800000, 0x0000000100000000, 0x0000000100000000)
 Metaspace       used 50776K, capacity 53264K, committed 53412K, reserved 1095680K
  class space    used 6785K, capacity 7332K, committed 7416K, reserved 1048576K
}
2022-12-19T22:57:31.940+0000: 62016.887: Total time for which application threads were stopped: 0.0136508 seconds, Stopping threads took: 0.0000858 seconds
{Heap before GC invocations=76 (full 2):
 par new generation   total 184320K, used 168013K [0x00000000e0000000, 0x00000000ec800000, 0x00000000ec800000)
  eden space 163840K, 100% used [0x00000000e0000000, 0x00000000ea000000, 0x00000000ea000000)
  from space 20480K,  20% used [0x00000000ea000000, 0x00000000ea4134c0, 0x00000000eb400000)
  to   space 20480K,   0% used [0x00000000eb400000, 0x00000000eb400000, 0x00000000ec800000)
 concurrent mark-sweep generation total 319488K, used 62047K [0x00000000ec800000, 0x0000000100000000, 0x0000000100000000)
 Metaspace       used 50776K, capacity 53264K, committed 53412K, reserved 1095680K
  class space    used 6785K, capacity 7332K, committed 7416K, reserved 1048576K
2022-12-19T23:12:06.621+0000: 62891.568: [GC (Allocation Failure) 2022-12-19T23:12:06.621+0000: 62891.568: [ParNew
Desired survivor size 10485760 bytes, new threshold 1 (max 1)
- age   1:      16544 bytes,      16544 total
: 168013K->44K(184320K), 0.0121664 secs] 230060K->63156K(503808K), 0.0123762 secs] [Times: user=0.13 sys=0.08, real=0.01 secs] 
Heap after GC invocations=77 (full 2):
 par new generation   total 184320K, used 44K [0x00000000e0000000, 0x00000000ec800000, 0x00000000ec800000)
  eden space 163840K,   0% used [0x00000000e0000000, 0x00000000e0000000, 0x00000000ea000000)
  from space 20480K,   0% used [0x00000000eb400000, 0x00000000eb40b170, 0x00000000ec800000)
  to   space 20480K,   0% used [0x00000000ea000000, 0x00000000ea000000, 0x00000000eb400000)
 concurrent mark-sweep generation total 319488K, used 63111K [0x00000000ec800000, 0x0000000100000000, 0x0000000100000000)
 Metaspace       used 50776K, capacity 53264K, committed 53412K, reserved 1095680K
  class space    used 6785K, capacity 7332K, committed 7416K, reserved 1048576K
}
2022-12-19T23:12:06.633+0000: 62891.580: Total time for which application threads were stopped: 0.0138942 seconds, Stopping threads took: 0.0003984 seconds
2022-12-19T23:25:53.745+0000: 63718.692: Total time for which application threads were stopped: 0.0013043 seconds, Stopping threads took: 0.0004531 seconds
{Heap before GC invocations=77 (full 2):
 par new generation   total 184320K, used 163884K [0x00000000e0000000, 0x00000000ec800000, 0x00000000ec800000)
  eden space 163840K, 100% used [0x00000000e0000000, 0x00000000ea000000, 0x00000000ea000000)
  from space 20480K,   0% used [0x00000000eb400000, 0x00000000eb40b170, 0x00000000ec800000)
  to   space 20480K,   0% used [0x00000000ea000000, 0x00000000ea000000, 0x00000000eb400000)
 concurrent mark-sweep generation total 319488K, used 63111K [0x00000000ec800000, 0x0000000100000000, 0x0000000100000000)
 Metaspace       used 50776K, capacity 53264K, committed 53412K, reserved 1095680K
  class space    used 6785K, capacity 7332K, committed 7416K, reserved 1048576K
2022-12-19T23:26:43.812+0000: 63768.759: [GC (Allocation Failure) 2022-12-19T23:26:43.812+0000: 63768.759: [ParNew
Desired survivor size 10485760 bytes, new threshold 1 (max 1)
- age   1:      15360 bytes,      15360 total
: 163884K->44K(184320K), 0.0125176 secs] 226996K->63156K(503808K), 0.0127828 secs] [Times: user=0.13 sys=0.08, real=0.01 secs] 
Heap after GC invocations=78 (full 2):
 par new generation   total 184320K, used 44K [0x00000000e0000000, 0x00000000ec800000, 0x00000000ec800000)
  eden space 163840K,   0% used [0x00000000e0000000, 0x00000000e0000000, 0x00000000ea000000)
  from space 20480K,   0% used [0x00000000ea000000, 0x00000000ea00b3e0, 0x00000000eb400000)
  to   space 20480K,   0% used [0x00000000eb400000, 0x00000000eb400000, 0x00000000ec800000)
 concurrent mark-sweep generation total 319488K, used 63111K [0x00000000ec800000, 0x0000000100000000, 0x0000000100000000)
 Metaspace       used 50776K, capacity 53264K, committed 53412K, reserved 1095680K
  class space    used 6785K, capacity 7332K, committed 7416K, reserved 1048576K
}
2022-12-19T23:26:43.825+0000: 63768.772: Total time for which application threads were stopped: 0.0134569 seconds, Stopping threads took: 0.0000858 seconds
2022-12-19T23:26:44.825+0000: 63769.772: Total time for which application threads were stopped: 0.0003625 seconds, Stopping threads took: 0.0001002 seconds
2022-12-19T23:27:12.829+0000: 63797.777: Total time for which application threads were stopped: 0.0003612 seconds, Stopping threads took: 0.0000812 seconds
{Heap before GC invocations=78 (full 2):
 par new generation   total 184320K, used 163884K [0x00000000e0000000, 0x00000000ec800000, 0x00000000ec800000)
  eden space 163840K, 100% used [0x00000000e0000000, 0x00000000ea000000, 0x00000000ea000000)
  from space 20480K,   0% used [0x00000000ea000000, 0x00000000ea00b3e0, 0x00000000eb400000)
  to   space 20480K,   0% used [0x00000000eb400000, 0x00000000eb400000, 0x00000000ec800000)
 concurrent mark-sweep generation total 319488K, used 63111K [0x00000000ec800000, 0x0000000100000000, 0x0000000100000000)
 Metaspace       used 50777K, capacity 53264K, committed 53412K, reserved 1095680K
  class space    used 6786K, capacity 7332K, committed 7416K, reserved 1048576K
2022-12-19T23:41:21.045+0000: 64645.992: [GC (Allocation Failure) 2022-12-19T23:41:21.046+0000: 64645.993: [ParNew
Desired survivor size 10485760 bytes, new threshold 1 (max 1)
- age   1:      16376 bytes,      16376 total
: 163884K->47K(184320K), 0.0127220 secs] 226996K->63159K(503808K), 0.0129524 secs] [Times: user=0.13 sys=0.08, real=0.01 secs] 
Heap after GC invocations=79 (full 2):
 par new generation   total 184320K, used 47K [0x00000000e0000000, 0x00000000ec800000, 0x00000000ec800000)
  eden space 163840K,   0% used [0x00000000e0000000, 0x00000000e0000000, 0x00000000ea000000)
  from space 20480K,   0% used [0x00000000eb400000, 0x00000000eb40bf98, 0x00000000ec800000)
  to   space 20480K,   0% used [0x00000000ea000000, 0x00000000ea000000, 0x00000000eb400000)
 concurrent mark-sweep generation total 319488K, used 63111K [0x00000000ec800000, 0x0000000100000000, 0x0000000100000000)
 Metaspace       used 50777K, capacity 53264K, committed 53412K, reserved 1095680K
  class space    used 6786K, capacity 7332K, committed 7416K, reserved 1048576K
}
2022-12-19T23:41:21.059+0000: 64646.006: Total time for which application threads were stopped: 0.0143390 seconds, Stopping threads took: 0.0003792 seconds
{Heap before GC invocations=79 (full 2):
 par new generation   total 184320K, used 163887K [0x00000000e0000000, 0x00000000ec800000, 0x00000000ec800000)
  eden space 163840K, 100% used [0x00000000e0000000, 0x00000000ea000000, 0x00000000ea000000)
  from space 20480K,   0% used [0x00000000eb400000, 0x00000000eb40bf98, 0x00000000ec800000)
  to   space 20480K,   0% used [0x00000000ea000000, 0x00000000ea000000, 0x00000000eb400000)
 concurrent mark-sweep generation total 319488K, used 63111K [0x00000000ec800000, 0x0000000100000000, 0x0000000100000000)
 Metaspace       used 50780K, capacity 53264K, committed 53412K, reserved 1095680K
  class space    used 6786K, capacity 7332K, committed 7416K, reserved 1048576K
2022-12-19T23:55:14.292+0000: 65479.239: [GC (Allocation Failure) 2022-12-19T23:55:14.292+0000: 65479.239: [ParNew
Desired survivor size 10485760 bytes, new threshold 1 (max 1)
- age   1:    4236120 bytes,    4236120 total
: 163887K->4161K(184320K), 0.0125449 secs] 226999K->67274K(503808K), 0.0127546 secs] [Times: user=0.12 sys=0.09, real=0.01 secs] 
Heap after GC invocations=80 (full 2):
 par new generation   total 184320K, used 4161K [0x00000000e0000000, 0x00000000ec800000, 0x00000000ec800000)
  eden space 163840K,   0% used [0x00000000e0000000, 0x00000000e0000000, 0x00000000ea000000)
  from space 20480K,  20% used [0x00000000ea000000, 0x00000000ea4107a0, 0x00000000eb400000)
  to   space 20480K,   0% used [0x00000000eb400000, 0x00000000eb400000, 0x00000000ec800000)
 concurrent mark-sweep generation total 319488K, used 63112K [0x00000000ec800000, 0x0000000100000000, 0x0000000100000000)
 Metaspace       used 50780K, capacity 53264K, committed 53412K, reserved 1095680K
  class space    used 6786K, capacity 7332K, committed 7416K, reserved 1048576K
}
2022-12-19T23:55:14.305+0000: 65479.252: Total time for which application threads were stopped: 0.0142949 seconds, Stopping threads took: 0.0003654 seconds
2022-12-20T00:00:07.345+0000: 65772.292: Total time for which application threads were stopped: 0.0003997 seconds, Stopping threads took: 0.0000961 seconds
2022-12-20T00:02:16.362+0000: 65901.309: Total time for which application threads were stopped: 0.0003584 seconds, Stopping threads took: 0.0000836 seconds
{Heap before GC invocations=80 (full 2):
 par new generation   total 184320K, used 168001K [0x00000000e0000000, 0x00000000ec800000, 0x00000000ec800000)
  eden space 163840K, 100% used [0x00000000e0000000, 0x00000000ea000000, 0x00000000ea000000)
  from space 20480K,  20% used [0x00000000ea000000, 0x00000000ea4107a0, 0x00000000eb400000)
  to   space 20480K,   0% used [0x00000000eb400000, 0x00000000eb400000, 0x00000000ec800000)
 concurrent mark-sweep generation total 319488K, used 63112K [0x00000000ec800000, 0x0000000100000000, 0x0000000100000000)
 Metaspace       used 50844K, capacity 53424K, committed 53668K, reserved 1095680K
  class space    used 6791K, capacity 7364K, committed 7416K, reserved 1048576K
2022-12-20T00:09:46.446+0000: 66351.393: [GC (Allocation Failure) 2022-12-20T00:09:46.446+0000: 66351.393: [ParNew
Desired survivor size 10485760 bytes, new threshold 1 (max 1)
- age   1:      36472 bytes,      36472 total
: 168001K->73K(184320K), 0.0129698 secs] 231114K->64234K(503808K), 0.0131682 secs] [Times: user=0.17 sys=0.06, real=0.01 secs] 
Heap after GC invocations=81 (full 2):
 par new generation   total 184320K, used 73K [0x00000000e0000000, 0x00000000ec800000, 0x00000000ec800000)
  eden space 163840K,   0% used [0x00000000e0000000, 0x00000000e0000000, 0x00000000ea000000)
  from space 20480K,   0% used [0x00000000eb400000, 0x00000000eb412608, 0x00000000ec800000)
  to   space 20480K,   0% used [0x00000000ea000000, 0x00000000ea000000, 0x00000000eb400000)
 concurrent mark-sweep generation total 319488K, used 64160K [0x00000000ec800000, 0x0000000100000000, 0x0000000100000000)
 Metaspace       used 50844K, capacity 53424K, committed 53668K, reserved 1095680K
  class space    used 6791K, capacity 7364K, committed 7416K, reserved 1048576K
}
2022-12-20T00:09:46.459+0000: 66351.406: Total time for which application threads were stopped: 0.0146155 seconds, Stopping threads took: 0.0003953 seconds
{Heap before GC invocations=81 (full 2):
 par new generation   total 184320K, used 163913K [0x00000000e0000000, 0x00000000ec800000, 0x00000000ec800000)
  eden space 163840K, 100% used [0x00000000e0000000, 0x00000000ea000000, 0x00000000ea000000)
  from space 20480K,   0% used [0x00000000eb400000, 0x00000000eb412608, 0x00000000ec800000)
  to   space 20480K,   0% used [0x00000000ea000000, 0x00000000ea000000, 0x00000000eb400000)
 concurrent mark-sweep generation total 319488K, used 64160K [0x00000000ec800000, 0x0000000100000000, 0x0000000100000000)
 Metaspace       used 50844K, capacity 53424K, committed 53668K, reserved 1095680K
  class space    used 6791K, capacity 7364K, committed 7416K, reserved 1048576K
2022-12-20T00:24:23.546+0000: 67228.493: [GC (Allocation Failure) 2022-12-20T00:24:23.546+0000: 67228.493: [ParNew
Desired survivor size 10485760 bytes, new threshold 1 (max 1)
- age   1:      15608 bytes,      15608 total
: 163913K->39K(184320K), 0.0133268 secs] 228074K->64213K(503808K), 0.0135586 secs] [Times: user=0.14 sys=0.07, real=0.01 secs] 
Heap after GC invocations=82 (full 2):
 par new generation   total 184320K, used 39K [0x00000000e0000000, 0x00000000ec800000, 0x00000000ec800000)
  eden space 163840K,   0% used [0x00000000e0000000, 0x00000000e0000000, 0x00000000ea000000)
  from space 20480K,   0% used [0x00000000ea000000, 0x00000000ea009c50, 0x00000000eb400000)
  to   space 20480K,   0% used [0x00000000eb400000, 0x00000000eb400000, 0x00000000ec800000)
 concurrent mark-sweep generation total 319488K, used 64174K [0x00000000ec800000, 0x0000000100000000, 0x0000000100000000)
 Metaspace       used 50844K, capacity 53424K, committed 53668K, reserved 1095680K
  class space    used 6791K, capacity 7364K, committed 7416K, reserved 1048576K
}
2022-12-20T00:24:23.560+0000: 67228.507: Total time for which application threads were stopped: 0.0152042 seconds, Stopping threads took: 0.0004610 seconds
2022-12-20T00:31:44.626+0000: 67669.573: Total time for which application threads were stopped: 0.0005857 seconds, Stopping threads took: 0.0001262 seconds
2022-12-20T00:36:44.666+0000: 67969.613: Total time for which application threads were stopped: 0.0008114 seconds, Stopping threads took: 0.0001786 seconds
{Heap before GC invocations=82 (full 2):
 par new generation   total 184320K, used 163879K [0x00000000e0000000, 0x00000000ec800000, 0x00000000ec800000)
  eden space 163840K, 100% used [0x00000000e0000000, 0x00000000ea000000, 0x00000000ea000000)
  from space 20480K,   0% used [0x00000000ea000000, 0x00000000ea009c50, 0x00000000eb400000)
  to   space 20480K,   0% used [0x00000000eb400000, 0x00000000eb400000, 0x00000000ec800000)
 concurrent mark-sweep generation total 319488K, used 64174K [0x00000000ec800000, 0x0000000100000000, 0x0000000100000000)
 Metaspace       used 50848K, capacity 53424K, committed 53668K, reserved 1095680K
  class space    used 6791K, capacity 7364K, committed 7416K, reserved 1048576K
2022-12-20T00:38:41.436+0000: 68086.384: [GC (Allocation Failure) 2022-12-20T00:38:41.437+0000: 68086.384: [ParNew
Desired survivor size 10485760 bytes, new threshold 1 (max 1)
- age   1:      16512 bytes,      16512 total
: 163879K->43K(184320K), 0.0116553 secs] 228053K->64218K(503808K), 0.0118858 secs] [Times: user=0.14 sys=0.08, real=0.02 secs] 
